Archive member included because of file (symbol)

c:/program files (x86)/yagarto/bin/../lib/gcc/arm-none-eabi/4.6.2\libgcc.a(_udivsi3.o)
                              audio.o (__aeabi_uidiv)
c:/program files (x86)/yagarto/bin/../lib/gcc/arm-none-eabi/4.6.2\libgcc.a(_divsi3.o)
                              main.o (__aeabi_idiv)
c:/program files (x86)/yagarto/bin/../lib/gcc/arm-none-eabi/4.6.2\libgcc.a(_dvmd_tls.o)
                              c:/program files (x86)/yagarto/bin/../lib/gcc/arm-none-eabi/4.6.2\libgcc.a(_udivsi3.o) (__aeabi_idiv0)
c:/program files (x86)/yagarto/bin/../lib/gcc/arm-none-eabi/4.6.2/../../../../arm-none-eabi/lib\libc.a(lib_a-memset.o)
                              xpt2046.o (memset)
c:/program files (x86)/yagarto/bin/../lib/gcc/arm-none-eabi/4.6.2/../../../../arm-none-eabi/lib\libc.a(lib_a-rand.o)
                              main.o (srand)
c:/program files (x86)/yagarto/bin/../lib/gcc/arm-none-eabi/4.6.2/../../../../arm-none-eabi/lib\libc.a(lib_a-sprintf.o)
                              main.o (sprintf)
c:/program files (x86)/yagarto/bin/../lib/gcc/arm-none-eabi/4.6.2/../../../../arm-none-eabi/lib\libc.a(lib_a-strlen.o)
                              NT35510.o (strlen)
c:/program files (x86)/yagarto/bin/../lib/gcc/arm-none-eabi/4.6.2/../../../../arm-none-eabi/lib\libc.a(lib_a-svfprintf.o)
                              c:/program files (x86)/yagarto/bin/../lib/gcc/arm-none-eabi/4.6.2/../../../../arm-none-eabi/lib\libc.a(lib_a-sprintf.o) (_svfprintf_r)
c:/program files (x86)/yagarto/bin/../lib/gcc/arm-none-eabi/4.6.2/../../../../arm-none-eabi/lib\libc.a(lib_a-sysgettod.o)
                              main.o (gettimeofday)
c:/program files (x86)/yagarto/bin/../lib/gcc/arm-none-eabi/4.6.2/../../../../arm-none-eabi/lib\libc.a(lib_a-dtoa.o)
                              c:/program files (x86)/yagarto/bin/../lib/gcc/arm-none-eabi/4.6.2/../../../../arm-none-eabi/lib\libc.a(lib_a-svfprintf.o) (_dtoa_r)
c:/program files (x86)/yagarto/bin/../lib/gcc/arm-none-eabi/4.6.2/../../../../arm-none-eabi/lib\libc.a(lib_a-gettimeofdayr.o)
                              c:/program files (x86)/yagarto/bin/../lib/gcc/arm-none-eabi/4.6.2/../../../../arm-none-eabi/lib\libc.a(lib_a-sysgettod.o) (_gettimeofday_r)
c:/program files (x86)/yagarto/bin/../lib/gcc/arm-none-eabi/4.6.2/../../../../arm-none-eabi/lib\libc.a(lib_a-impure.o)
                              c:/program files (x86)/yagarto/bin/../lib/gcc/arm-none-eabi/4.6.2/../../../../arm-none-eabi/lib\libc.a(lib_a-rand.o) (_impure_ptr)
c:/program files (x86)/yagarto/bin/../lib/gcc/arm-none-eabi/4.6.2/../../../../arm-none-eabi/lib\libc.a(lib_a-locale.o)
                              c:/program files (x86)/yagarto/bin/../lib/gcc/arm-none-eabi/4.6.2/../../../../arm-none-eabi/lib\libc.a(lib_a-svfprintf.o) (_localeconv_r)
c:/program files (x86)/yagarto/bin/../lib/gcc/arm-none-eabi/4.6.2/../../../../arm-none-eabi/lib\libc.a(lib_a-mallocr.o)
                              c:/program files (x86)/yagarto/bin/../lib/gcc/arm-none-eabi/4.6.2/../../../../arm-none-eabi/lib\libc.a(lib_a-svfprintf.o) (_malloc_r)
c:/program files (x86)/yagarto/bin/../lib/gcc/arm-none-eabi/4.6.2/../../../../arm-none-eabi/lib\libc.a(lib_a-memchr.o)
                              c:/program files (x86)/yagarto/bin/../lib/gcc/arm-none-eabi/4.6.2/../../../../arm-none-eabi/lib\libc.a(lib_a-svfprintf.o) (memchr)
c:/program files (x86)/yagarto/bin/../lib/gcc/arm-none-eabi/4.6.2/../../../../arm-none-eabi/lib\libc.a(lib_a-memcpy.o)
                              c:/program files (x86)/yagarto/bin/../lib/gcc/arm-none-eabi/4.6.2/../../../../arm-none-eabi/lib\libc.a(lib_a-dtoa.o) (memcpy)
c:/program files (x86)/yagarto/bin/../lib/gcc/arm-none-eabi/4.6.2/../../../../arm-none-eabi/lib\libc.a(lib_a-mlock.o)
                              c:/program files (x86)/yagarto/bin/../lib/gcc/arm-none-eabi/4.6.2/../../../../arm-none-eabi/lib\libc.a(lib_a-mallocr.o) (__malloc_lock)
c:/program files (x86)/yagarto/bin/../lib/gcc/arm-none-eabi/4.6.2/../../../../arm-none-eabi/lib\libc.a(lib_a-mprec.o)
                              c:/program files (x86)/yagarto/bin/../lib/gcc/arm-none-eabi/4.6.2/../../../../arm-none-eabi/lib\libc.a(lib_a-dtoa.o) (_Balloc)
c:/program files (x86)/yagarto/bin/../lib/gcc/arm-none-eabi/4.6.2/../../../../arm-none-eabi/lib\libc.a(lib_a-reent.o)
                              c:/program files (x86)/yagarto/bin/../lib/gcc/arm-none-eabi/4.6.2/../../../../arm-none-eabi/lib\libc.a(lib_a-gettimeofdayr.o) (errno)
c:/program files (x86)/yagarto/bin/../lib/gcc/arm-none-eabi/4.6.2/../../../../arm-none-eabi/lib\libc.a(lib_a-s_fpclassify.o)
                              c:/program files (x86)/yagarto/bin/../lib/gcc/arm-none-eabi/4.6.2/../../../../arm-none-eabi/lib\libc.a(lib_a-svfprintf.o) (__fpclassifyd)
c:/program files (x86)/yagarto/bin/../lib/gcc/arm-none-eabi/4.6.2/../../../../arm-none-eabi/lib\libc.a(lib_a-sbrkr.o)
[...]
Memory Configuration

Name             Origin             Length             Attributes
ROM              0x00000000         0x00020000         xr
RAM              0x40000000         0x00010000         rw
*default*        0x00000000         0xffffffff

Linker script and memory map

START GROUP
END GROUP
LOAD crt.o
LOAD main.o
LOAD audio.o
LOAD big_font.o
LOAD bloques.o
LOAD CALIBR~1.o
LOAD NT35510.o
LOAD SMALL_~1.o
LOAD vibrador.o
LOAD xpm.o
LOAD xpt2046.o
LOAD galaga.o
LOAD PACMAN~1.o
START GROUP
LOAD c:/program files (x86)/yagarto/bin/../lib/gcc/arm-none-eabi/4.6.2\libgcc.a
LOAD c:/program files (x86)/yagarto/bin/../lib/gcc/arm-none-eabi/4.6.2/../../../../arm-none-eabi/lib\libc.a
END GROUP
                0x00000400                STACK_SIZE = 0x400
                0x40010000                _stack_end = 0x40010000

.text           0x00000000     0xd700
 //*(.text.startup)
 *(.text)
 .text          0x00000000      0x640 crt.o
                0x00000000                _boot
                0x00000230                _start
                0x00000230                _mainCRTStartup
                0x00000230                start
                0x00000348                _Halt
                0x00000360                _delay_loop
                0x0000036c                _prtnum
                0x00000410                _prthex
                0x00000458                _puts
                0x0000047c                _printf
                0x00000524                _gets
                0x000005ac                _U0putch
                0x000005c4                _U0getch
 .text          0x00000640      0x540 main.o
                0x00000b38                _gettimeofday
                0x00000b50                _sbrk
 .text          0x00000b80      0x1c4 CALIBR~1.o
                0x00000b80                setCalibrationMatrix
                0x00000cc4                getDisplayPoint
 .text          0x00000d44     0x295c NT35510.o
                0x00000d44                NT35510_Cmd
                0x00000d70                NT35510_Data
                0x00000da0                NT35510_Data_
                0x00000dcc                NT35510_Reg
                0x00000e18                TFT_SetArea
                0x00000ef0                TFT_SetAreaR
                0x00000fc8                NT35510_ReadCMD
                0x00001058                TFT_Init
                0x000028b0                TFT_FillArea
                0x00002920                TFT_PutPixel
                0x000029f0                TFT_PutPixelColor
                0x00002a9c                TFT_DrawLine
                0x00002b7c                TFT_HorizontalLine
                0x00002c08                TFT_VerticalLine
                0x00002c7c                TFT_DrawSquare
                0x00002cf0                TFT_DrawCircle
                0x00002e08                TFT_FillCircle
                0x00002e90                TFT_DrawFillSquare
                0x00002f0c                TFT_DrawFillSquareS
                0x00002f80                TFT_DumpBinaryFont
                0x000030ec                TFT_putch
                0x000031ac                TFT_print
                0x000031f8                TFT_print_centered_x
                0x0000326c                TFT_putchar
                0x000032b4                TFT_putch_xNyN
                0x000033d4                TFT_putchar_xNyN
                0x00003420                TFT_print_xNyN
                0x00003474                TFT_print_centered_x_xNyN
                0x000034fc                TFT_Off
                0x0000357c                TFT_On
                0x00003580                NT35510_WritePage
                0x000035f0                NT35510_ReadPage
 .text          0x000036a0      0x73c xpm.o
                0x000036a0                _atoi
                0x000036e4                XPM_Extract
                0x0000387c                XPM_PintaAll
                0x0000393c                XPM_PintaAt
                0x00003a70                XPM_SetxNyN
                0x00003ad0                XPM_PintaAtxNyN
 .text          0x00003ddc      0x448 xpt2046.o
                0x00003ddc                TP_Init
                0x00003e1c                TP_EnviaRecibe
                0x00003e44                TP_Get_XY
                0x00003f24                TP_Get_XY_Cal
                0x00003f94                TP_Aspa
                0x00003ff4                TP_Calibrate
 .text          0x00004224       0x88 galaga.o
                0x00004224                GetAction
 .text          0x000042ac      0x114 c:/program files (x86)/yagarto/bin/../lib/gcc/arm-none-eabi/4.6.2\libgcc.a(_udivsi3.o)
                0x000042ac                __aeabi_uidiv
                0x000042ac                __udivsi3
                0x000043a0                __aeabi_uidivmod
 .text          0x000043c0      0x148 c:/program files (x86)/yagarto/bin/../lib/gcc/arm-none-eabi/4.6.2\libgcc.a(_divsi3.o)
                0x000043c0                __divsi3
                0x000043c0                __aeabi_idiv
                0x000044e8                __aeabi_idivmod
 .text          0x00004508        0x4 c:/program files (x86)/yagarto/bin/../lib/gcc/arm-none-eabi/4.6.2\libgcc.a(_dvmd_tls.o)
                0x00004508                __aeabi_idiv0
                0x00004508                __aeabi_ldiv0
 .text          0x0000450c       0xf0 c:/program files (x86)/yagarto/bin/../lib/gcc/arm-none-eabi/4.6.2/../../../../arm-none-eabi/lib\libc.a(lib_a-memset.o)
                0x0000450c                memset
 .text          0x000045fc       0x78 c:/program files (x86)/yagarto/bin/../lib/gcc/arm-none-eabi/4.6.2/../../../../arm-none-eabi/lib\libc.a(lib_a-rand.o)
                0x000045fc                srand
                0x00004618                rand
 .text          0x00004674       0xdc c:/program files (x86)/yagarto/bin/../lib/gcc/arm-none-eabi/4.6.2/../../../../arm-none-eabi/lib\libc.a(lib_a-sprintf.o)
                0x00004674                _sprintf_r
                0x000046dc                sprintf
 .text          0x00004750       0x60 c:/program files (x86)/yagarto/bin/../lib/gcc/arm-none-eabi/4.6.2/../../../../arm-none-eabi/lib\libc.a(lib_a-strlen.o)
                0x00004750                strlen
 .text          0x000047b0     0x1d98 c:/program files (x86)/yagarto/bin/../lib/gcc/arm-none-eabi/4.6.2/../../../../arm-none-eabi/lib\libc.a(lib_a-svfprintf.o)
                0x000047b0                _svfprintf_r
 .text          0x00006548       0x28 c:/program files (x86)/yagarto/bin/../lib/gcc/arm-none-eabi/4.6.2/../../../../arm-none-eabi/lib\libc.a(lib_a-sysgettod.o)
                0x00006548                gettimeofday
 .text          0x00006570     0x18a8 c:/program files (x86)/yagarto/bin/../lib/gcc/arm-none-eabi/4.6.2/../../../../arm-none-eabi/lib\libc.a(lib_a-dtoa.o)
                0x00006768                _dtoa_r
 .text          0x00007e18       0x40 c:/program files (x86)/yagarto/bin/../lib/gcc/arm-none-eabi/4.6.2/../../../../arm-none-eabi/lib\libc.a(lib_a-gettimeofdayr.o)
                0x00007e18                _gettimeofday_r
 .text          0x00007e58       0xd0 c:/program files (x86)/yagarto/bin/../lib/gcc/arm-none-eabi/4.6.2/../../../../arm-none-eabi/lib\libc.a(lib_a-locale.o)
                0x00007e58                _setlocale_r
                0x00007ec4                __locale_charset
                0x00007ed0                __locale_mb_cur_max
                0x00007ee0                __locale_msgcharset
                0x00007eec                __locale_cjk_lang
                0x00007ef4                _localeconv_r
                0x00007f00                setlocale
                0x00007f1c                localeconv
 .text          0x00007f28      0x714 c:/program files (x86)/yagarto/bin/../lib/gcc/arm-none-eabi/4.6.2/../../../../arm-none-eabi/lib\libc.a(lib_a-mallocr.o)
                0x00007f28                _malloc_r
 .text          0x0000863c      0x100 c:/program files (x86)/yagarto/bin/../lib/gcc/arm-none-eabi/4.6.2/../../../../arm-none-eabi/lib\libc.a(lib_a-memchr.o)
                0x0000863c                memchr
 .text          0x0000873c       0xd8 c:/program files (x86)/yagarto/bin/../lib/gcc/arm-none-eabi/4.6.2/../../../../arm-none-eabi/lib\libc.a(lib_a-memcpy.o)
                0x0000873c                memcpy
 .text          0x00008814        0x8 c:/program files (x86)/yagarto/bin/../lib/gcc/arm-none-eabi/4.6.2/../../../../arm-none-eabi/lib\libc.a(lib_a-mlock.o)
                0x00008814                __malloc_lock
                0x00008818                __malloc_unlock
 .text          0x0000881c      0xd2c c:/program files (x86)/yagarto/bin/../lib/gcc/arm-none-eabi/4.6.2/../../../../arm-none-eabi/lib\libc.a(lib_a-mprec.o)
                0x0000881c                _Balloc
                0x000088a8                _Bfree
                0x000088c4                __multadd
                0x000089a0                __s2b
                0x00008a88                __hi0bits
                0x00008ad8                __lo0bits
                0x00008b68                __i2b
                0x00008b8c                __multiply
                0x00008d88                __pow5mult
                0x00008e7c                __lshift
                0x00008f78                __mcmp
                0x00008fdc                __mdiff
                0x0000912c                __ulp
                0x00009188                __b2d
                0x00009250                __d2b
                0x0000935c                __ratio
                0x000093ec                _mprec_log10
                0x00009440                __copybits
                0x000094b4                __any_on
 .text          0x00009548       0x84 c:/program files (x86)/yagarto/bin/../lib/gcc/arm-none-eabi/4.6.2/../../../../arm-none-eabi/lib\libc.a(lib_a-s_fpclassify.o)
                0x00009548                __fpclassifyd
 .text          0x000095cc       0x40 c:/program files (x86)/yagarto/bin/../lib/gcc/arm-none-eabi/4.6.2/../../../../arm-none-eabi/lib\libc.a(lib_a-sbrkr.o)
                0x000095cc                _sbrk_r
 .text          0x0000960c      0x230 c:/program files (x86)/yagarto/bin/../lib/gcc/arm-none-eabi/4.6.2/../../../../arm-none-eabi/lib\libc.a(lib_a-strcmp.o)
                0x0000960c                strcmp
 .text          0x0000983c      0xf6c c:/program files (x86)/yagarto/bin/../lib/gcc/arm-none-eabi/4.6.2/../../../../arm-none-eabi/lib\libc.a(lib_a-svfiprintf.o)
                0x0000983c                __ssprint_r
                0x000099c4                _svfiprintf_r
 .text          0x0000a7a8       0x90 c:/program files (x86)/yagarto/bin/../lib/gcc/arm-none-eabi/4.6.2/../../../../arm-none-eabi/lib\libc.a(lib_a-callocr.o)
                0x0000a7a8                _calloc_r
 .text          0x0000a838      0x360 c:/program files (x86)/yagarto/bin/../lib/gcc/arm-none-eabi/4.6.2/../../../../arm-none-eabi/lib\libc.a(lib_a-freer.o)
                0x0000a838                _malloc_trim_r
                0x0000a934                _free_r
 .text          0x0000ab98      0x134 c:/program files (x86)/yagarto/bin/../lib/gcc/arm-none-eabi/4.6.2/../../../../arm-none-eabi/lib\libc.a(lib_a-memmove.o)
                0x0000ab98                memmove
 .text          0x0000accc      0x55c c:/program files (x86)/yagarto/bin/../lib/gcc/arm-none-eabi/4.6.2/../../../../arm-none-eabi/lib\libc.a(lib_a-reallocr.o)
                0x0000accc                _realloc_r
 .text          0x0000b228      0x41c c:/program files (x86)/yagarto/bin/../lib/gcc/arm-none-eabi/4.6.2\libgcc.a(_arm_addsubdf3.o)
                0x0000b228                __aeabi_drsub
                0x0000b230                __aeabi_dsub
                0x0000b230                __subdf3
                0x0000b234                __aeabi_dadd
                0x0000b234                __adddf3
                0x0000b544                __floatunsidf
                0x0000b544                __aeabi_ui2d
                0x0000b568                __floatsidf
                0x0000b568                __aeabi_i2d
                0x0000b590                __aeabi_f2d
                0x0000b590                __extendsfdf2
                0x0000b5d0                __floatundidf
                0x0000b5d0                __aeabi_ul2d
                0x0000b5e4                __floatdidf
                0x0000b5e4                __aeabi_l2d
 .text          0x0000b644      0x49c c:/program files (x86)/yagarto/bin/../lib/gcc/arm-none-eabi/4.6.2\libgcc.a(_arm_muldivdf3.o)
                0x0000b644                __aeabi_dmul
                0x0000b644                __muldf3
                0x0000b8d4                __divdf3
                0x0000b8d4                __aeabi_ddiv
 .text          0x0000bae0      0x144 c:/program files (x86)/yagarto/bin/../lib/gcc/arm-none-eabi/4.6.2\libgcc.a(_arm_cmpdf2.o)
                0x0000bae0                __gtdf2
                0x0000bae0                __gedf2
                0x0000bae8                __ltdf2
                0x0000bae8                __ledf2
                0x0000baf0                __nedf2
                0x0000baf0                __eqdf2
                0x0000baf0                __cmpdf2
                0x0000bb78                __aeabi_cdrcmple
                0x0000bb94                __aeabi_cdcmpeq
                0x0000bb94                __aeabi_cdcmple
                0x0000bbac                __aeabi_dcmpeq
                0x0000bbc4                __aeabi_dcmplt
                0x0000bbdc                __aeabi_dcmple
                0x0000bbf4                __aeabi_dcmpge
                0x0000bc0c                __aeabi_dcmpgt
 .text          0x0000bc24       0x5c c:/program files (x86)/yagarto/bin/../lib/gcc/arm-none-eabi/4.6.2\libgcc.a(_arm_fixdfsi.o)
                0x0000bc24                __aeabi_d2iz
                0x0000bc24                __fixdfsi
 *(.text.startup)
 .text.startup  0x0000bc80      0x7f8 main.o
                0x0000bc80                main
 *(.rodata)
 .rodata        0x0000c478      0x18c main.o
 .rodata        0x0000c604      0xbe5 big_font.o
                0x0000c604                BigFont
 *fill*         0x0000d1e9        0x3 00
 .rodata        0x0000d1ec       0x20 c:/program files (x86)/yagarto/bin/../lib/gcc/arm-none-eabi/4.6.2/../../../../arm-none-eabi/lib\libc.a(lib_a-svfprintf.o)
 *fill*         0x0000d20c        0x4 00
 .rodata        0x0000d210      0x128 c:/program files (x86)/yagarto/bin/../lib/gcc/arm-none-eabi/4.6.2/../../../../arm-none-eabi/lib\libc.a(lib_a-mprec.o)
                0x0000d220                __mprec_tens
                0x0000d2e8                __mprec_tinytens
                0x0000d310                __mprec_bigtens
 .rodata        0x0000d338       0x20 c:/program files (x86)/yagarto/bin/../lib/gcc/arm-none-eabi/4.6.2/../../../../arm-none-eabi/lib\libc.a(lib_a-svfiprintf.o)
 *(.rodata*)
 .rodata.str1.1
                0x0000d358       0x6a main.o
 .rodata.str1.1
                0x0000d3c2       0x9c NT35510.o
                                 0xae (size before relaxing)
 .rodata.str1.1
                0x0000d45e       0x1f xpm.o
 .rodata.str1.1
                0x0000d47d       0x8c xpt2046.o
                                 0x96 (size before relaxing)
 .rodata.str1.1
                0x0000d509      0x190 PACMAN~1.o
 *fill*         0x0000d699        0x3 00
 .rodata.str1.4
                0x0000d69c       0x42 c:/program files (x86)/yagarto/bin/../lib/gcc/arm-none-eabi/4.6.2/../../../../arm-none-eabi/lib\libc.a(lib_a-svfprintf.o)
                                 0x44 (size before relaxing)
 *fill*         0x0000d6de        0x2 00
 .rodata.str1.4
                0x0000d6e0       0x10 c:/program files (x86)/yagarto/bin/../lib/gcc/arm-none-eabi/4.6.2/../../../../arm-none-eabi/lib\libc.a(lib_a-dtoa.o)
                                 0x14 (size before relaxing)
 .rodata.str1.4
                0x0000d6f0        0x2 c:/program files (x86)/yagarto/bin/../lib/gcc/arm-none-eabi/4.6.2/../../../../arm-none-eabi/lib\libc.a(lib_a-impure.o)
                                  0x4 (size before relaxing)
 *fill*         0x0000d6f2        0x2 00
 .rodata.str1.4
                0x0000d6f4        0xc c:/program files (x86)/yagarto/bin/../lib/gcc/arm-none-eabi/4.6.2/../../../../arm-none-eabi/lib\libc.a(lib_a-locale.o)
                                 0x14 (size before relaxing)
 .rodata.str1.4
                0x00000000       0x30 c:/program files (x86)/yagarto/bin/../lib/gcc/arm-none-eabi/4.6.2/../../../../arm-none-eabi/lib\libc.a(lib_a-svfiprintf.o)
 *(.glue_7)
 .glue_7        0x00000000        0x0 linker stubs
 *(.glue_7t)
 .glue_7t       0x00000000        0x0 linker stubs

.vfp11_veneer   0x0000d700        0x0
 .vfp11_veneer  0x00000000        0x0 linker stubs

.v4_bx          0x0000d700        0x0
 .v4_bx         0x00000000        0x0 linker stubs
                0x0000d700                . = ALIGN (0x4)

.ctors          0x0000d700        0x0
                0x0000d700                PROVIDE (__ctors_start__, .)
 *(SORT(.ctors.*))
 *(.ctors)
                0x0000d700                PROVIDE (__ctors_end__, .)

.dtors          0x0000d700        0x0
                0x0000d700                PROVIDE (__dtors_start__, .)
 *(SORT(.dtors.*))
 *(.dtors)
                0x0000d700                PROVIDE (__dtors_end__, .)
                0x0000d700                . = ALIGN (0x4)
                0x0000d700                _etext = .
                0x0000d700                PROVIDE (etext, .)

.data           0x40000000      0xa74 load address 0x0000d700
                0x40000000                _data = .
 *(.data)
 .data          0x40000000        0x8 crt.o
                0x40000000                _vputch
                0x40000004                _vgetch
 .data          0x40000008        0x3 main.o
 *fill*         0x4000000b        0x1 00
 .data          0x4000000c       0x10 NT35510.o
                0x4000000c                FG_Color
                0x40000010                CF
                0x40000014                xN
                0x40000018                yN
 .data          0x4000001c       0x10 xpm.o
                0x4000001c                xpm_xn
                0x40000020                xpm_yn
                0x40000024                xpm_sxn
                0x40000028                xpm_syn
 .data          0x4000002c       0x20 xpt2046.o
                0x4000002c                X_SINPULSAR
                0x40000030                Cal
 .data          0x4000004c      0x168 PACMAN~1.o
                0x4000004c                ghost_xpm
                0x40000094                coin_xpm
                0x400000dc                wall_xpm
                0x40000124                bg_xpm
                0x4000016c                pacman_xpm
 *fill*         0x400001b4        0x4 00
 .data          0x400001b8      0x430 c:/program files (x86)/yagarto/bin/../lib/gcc/arm-none-eabi/4.6.2/../../../../arm-none-eabi/lib\libc.a(lib_a-impure.o)
                0x400001b8                _impure_ptr
 .data          0x400005e8       0x7c c:/program files (x86)/yagarto/bin/../lib/gcc/arm-none-eabi/4.6.2/../../../../arm-none-eabi/lib\libc.a(lib_a-locale.o)
                0x40000608                __mb_cur_max
 .data          0x40000664      0x410 c:/program files (x86)/yagarto/bin/../lib/gcc/arm-none-eabi/4.6.2/../../../../arm-none-eabi/lib\libc.a(lib_a-mallocr.o)
                0x40000664                __malloc_av_
                0x40000a6c                __malloc_sbrk_base
                0x40000a70                __malloc_trim_threshold
                0x40000a74                . = ALIGN (0x4)
                0x40000a74                _edata = .
                0x40000a74                PROVIDE (edata, .)

.bss            0x40000a74      0x2f0 load address 0x0000e174
                0x40000a74                __bss_start = .
                0x40000a74                __bss_start__ = .
 *(.bss)
 .bss           0x40000a74      0x1c4 main.o
 .bss           0x40000c38        0x2 NT35510.o
                0x40000c38                BG_Color
 *fill*         0x40000c3a        0x2 00
 .bss           0x40000c3c        0x4 xpm.o
                0x40000c3c                xpm_xmirror
 .bss           0x40000c40       0x34 c:/program files (x86)/yagarto/bin/../lib/gcc/arm-none-eabi/4.6.2/../../../../arm-none-eabi/lib\libc.a(lib_a-mallocr.o)
                0x40000c40                __malloc_top_pad
                0x40000c44                __malloc_current_mallinfo
                0x40000c6c                __malloc_max_sbrked_mem
                0x40000c70                __malloc_max_total_mem
 *(COMMON)
 COMMON         0x40000c74       0x10 NT35510.o
                0x40000c74                tft_x
                0x40000c78                LENX
                0x40000c7c                tft_y
                0x40000c80                LENY
 COMMON         0x40000c84       0xdc xpm.o
                0x40000c84                paleta
                0x40000d44                xpm_sy
                0x40000d48                xpm_ncol
                0x40000d4c                teselas_x
                0x40000d50                xpm_cpp
                0x40000d54                xpm_ancho
                0x40000d58                xpm_sx
                0x40000d5c                xpm_alto
 COMMON         0x40000d60        0x4 c:/program files (x86)/yagarto/bin/../lib/gcc/arm-none-eabi/4.6.2/../../../../arm-none-eabi/lib\libc.a(lib_a-reent.o)
                0x40000d60                errno
                0x40000d64                . = ALIGN (0x4)
                0x40000d64                . = ALIGN (0x4)
                0x40000d64                __bss_end__ = .
                0x40000d64                PROVIDE (__bss_end, .)

.stack          0x40000d64      0x49c load address 0x0000e464
                0x40000e00                . = ALIGN (0x100)
 *fill*         0x40000d64       0x9c 00
                0x40001200                . = (. + STACK_SIZE)
 *fill*         0x40000e00      0x400 00
                0x40001200                PROVIDE (_stack, .)
                0x40001200                _end = .
                0x40001200                PROVIDE (end, .)

.stab
 *(.stab)

.stabstr
 *(.stabstr)

.stab.excl
 *(.stab.excl)

.stab.exclstr
 *(.stab.exclstr)

.stab.index
 *(.stab.index)

.stab.indexstr
 *(.stab.indexstr)

.ARM.attributes
                0x00000000       0x2e
 .ARM.attributes
                0x00000000       0x22 crt.o
 .ARM.attributes
                0x00000022       0x32 main.o
 .ARM.attributes
                0x00000054       0x32 audio.o
 .ARM.attributes
                0x00000086       0x32 big_font.o
 .ARM.attributes
                0x000000b8       0x32 bloques.o
 .ARM.attributes
                0x000000ea       0x32 CALIBR~1.o
 .ARM.attributes
                0x0000011c       0x32 NT35510.o
 .ARM.attributes
                0x0000014e       0x32 SMALL_~1.o
 .ARM.attributes
                0x00000180       0x32 vibrador.o
 .ARM.attributes
                0x000001b2       0x32 xpm.o
 .ARM.attributes
                0x000001e4       0x32 xpt2046.o
 .ARM.attributes
                0x00000216       0x32 galaga.o
 .ARM.attributes
                0x00000248       0x32 PACMAN~1.o
 .ARM.attributes
                0x0000027a       0x1a c:/program files (x86)/yagarto/bin/../lib/gcc/arm-none-eabi/4.6.2\libgcc.a(_udivsi3.o)
 .ARM.attributes
                0x00000294       0x1a c:/program files (x86)/yagarto/bin/../lib/gcc/arm-none-eabi/4.6.2\libgcc.a(_divsi3.o)
 .ARM.attributes
                0x000002ae       0x18 c:/program files (x86)/yagarto/bin/../lib/gcc/arm-none-eabi/4.6.2\libgcc.a(_dvmd_tls.o)
 .ARM.attributes
                0x000002c6       0x32 c:/program files (x86)/yagarto/bin/../lib/gcc/arm-none-eabi/4.6.2/../../../../arm-none-eabi/lib\libc.a(lib_a-memset.o)
 .ARM.attributes
                0x000002f8       0x32 c:/program files (x86)/yagarto/bin/../lib/gcc/arm-none-eabi/4.6.2/../../../../arm-none-eabi/lib\libc.a(lib_a-rand.o)
 .ARM.attributes
                0x0000032a       0x32 c:/program files (x86)/yagarto/bin/../lib/gcc/arm-none-eabi/4.6.2/../../../../arm-none-eabi/lib\libc.a(lib_a-sprintf.o)
 .ARM.attributes
                0x0000035c       0x32 c:/program files (x86)/yagarto/bin/../lib/gcc/arm-none-eabi/4.6.2/../../../../arm-none-eabi/lib\libc.a(lib_a-strlen.o)
 .ARM.attributes
                0x0000038e       0x32 c:/program files (x86)/yagarto/bin/../lib/gcc/arm-none-eabi/4.6.2/../../../../arm-none-eabi/lib\libc.a(lib_a-svfprintf.o)
 .ARM.attributes
                0x000003c0       0x32 c:/program files (x86)/yagarto/bin/../lib/gcc/arm-none-eabi/4.6.2/../../../../arm-none-eabi/lib\libc.a(lib_a-sysgettod.o)
 .ARM.attributes
                0x000003f2       0x32 c:/program files (x86)/yagarto/bin/../lib/gcc/arm-none-eabi/4.6.2/../../../../arm-none-eabi/lib\libc.a(lib_a-dtoa.o)
 .ARM.attributes
                0x00000424       0x32 c:/program files (x86)/yagarto/bin/../lib/gcc/arm-none-eabi/4.6.2/../../../../arm-none-eabi/lib\libc.a(lib_a-gettimeofdayr.o)
 .ARM.attributes
                0x00000456       0x32 c:/program files (x86)/yagarto/bin/../lib/gcc/arm-none-eabi/4.6.2/../../../../arm-none-eabi/lib\libc.a(lib_a-impure.o)
 .ARM.attributes
                0x00000488       0x32 c:/program files (x86)/yagarto/bin/../lib/gcc/arm-none-eabi/4.6.2/../../../../arm-none-eabi/lib\libc.a(lib_a-locale.o)
 .ARM.attributes
                0x000004ba       0x32 c:/program files (x86)/yagarto/bin/../lib/gcc/arm-none-eabi/4.6.2/../../../../arm-none-eabi/lib\libc.a(lib_a-mallocr.o)
 .ARM.attributes
                0x000004ec       0x32 c:/program files (x86)/yagarto/bin/../lib/gcc/arm-none-eabi/4.6.2/../../../../arm-none-eabi/lib\libc.a(lib_a-memchr.o)
 .ARM.attributes
                0x0000051e       0x32 c:/program files (x86)/yagarto/bin/../lib/gcc/arm-none-eabi/4.6.2/../../../../arm-none-eabi/lib\libc.a(lib_a-memcpy.o)
 .ARM.attributes
                0x00000550       0x32 c:/program files (x86)/yagarto/bin/../lib/gcc/arm-none-eabi/4.6.2/../../../../arm-none-eabi/lib\libc.a(lib_a-mlock.o)
 .ARM.attributes
                0x00000582       0x32 c:/program files (x86)/yagarto/bin/../lib/gcc/arm-none-eabi/4.6.2/../../../../arm-none-eabi/lib\libc.a(lib_a-mprec.o)
 .ARM.attributes
                0x000005b4       0x32 c:/program files (x86)/yagarto/bin/../lib/gcc/arm-none-eabi/4.6.2/../../../../arm-none-eabi/lib\libc.a(lib_a-reent.o)
 .ARM.attributes
                0x000005e6       0x32 c:/program files (x86)/yagarto/bin/../lib/gcc/arm-none-eabi/4.6.2/../../../../arm-none-eabi/lib\libc.a(lib_a-s_fpclassify.o)
 .ARM.attributes
                0x00000618       0x32 c:/program files (x86)/yagarto/bin/../lib/gcc/arm-none-eabi/4.6.2/../../../../arm-none-eabi/lib\libc.a(lib_a-sbrkr.o)
 .ARM.attributes
                0x0000064a       0x32 c:/program files (x86)/yagarto/bin/../lib/gcc/arm-none-eabi/4.6.2/../../../../arm-none-eabi/lib\libc.a(lib_a-strcmp.o)
 .ARM.attributes
                0x0000067c       0x32 c:/program files (x86)/yagarto/bin/../lib/gcc/arm-none-eabi/4.6.2/../../../../arm-none-eabi/lib\libc.a(lib_a-svfiprintf.o)
 .ARM.attributes
                0x000006ae       0x32 c:/program files (x86)/yagarto/bin/../lib/gcc/arm-none-eabi/4.6.2/../../../../arm-none-eabi/lib\libc.a(lib_a-callocr.o)
 .ARM.attributes
                0x000006e0       0x32 c:/program files (x86)/yagarto/bin/../lib/gcc/arm-none-eabi/4.6.2/../../../../arm-none-eabi/lib\libc.a(lib_a-freer.o)
 .ARM.attributes
                0x00000712       0x32 c:/program files (x86)/yagarto/bin/../lib/gcc/arm-none-eabi/4.6.2/../../../../arm-none-eabi/lib\libc.a(lib_a-memmove.o)
 .ARM.attributes
                0x00000744       0x32 c:/program files (x86)/yagarto/bin/../lib/gcc/arm-none-eabi/4.6.2/../../../../arm-none-eabi/lib\libc.a(lib_a-reallocr.o)
 .ARM.attributes
                0x00000776       0x1a c:/program files (x86)/yagarto/bin/../lib/gcc/arm-none-eabi/4.6.2\libgcc.a(_arm_addsubdf3.o)
 .ARM.attributes
                0x00000790       0x1a c:/program files (x86)/yagarto/bin/../lib/gcc/arm-none-eabi/4.6.2\libgcc.a(_arm_muldivdf3.o)
 .ARM.attributes
                0x000007aa       0x1a c:/program files (x86)/yagarto/bin/../lib/gcc/arm-none-eabi/4.6.2\libgcc.a(_arm_cmpdf2.o)
 .ARM.attributes
                0x000007c4       0x1a c:/program files (x86)/yagarto/bin/../lib/gcc/arm-none-eabi/4.6.2\libgcc.a(_arm_fixdfsi.o)

.comment        0x00000000       0x11
 *(.comment)
 .comment       0x00000000       0x11 main.o
                                 0x12 (size before relaxing)
 .comment       0x00000000       0x12 audio.o
 .comment       0x00000000       0x12 big_font.o
 .comment       0x00000000       0x12 bloques.o
 .comment       0x00000000       0x12 CALIBR~1.o
 .comment       0x00000000       0x12 NT35510.o
 .comment       0x00000000       0x12 SMALL_~1.o
 .comment       0x00000000       0x12 vibrador.o
 .comment       0x00000000       0x12 xpm.o
 .comment       0x00000000       0x12 xpt2046.o
 .comment       0x00000000       0x12 galaga.o
 .comment       0x00000000       0x12 PACMAN~1.o
 .comment       0x00000000       0x12 c:/program files (x86)/yagarto/bin/../lib/gcc/arm-none-eabi/4.6.2/../../../../arm-none-eabi/lib\libc.a(lib_a-memset.o)
 .comment       0x00000000       0x12 c:/program files (x86)/yagarto/bin/../lib/gcc/arm-none-eabi/4.6.2/../../../../arm-none-eabi/lib\libc.a(lib_a-rand.o)
 .comment       0x00000000       0x12 c:/program files (x86)/yagarto/bin/../lib/gcc/arm-none-eabi/4.6.2/../../../../arm-none-eabi/lib\libc.a(lib_a-sprintf.o)
 .comment       0x00000000       0x12 c:/program files (x86)/yagarto/bin/../lib/gcc/arm-none-eabi/4.6.2/../../../../arm-none-eabi/lib\libc.a(lib_a-strlen.o)
 .comment       0x00000000       0x12 c:/program files (x86)/yagarto/bin/../lib/gcc/arm-none-eabi/4.6.2/../../../../arm-none-eabi/lib\libc.a(lib_a-svfprintf.o)
 .comment       0x00000000       0x12 c:/program files (x86)/yagarto/bin/../lib/gcc/arm-none-eabi/4.6.2/../../../../arm-none-eabi/lib\libc.a(lib_a-sysgettod.o)
 .comment       0x00000000       0x12 c:/program files (x86)/yagarto/bin/../lib/gcc/arm-none-eabi/4.6.2/../../../../arm-none-eabi/lib\libc.a(lib_a-dtoa.o)
 .comment       0x00000000       0x12 c:/program files (x86)/yagarto/bin/../lib/gcc/arm-none-eabi/4.6.2/../../../../arm-none-eabi/lib\libc.a(lib_a-gettimeofdayr.o)
 .comment       0x00000000       0x12 c:/program files (x86)/yagarto/bin/../lib/gcc/arm-none-eabi/4.6.2/../../../../arm-none-eabi/lib\libc.a(lib_a-impure.o)
 .comment       0x00000000       0x12 c:/program files (x86)/yagarto/bin/../lib/gcc/arm-none-eabi/4.6.2/../../../../arm-none-eabi/lib\libc.a(lib_a-locale.o)
 .comment       0x00000000       0x12 c:/program files (x86)/yagarto/bin/../lib/gcc/arm-none-eabi/4.6.2/../../../../arm-none-eabi/lib\libc.a(lib_a-mallocr.o)
 .comment       0x00000000       0x12 c:/program files (x86)/yagarto/bin/../lib/gcc/arm-none-eabi/4.6.2/../../../../arm-none-eabi/lib\libc.a(lib_a-memchr.o)
 .comment       0x00000000       0x12 c:/program files (x86)/yagarto/bin/../lib/gcc/arm-none-eabi/4.6.2/../../../../arm-none-eabi/lib\libc.a(lib_a-memcpy.o)
 .comment       0x00000000       0x12 c:/program files (x86)/yagarto/bin/../lib/gcc/arm-none-eabi/4.6.2/../../../../arm-none-eabi/lib\libc.a(lib_a-mlock.o)
 .comment       0x00000000       0x12 c:/program files (x86)/yagarto/bin/../lib/gcc/arm-none-eabi/4.6.2/../../../../arm-none-eabi/lib\libc.a(lib_a-mprec.o)
 .comment       0x00000000       0x12 c:/program files (x86)/yagarto/bin/../lib/gcc/arm-none-eabi/4.6.2/../../../../arm-none-eabi/lib\libc.a(lib_a-reent.o)
 .comment       0x00000000       0x12 c:/program files (x86)/yagarto/bin/../lib/gcc/arm-none-eabi/4.6.2/../../../../arm-none-eabi/lib\libc.a(lib_a-s_fpclassify.o)
 .comment       0x00000000       0x12 c:/program files (x86)/yagarto/bin/../lib/gcc/arm-none-eabi/4.6.2/../../../../arm-none-eabi/lib\libc.a(lib_a-sbrkr.o)
 .comment       0x00000000       0x12 c:/program files (x86)/yagarto/bin/../lib/gcc/arm-none-eabi/4.6.2/../../../../arm-none-eabi/lib\libc.a(lib_a-strcmp.o)
 .comment       0x00000000       0x12 c:/program files (x86)/yagarto/bin/../lib/gcc/arm-none-eabi/4.6.2/../../../../arm-none-eabi/lib\libc.a(lib_a-svfiprintf.o)
 .comment       0x00000000       0x12 c:/program files (x86)/yagarto/bin/../lib/gcc/arm-none-eabi/4.6.2/../../../../arm-none-eabi/lib\libc.a(lib_a-callocr.o)
 .comment       0x00000000       0x12 c:/program files (x86)/yagarto/bin/../lib/gcc/arm-none-eabi/4.6.2/../../../../arm-none-eabi/lib\libc.a(lib_a-freer.o)
 .comment       0x00000000       0x12 c:/program files (x86)/yagarto/bin/../lib/gcc/arm-none-eabi/4.6.2/../../../../arm-none-eabi/lib\libc.a(lib_a-memmove.o)
 .comment       0x00000000       0x12 c:/program files (x86)/yagarto/bin/../lib/gcc/arm-none-eabi/4.6.2/../../../../arm-none-eabi/lib\libc.a(lib_a-reallocr.o)

.debug
 *(.debug)

.line
 *(.line)

.debug_srcinfo
 *(.debug_srcinfo)

.debug_sfnames
 *(.debug_sfnames)

.debug_aranges  0x00000000      0x4e8
 *(.debug_aranges)
 .debug_aranges
                0x00000000       0x20 crt.o
 .debug_aranges
                0x00000020       0x28 main.o
 .debug_aranges
                0x00000048       0x20 audio.o
 .debug_aranges
                0x00000068       0x20 CALIBR~1.o
 .debug_aranges
                0x00000088       0x20 NT35510.o
 .debug_aranges
                0x000000a8       0x20 vibrador.o
 .debug_aranges
                0x000000c8       0x20 xpm.o
 .debug_aranges
                0x000000e8       0x20 xpt2046.o
 .debug_aranges
                0x00000108       0x20 galaga.o
 .debug_aranges
                0x00000128       0x20 c:/program files (x86)/yagarto/bin/../lib/gcc/arm-none-eabi/4.6.2\libgcc.a(_udivsi3.o)
 .debug_aranges
                0x00000148       0x20 c:/program files (x86)/yagarto/bin/../lib/gcc/arm-none-eabi/4.6.2\libgcc.a(_divsi3.o)
 .debug_aranges
                0x00000168       0x20 c:/program files (x86)/yagarto/bin/../lib/gcc/arm-none-eabi/4.6.2\libgcc.a(_dvmd_tls.o)
 .debug_aranges
                0x00000188       0x20 c:/program files (x86)/yagarto/bin/../lib/gcc/arm-none-eabi/4.6.2/../../../../arm-none-eabi/lib\libc.a(lib_a-memset.o)
 .debug_aranges
                0x000001a8       0x20 c:/program files (x86)/yagarto/bin/../lib/gcc/arm-none-eabi/4.6.2/../../../../arm-none-eabi/lib\libc.a(lib_a-rand.o)
 .debug_aranges
                0x000001c8       0x20 c:/program files (x86)/yagarto/bin/../lib/gcc/arm-none-eabi/4.6.2/../../../../arm-none-eabi/lib\libc.a(lib_a-sprintf.o)
 .debug_aranges
                0x000001e8       0x20 c:/program files (x86)/yagarto/bin/../lib/gcc/arm-none-eabi/4.6.2/../../../../arm-none-eabi/lib\libc.a(lib_a-strlen.o)
 .debug_aranges
                0x00000208       0x20 c:/program files (x86)/yagarto/bin/../lib/gcc/arm-none-eabi/4.6.2/../../../../arm-none-eabi/lib\libc.a(lib_a-svfprintf.o)
 .debug_aranges
                0x00000228       0x20 c:/program files (x86)/yagarto/bin/../lib/gcc/arm-none-eabi/4.6.2/../../../../arm-none-eabi/lib\libc.a(lib_a-sysgettod.o)
 .debug_aranges
                0x00000248       0x20 c:/program files (x86)/yagarto/bin/../lib/gcc/arm-none-eabi/4.6.2/../../../../arm-none-eabi/lib\libc.a(lib_a-dtoa.o)
 .debug_aranges
                0x00000268       0x20 c:/program files (x86)/yagarto/bin/../lib/gcc/arm-none-eabi/4.6.2/../../../../arm-none-eabi/lib\libc.a(lib_a-gettimeofdayr.o)
 .debug_aranges
                0x00000288       0x20 c:/program files (x86)/yagarto/bin/../lib/gcc/arm-none-eabi/4.6.2/../../../../arm-none-eabi/lib\libc.a(lib_a-locale.o)
 .debug_aranges
                0x000002a8       0x20 c:/program files (x86)/yagarto/bin/../lib/gcc/arm-none-eabi/4.6.2/../../../../arm-none-eabi/lib\libc.a(lib_a-mallocr.o)
 .debug_aranges
                0x000002c8       0x20 c:/program files (x86)/yagarto/bin/../lib/gcc/arm-none-eabi/4.6.2/../../../../arm-none-eabi/lib\libc.a(lib_a-memchr.o)
 .debug_aranges
                0x000002e8       0x20 c:/program files (x86)/yagarto/bin/../lib/gcc/arm-none-eabi/4.6.2/../../../../arm-none-eabi/lib\libc.a(lib_a-memcpy.o)
 .debug_aranges
                0x00000308       0x20 c:/program files (x86)/yagarto/bin/../lib/gcc/arm-none-eabi/4.6.2/../../../../arm-none-eabi/lib\libc.a(lib_a-mlock.o)
 .debug_aranges
                0x00000328       0x20 c:/program files (x86)/yagarto/bin/../lib/gcc/arm-none-eabi/4.6.2/../../../../arm-none-eabi/lib\libc.a(lib_a-mprec.o)
 .debug_aranges
                0x00000348       0x20 c:/program files (x86)/yagarto/bin/../lib/gcc/arm-none-eabi/4.6.2/../../../../arm-none-eabi/lib\libc.a(lib_a-reent.o)
 .debug_aranges
                0x00000368       0x20 c:/program files (x86)/yagarto/bin/../lib/gcc/arm-none-eabi/4.6.2/../../../../arm-none-eabi/lib\libc.a(lib_a-s_fpclassify.o)
 .debug_aranges
                0x00000388       0x20 c:/program files (x86)/yagarto/bin/../lib/gcc/arm-none-eabi/4.6.2/../../../../arm-none-eabi/lib\libc.a(lib_a-sbrkr.o)
 .debug_aranges
                0x000003a8       0x20 c:/program files (x86)/yagarto/bin/../lib/gcc/arm-none-eabi/4.6.2/../../../../arm-none-eabi/lib\libc.a(lib_a-strcmp.o)
 .debug_aranges
                0x000003c8       0x20 c:/program files (x86)/yagarto/bin/../lib/gcc/arm-none-eabi/4.6.2/../../../../arm-none-eabi/lib\libc.a(lib_a-svfiprintf.o)
 .debug_aranges
                0x000003e8       0x20 c:/program files (x86)/yagarto/bin/../lib/gcc/arm-none-eabi/4.6.2/../../../../arm-none-eabi/lib\libc.a(lib_a-callocr.o)
 .debug_aranges
                0x00000408       0x20 c:/program files (x86)/yagarto/bin/../lib/gcc/arm-none-eabi/4.6.2/../../../../arm-none-eabi/lib\libc.a(lib_a-freer.o)
 .debug_aranges
                0x00000428       0x20 c:/program files (x86)/yagarto/bin/../lib/gcc/arm-none-eabi/4.6.2/../../../../arm-none-eabi/lib\libc.a(lib_a-memmove.o)
 .debug_aranges
                0x00000448       0x20 c:/program files (x86)/yagarto/bin/../lib/gcc/arm-none-eabi/4.6.2/../../../../arm-none-eabi/lib\libc.a(lib_a-reallocr.o)
 .debug_aranges
                0x00000468       0x20 c:/program files (x86)/yagarto/bin/../lib/gcc/arm-none-eabi/4.6.2\libgcc.a(_arm_addsubdf3.o)
 .debug_aranges
                0x00000488       0x20 c:/program files (x86)/yagarto/bin/../lib/gcc/arm-none-eabi/4.6.2\libgcc.a(_arm_muldivdf3.o)
 .debug_aranges
                0x000004a8       0x20 c:/program files (x86)/yagarto/bin/../lib/gcc/arm-none-eabi/4.6.2\libgcc.a(_arm_cmpdf2.o)
 .debug_aranges
                0x000004c8       0x20 c:/program files (x86)/yagarto/bin/../lib/gcc/arm-none-eabi/4.6.2\libgcc.a(_arm_fixdfsi.o)

.debug_pubnames
 *(.debug_pubnames)

.debug_info     0x00000000    0x1010f
 *(.debug_info .gnu.linkonce.wi.*)
 .debug_info    0x00000000       0xb6 crt.o
 .debug_info    0x000000b6      0xb5b main.o
 .debug_info    0x00000c11      0x1ce audio.o
 .debug_info    0x00000ddf       0x5c big_font.o
 .debug_info    0x00000e3b       0x5c bloques.o
 .debug_info    0x00000e97      0x1e4 CALIBR~1.o
 .debug_info    0x0000107b      0xe0d NT35510.o
 .debug_info    0x00001e88       0x5c SMALL_~1.o
 .debug_info    0x00001ee4       0xc0 vibrador.o
 .debug_info    0x00001fa4      0x56e xpm.o
 .debug_info    0x00002512      0x37a xpt2046.o
 .debug_info    0x0000288c       0xb6 galaga.o
 .debug_info    0x00002942       0xa4 PACMAN~1.o
 .debug_info    0x000029e6       0x98 c:/program files (x86)/yagarto/bin/../lib/gcc/arm-none-eabi/4.6.2\libgcc.a(_udivsi3.o)
 .debug_info    0x00002a7e       0x98 c:/program files (x86)/yagarto/bin/../lib/gcc/arm-none-eabi/4.6.2\libgcc.a(_divsi3.o)
 .debug_info    0x00002b16       0x98 c:/program files (x86)/yagarto/bin/../lib/gcc/arm-none-eabi/4.6.2\libgcc.a(_dvmd_tls.o)
 .debug_info    0x00002bae      0x116 c:/program files (x86)/yagarto/bin/../lib/gcc/arm-none-eabi/4.6.2/../../../../arm-none-eabi/lib\libc.a(lib_a-memset.o)
 .debug_info    0x00002cc4      0x985 c:/program files (x86)/yagarto/bin/../lib/gcc/arm-none-eabi/4.6.2/../../../../arm-none-eabi/lib\libc.a(lib_a-rand.o)
 .debug_info    0x00003649      0xa62 c:/program files (x86)/yagarto/bin/../lib/gcc/arm-none-eabi/4.6.2/../../../../arm-none-eabi/lib\libc.a(lib_a-sprintf.o)
 .debug_info    0x000040ab       0xb1 c:/program files (x86)/yagarto/bin/../lib/gcc/arm-none-eabi/4.6.2/../../../../arm-none-eabi/lib\libc.a(lib_a-strlen.o)
 .debug_info    0x0000415c     0x1015 c:/program files (x86)/yagarto/bin/../lib/gcc/arm-none-eabi/4.6.2/../../../../arm-none-eabi/lib\libc.a(lib_a-svfprintf.o)
 .debug_info    0x00005171      0x9c8 c:/program files (x86)/yagarto/bin/../lib/gcc/arm-none-eabi/4.6.2/../../../../arm-none-eabi/lib\libc.a(lib_a-sysgettod.o)
 .debug_info    0x00005b39      0xdce c:/program files (x86)/yagarto/bin/../lib/gcc/arm-none-eabi/4.6.2/../../../../arm-none-eabi/lib\libc.a(lib_a-dtoa.o)
 .debug_info    0x00006907      0x9f1 c:/program files (x86)/yagarto/bin/../lib/gcc/arm-none-eabi/4.6.2/../../../../arm-none-eabi/lib\libc.a(lib_a-gettimeofdayr.o)
 .debug_info    0x000072f8      0x966 c:/program files (x86)/yagarto/bin/../lib/gcc/arm-none-eabi/4.6.2/../../../../arm-none-eabi/lib\libc.a(lib_a-impure.o)
 .debug_info    0x00007c5e      0xc96 c:/program files (x86)/yagarto/bin/../lib/gcc/arm-none-eabi/4.6.2/../../../../arm-none-eabi/lib\libc.a(lib_a-locale.o)
 .debug_info    0x000088f4      0xd6b c:/program files (x86)/yagarto/bin/../lib/gcc/arm-none-eabi/4.6.2/../../../../arm-none-eabi/lib\libc.a(lib_a-mallocr.o)
 .debug_info    0x0000965f      0x122 c:/program files (x86)/yagarto/bin/../lib/gcc/arm-none-eabi/4.6.2/../../../../arm-none-eabi/lib\libc.a(lib_a-memchr.o)
 .debug_info    0x00009781      0x130 c:/program files (x86)/yagarto/bin/../lib/gcc/arm-none-eabi/4.6.2/../../../../arm-none-eabi/lib\libc.a(lib_a-memcpy.o)
 .debug_info    0x000098b1      0x980 c:/program files (x86)/yagarto/bin/../lib/gcc/arm-none-eabi/4.6.2/../../../../arm-none-eabi/lib\libc.a(lib_a-mlock.o)
 .debug_info    0x0000a231     0x14e6 c:/program files (x86)/yagarto/bin/../lib/gcc/arm-none-eabi/4.6.2/../../../../arm-none-eabi/lib\libc.a(lib_a-mprec.o)
 .debug_info    0x0000b717      0xa64 c:/program files (x86)/yagarto/bin/../lib/gcc/arm-none-eabi/4.6.2/../../../../arm-none-eabi/lib\libc.a(lib_a-reent.o)
 .debug_info    0x0000c17b      0x142 c:/program files (x86)/yagarto/bin/../lib/gcc/arm-none-eabi/4.6.2/../../../../arm-none-eabi/lib\libc.a(lib_a-s_fpclassify.o)
 .debug_info    0x0000c2bd      0x9ac c:/program files (x86)/yagarto/bin/../lib/gcc/arm-none-eabi/4.6.2/../../../../arm-none-eabi/lib\libc.a(lib_a-sbrkr.o)
 .debug_info    0x0000cc69       0xe7 c:/program files (x86)/yagarto/bin/../lib/gcc/arm-none-eabi/4.6.2/../../../../arm-none-eabi/lib\libc.a(lib_a-strcmp.o)
 .debug_info    0x0000cd50      0xd97 c:/program files (x86)/yagarto/bin/../lib/gcc/arm-none-eabi/4.6.2/../../../../arm-none-eabi/lib\libc.a(lib_a-svfiprintf.o)
 .debug_info    0x0000dae7      0xa4e c:/program files (x86)/yagarto/bin/../lib/gcc/arm-none-eabi/4.6.2/../../../../arm-none-eabi/lib\libc.a(lib_a-callocr.o)
 .debug_info    0x0000e535      0xc40 c:/program files (x86)/yagarto/bin/../lib/gcc/arm-none-eabi/4.6.2/../../../../arm-none-eabi/lib\libc.a(lib_a-freer.o)
 .debug_info    0x0000f175      0x12e c:/program files (x86)/yagarto/bin/../lib/gcc/arm-none-eabi/4.6.2/../../../../arm-none-eabi/lib\libc.a(lib_a-memmove.o)
 .debug_info    0x0000f2a3      0xc10 c:/program files (x86)/yagarto/bin/../lib/gcc/arm-none-eabi/4.6.2/../../../../arm-none-eabi/lib\libc.a(lib_a-reallocr.o)
 .debug_info    0x0000feb3       0x97 c:/program files (x86)/yagarto/bin/../lib/gcc/arm-none-eabi/4.6.2\libgcc.a(_arm_addsubdf3.o)
 .debug_info    0x0000ff4a       0x97 c:/program files (x86)/yagarto/bin/../lib/gcc/arm-none-eabi/4.6.2\libgcc.a(_arm_muldivdf3.o)
 .debug_info    0x0000ffe1       0x97 c:/program files (x86)/yagarto/bin/../lib/gcc/arm-none-eabi/4.6.2\libgcc.a(_arm_cmpdf2.o)
 .debug_info    0x00010078       0x97 c:/program files (x86)/yagarto/bin/../lib/gcc/arm-none-eabi/4.6.2\libgcc.a(_arm_fixdfsi.o)

.debug_abbrev   0x00000000     0x3295
 *(.debug_abbrev)
 .debug_abbrev  0x00000000       0x14 crt.o
 .debug_abbrev  0x00000014      0x335 main.o
 .debug_abbrev  0x00000349       0xed audio.o
 .debug_abbrev  0x00000436       0x49 big_font.o
 .debug_abbrev  0x0000047f       0x4b bloques.o
 .debug_abbrev  0x000004ca       0xe8 CALIBR~1.o
 .debug_abbrev  0x000005b2      0x2c2 NT35510.o
 .debug_abbrev  0x00000874       0x49 SMALL_~1.o
 .debug_abbrev  0x000008bd       0x70 vibrador.o
 .debug_abbrev  0x0000092d       0xd3 xpm.o
 .debug_abbrev  0x00000a00      0x18e xpt2046.o
 .debug_abbrev  0x00000b8e       0x4e galaga.o
 .debug_abbrev  0x00000bdc       0x4b PACMAN~1.o
 .debug_abbrev  0x00000c27       0x14 c:/program files (x86)/yagarto/bin/../lib/gcc/arm-none-eabi/4.6.2\libgcc.a(_udivsi3.o)
 .debug_abbrev  0x00000c3b       0x14 c:/program files (x86)/yagarto/bin/../lib/gcc/arm-none-eabi/4.6.2\libgcc.a(_divsi3.o)
 .debug_abbrev  0x00000c4f       0x14 c:/program files (x86)/yagarto/bin/../lib/gcc/arm-none-eabi/4.6.2\libgcc.a(_dvmd_tls.o)
 .debug_abbrev  0x00000c63       0x8d c:/program files (x86)/yagarto/bin/../lib/gcc/arm-none-eabi/4.6.2/../../../../arm-none-eabi/lib\libc.a(lib_a-memset.o)
 .debug_abbrev  0x00000cf0      0x194 c:/program files (x86)/yagarto/bin/../lib/gcc/arm-none-eabi/4.6.2/../../../../arm-none-eabi/lib\libc.a(lib_a-rand.o)
 .debug_abbrev  0x00000e84      0x1c8 c:/program files (x86)/yagarto/bin/../lib/gcc/arm-none-eabi/4.6.2/../../../../arm-none-eabi/lib\libc.a(lib_a-sprintf.o)
 .debug_abbrev  0x0000104c       0x6d c:/program files (x86)/yagarto/bin/../lib/gcc/arm-none-eabi/4.6.2/../../../../arm-none-eabi/lib\libc.a(lib_a-strlen.o)
 .debug_abbrev  0x000010b9      0x2ea c:/program files (x86)/yagarto/bin/../lib/gcc/arm-none-eabi/4.6.2/../../../../arm-none-eabi/lib\libc.a(lib_a-svfprintf.o)
 .debug_abbrev  0x000013a3      0x17f c:/program files (x86)/yagarto/bin/../lib/gcc/arm-none-eabi/4.6.2/../../../../arm-none-eabi/lib\libc.a(lib_a-sysgettod.o)
 .debug_abbrev  0x00001522      0x22b c:/program files (x86)/yagarto/bin/../lib/gcc/arm-none-eabi/4.6.2/../../../../arm-none-eabi/lib\libc.a(lib_a-dtoa.o)
 .debug_abbrev  0x0000174d      0x1b3 c:/program files (x86)/yagarto/bin/../lib/gcc/arm-none-eabi/4.6.2/../../../../arm-none-eabi/lib\libc.a(lib_a-gettimeofdayr.o)
 .debug_abbrev  0x00001900      0x166 c:/program files (x86)/yagarto/bin/../lib/gcc/arm-none-eabi/4.6.2/../../../../arm-none-eabi/lib\libc.a(lib_a-impure.o)
 .debug_abbrev  0x00001a66      0x25e c:/program files (x86)/yagarto/bin/../lib/gcc/arm-none-eabi/4.6.2/../../../../arm-none-eabi/lib\libc.a(lib_a-locale.o)
 .debug_abbrev  0x00001cc4      0x233 c:/program files (x86)/yagarto/bin/../lib/gcc/arm-none-eabi/4.6.2/../../../../arm-none-eabi/lib\libc.a(lib_a-mallocr.o)
 .debug_abbrev  0x00001ef7       0xc4 c:/program files (x86)/yagarto/bin/../lib/gcc/arm-none-eabi/4.6.2/../../../../arm-none-eabi/lib\libc.a(lib_a-memchr.o)
 .debug_abbrev  0x00001fbb       0x99 c:/program files (x86)/yagarto/bin/../lib/gcc/arm-none-eabi/4.6.2/../../../../arm-none-eabi/lib\libc.a(lib_a-memcpy.o)
 .debug_abbrev  0x00002054      0x179 c:/program files (x86)/yagarto/bin/../lib/gcc/arm-none-eabi/4.6.2/../../../../arm-none-eabi/lib\libc.a(lib_a-mlock.o)
 .debug_abbrev  0x000021cd      0x30e c:/program files (x86)/yagarto/bin/../lib/gcc/arm-none-eabi/4.6.2/../../../../arm-none-eabi/lib\libc.a(lib_a-mprec.o)
 .debug_abbrev  0x000024db      0x1e6 c:/program files (x86)/yagarto/bin/../lib/gcc/arm-none-eabi/4.6.2/../../../../arm-none-eabi/lib\libc.a(lib_a-reent.o)
 .debug_abbrev  0x000026c1       0xc5 c:/program files (x86)/yagarto/bin/../lib/gcc/arm-none-eabi/4.6.2/../../../../arm-none-eabi/lib\libc.a(lib_a-s_fpclassify.o)
 .debug_abbrev  0x00002786      0x1b0 c:/program files (x86)/yagarto/bin/../lib/gcc/arm-none-eabi/4.6.2/../../../../arm-none-eabi/lib\libc.a(lib_a-sbrkr.o)
 .debug_abbrev  0x00002936       0x86 c:/program files (x86)/yagarto/bin/../lib/gcc/arm-none-eabi/4.6.2/../../../../arm-none-eabi/lib\libc.a(lib_a-strcmp.o)
 .debug_abbrev  0x000029bc      0x262 c:/program files (x86)/yagarto/bin/../lib/gcc/arm-none-eabi/4.6.2/../../../../arm-none-eabi/lib\libc.a(lib_a-svfiprintf.o)
 .debug_abbrev  0x00002c1e      0x1ba c:/program files (x86)/yagarto/bin/../lib/gcc/arm-none-eabi/4.6.2/../../../../arm-none-eabi/lib\libc.a(lib_a-callocr.o)
 .debug_abbrev  0x00002dd8      0x1ea c:/program files (x86)/yagarto/bin/../lib/gcc/arm-none-eabi/4.6.2/../../../../arm-none-eabi/lib\libc.a(lib_a-freer.o)
 .debug_abbrev  0x00002fc2       0xa8 c:/program files (x86)/yagarto/bin/../lib/gcc/arm-none-eabi/4.6.2/../../../../arm-none-eabi/lib\libc.a(lib_a-memmove.o)
 .debug_abbrev  0x0000306a      0x1db c:/program files (x86)/yagarto/bin/../lib/gcc/arm-none-eabi/4.6.2/../../../../arm-none-eabi/lib\libc.a(lib_a-reallocr.o)
 .debug_abbrev  0x00003245       0x14 c:/program files (x86)/yagarto/bin/../lib/gcc/arm-none-eabi/4.6.2\libgcc.a(_arm_addsubdf3.o)
 .debug_abbrev  0x00003259       0x14 c:/program files (x86)/yagarto/bin/../lib/gcc/arm-none-eabi/4.6.2\libgcc.a(_arm_muldivdf3.o)
 .debug_abbrev  0x0000326d       0x14 c:/program files (x86)/yagarto/bin/../lib/gcc/arm-none-eabi/4.6.2\libgcc.a(_arm_cmpdf2.o)
 .debug_abbrev  0x00003281       0x14 c:/program files (x86)/yagarto/bin/../lib/gcc/arm-none-eabi/4.6.2\libgcc.a(_arm_fixdfsi.o)

.debug_line     0x00000000     0x4ebd
 *(.debug_line)
 .debug_line    0x00000000      0x18b crt.o
 .debug_line    0x0000018b      0x30e main.o
 .debug_line    0x00000499       0x83 audio.o
 .debug_line    0x0000051c       0x2e big_font.o
 .debug_line    0x0000054a       0x2d bloques.o
 .debug_line    0x00000577       0xa2 CALIBR~1.o
 .debug_line    0x00000619      0x4df NT35510.o
 .debug_line    0x00000af8       0x30 SMALL_~1.o
 .debug_line    0x00000b28       0x47 vibrador.o
 .debug_line    0x00000b6f      0x1fd xpm.o
 .debug_line    0x00000d6c       0xf3 xpt2046.o
 .debug_line    0x00000e5f       0x4b galaga.o
 .debug_line    0x00000eaa       0x2f PACMAN~1.o
 .debug_line    0x00000ed9       0x93 c:/program files (x86)/yagarto/bin/../lib/gcc/arm-none-eabi/4.6.2\libgcc.a(_udivsi3.o)
 .debug_line    0x00000f6c       0x9f c:/program files (x86)/yagarto/bin/../lib/gcc/arm-none-eabi/4.6.2\libgcc.a(_divsi3.o)
 .debug_line    0x0000100b       0x6a c:/program files (x86)/yagarto/bin/../lib/gcc/arm-none-eabi/4.6.2\libgcc.a(_dvmd_tls.o)
 .debug_line    0x00001075      0x180 c:/program files (x86)/yagarto/bin/../lib/gcc/arm-none-eabi/4.6.2/../../../../arm-none-eabi/lib\libc.a(lib_a-memset.o)
 .debug_line    0x000011f5      0x16d c:/program files (x86)/yagarto/bin/../lib/gcc/arm-none-eabi/4.6.2/../../../../arm-none-eabi/lib\libc.a(lib_a-rand.o)
 .debug_line    0x00001362      0x1bd c:/program files (x86)/yagarto/bin/../lib/gcc/arm-none-eabi/4.6.2/../../../../arm-none-eabi/lib\libc.a(lib_a-sprintf.o)
 .debug_line    0x0000151f      0x111 c:/program files (x86)/yagarto/bin/../lib/gcc/arm-none-eabi/4.6.2/../../../../arm-none-eabi/lib\libc.a(lib_a-strlen.o)
 .debug_line    0x00001630      0x937 c:/program files (x86)/yagarto/bin/../lib/gcc/arm-none-eabi/4.6.2/../../../../arm-none-eabi/lib\libc.a(lib_a-svfprintf.o)
 .debug_line    0x00001f67      0x13f c:/program files (x86)/yagarto/bin/../lib/gcc/arm-none-eabi/4.6.2/../../../../arm-none-eabi/lib\libc.a(lib_a-sysgettod.o)
 .debug_line    0x000020a6      0x757 c:/program files (x86)/yagarto/bin/../lib/gcc/arm-none-eabi/4.6.2/../../../../arm-none-eabi/lib\libc.a(lib_a-dtoa.o)
 .debug_line    0x000027fd      0x194 c:/program files (x86)/yagarto/bin/../lib/gcc/arm-none-eabi/4.6.2/../../../../arm-none-eabi/lib\libc.a(lib_a-gettimeofdayr.o)
 .debug_line    0x00002991      0x110 c:/program files (x86)/yagarto/bin/../lib/gcc/arm-none-eabi/4.6.2/../../../../arm-none-eabi/lib\libc.a(lib_a-impure.o)
 .debug_line    0x00002aa1      0x1a0 c:/program files (x86)/yagarto/bin/../lib/gcc/arm-none-eabi/4.6.2/../../../../arm-none-eabi/lib\libc.a(lib_a-locale.o)
 .debug_line    0x00002c41      0x2d1 c:/program files (x86)/yagarto/bin/../lib/gcc/arm-none-eabi/4.6.2/../../../../arm-none-eabi/lib\libc.a(lib_a-mallocr.o)
 .debug_line    0x00002f12      0x159 c:/program files (x86)/yagarto/bin/../lib/gcc/arm-none-eabi/4.6.2/../../../../arm-none-eabi/lib\libc.a(lib_a-memchr.o)
 .debug_line    0x0000306b      0x16f c:/program files (x86)/yagarto/bin/../lib/gcc/arm-none-eabi/4.6.2/../../../../arm-none-eabi/lib\libc.a(lib_a-memcpy.o)
 .debug_line    0x000031da      0x122 c:/program files (x86)/yagarto/bin/../lib/gcc/arm-none-eabi/4.6.2/../../../../arm-none-eabi/lib\libc.a(lib_a-mlock.o)
 .debug_line    0x000032fc      0x5a5 c:/program files (x86)/yagarto/bin/../lib/gcc/arm-none-eabi/4.6.2/../../../../arm-none-eabi/lib\libc.a(lib_a-mprec.o)
 .debug_line    0x000038a1      0x168 c:/program files (x86)/yagarto/bin/../lib/gcc/arm-none-eabi/4.6.2/../../../../arm-none-eabi/lib\libc.a(lib_a-reent.o)
 .debug_line    0x00003a09      0x12c c:/program files (x86)/yagarto/bin/../lib/gcc/arm-none-eabi/4.6.2/../../../../arm-none-eabi/lib\libc.a(lib_a-s_fpclassify.o)
 .debug_line    0x00003b35      0x174 c:/program files (x86)/yagarto/bin/../lib/gcc/arm-none-eabi/4.6.2/../../../../arm-none-eabi/lib\libc.a(lib_a-sbrkr.o)
 .debug_line    0x00003ca9       0xc4 c:/program files (x86)/yagarto/bin/../lib/gcc/arm-none-eabi/4.6.2/../../../../arm-none-eabi/lib\libc.a(lib_a-strcmp.o)
 .debug_line    0x00003d6d      0x608 c:/program files (x86)/yagarto/bin/../lib/gcc/arm-none-eabi/4.6.2/../../../../arm-none-eabi/lib\libc.a(lib_a-svfiprintf.o)
 .debug_line    0x00004375      0x148 c:/program files (x86)/yagarto/bin/../lib/gcc/arm-none-eabi/4.6.2/../../../../arm-none-eabi/lib\libc.a(lib_a-callocr.o)
 .debug_line    0x000044bd      0x1e8 c:/program files (x86)/yagarto/bin/../lib/gcc/arm-none-eabi/4.6.2/../../../../arm-none-eabi/lib\libc.a(lib_a-freer.o)
 .debug_line    0x000046a5      0x18f c:/program files (x86)/yagarto/bin/../lib/gcc/arm-none-eabi/4.6.2/../../../../arm-none-eabi/lib\libc.a(lib_a-memmove.o)
 .debug_line    0x00004834      0x25f c:/program files (x86)/yagarto/bin/../lib/gcc/arm-none-eabi/4.6.2/../../../../arm-none-eabi/lib\libc.a(lib_a-reallocr.o)
 .debug_line    0x00004a93      0x16f c:/program files (x86)/yagarto/bin/../lib/gcc/arm-none-eabi/4.6.2\libgcc.a(_arm_addsubdf3.o)
 .debug_line    0x00004c02      0x187 c:/program files (x86)/yagarto/bin/../lib/gcc/arm-none-eabi/4.6.2\libgcc.a(_arm_muldivdf3.o)
 .debug_line    0x00004d89       0xb5 c:/program files (x86)/yagarto/bin/../lib/gcc/arm-none-eabi/4.6.2\libgcc.a(_arm_cmpdf2.o)
 .debug_line    0x00004e3e       0x7f c:/program files (x86)/yagarto/bin/../lib/gcc/arm-none-eabi/4.6.2\libgcc.a(_arm_fixdfsi.o)

.debug_frame    0x00000000      0xf78
 *(.debug_frame)
 .debug_frame   0x00000000      0x120 main.o
 .debug_frame   0x00000120       0xa8 audio.o
 .debug_frame   0x000001c8       0x5c CALIBR~1.o
 .debug_frame   0x00000224      0x3d0 NT35510.o
 .debug_frame   0x000005f4       0x38 vibrador.o
 .debug_frame   0x0000062c       0xcc xpm.o
 .debug_frame   0x000006f8       0xb4 xpt2046.o
 .debug_frame   0x000007ac       0x28 galaga.o
 .debug_frame   0x000007d4       0x20 c:/program files (x86)/yagarto/bin/../lib/gcc/arm-none-eabi/4.6.2\libgcc.a(_udivsi3.o)
 .debug_frame   0x000007f4       0x20 c:/program files (x86)/yagarto/bin/../lib/gcc/arm-none-eabi/4.6.2\libgcc.a(_divsi3.o)
 .debug_frame   0x00000814       0x28 c:/program files (x86)/yagarto/bin/../lib/gcc/arm-none-eabi/4.6.2/../../../../arm-none-eabi/lib\libc.a(lib_a-memset.o)
 .debug_frame   0x0000083c       0x38 c:/program files (x86)/yagarto/bin/../lib/gcc/arm-none-eabi/4.6.2/../../../../arm-none-eabi/lib\libc.a(lib_a-rand.o)
 .debug_frame   0x00000874       0x5c c:/program files (x86)/yagarto/bin/../lib/gcc/arm-none-eabi/4.6.2/../../../../arm-none-eabi/lib\libc.a(lib_a-sprintf.o)
 .debug_frame   0x000008d0       0x20 c:/program files (x86)/yagarto/bin/../lib/gcc/arm-none-eabi/4.6.2/../../../../arm-none-eabi/lib\libc.a(lib_a-strlen.o)
 .debug_frame   0x000008f0       0x3c c:/program files (x86)/yagarto/bin/../lib/gcc/arm-none-eabi/4.6.2/../../../../arm-none-eabi/lib\libc.a(lib_a-svfprintf.o)
 .debug_frame   0x0000092c       0x28 c:/program files (x86)/yagarto/bin/../lib/gcc/arm-none-eabi/4.6.2/../../../../arm-none-eabi/lib\libc.a(lib_a-sysgettod.o)
 .debug_frame   0x00000954       0x64 c:/program files (x86)/yagarto/bin/../lib/gcc/arm-none-eabi/4.6.2/../../../../arm-none-eabi/lib\libc.a(lib_a-dtoa.o)
 .debug_frame   0x000009b8       0x2c c:/program files (x86)/yagarto/bin/../lib/gcc/arm-none-eabi/4.6.2/../../../../arm-none-eabi/lib\libc.a(lib_a-gettimeofdayr.o)
 .debug_frame   0x000009e4       0x98 c:/program files (x86)/yagarto/bin/../lib/gcc/arm-none-eabi/4.6.2/../../../../arm-none-eabi/lib\libc.a(lib_a-locale.o)
 .debug_frame   0x00000a7c       0x38 c:/program files (x86)/yagarto/bin/../lib/gcc/arm-none-eabi/4.6.2/../../../../arm-none-eabi/lib\libc.a(lib_a-mallocr.o)
 .debug_frame   0x00000ab4       0x2c c:/program files (x86)/yagarto/bin/../lib/gcc/arm-none-eabi/4.6.2/../../../../arm-none-eabi/lib\libc.a(lib_a-memchr.o)
 .debug_frame   0x00000ae0       0x2c c:/program files (x86)/yagarto/bin/../lib/gcc/arm-none-eabi/4.6.2/../../../../arm-none-eabi/lib\libc.a(lib_a-memcpy.o)
 .debug_frame   0x00000b0c       0x30 c:/program files (x86)/yagarto/bin/../lib/gcc/arm-none-eabi/4.6.2/../../../../arm-none-eabi/lib\libc.a(lib_a-mlock.o)
 .debug_frame   0x00000b3c      0x218 c:/program files (x86)/yagarto/bin/../lib/gcc/arm-none-eabi/4.6.2/../../../../arm-none-eabi/lib\libc.a(lib_a-mprec.o)
 .debug_frame   0x00000d54       0x68 c:/program files (x86)/yagarto/bin/../lib/gcc/arm-none-eabi/4.6.2/../../../../arm-none-eabi/lib\libc.a(lib_a-reent.o)
 .debug_frame   0x00000dbc       0x20 c:/program files (x86)/yagarto/bin/../lib/gcc/arm-none-eabi/4.6.2/../../../../arm-none-eabi/lib\libc.a(lib_a-s_fpclassify.o)
 .debug_frame   0x00000ddc       0x2c c:/program files (x86)/yagarto/bin/../lib/gcc/arm-none-eabi/4.6.2/../../../../arm-none-eabi/lib\libc.a(lib_a-sbrkr.o)
 .debug_frame   0x00000e08       0x30 c:/program files (x86)/yagarto/bin/../lib/gcc/arm-none-eabi/4.6.2/../../../../arm-none-eabi/lib\libc.a(lib_a-strcmp.o)
 .debug_frame   0x00000e38       0x64 c:/program files (x86)/yagarto/bin/../lib/gcc/arm-none-eabi/4.6.2/../../../../arm-none-eabi/lib\libc.a(lib_a-svfiprintf.o)
 .debug_frame   0x00000e9c       0x28 c:/program files (x86)/yagarto/bin/../lib/gcc/arm-none-eabi/4.6.2/../../../../arm-none-eabi/lib\libc.a(lib_a-callocr.o)
 .debug_frame   0x00000ec4       0x50 c:/program files (x86)/yagarto/bin/../lib/gcc/arm-none-eabi/4.6.2/../../../../arm-none-eabi/lib\libc.a(lib_a-freer.o)
 .debug_frame   0x00000f14       0x2c c:/program files (x86)/yagarto/bin/../lib/gcc/arm-none-eabi/4.6.2/../../../../arm-none-eabi/lib\libc.a(lib_a-memmove.o)
 .debug_frame   0x00000f40       0x38 c:/program files (x86)/yagarto/bin/../lib/gcc/arm-none-eabi/4.6.2/../../../../arm-none-eabi/lib\libc.a(lib_a-reallocr.o)

.debug_str      0x00000000     0x1c5f
 *(.debug_str)
 .debug_str     0x00000000      0x342 main.o
                                0x3a9 (size before relaxing)
 .debug_str     0x00000342      0x13c audio.o
                                0x1de (size before relaxing)
 .debug_str     0x0000047e        0xe big_font.o
                                 0xc4 (size before relaxing)
 .debug_str     0x0000048c       0x15 bloques.o
                                 0xba (size before relaxing)
 .debug_str     0x000004a1       0x71 CALIBR~1.o
                                0x1a7 (size before relaxing)
 .debug_str     0x00000512      0x232 NT35510.o
                                0x3bc (size before relaxing)
 .debug_str     0x00000744       0x1a SMALL_~1.o
                                 0xc8 (size before relaxing)
 .debug_str     0x0000075e       0x24 vibrador.o
                                0x14d (size before relaxing)
 .debug_str     0x00000782       0xce xpm.o
                                0x20f (size before relaxing)
 .debug_str     0x00000850       0x6b xpt2046.o
                                0x1d8 (size before relaxing)
 .debug_str     0x000008bb       0x16 galaga.o
                                0x13f (size before relaxing)
 .debug_str     0x000008d1        0xf PACMAN~1.o
                                 0xe2 (size before relaxing)
 .debug_str     0x000008e0       0xa2 c:/program files (x86)/yagarto/bin/../lib/gcc/arm-none-eabi/4.6.2/../../../../arm-none-eabi/lib\libc.a(lib_a-memset.o)
                                0x137 (size before relaxing)
 .debug_str     0x00000982      0x3fb c:/program files (x86)/yagarto/bin/../lib/gcc/arm-none-eabi/4.6.2/../../../../arm-none-eabi/lib\libc.a(lib_a-rand.o)
                                0x4de (size before relaxing)
 .debug_str     0x00000d7d       0xb0 c:/program files (x86)/yagarto/bin/../lib/gcc/arm-none-eabi/4.6.2/../../../../arm-none-eabi/lib\libc.a(lib_a-sprintf.o)
                                0x50d (size before relaxing)
 .debug_str     0x00000e2d       0x94 c:/program files (x86)/yagarto/bin/../lib/gcc/arm-none-eabi/4.6.2/../../../../arm-none-eabi/lib\libc.a(lib_a-strlen.o)
                                0x130 (size before relaxing)
 .debug_str     0x00000ec1      0x1b5 c:/program files (x86)/yagarto/bin/../lib/gcc/arm-none-eabi/4.6.2/../../../../arm-none-eabi/lib\libc.a(lib_a-svfprintf.o)
                                0x6b8 (size before relaxing)
 .debug_str     0x00001076       0x9a c:/program files (x86)/yagarto/bin/../lib/gcc/arm-none-eabi/4.6.2/../../../../arm-none-eabi/lib\libc.a(lib_a-sysgettod.o)
                                0x521 (size before relaxing)
 .debug_str     0x00001110      0x100 c:/program files (x86)/yagarto/bin/../lib/gcc/arm-none-eabi/4.6.2/../../../../arm-none-eabi/lib\libc.a(lib_a-dtoa.o)
                                0x5d4 (size before relaxing)
 .debug_str     0x00001210       0x95 c:/program files (x86)/yagarto/bin/../lib/gcc/arm-none-eabi/4.6.2/../../../../arm-none-eabi/lib\libc.a(lib_a-gettimeofdayr.o)
                                0x52a (size before relaxing)
 .debug_str     0x000012a5       0x57 c:/program files (x86)/yagarto/bin/../lib/gcc/arm-none-eabi/4.6.2/../../../../arm-none-eabi/lib\libc.a(lib_a-impure.o)
                                0x4ed (size before relaxing)
 .debug_str     0x000012fc      0x25b c:/program files (x86)/yagarto/bin/../lib/gcc/arm-none-eabi/4.6.2/../../../../arm-none-eabi/lib\libc.a(lib_a-locale.o)
                                0x743 (size before relaxing)
 .debug_str     0x00001557      0x20c c:/program files (x86)/yagarto/bin/../lib/gcc/arm-none-eabi/4.6.2/../../../../arm-none-eabi/lib\libc.a(lib_a-mallocr.o)
                                0x6c4 (size before relaxing)
 .debug_str     0x00001763       0x53 c:/program files (x86)/yagarto/bin/../lib/gcc/arm-none-eabi/4.6.2/../../../../arm-none-eabi/lib\libc.a(lib_a-memchr.o)
                                0x13d (size before relaxing)
 .debug_str     0x000017b6       0x67 c:/program files (x86)/yagarto/bin/../lib/gcc/arm-none-eabi/4.6.2/../../../../arm-none-eabi/lib\libc.a(lib_a-memcpy.o)
                                0x14a (size before relaxing)
 .debug_str     0x0000181d       0x6b c:/program files (x86)/yagarto/bin/../lib/gcc/arm-none-eabi/4.6.2/../../../../arm-none-eabi/lib\libc.a(lib_a-mlock.o)
                                0x4f6 (size before relaxing)
 .debug_str     0x00001888       0xf6 c:/program files (x86)/yagarto/bin/../lib/gcc/arm-none-eabi/4.6.2/../../../../arm-none-eabi/lib\libc.a(lib_a-mprec.o)
                                0x5e1 (size before relaxing)
 .debug_str     0x0000197e       0x71 c:/program files (x86)/yagarto/bin/../lib/gcc/arm-none-eabi/4.6.2/../../../../arm-none-eabi/lib\libc.a(lib_a-reent.o)
                                0x512 (size before relaxing)
 .debug_str     0x000019ef       0xb6 c:/program files (x86)/yagarto/bin/../lib/gcc/arm-none-eabi/4.6.2/../../../../arm-none-eabi/lib\libc.a(lib_a-s_fpclassify.o)
                                0x175 (size before relaxing)
 .debug_str     0x00001aa5       0x3f c:/program files (x86)/yagarto/bin/../lib/gcc/arm-none-eabi/4.6.2/../../../../arm-none-eabi/lib\libc.a(lib_a-sbrkr.o)
                                0x4e4 (size before relaxing)
 .debug_str     0x00001ae4       0x59 c:/program files (x86)/yagarto/bin/../lib/gcc/arm-none-eabi/4.6.2/../../../../arm-none-eabi/lib\libc.a(lib_a-strcmp.o)
                                0x13a (size before relaxing)
 .debug_str     0x00001b3d       0x29 c:/program files (x86)/yagarto/bin/../lib/gcc/arm-none-eabi/4.6.2/../../../../arm-none-eabi/lib\libc.a(lib_a-svfiprintf.o)
                                0x62b (size before relaxing)
 .debug_str     0x00001b66       0x19 c:/program files (x86)/yagarto/bin/../lib/gcc/arm-none-eabi/4.6.2/../../../../arm-none-eabi/lib\libc.a(lib_a-callocr.o)
                                0x515 (size before relaxing)
 .debug_str     0x00001b7f       0x3c c:/program files (x86)/yagarto/bin/../lib/gcc/arm-none-eabi/4.6.2/../../../../arm-none-eabi/lib\libc.a(lib_a-freer.o)
                                0x616 (size before relaxing)
 .debug_str     0x00001bbb       0x4b c:/program files (x86)/yagarto/bin/../lib/gcc/arm-none-eabi/4.6.2/../../../../arm-none-eabi/lib\libc.a(lib_a-memmove.o)
                                0x156 (size before relaxing)
 .debug_str     0x00001c06       0x59 c:/program files (x86)/yagarto/bin/../lib/gcc/arm-none-eabi/4.6.2/../../../../arm-none-eabi/lib\libc.a(lib_a-reallocr.o)
                                0x596 (size before relaxing)

.debug_loc      0x00000000     0xaf1a
 *(.debug_loc)
 .debug_loc     0x00000000      0xa5a main.o
 .debug_loc     0x00000a5a       0xb9 audio.o
 .debug_loc     0x00000b13       0xfe CALIBR~1.o
 .debug_loc     0x00000c11     0x118a NT35510.o
 .debug_loc     0x00001d9b       0x20 vibrador.o
 .debug_loc     0x00001dbb      0x7cd xpm.o
 .debug_loc     0x00002588      0x1f8 xpt2046.o
 .debug_loc     0x00002780       0x52 galaga.o
 .debug_loc     0x000027d2      0x1e5 c:/program files (x86)/yagarto/bin/../lib/gcc/arm-none-eabi/4.6.2/../../../../arm-none-eabi/lib\libc.a(lib_a-memset.o)
 .debug_loc     0x000029b7       0x20 c:/program files (x86)/yagarto/bin/../lib/gcc/arm-none-eabi/4.6.2/../../../../arm-none-eabi/lib\libc.a(lib_a-rand.o)
 .debug_loc     0x000029d7       0xc1 c:/program files (x86)/yagarto/bin/../lib/gcc/arm-none-eabi/4.6.2/../../../../arm-none-eabi/lib\libc.a(lib_a-sprintf.o)
 .debug_loc     0x00002a98       0x13 c:/program files (x86)/yagarto/bin/../lib/gcc/arm-none-eabi/4.6.2/../../../../arm-none-eabi/lib\libc.a(lib_a-strlen.o)
 .debug_loc     0x00002aab     0x1da1 c:/program files (x86)/yagarto/bin/../lib/gcc/arm-none-eabi/4.6.2/../../../../arm-none-eabi/lib\libc.a(lib_a-svfprintf.o)
 .debug_loc     0x0000484c       0x5c c:/program files (x86)/yagarto/bin/../lib/gcc/arm-none-eabi/4.6.2/../../../../arm-none-eabi/lib\libc.a(lib_a-sysgettod.o)
 .debug_loc     0x000048a8     0x1ebc c:/program files (x86)/yagarto/bin/../lib/gcc/arm-none-eabi/4.6.2/../../../../arm-none-eabi/lib\libc.a(lib_a-dtoa.o)
 .debug_loc     0x00006764       0x6f c:/program files (x86)/yagarto/bin/../lib/gcc/arm-none-eabi/4.6.2/../../../../arm-none-eabi/lib\libc.a(lib_a-gettimeofdayr.o)
 .debug_loc     0x000067d3       0xb3 c:/program files (x86)/yagarto/bin/../lib/gcc/arm-none-eabi/4.6.2/../../../../arm-none-eabi/lib\libc.a(lib_a-locale.o)
 .debug_loc     0x00006886      0x8b3 c:/program files (x86)/yagarto/bin/../lib/gcc/arm-none-eabi/4.6.2/../../../../arm-none-eabi/lib\libc.a(lib_a-mallocr.o)
 .debug_loc     0x00007139      0x157 c:/program files (x86)/yagarto/bin/../lib/gcc/arm-none-eabi/4.6.2/../../../../arm-none-eabi/lib\libc.a(lib_a-memchr.o)
 .debug_loc     0x00007290      0x1ab c:/program files (x86)/yagarto/bin/../lib/gcc/arm-none-eabi/4.6.2/../../../../arm-none-eabi/lib\libc.a(lib_a-memcpy.o)
 .debug_loc     0x0000743b     0x165a c:/program files (x86)/yagarto/bin/../lib/gcc/arm-none-eabi/4.6.2/../../../../arm-none-eabi/lib\libc.a(lib_a-mprec.o)
 .debug_loc     0x00008a95      0x1dc c:/program files (x86)/yagarto/bin/../lib/gcc/arm-none-eabi/4.6.2/../../../../arm-none-eabi/lib\libc.a(lib_a-reent.o)
 .debug_loc     0x00008c71       0x75 c:/program files (x86)/yagarto/bin/../lib/gcc/arm-none-eabi/4.6.2/../../../../arm-none-eabi/lib\libc.a(lib_a-s_fpclassify.o)
 .debug_loc     0x00008ce6       0x51 c:/program files (x86)/yagarto/bin/../lib/gcc/arm-none-eabi/4.6.2/../../../../arm-none-eabi/lib\libc.a(lib_a-sbrkr.o)
 .debug_loc     0x00008d37       0x26 c:/program files (x86)/yagarto/bin/../lib/gcc/arm-none-eabi/4.6.2/../../../../arm-none-eabi/lib\libc.a(lib_a-strcmp.o)
 .debug_loc     0x00008d5d     0x1009 c:/program files (x86)/yagarto/bin/../lib/gcc/arm-none-eabi/4.6.2/../../../../arm-none-eabi/lib\libc.a(lib_a-svfiprintf.o)
 .debug_loc     0x00009d66      0x179 c:/program files (x86)/yagarto/bin/../lib/gcc/arm-none-eabi/4.6.2/../../../../arm-none-eabi/lib\libc.a(lib_a-callocr.o)
 .debug_loc     0x00009edf      0x370 c:/program files (x86)/yagarto/bin/../lib/gcc/arm-none-eabi/4.6.2/../../../../arm-none-eabi/lib\libc.a(lib_a-freer.o)
 .debug_loc     0x0000a24f      0x1fe c:/program files (x86)/yagarto/bin/../lib/gcc/arm-none-eabi/4.6.2/../../../../arm-none-eabi/lib\libc.a(lib_a-memmove.o)
 .debug_loc     0x0000a44d      0xacd c:/program files (x86)/yagarto/bin/../lib/gcc/arm-none-eabi/4.6.2/../../../../arm-none-eabi/lib\libc.a(lib_a-reallocr.o)

.debug_macinfo
 *(.debug_macinfo)

.debug_weaknames
 *(.debug_weaknames)

.debug_funcnames
 *(.debug_funcnames)

.debug_typenames
 *(.debug_typenames)

.debug_varnames
 *(.debug_varnames)
OUTPUT(Release.elf elf32-littlearm)

.debug_ranges   0x00000000      0x390
 .debug_ranges  0x00000000       0xc0 main.o
 .debug_ranges  0x000000c0       0x30 NT35510.o
 .debug_ranges  0x000000f0      0x148 c:/program files (x86)/yagarto/bin/../lib/gcc/arm-none-eabi/4.6.2/../../../../arm-none-eabi/lib\libc.a(lib_a-svfprintf.o)
 .debug_ranges  0x00000238       0x40 c:/program files (x86)/yagarto/bin/../lib/gcc/arm-none-eabi/4.6.2/../../../../arm-none-eabi/lib\libc.a(lib_a-mallocr.o)
 .debug_ranges  0x00000278       0x30 c:/program files (x86)/yagarto/bin/../lib/gcc/arm-none-eabi/4.6.2/../../../../arm-none-eabi/lib\libc.a(lib_a-mprec.o)
 .debug_ranges  0x000002a8       0x38 c:/program files (x86)/yagarto/bin/../lib/gcc/arm-none-eabi/4.6.2/../../../../arm-none-eabi/lib\libc.a(lib_a-svfiprintf.o)
 .debug_ranges  0x000002e0       0x18 c:/program files (x86)/yagarto/bin/../lib/gcc/arm-none-eabi/4.6.2/../../../../arm-none-eabi/lib\libc.a(lib_a-callocr.o)
 .debug_ranges  0x000002f8       0x98 c:/program files (x86)/yagarto/bin/../lib/gcc/arm-none-eabi/4.6.2/../../../../arm-none-eabi/lib\libc.a(lib_a-reallocr.o)

Cross Reference Table

Symbol                                            File
AUDIO_Effect                                      audio.o
AUDIO_Timer_On                                    audio.o
BG_Color                                          NT35510.o
                                                  xpt2046.o
                                                  main.o
BigFont                                           big_font.o
                                                  NT35510.o
                                                  main.o
CF                                                NT35510.o
                                                  main.o
Cal                                               xpt2046.o
FG_Color                                          NT35510.o
                                                  xpt2046.o
                                                  main.o
GetAction                                         galaga.o
                                                  main.o
IRQ_Spurious_Routine                              audio.o
LENX                                              xpt2046.o
                                                  xpm.o
                                                  NT35510.o
                                                  main.o
LENY                                              xpt2046.o
                                                  xpm.o
                                                  NT35510.o
                                                  main.o
NOTE                                              audio.o
NT35510_Cmd                                       NT35510.o
NT35510_Data                                      NT35510.o
NT35510_Data_                                     NT35510.o
                                                  xpm.o
NT35510_ReadCMD                                   NT35510.o
NT35510_ReadPage                                  NT35510.o
NT35510_Reg                                       NT35510.o
NT35510_WritePage                                 NT35510.o
PARTITURE_Off                                     audio.o
PARTITURE_On                                      audio.o
PWM0_ISR                                          audio.o
SmallFont                                         SMALL_~1.o
TABLA_SQUARE_WAVE                                 audio.o
TFT_DrawCircle                                    NT35510.o
                                                  xpt2046.o
TFT_DrawFillSquare                                NT35510.o
                                                  xpt2046.o
TFT_DrawFillSquareS                               NT35510.o
                                                  main.o
TFT_DrawLine                                      NT35510.o
                                                  xpt2046.o
TFT_DrawSquare                                    NT35510.o
TFT_DumpBinaryFont                                NT35510.o
TFT_FillArea                                      NT35510.o
TFT_FillCircle                                    NT35510.o
TFT_HorizontalLine                                NT35510.o
TFT_Init                                          NT35510.o
                                                  main.o
TFT_Off                                           NT35510.o
TFT_On                                            NT35510.o
TFT_PutPixel                                      NT35510.o
TFT_PutPixelColor                                 NT35510.o
TFT_SetArea                                       NT35510.o
                                                  xpm.o
TFT_SetAreaR                                      NT35510.o
TFT_VerticalLine                                  NT35510.o
TFT_print                                         NT35510.o
TFT_print_centered_x                              NT35510.o
                                                  xpt2046.o
TFT_print_centered_x_xNyN                         NT35510.o
TFT_print_xNyN                                    NT35510.o
                                                  main.o
TFT_putch                                         NT35510.o
TFT_putch_xNyN                                    NT35510.o
TFT_putchar                                       NT35510.o
TFT_putchar_xNyN                                  NT35510.o
TIMER0_ISR                                        audio.o
TIMER1_ISR                                        vibrador.o
TP_Aspa                                           xpt2046.o
TP_Calibrate                                      xpt2046.o
TP_EnviaRecibe                                    xpt2046.o
TP_Get_XY                                         xpt2046.o
TP_Get_XY_Cal                                     xpt2046.o
TP_Init                                           xpt2046.o
                                                  main.o
VibratorON                                        vibrador.o
XPM_Extract                                       xpm.o
                                                  main.o
XPM_PintaAll                                      xpm.o
XPM_PintaAt                                       xpm.o
XPM_PintaAtxNyN                                   xpm.o
                                                  main.o
XPM_SetxNyN                                       xpm.o
                                                  main.o
X_SINPULSAR                                       xpt2046.o
_Balloc                                           c:/program files (x86)/yagarto/bin/../lib/gcc/arm-none-eabi/4.6.2/../../../../arm-none-eabi/lib\libc.a(lib_a-mprec.o)
                                                  c:/program files (x86)/yagarto/bin/../lib/gcc/arm-none-eabi/4.6.2/../../../../arm-none-eabi/lib\libc.a(lib_a-dtoa.o)
_Bfree                                            c:/program files (x86)/yagarto/bin/../lib/gcc/arm-none-eabi/4.6.2/../../../../arm-none-eabi/lib\libc.a(lib_a-mprec.o)
                                                  c:/program files (x86)/yagarto/bin/../lib/gcc/arm-none-eabi/4.6.2/../../../../arm-none-eabi/lib\libc.a(lib_a-dtoa.o)
_Halt                                             crt.o
_PathLocale                                       c:/program files (x86)/yagarto/bin/../lib/gcc/arm-none-eabi/4.6.2/../../../../arm-none-eabi/lib\libc.a(lib_a-locale.o)
_U0getch                                          crt.o
_U0putch                                          crt.o
__adddf3                                          c:/program files (x86)/yagarto/bin/../lib/gcc/arm-none-eabi/4.6.2\libgcc.a(_arm_addsubdf3.o)
__aeabi_cdcmpeq                                   c:/program files (x86)/yagarto/bin/../lib/gcc/arm-none-eabi/4.6.2\libgcc.a(_arm_cmpdf2.o)
__aeabi_cdcmple                                   c:/program files (x86)/yagarto/bin/../lib/gcc/arm-none-eabi/4.6.2\libgcc.a(_arm_cmpdf2.o)
__aeabi_cdrcmple                                  c:/program files (x86)/yagarto/bin/../lib/gcc/arm-none-eabi/4.6.2\libgcc.a(_arm_cmpdf2.o)
__aeabi_d2iz                                      c:/program files (x86)/yagarto/bin/../lib/gcc/arm-none-eabi/4.6.2\libgcc.a(_arm_fixdfsi.o)
                                                  c:/program files (x86)/yagarto/bin/../lib/gcc/arm-none-eabi/4.6.2/../../../../arm-none-eabi/lib\libc.a(lib_a-dtoa.o)
__aeabi_dadd                                      c:/program files (x86)/yagarto/bin/../lib/gcc/arm-none-eabi/4.6.2\libgcc.a(_arm_addsubdf3.o)
                                                  c:/program files (x86)/yagarto/bin/../lib/gcc/arm-none-eabi/4.6.2/../../../../arm-none-eabi/lib\libc.a(lib_a-dtoa.o)
__aeabi_dcmpeq                                    c:/program files (x86)/yagarto/bin/../lib/gcc/arm-none-eabi/4.6.2\libgcc.a(_arm_cmpdf2.o)
                                                  c:/program files (x86)/yagarto/bin/../lib/gcc/arm-none-eabi/4.6.2/../../../../arm-none-eabi/lib\libc.a(lib_a-dtoa.o)
                                                  c:/program files (x86)/yagarto/bin/../lib/gcc/arm-none-eabi/4.6.2/../../../../arm-none-eabi/lib\libc.a(lib_a-svfprintf.o)
__aeabi_dcmpge                                    c:/program files (x86)/yagarto/bin/../lib/gcc/arm-none-eabi/4.6.2\libgcc.a(_arm_cmpdf2.o)
                                                  c:/program files (x86)/yagarto/bin/../lib/gcc/arm-none-eabi/4.6.2/../../../../arm-none-eabi/lib\libc.a(lib_a-dtoa.o)
__aeabi_dcmpgt                                    c:/program files (x86)/yagarto/bin/../lib/gcc/arm-none-eabi/4.6.2\libgcc.a(_arm_cmpdf2.o)
                                                  c:/program files (x86)/yagarto/bin/../lib/gcc/arm-none-eabi/4.6.2/../../../../arm-none-eabi/lib\libc.a(lib_a-dtoa.o)
__aeabi_dcmple                                    c:/program files (x86)/yagarto/bin/../lib/gcc/arm-none-eabi/4.6.2\libgcc.a(_arm_cmpdf2.o)
__aeabi_dcmplt                                    c:/program files (x86)/yagarto/bin/../lib/gcc/arm-none-eabi/4.6.2\libgcc.a(_arm_cmpdf2.o)
                                                  c:/program files (x86)/yagarto/bin/../lib/gcc/arm-none-eabi/4.6.2/../../../../arm-none-eabi/lib\libc.a(lib_a-dtoa.o)
                                                  c:/program files (x86)/yagarto/bin/../lib/gcc/arm-none-eabi/4.6.2/../../../../arm-none-eabi/lib\libc.a(lib_a-svfprintf.o)
__aeabi_ddiv                                      c:/program files (x86)/yagarto/bin/../lib/gcc/arm-none-eabi/4.6.2\libgcc.a(_arm_muldivdf3.o)
                                                  c:/program files (x86)/yagarto/bin/../lib/gcc/arm-none-eabi/4.6.2/../../../../arm-none-eabi/lib\libc.a(lib_a-mprec.o)
                                                  c:/program files (x86)/yagarto/bin/../lib/gcc/arm-none-eabi/4.6.2/../../../../arm-none-eabi/lib\libc.a(lib_a-dtoa.o)
__aeabi_dmul                                      c:/program files (x86)/yagarto/bin/../lib/gcc/arm-none-eabi/4.6.2\libgcc.a(_arm_muldivdf3.o)
                                                  c:/program files (x86)/yagarto/bin/../lib/gcc/arm-none-eabi/4.6.2/../../../../arm-none-eabi/lib\libc.a(lib_a-mprec.o)
                                                  c:/program files (x86)/yagarto/bin/../lib/gcc/arm-none-eabi/4.6.2/../../../../arm-none-eabi/lib\libc.a(lib_a-dtoa.o)
__aeabi_drsub                                     c:/program files (x86)/yagarto/bin/../lib/gcc/arm-none-eabi/4.6.2\libgcc.a(_arm_addsubdf3.o)
__aeabi_dsub                                      c:/program files (x86)/yagarto/bin/../lib/gcc/arm-none-eabi/4.6.2\libgcc.a(_arm_addsubdf3.o)
                                                  c:/program files (x86)/yagarto/bin/../lib/gcc/arm-none-eabi/4.6.2/../../../../arm-none-eabi/lib\libc.a(lib_a-dtoa.o)
__aeabi_f2d                                       c:/program files (x86)/yagarto/bin/../lib/gcc/arm-none-eabi/4.6.2\libgcc.a(_arm_addsubdf3.o)
__aeabi_i2d                                       c:/program files (x86)/yagarto/bin/../lib/gcc/arm-none-eabi/4.6.2\libgcc.a(_arm_addsubdf3.o)
                                                  c:/program files (x86)/yagarto/bin/../lib/gcc/arm-none-eabi/4.6.2/../../../../arm-none-eabi/lib\libc.a(lib_a-dtoa.o)
__aeabi_idiv                                      c:/program files (x86)/yagarto/bin/../lib/gcc/arm-none-eabi/4.6.2\libgcc.a(_divsi3.o)
                                                  xpt2046.o
                                                  xpm.o
                                                  CALIBR~1.o
                                                  main.o
__aeabi_idiv0                                     c:/program files (x86)/yagarto/bin/../lib/gcc/arm-none-eabi/4.6.2\libgcc.a(_dvmd_tls.o)
                                                  c:/program files (x86)/yagarto/bin/../lib/gcc/arm-none-eabi/4.6.2\libgcc.a(_divsi3.o)
                                                  c:/program files (x86)/yagarto/bin/../lib/gcc/arm-none-eabi/4.6.2\libgcc.a(_udivsi3.o)
__aeabi_idivmod                                   c:/program files (x86)/yagarto/bin/../lib/gcc/arm-none-eabi/4.6.2\libgcc.a(_divsi3.o)
                                                  xpm.o
                                                  main.o
__aeabi_l2d                                       c:/program files (x86)/yagarto/bin/../lib/gcc/arm-none-eabi/4.6.2\libgcc.a(_arm_addsubdf3.o)
__aeabi_ldiv0                                     c:/program files (x86)/yagarto/bin/../lib/gcc/arm-none-eabi/4.6.2\libgcc.a(_dvmd_tls.o)
__aeabi_ui2d                                      c:/program files (x86)/yagarto/bin/../lib/gcc/arm-none-eabi/4.6.2\libgcc.a(_arm_addsubdf3.o)
                                                  c:/program files (x86)/yagarto/bin/../lib/gcc/arm-none-eabi/4.6.2/../../../../arm-none-eabi/lib\libc.a(lib_a-dtoa.o)
__aeabi_uidiv                                     c:/program files (x86)/yagarto/bin/../lib/gcc/arm-none-eabi/4.6.2\libgcc.a(_udivsi3.o)
                                                  c:/program files (x86)/yagarto/bin/../lib/gcc/arm-none-eabi/4.6.2/../../../../arm-none-eabi/lib\libc.a(lib_a-dtoa.o)
                                                  audio.o
__aeabi_uidivmod                                  c:/program files (x86)/yagarto/bin/../lib/gcc/arm-none-eabi/4.6.2\libgcc.a(_udivsi3.o)
__aeabi_ul2d                                      c:/program files (x86)/yagarto/bin/../lib/gcc/arm-none-eabi/4.6.2\libgcc.a(_arm_addsubdf3.o)
__any_on                                          c:/program files (x86)/yagarto/bin/../lib/gcc/arm-none-eabi/4.6.2/../../../../arm-none-eabi/lib\libc.a(lib_a-mprec.o)
__b2d                                             c:/program files (x86)/yagarto/bin/../lib/gcc/arm-none-eabi/4.6.2/../../../../arm-none-eabi/lib\libc.a(lib_a-mprec.o)
__bss_end__                                       crt.o
__bss_start                                       crt.o
__bss_start__                                     crt.o
__cmpdf2                                          c:/program files (x86)/yagarto/bin/../lib/gcc/arm-none-eabi/4.6.2\libgcc.a(_arm_cmpdf2.o)
__copybits                                        c:/program files (x86)/yagarto/bin/../lib/gcc/arm-none-eabi/4.6.2/../../../../arm-none-eabi/lib\libc.a(lib_a-mprec.o)
__d2b                                             c:/program files (x86)/yagarto/bin/../lib/gcc/arm-none-eabi/4.6.2/../../../../arm-none-eabi/lib\libc.a(lib_a-mprec.o)
                                                  c:/program files (x86)/yagarto/bin/../lib/gcc/arm-none-eabi/4.6.2/../../../../arm-none-eabi/lib\libc.a(lib_a-dtoa.o)
__divdf3                                          c:/program files (x86)/yagarto/bin/../lib/gcc/arm-none-eabi/4.6.2\libgcc.a(_arm_muldivdf3.o)
__divsi3                                          c:/program files (x86)/yagarto/bin/../lib/gcc/arm-none-eabi/4.6.2\libgcc.a(_divsi3.o)
__eqdf2                                           c:/program files (x86)/yagarto/bin/../lib/gcc/arm-none-eabi/4.6.2\libgcc.a(_arm_cmpdf2.o)
__extendsfdf2                                     c:/program files (x86)/yagarto/bin/../lib/gcc/arm-none-eabi/4.6.2\libgcc.a(_arm_addsubdf3.o)
__fixdfsi                                         c:/program files (x86)/yagarto/bin/../lib/gcc/arm-none-eabi/4.6.2\libgcc.a(_arm_fixdfsi.o)
__floatdidf                                       c:/program files (x86)/yagarto/bin/../lib/gcc/arm-none-eabi/4.6.2\libgcc.a(_arm_addsubdf3.o)
__floatsidf                                       c:/program files (x86)/yagarto/bin/../lib/gcc/arm-none-eabi/4.6.2\libgcc.a(_arm_addsubdf3.o)
__floatundidf                                     c:/program files (x86)/yagarto/bin/../lib/gcc/arm-none-eabi/4.6.2\libgcc.a(_arm_addsubdf3.o)
__floatunsidf                                     c:/program files (x86)/yagarto/bin/../lib/gcc/arm-none-eabi/4.6.2\libgcc.a(_arm_addsubdf3.o)
__fpclassifyd                                     c:/program files (x86)/yagarto/bin/../lib/gcc/arm-none-eabi/4.6.2/../../../../arm-none-eabi/lib\libc.a(lib_a-s_fpclassify.o)
                                                  c:/program files (x86)/yagarto/bin/../lib/gcc/arm-none-eabi/4.6.2/../../../../arm-none-eabi/lib\libc.a(lib_a-svfprintf.o)
__gedf2                                           c:/program files (x86)/yagarto/bin/../lib/gcc/arm-none-eabi/4.6.2\libgcc.a(_arm_cmpdf2.o)
__gtdf2                                           c:/program files (x86)/yagarto/bin/../lib/gcc/arm-none-eabi/4.6.2\libgcc.a(_arm_cmpdf2.o)
__hi0bits                                         c:/program files (x86)/yagarto/bin/../lib/gcc/arm-none-eabi/4.6.2/../../../../arm-none-eabi/lib\libc.a(lib_a-mprec.o)
                                                  c:/program files (x86)/yagarto/bin/../lib/gcc/arm-none-eabi/4.6.2/../../../../arm-none-eabi/lib\libc.a(lib_a-dtoa.o)
__i2b                                             c:/program files (x86)/yagarto/bin/../lib/gcc/arm-none-eabi/4.6.2/../../../../arm-none-eabi/lib\libc.a(lib_a-mprec.o)
                                                  c:/program files (x86)/yagarto/bin/../lib/gcc/arm-none-eabi/4.6.2/../../../../arm-none-eabi/lib\libc.a(lib_a-dtoa.o)
__ledf2                                           c:/program files (x86)/yagarto/bin/../lib/gcc/arm-none-eabi/4.6.2\libgcc.a(_arm_cmpdf2.o)
__lo0bits                                         c:/program files (x86)/yagarto/bin/../lib/gcc/arm-none-eabi/4.6.2/../../../../arm-none-eabi/lib\libc.a(lib_a-mprec.o)
__locale_charset                                  c:/program files (x86)/yagarto/bin/../lib/gcc/arm-none-eabi/4.6.2/../../../../arm-none-eabi/lib\libc.a(lib_a-locale.o)
__locale_cjk_lang                                 c:/program files (x86)/yagarto/bin/../lib/gcc/arm-none-eabi/4.6.2/../../../../arm-none-eabi/lib\libc.a(lib_a-locale.o)
__locale_mb_cur_max                               c:/program files (x86)/yagarto/bin/../lib/gcc/arm-none-eabi/4.6.2/../../../../arm-none-eabi/lib\libc.a(lib_a-locale.o)
__locale_msgcharset                               c:/program files (x86)/yagarto/bin/../lib/gcc/arm-none-eabi/4.6.2/../../../../arm-none-eabi/lib\libc.a(lib_a-locale.o)
__lshift                                          c:/program files (x86)/yagarto/bin/../lib/gcc/arm-none-eabi/4.6.2/../../../../arm-none-eabi/lib\libc.a(lib_a-mprec.o)
                                                  c:/program files (x86)/yagarto/bin/../lib/gcc/arm-none-eabi/4.6.2/../../../../arm-none-eabi/lib\libc.a(lib_a-dtoa.o)
__ltdf2                                           c:/program files (x86)/yagarto/bin/../lib/gcc/arm-none-eabi/4.6.2\libgcc.a(_arm_cmpdf2.o)
__malloc_av_                                      c:/program files (x86)/yagarto/bin/../lib/gcc/arm-none-eabi/4.6.2/../../../../arm-none-eabi/lib\libc.a(lib_a-mallocr.o)
                                                  c:/program files (x86)/yagarto/bin/../lib/gcc/arm-none-eabi/4.6.2/../../../../arm-none-eabi/lib\libc.a(lib_a-reallocr.o)
                                                  c:/program files (x86)/yagarto/bin/../lib/gcc/arm-none-eabi/4.6.2/../../../../arm-none-eabi/lib\libc.a(lib_a-freer.o)
__malloc_current_mallinfo                         c:/program files (x86)/yagarto/bin/../lib/gcc/arm-none-eabi/4.6.2/../../../../arm-none-eabi/lib\libc.a(lib_a-mallocr.o)
                                                  c:/program files (x86)/yagarto/bin/../lib/gcc/arm-none-eabi/4.6.2/../../../../arm-none-eabi/lib\libc.a(lib_a-freer.o)
__malloc_lock                                     c:/program files (x86)/yagarto/bin/../lib/gcc/arm-none-eabi/4.6.2/../../../../arm-none-eabi/lib\libc.a(lib_a-mlock.o)
                                                  c:/program files (x86)/yagarto/bin/../lib/gcc/arm-none-eabi/4.6.2/../../../../arm-none-eabi/lib\libc.a(lib_a-reallocr.o)
                                                  c:/program files (x86)/yagarto/bin/../lib/gcc/arm-none-eabi/4.6.2/../../../../arm-none-eabi/lib\libc.a(lib_a-freer.o)
                                                  c:/program files (x86)/yagarto/bin/../lib/gcc/arm-none-eabi/4.6.2/../../../../arm-none-eabi/lib\libc.a(lib_a-mallocr.o)
__malloc_max_sbrked_mem                           c:/program files (x86)/yagarto/bin/../lib/gcc/arm-none-eabi/4.6.2/../../../../arm-none-eabi/lib\libc.a(lib_a-mallocr.o)
__malloc_max_total_mem                            c:/program files (x86)/yagarto/bin/../lib/gcc/arm-none-eabi/4.6.2/../../../../arm-none-eabi/lib\libc.a(lib_a-mallocr.o)
__malloc_sbrk_base                                c:/program files (x86)/yagarto/bin/../lib/gcc/arm-none-eabi/4.6.2/../../../../arm-none-eabi/lib\libc.a(lib_a-mallocr.o)
                                                  c:/program files (x86)/yagarto/bin/../lib/gcc/arm-none-eabi/4.6.2/../../../../arm-none-eabi/lib\libc.a(lib_a-freer.o)
__malloc_top_pad                                  c:/program files (x86)/yagarto/bin/../lib/gcc/arm-none-eabi/4.6.2/../../../../arm-none-eabi/lib\libc.a(lib_a-mallocr.o)
                                                  c:/program files (x86)/yagarto/bin/../lib/gcc/arm-none-eabi/4.6.2/../../../../arm-none-eabi/lib\libc.a(lib_a-freer.o)
__malloc_trim_threshold                           c:/program files (x86)/yagarto/bin/../lib/gcc/arm-none-eabi/4.6.2/../../../../arm-none-eabi/lib\libc.a(lib_a-mallocr.o)
                                                  c:/program files (x86)/yagarto/bin/../lib/gcc/arm-none-eabi/4.6.2/../../../../arm-none-eabi/lib\libc.a(lib_a-freer.o)
__malloc_unlock                                   c:/program files (x86)/yagarto/bin/../lib/gcc/arm-none-eabi/4.6.2/../../../../arm-none-eabi/lib\libc.a(lib_a-mlock.o)
                                                  c:/program files (x86)/yagarto/bin/../lib/gcc/arm-none-eabi/4.6.2/../../../../arm-none-eabi/lib\libc.a(lib_a-reallocr.o)
                                                  c:/program files (x86)/yagarto/bin/../lib/gcc/arm-none-eabi/4.6.2/../../../../arm-none-eabi/lib\libc.a(lib_a-freer.o)
                                                  c:/program files (x86)/yagarto/bin/../lib/gcc/arm-none-eabi/4.6.2/../../../../arm-none-eabi/lib\libc.a(lib_a-mallocr.o)
__mb_cur_max                                      c:/program files (x86)/yagarto/bin/../lib/gcc/arm-none-eabi/4.6.2/../../../../arm-none-eabi/lib\libc.a(lib_a-locale.o)
__mcmp                                            c:/program files (x86)/yagarto/bin/../lib/gcc/arm-none-eabi/4.6.2/../../../../arm-none-eabi/lib\libc.a(lib_a-mprec.o)
                                                  c:/program files (x86)/yagarto/bin/../lib/gcc/arm-none-eabi/4.6.2/../../../../arm-none-eabi/lib\libc.a(lib_a-dtoa.o)
__mdiff                                           c:/program files (x86)/yagarto/bin/../lib/gcc/arm-none-eabi/4.6.2/../../../../arm-none-eabi/lib\libc.a(lib_a-mprec.o)
                                                  c:/program files (x86)/yagarto/bin/../lib/gcc/arm-none-eabi/4.6.2/../../../../arm-none-eabi/lib\libc.a(lib_a-dtoa.o)
__mlocale_changed                                 c:/program files (x86)/yagarto/bin/../lib/gcc/arm-none-eabi/4.6.2/../../../../arm-none-eabi/lib\libc.a(lib_a-locale.o)
__mprec_bigtens                                   c:/program files (x86)/yagarto/bin/../lib/gcc/arm-none-eabi/4.6.2/../../../../arm-none-eabi/lib\libc.a(lib_a-mprec.o)
                                                  c:/program files (x86)/yagarto/bin/../lib/gcc/arm-none-eabi/4.6.2/../../../../arm-none-eabi/lib\libc.a(lib_a-dtoa.o)
__mprec_tens                                      c:/program files (x86)/yagarto/bin/../lib/gcc/arm-none-eabi/4.6.2/../../../../arm-none-eabi/lib\libc.a(lib_a-mprec.o)