Archive member included because of file (symbol)

c:/program files (x86)/yagarto/bin/../lib/gcc/arm-none-eabi/4.6.2\libgcc.a(_udivsi3.o)
                              C:\Users\INVITA~1\AppData\Local\Temp\cc0Pe0FQ.o (__aeabi_uidiv)
c:/program files (x86)/yagarto/bin/../lib/gcc/arm-none-eabi/4.6.2\libgcc.a(_divsi3.o)
                              C:\Users\INVITA~1\AppData\Local\Temp\cc3n8xEq.o (__aeabi_idiv)
c:/program files (x86)/yagarto/bin/../lib/gcc/arm-none-eabi/4.6.2\libgcc.a(_dvmd_tls.o)
                              c:/program files (x86)/yagarto/bin/../lib/gcc/arm-none-eabi/4.6.2\libgcc.a(_udivsi3.o) (__aeabi_idiv0)
c:/program files (x86)/yagarto/bin/../lib/gcc/arm-none-eabi/4.6.2/../../../../arm-none-eabi/lib\libg.a(lib_a-rand.o)
                              C:\Users\INVITA~1\AppData\Local\Temp\ccpvu5EO.o (srand)
c:/program files (x86)/yagarto/bin/../lib/gcc/arm-none-eabi/4.6.2/../../../../arm-none-eabi/lib\libg.a(lib_a-sprintf.o)
                              C:\Users\INVITA~1\AppData\Local\Temp\ccpvu5EO.o (sprintf)
c:/program files (x86)/yagarto/bin/../lib/gcc/arm-none-eabi/4.6.2/../../../../arm-none-eabi/lib\libg.a(lib_a-strlen.o)
                              C:\Users\INVITA~1\AppData\Local\Temp\ccxV2G10.o (strlen)
c:/program files (x86)/yagarto/bin/../lib/gcc/arm-none-eabi/4.6.2/../../../../arm-none-eabi/lib\libg.a(lib_a-svfprintf.o)
                              c:/program files (x86)/yagarto/bin/../lib/gcc/arm-none-eabi/4.6.2/../../../../arm-none-eabi/lib\libg.a(lib_a-sprintf.o) (_svfprintf_r)
c:/program files (x86)/yagarto/bin/../lib/gcc/arm-none-eabi/4.6.2/../../../../arm-none-eabi/lib\libg.a(lib_a-sysgettod.o)
                              C:\Users\INVITA~1\AppData\Local\Temp\ccpvu5EO.o (gettimeofday)
c:/program files (x86)/yagarto/bin/../lib/gcc/arm-none-eabi/4.6.2/../../../../arm-none-eabi/lib\libg.a(lib_a-dtoa.o)
                              c:/program files (x86)/yagarto/bin/../lib/gcc/arm-none-eabi/4.6.2/../../../../arm-none-eabi/lib\libg.a(lib_a-svfprintf.o) (_dtoa_r)
c:/program files (x86)/yagarto/bin/../lib/gcc/arm-none-eabi/4.6.2/../../../../arm-none-eabi/lib\libg.a(lib_a-gettimeofdayr.o)
                              c:/program files (x86)/yagarto/bin/../lib/gcc/arm-none-eabi/4.6.2/../../../../arm-none-eabi/lib\libg.a(lib_a-sysgettod.o) (_gettimeofday_r)
c:/program files (x86)/yagarto/bin/../lib/gcc/arm-none-eabi/4.6.2/../../../../arm-none-eabi/lib\libg.a(lib_a-impure.o)
                              c:/program files (x86)/yagarto/bin/../lib/gcc/arm-none-eabi/4.6.2/../../../../arm-none-eabi/lib\libg.a(lib_a-rand.o) (_impure_ptr)
c:/program files (x86)/yagarto/bin/../lib/gcc/arm-none-eabi/4.6.2/../../../../arm-none-eabi/lib\libg.a(lib_a-locale.o)
                              c:/program files (x86)/yagarto/bin/../lib/gcc/arm-none-eabi/4.6.2/../../../../arm-none-eabi/lib\libg.a(lib_a-svfprintf.o) (_localeconv_r)
c:/program files (x86)/yagarto/bin/../lib/gcc/arm-none-eabi/4.6.2/../../../../arm-none-eabi/lib\libg.a(lib_a-mallocr.o)
                              c:/program files (x86)/yagarto/bin/../lib/gcc/arm-none-eabi/4.6.2/../../../../arm-none-eabi/lib\libg.a(lib_a-svfprintf.o) (_malloc_r)
c:/program files (x86)/yagarto/bin/../lib/gcc/arm-none-eabi/4.6.2/../../../../arm-none-eabi/lib\libg.a(lib_a-memchr.o)
                              c:/program files (x86)/yagarto/bin/../lib/gcc/arm-none-eabi/4.6.2/../../../../arm-none-eabi/lib\libg.a(lib_a-svfprintf.o) (memchr)
c:/program files (x86)/yagarto/bin/../lib/gcc/arm-none-eabi/4.6.2/../../../../arm-none-eabi/lib\libg.a(lib_a-memcpy.o)
                              c:/program files (x86)/yagarto/bin/../lib/gcc/arm-none-eabi/4.6.2/../../../../arm-none-eabi/lib\libg.a(lib_a-dtoa.o) (memcpy)
c:/program files (x86)/yagarto/bin/../lib/gcc/arm-none-eabi/4.6.2/../../../../arm-none-eabi/lib\libg.a(lib_a-mlock.o)
                              c:/program files (x86)/yagarto/bin/../lib/gcc/arm-none-eabi/4.6.2/../../../../arm-none-eabi/lib\libg.a(lib_a-mallocr.o) (__malloc_lock)
c:/program files (x86)/yagarto/bin/../lib/gcc/arm-none-eabi/4.6.2/../../../../arm-none-eabi/lib\libg.a(lib_a-mprec.o)
                              c:/program files (x86)/yagarto/bin/../lib/gcc/arm-none-eabi/4.6.2/../../../../arm-none-eabi/lib\libg.a(lib_a-dtoa.o) (_Balloc)
c:/program files (x86)/yagarto/bin/../lib/gcc/arm-none-eabi/4.6.2/../../../../arm-none-eabi/lib\libg.a(lib_a-reent.o)
                              c:/program files (x86)/yagarto/bin/../lib/gcc/arm-none-eabi/4.6.2/../../../../arm-none-eabi/lib\libg.a(lib_a-gettimeofdayr.o) (errno)
c:/program files (x86)/yagarto/bin/../lib/gcc/arm-none-eabi/4.6.2/../../../../arm-none-eabi/lib\libg.a(lib_a-s_fpclassify.o)
                              c:/program files (x86)/yagarto/bin/../lib/gcc/arm-none-eabi/4.6.2/../../../../arm-none-eabi/lib\libg.a(lib_a-svfprintf.o) (__fpclassifyd)
c:/program files (x86)/yagarto/bin/../lib/gcc/arm-none-eabi/4.6.2/../../../../arm-none-eabi/lib\libg.a(lib_a-sbrkr.o)
[...]
Memory Configuration

Name             Origin             Length             Attributes
ROM              0x00000000         0x00020000         xr
RAM              0x40000000         0x00010000         rw
*default*        0x00000000         0xffffffff

Linker script and memory map

                0x00000400                STACK_SIZE = 0x400
                0x40010000                _stack_end = 0x40010000

.text           0x00000000    0x16ef0
 //*(.text.startup)
 *(.text)
 .text          0x00000000      0x640 C:\Users\INVITA~1\AppData\Local\Temp\cc9dZ8xl.o
                0x00000000                _boot
                0x00000230                _start
                0x00000230                _mainCRTStartup
                0x00000230                start
                0x00000348                _Halt
                0x00000360                _delay_loop
                0x0000036c                _prtnum
                0x00000410                _prthex
                0x00000458                _puts
                0x0000047c                _printf
                0x00000524                _gets
                0x000005ac                _U0putch
                0x000005c4                _U0getch
 .text          0x00000640      0x5bc C:\Users\INVITA~1\AppData\Local\Temp\ccpvu5EO.o
                0x00000bb8                _gettimeofday
                0x00000bd0                _sbrk
 .text          0x00000bfc     0x636c C:\Users\INVITA~1\AppData\Local\Temp\ccxV2G10.o
                0x00000bfc                NT35510_Cmd
                0x00000c28                NT35510_Data
                0x00000c58                NT35510_Data_
                0x00000c84                NT35510_Reg
                0x00000cd8                TFT_SetArea
                0x00000e98                TFT_SetAreaR
                0x00001058                NT35510_ReadCMD
                0x000010e8                TFT_Init
                0x00003e18                TFT_FillArea
                0x00004038                TFT_PutPixel
                0x0000419c                TFT_PutPixelColor
                0x000042d8                TFT_DrawLine
                0x000046fc                TFT_HorizontalLine
                0x0000493c                TFT_VerticalLine
                0x00004b5c                TFT_DrawSquare
                0x00004bd4                TFT_DrawCircle
                0x00005ce8                TFT_FillCircle
                0x00005db4                TFT_DrawFillSquare
                0x00005fe0                TFT_DrawFillSquareS
                0x00006214                TFT_DumpBinaryFont
                0x0000639c                TFT_putch
                0x00006664                TFT_print
                0x000066c4                TFT_print_centered_x
                0x00006744                TFT_putchar
                0x00006784                TFT_putch_xNyN
                0x000068f8                TFT_putchar_xNyN
                0x0000693c                TFT_print_xNyN
                0x000069a8                TFT_print_centered_x_xNyN
                0x00006a3c                TFT_Off
                0x00006b2c                TFT_On
                0x00006b30                NT35510_WritePage
                0x00006d30                NT35510_ReadPage
 .text          0x00006f68      0x278 C:\Users\INVITA~1\AppData\Local\Temp\cc3n8xEq.o
                0x00006f68                setCalibrationMatrix
                0x0000715c                getDisplayPoint
 .text          0x000071e0      0x504 C:\Users\INVITA~1\AppData\Local\Temp\ccFbxKlY.o
                0x000071e0                TP_Init
                0x00007228                TP_EnviaRecibe
                0x00007250                TP_Get_XY
                0x000073d0                TP_Get_XY_Cal
                0x00007440                TP_Aspa
                0x000074a8                TP_Calibrate
 .text          0x000076e4      0x8f8 C:\Users\INVITA~1\AppData\Local\Temp\ccNfbUAx.o
                0x000076e4                _atoi
                0x00007744                XPM_Extract
                0x00007a78                XPM_PintaAll
                0x00007b30                XPM_PintaAt
                0x00007c5c                XPM_SetxNyN
                0x00007cac                XPM_PintaAtxNyN
 .text          0x00007fdc       0x88 C:\Users\INVITA~1\AppData\Local\Temp\ccrdJOC4.o
                0x00007fdc                GetAction
 .text          0x00008064      0x114 c:/program files (x86)/yagarto/bin/../lib/gcc/arm-none-eabi/4.6.2\libgcc.a(_udivsi3.o)
                0x00008064                __aeabi_uidiv
                0x00008064                __udivsi3
                0x00008158                __aeabi_uidivmod
 .text          0x00008178      0x148 c:/program files (x86)/yagarto/bin/../lib/gcc/arm-none-eabi/4.6.2\libgcc.a(_divsi3.o)
                0x00008178                __divsi3
                0x00008178                __aeabi_idiv
                0x000082a0                __aeabi_idivmod
 .text          0x000082c0        0x4 c:/program files (x86)/yagarto/bin/../lib/gcc/arm-none-eabi/4.6.2\libgcc.a(_dvmd_tls.o)
                0x000082c0                __aeabi_idiv0
                0x000082c0                __aeabi_ldiv0
 .text          0x000082c4       0x78 c:/program files (x86)/yagarto/bin/../lib/gcc/arm-none-eabi/4.6.2/../../../../arm-none-eabi/lib\libg.a(lib_a-rand.o)
                0x000082c4                srand
                0x000082e0                rand
 .text          0x0000833c       0xdc c:/program files (x86)/yagarto/bin/../lib/gcc/arm-none-eabi/4.6.2/../../../../arm-none-eabi/lib\libg.a(lib_a-sprintf.o)
                0x0000833c                _sprintf_r
                0x000083a4                sprintf
 .text          0x00008418       0x60 c:/program files (x86)/yagarto/bin/../lib/gcc/arm-none-eabi/4.6.2/../../../../arm-none-eabi/lib\libg.a(lib_a-strlen.o)
                0x00008418                strlen
 .text          0x00008478     0x1d98 c:/program files (x86)/yagarto/bin/../lib/gcc/arm-none-eabi/4.6.2/../../../../arm-none-eabi/lib\libg.a(lib_a-svfprintf.o)
                0x00008478                _svfprintf_r
 .text          0x0000a210       0x28 c:/program files (x86)/yagarto/bin/../lib/gcc/arm-none-eabi/4.6.2/../../../../arm-none-eabi/lib\libg.a(lib_a-sysgettod.o)
                0x0000a210                gettimeofday
 .text          0x0000a238     0x18a8 c:/program files (x86)/yagarto/bin/../lib/gcc/arm-none-eabi/4.6.2/../../../../arm-none-eabi/lib\libg.a(lib_a-dtoa.o)
                0x0000a430                _dtoa_r
 .text          0x0000bae0       0x40 c:/program files (x86)/yagarto/bin/../lib/gcc/arm-none-eabi/4.6.2/../../../../arm-none-eabi/lib\libg.a(lib_a-gettimeofdayr.o)
                0x0000bae0                _gettimeofday_r
 .text          0x0000bb20       0xd0 c:/program files (x86)/yagarto/bin/../lib/gcc/arm-none-eabi/4.6.2/../../../../arm-none-eabi/lib\libg.a(lib_a-locale.o)
                0x0000bb20                _setlocale_r
                0x0000bb8c                __locale_charset
                0x0000bb98                __locale_mb_cur_max
                0x0000bba8                __locale_msgcharset
                0x0000bbb4                __locale_cjk_lang
                0x0000bbbc                _localeconv_r
                0x0000bbc8                setlocale
                0x0000bbe4                localeconv
 .text          0x0000bbf0      0x714 c:/program files (x86)/yagarto/bin/../lib/gcc/arm-none-eabi/4.6.2/../../../../arm-none-eabi/lib\libg.a(lib_a-mallocr.o)
                0x0000bbf0                _malloc_r
 .text          0x0000c304      0x100 c:/program files (x86)/yagarto/bin/../lib/gcc/arm-none-eabi/4.6.2/../../../../arm-none-eabi/lib\libg.a(lib_a-memchr.o)
                0x0000c304                memchr
 .text          0x0000c404       0xd8 c:/program files (x86)/yagarto/bin/../lib/gcc/arm-none-eabi/4.6.2/../../../../arm-none-eabi/lib\libg.a(lib_a-memcpy.o)
                0x0000c404                memcpy
 .text          0x0000c4dc        0x8 c:/program files (x86)/yagarto/bin/../lib/gcc/arm-none-eabi/4.6.2/../../../../arm-none-eabi/lib\libg.a(lib_a-mlock.o)
                0x0000c4dc                __malloc_lock
                0x0000c4e0                __malloc_unlock
 .text          0x0000c4e4      0xd2c c:/program files (x86)/yagarto/bin/../lib/gcc/arm-none-eabi/4.6.2/../../../../arm-none-eabi/lib\libg.a(lib_a-mprec.o)
                0x0000c4e4                _Balloc
                0x0000c570                _Bfree
                0x0000c58c                __multadd
                0x0000c668                __s2b
                0x0000c750                __hi0bits
                0x0000c7a0                __lo0bits
                0x0000c830                __i2b
                0x0000c854                __multiply
                0x0000ca50                __pow5mult
                0x0000cb44                __lshift
                0x0000cc40                __mcmp
                0x0000cca4                __mdiff
                0x0000cdf4                __ulp
                0x0000ce50                __b2d
                0x0000cf18                __d2b
                0x0000d024                __ratio
                0x0000d0b4                _mprec_log10
                0x0000d108                __copybits
                0x0000d17c                __any_on
 .text          0x0000d210       0x84 c:/program files (x86)/yagarto/bin/../lib/gcc/arm-none-eabi/4.6.2/../../../../arm-none-eabi/lib\libg.a(lib_a-s_fpclassify.o)
                0x0000d210                __fpclassifyd
 .text          0x0000d294       0x40 c:/program files (x86)/yagarto/bin/../lib/gcc/arm-none-eabi/4.6.2/../../../../arm-none-eabi/lib\libg.a(lib_a-sbrkr.o)
                0x0000d294                _sbrk_r
 .text          0x0000d2d4      0x230 c:/program files (x86)/yagarto/bin/../lib/gcc/arm-none-eabi/4.6.2/../../../../arm-none-eabi/lib\libg.a(lib_a-strcmp.o)
                0x0000d2d4                strcmp
 .text          0x0000d504      0xf6c c:/program files (x86)/yagarto/bin/../lib/gcc/arm-none-eabi/4.6.2/../../../../arm-none-eabi/lib\libg.a(lib_a-svfiprintf.o)
                0x0000d504                __ssprint_r
                0x0000d68c                _svfiprintf_r
 .text          0x0000e470       0x90 c:/program files (x86)/yagarto/bin/../lib/gcc/arm-none-eabi/4.6.2/../../../../arm-none-eabi/lib\libg.a(lib_a-callocr.o)
                0x0000e470                _calloc_r
 .text          0x0000e500      0x360 c:/program files (x86)/yagarto/bin/../lib/gcc/arm-none-eabi/4.6.2/../../../../arm-none-eabi/lib\libg.a(lib_a-freer.o)
                0x0000e500                _malloc_trim_r
                0x0000e5fc                _free_r
 .text          0x0000e860      0x134 c:/program files (x86)/yagarto/bin/../lib/gcc/arm-none-eabi/4.6.2/../../../../arm-none-eabi/lib\libg.a(lib_a-memmove.o)
                0x0000e860                memmove
 .text          0x0000e994       0xf0 c:/program files (x86)/yagarto/bin/../lib/gcc/arm-none-eabi/4.6.2/../../../../arm-none-eabi/lib\libg.a(lib_a-memset.o)
                0x0000e994                memset
 .text          0x0000ea84      0x55c c:/program files (x86)/yagarto/bin/../lib/gcc/arm-none-eabi/4.6.2/../../../../arm-none-eabi/lib\libg.a(lib_a-reallocr.o)
                0x0000ea84                _realloc_r
 .text          0x0000efe0      0x41c c:/program files (x86)/yagarto/bin/../lib/gcc/arm-none-eabi/4.6.2\libgcc.a(_arm_addsubdf3.o)
                0x0000efe0                __aeabi_drsub
                0x0000efe8                __aeabi_dsub
                0x0000efe8                __subdf3
                0x0000efec                __aeabi_dadd
                0x0000efec                __adddf3
                0x0000f2fc                __floatunsidf
                0x0000f2fc                __aeabi_ui2d
                0x0000f320                __floatsidf
                0x0000f320                __aeabi_i2d
                0x0000f348                __aeabi_f2d
                0x0000f348                __extendsfdf2
                0x0000f388                __floatundidf
                0x0000f388                __aeabi_ul2d
                0x0000f39c                __floatdidf
                0x0000f39c                __aeabi_l2d
 .text          0x0000f3fc      0x49c c:/program files (x86)/yagarto/bin/../lib/gcc/arm-none-eabi/4.6.2\libgcc.a(_arm_muldivdf3.o)
                0x0000f3fc                __aeabi_dmul
                0x0000f3fc                __muldf3
                0x0000f68c                __divdf3
                0x0000f68c                __aeabi_ddiv
 .text          0x0000f898      0x144 c:/program files (x86)/yagarto/bin/../lib/gcc/arm-none-eabi/4.6.2\libgcc.a(_arm_cmpdf2.o)
                0x0000f898                __gtdf2
                0x0000f898                __gedf2
                0x0000f8a0                __ltdf2
                0x0000f8a0                __ledf2
                0x0000f8a8                __nedf2
                0x0000f8a8                __eqdf2
                0x0000f8a8                __cmpdf2
                0x0000f930                __aeabi_cdrcmple
                0x0000f94c                __aeabi_cdcmpeq
                0x0000f94c                __aeabi_cdcmple
                0x0000f964                __aeabi_dcmpeq
                0x0000f97c                __aeabi_dcmplt
                0x0000f994                __aeabi_dcmple
                0x0000f9ac                __aeabi_dcmpge
                0x0000f9c4                __aeabi_dcmpgt
 .text          0x0000f9dc       0x5c c:/program files (x86)/yagarto/bin/../lib/gcc/arm-none-eabi/4.6.2\libgcc.a(_arm_fixdfsi.o)
                0x0000f9dc                __aeabi_d2iz
                0x0000f9dc                __fixdfsi
 *(.text.startup)
 .text.startup  0x0000fa38      0x968 C:\Users\INVITA~1\AppData\Local\Temp\ccpvu5EO.o
                0x0000fa38                main
 *(.rodata)
 .rodata        0x000103a0      0x158 C:\Users\INVITA~1\AppData\Local\Temp\ccpvu5EO.o
 .rodata        0x000104f8      0xbe8 C:\Users\INVITA~1\AppData\Local\Temp\ccTMYYYB.o
                0x000104f8                BigFont
 .rodata        0x000110e0       0x20 c:/program files (x86)/yagarto/bin/../lib/gcc/arm-none-eabi/4.6.2/../../../../arm-none-eabi/lib\libg.a(lib_a-svfprintf.o)
 .rodata        0x00011100      0x128 c:/program files (x86)/yagarto/bin/../lib/gcc/arm-none-eabi/4.6.2/../../../../arm-none-eabi/lib\libg.a(lib_a-mprec.o)
                0x00011110                __mprec_tens
                0x000111d8                __mprec_tinytens
                0x00011200                __mprec_bigtens
 .rodata        0x00011228       0x20 c:/program files (x86)/yagarto/bin/../lib/gcc/arm-none-eabi/4.6.2/../../../../arm-none-eabi/lib\libg.a(lib_a-svfiprintf.o)
 *(.rodata*)
 .rodata.str1.4
                0x00011248       0x6c C:\Users\INVITA~1\AppData\Local\Temp\ccpvu5EO.o
 .rodata.str1.4
                0x000112b4       0xb3 C:\Users\INVITA~1\AppData\Local\Temp\ccxV2G10.o
                                 0xbc (size before relaxing)
 *fill*         0x00011367        0x1 00
 .rodata.str1.4
                0x00011368       0xa4 C:\Users\INVITA~1\AppData\Local\Temp\ccFbxKlY.o
 .rodata.str1.4
                0x0001140c       0x1f C:\Users\INVITA~1\AppData\Local\Temp\ccNfbUAx.o
                                 0x20 (size before relaxing)
 *fill*         0x0001142b        0x1 00
 .rodata.str1.4
                0x0001142c      0x194 C:\Users\INVITA~1\AppData\Local\Temp\cciKDbcj.o
 .rodata.str1.4
                0x000115c0     0x58cd C:\Users\INVITA~1\AppData\Local\Temp\ccHEDbNC.o
                               0x58d0 (size before relaxing)
 *fill*         0x00016e8d        0x3 00
 .rodata.str1.4
                0x00016e90       0x3f c:/program files (x86)/yagarto/bin/../lib/gcc/arm-none-eabi/4.6.2/../../../../arm-none-eabi/lib\libg.a(lib_a-svfprintf.o)
                                 0x44 (size before relaxing)
 *fill*         0x00016ecf        0x1 00
 .rodata.str1.4
                0x00016ed0       0x10 c:/program files (x86)/yagarto/bin/../lib/gcc/arm-none-eabi/4.6.2/../../../../arm-none-eabi/lib\libg.a(lib_a-dtoa.o)
                                 0x14 (size before relaxing)
 .rodata.str1.4
                0x00016ee0        0x2 c:/program files (x86)/yagarto/bin/../lib/gcc/arm-none-eabi/4.6.2/../../../../arm-none-eabi/lib\libg.a(lib_a-impure.o)
                                  0x4 (size before relaxing)
 *fill*         0x00016ee2        0x2 00
 .rodata.str1.4
                0x00016ee4        0xc c:/program files (x86)/yagarto/bin/../lib/gcc/arm-none-eabi/4.6.2/../../../../arm-none-eabi/lib\libg.a(lib_a-locale.o)
                                 0x14 (size before relaxing)
 .rodata.str1.4
                0x00000000       0x30 c:/program files (x86)/yagarto/bin/../lib/gcc/arm-none-eabi/4.6.2/../../../../arm-none-eabi/lib\libg.a(lib_a-svfiprintf.o)
 *(.glue_7)
 .glue_7        0x00000000        0x0 linker stubs
 *(.glue_7t)
 .glue_7t       0x00000000        0x0 linker stubs

.vfp11_veneer   0x00016ef0        0x0
 .vfp11_veneer  0x00000000        0x0 linker stubs

.v4_bx          0x00016ef0        0x0
 .v4_bx         0x00000000        0x0 linker stubs
                0x00016ef0                . = ALIGN (0x4)

.ctors          0x00016ef0        0x0
                0x00016ef0                PROVIDE (__ctors_start__, .)
 *(SORT(.ctors.*))
 *(.ctors)
                0x00016ef0                PROVIDE (__ctors_end__, .)

.dtors          0x00016ef0        0x0
                0x00016ef0                PROVIDE (__dtors_start__, .)
 *(SORT(.dtors.*))
 *(.dtors)
                0x00016ef0                PROVIDE (__dtors_end__, .)
                0x00016ef0                . = ALIGN (0x4)
                0x00016ef0                _etext = .
                0x00016ef0                PROVIDE (etext, .)

.data           0x40000000      0xd34 load address 0x00016ef0
                0x40000000                _data = .
 *(.data)
 .data          0x40000000        0x8 C:\Users\INVITA~1\AppData\Local\Temp\cc9dZ8xl.o
                0x40000000                _vputch
                0x40000004                _vgetch
 .data          0x40000008        0x3 C:\Users\INVITA~1\AppData\Local\Temp\ccpvu5EO.o
 *fill*         0x4000000b        0x1 00
 .data          0x4000000c       0x10 C:\Users\INVITA~1\AppData\Local\Temp\ccxV2G10.o
                0x4000000c                FG_Color
                0x40000010                CF
                0x40000014                yN
                0x40000018                xN
 .data          0x4000001c       0x20 C:\Users\INVITA~1\AppData\Local\Temp\ccFbxKlY.o
                0x4000001c                X_SINPULSAR
                0x40000020                Cal
 .data          0x4000003c       0x10 C:\Users\INVITA~1\AppData\Local\Temp\ccNfbUAx.o
                0x4000003c                xpm_xn
                0x40000040                xpm_yn
                0x40000044                xpm_sxn
                0x40000048                xpm_syn
 .data          0x4000004c      0x168 C:\Users\INVITA~1\AppData\Local\Temp\cciKDbcj.o
                0x4000004c                ghost_xpm
                0x40000094                coin_xpm
                0x400000dc                wall_xpm
                0x40000124                bg_xpm
                0x4000016c                pacman_xpm
 .data          0x400001b4      0x2c4 C:\Users\INVITA~1\AppData\Local\Temp\ccHEDbNC.o
                0x400001b4                pacman
 .data          0x40000478      0x430 c:/program files (x86)/yagarto/bin/../lib/gcc/arm-none-eabi/4.6.2/../../../../arm-none-eabi/lib\libg.a(lib_a-impure.o)
                0x40000478                _impure_ptr
 .data          0x400008a8       0x7c c:/program files (x86)/yagarto/bin/../lib/gcc/arm-none-eabi/4.6.2/../../../../arm-none-eabi/lib\libg.a(lib_a-locale.o)
                0x400008c8                __mb_cur_max
 .data          0x40000924      0x410 c:/program files (x86)/yagarto/bin/../lib/gcc/arm-none-eabi/4.6.2/../../../../arm-none-eabi/lib\libg.a(lib_a-mallocr.o)
                0x40000924                __malloc_av_
                0x40000d2c                __malloc_sbrk_base
                0x40000d30                __malloc_trim_threshold
                0x40000d34                . = ALIGN (0x4)
                0x40000d34                _edata = .
                0x40000d34                PROVIDE (edata, .)

.bss            0x40000d34      0x2bc load address 0x00017c24
                0x40000d34                __bss_start = .
                0x40000d34                __bss_start__ = .
 *(.bss)
 .bss           0x40000d34      0x190 C:\Users\INVITA~1\AppData\Local\Temp\ccpvu5EO.o
 .bss           0x40000ec4       0x14 C:\Users\INVITA~1\AppData\Local\Temp\ccxV2G10.o
                0x40000ec4                LENX
                0x40000ec8                LENY
                0x40000ecc                BG_Color
                0x40000ed0                tft_x
                0x40000ed4                tft_y
 .bss           0x40000ed8       0xe0 C:\Users\INVITA~1\AppData\Local\Temp\ccNfbUAx.o
                0x40000ed8                xpm_ancho
                0x40000edc                xpm_alto
                0x40000ee0                xpm_ncol
                0x40000ee4                xpm_cpp
                0x40000ee8                paleta
                0x40000fa8                xpm_sx
                0x40000fac                xpm_sy
                0x40000fb0                teselas_x
                0x40000fb4                xpm_xmirror
 .bss           0x40000fb8       0x34 c:/program files (x86)/yagarto/bin/../lib/gcc/arm-none-eabi/4.6.2/../../../../arm-none-eabi/lib\libg.a(lib_a-mallocr.o)
                0x40000fb8                __malloc_top_pad
                0x40000fbc                __malloc_current_mallinfo
                0x40000fe4                __malloc_max_sbrked_mem
                0x40000fe8                __malloc_max_total_mem
 *(COMMON)
 COMMON         0x40000fec        0x4 c:/program files (x86)/yagarto/bin/../lib/gcc/arm-none-eabi/4.6.2/../../../../arm-none-eabi/lib\libg.a(lib_a-reent.o)
                0x40000fec                errno
                0x40000ff0                . = ALIGN (0x4)
                0x40000ff0                . = ALIGN (0x4)
                0x40000ff0                __bss_end__ = .
                0x40000ff0                PROVIDE (__bss_end, .)

.stack          0x40000ff0      0x410 load address 0x00017ee0
                0x40001000                . = ALIGN (0x100)
 *fill*         0x40000ff0       0x10 00
                0x40001400                . = (. + STACK_SIZE)
 *fill*         0x40001000      0x400 00
                0x40001400                PROVIDE (_stack, .)
                0x40001400                _end = .
                0x40001400                PROVIDE (end, .)

.stab
 *(.stab)

.stabstr
 *(.stabstr)

.stab.excl
 *(.stab.excl)

.stab.exclstr
 *(.stab.exclstr)

.stab.index
 *(.stab.index)

.stab.indexstr
 *(.stab.indexstr)

.ARM.attributes
                0x00000000       0x2e
 .ARM.attributes
                0x00000000       0x22 C:\Users\INVITA~1\AppData\Local\Temp\cc9dZ8xl.o
 .ARM.attributes
                0x00000022       0x32 C:\Users\INVITA~1\AppData\Local\Temp\ccpvu5EO.o
 .ARM.attributes
                0x00000054       0x32 C:\Users\INVITA~1\AppData\Local\Temp\ccxV2G10.o
 .ARM.attributes
                0x00000086       0x32 C:\Users\INVITA~1\AppData\Local\Temp\cc3n8xEq.o
 .ARM.attributes
                0x000000b8       0x32 C:\Users\INVITA~1\AppData\Local\Temp\ccFbxKlY.o
 .ARM.attributes
                0x000000ea       0x32 C:\Users\INVITA~1\AppData\Local\Temp\ccplnK9A.o
 .ARM.attributes
                0x0000011c       0x32 C:\Users\INVITA~1\AppData\Local\Temp\ccNfbUAx.o
 .ARM.attributes
                0x0000014e       0x32 C:\Users\INVITA~1\AppData\Local\Temp\cc5AcnCx.o
 .ARM.attributes
                0x00000180       0x32 C:\Users\INVITA~1\AppData\Local\Temp\ccTMYYYB.o
 .ARM.attributes
                0x000001b2       0x32 C:\Users\INVITA~1\AppData\Local\Temp\ccBxSOJL.o
 .ARM.attributes
                0x000001e4       0x32 C:\Users\INVITA~1\AppData\Local\Temp\cc0Pe0FQ.o
 .ARM.attributes
                0x00000216       0x32 C:\Users\INVITA~1\AppData\Local\Temp\ccrdJOC4.o
 .ARM.attributes
                0x00000248       0x32 C:\Users\INVITA~1\AppData\Local\Temp\cciKDbcj.o
 .ARM.attributes
                0x0000027a       0x32 C:\Users\INVITA~1\AppData\Local\Temp\ccHEDbNC.o
 .ARM.attributes
                0x000002ac       0x1a c:/program files (x86)/yagarto/bin/../lib/gcc/arm-none-eabi/4.6.2\libgcc.a(_udivsi3.o)
 .ARM.attributes
                0x000002c6       0x1a c:/program files (x86)/yagarto/bin/../lib/gcc/arm-none-eabi/4.6.2\libgcc.a(_divsi3.o)
 .ARM.attributes
                0x000002e0       0x18 c:/program files (x86)/yagarto/bin/../lib/gcc/arm-none-eabi/4.6.2\libgcc.a(_dvmd_tls.o)
 .ARM.attributes
                0x000002f8       0x32 c:/program files (x86)/yagarto/bin/../lib/gcc/arm-none-eabi/4.6.2/../../../../arm-none-eabi/lib\libg.a(lib_a-rand.o)
 .ARM.attributes
                0x0000032a       0x32 c:/program files (x86)/yagarto/bin/../lib/gcc/arm-none-eabi/4.6.2/../../../../arm-none-eabi/lib\libg.a(lib_a-sprintf.o)
 .ARM.attributes
                0x0000035c       0x32 c:/program files (x86)/yagarto/bin/../lib/gcc/arm-none-eabi/4.6.2/../../../../arm-none-eabi/lib\libg.a(lib_a-strlen.o)
 .ARM.attributes
                0x0000038e       0x32 c:/program files (x86)/yagarto/bin/../lib/gcc/arm-none-eabi/4.6.2/../../../../arm-none-eabi/lib\libg.a(lib_a-svfprintf.o)
 .ARM.attributes
                0x000003c0       0x32 c:/program files (x86)/yagarto/bin/../lib/gcc/arm-none-eabi/4.6.2/../../../../arm-none-eabi/lib\libg.a(lib_a-sysgettod.o)
 .ARM.attributes
                0x000003f2       0x32 c:/program files (x86)/yagarto/bin/../lib/gcc/arm-none-eabi/4.6.2/../../../../arm-none-eabi/lib\libg.a(lib_a-dtoa.o)
 .ARM.attributes
                0x00000424       0x32 c:/program files (x86)/yagarto/bin/../lib/gcc/arm-none-eabi/4.6.2/../../../../arm-none-eabi/lib\libg.a(lib_a-gettimeofdayr.o)
 .ARM.attributes
                0x00000456       0x32 c:/program files (x86)/yagarto/bin/../lib/gcc/arm-none-eabi/4.6.2/../../../../arm-none-eabi/lib\libg.a(lib_a-impure.o)
 .ARM.attributes
                0x00000488       0x32 c:/program files (x86)/yagarto/bin/../lib/gcc/arm-none-eabi/4.6.2/../../../../arm-none-eabi/lib\libg.a(lib_a-locale.o)
 .ARM.attributes
                0x000004ba       0x32 c:/program files (x86)/yagarto/bin/../lib/gcc/arm-none-eabi/4.6.2/../../../../arm-none-eabi/lib\libg.a(lib_a-mallocr.o)
 .ARM.attributes
                0x000004ec       0x32 c:/program files (x86)/yagarto/bin/../lib/gcc/arm-none-eabi/4.6.2/../../../../arm-none-eabi/lib\libg.a(lib_a-memchr.o)
 .ARM.attributes
                0x0000051e       0x32 c:/program files (x86)/yagarto/bin/../lib/gcc/arm-none-eabi/4.6.2/../../../../arm-none-eabi/lib\libg.a(lib_a-memcpy.o)
 .ARM.attributes
                0x00000550       0x32 c:/program files (x86)/yagarto/bin/../lib/gcc/arm-none-eabi/4.6.2/../../../../arm-none-eabi/lib\libg.a(lib_a-mlock.o)
 .ARM.attributes
                0x00000582       0x32 c:/program files (x86)/yagarto/bin/../lib/gcc/arm-none-eabi/4.6.2/../../../../arm-none-eabi/lib\libg.a(lib_a-mprec.o)
 .ARM.attributes
                0x000005b4       0x32 c:/program files (x86)/yagarto/bin/../lib/gcc/arm-none-eabi/4.6.2/../../../../arm-none-eabi/lib\libg.a(lib_a-reent.o)
 .ARM.attributes
                0x000005e6       0x32 c:/program files (x86)/yagarto/bin/../lib/gcc/arm-none-eabi/4.6.2/../../../../arm-none-eabi/lib\libg.a(lib_a-s_fpclassify.o)
 .ARM.attributes
                0x00000618       0x32 c:/program files (x86)/yagarto/bin/../lib/gcc/arm-none-eabi/4.6.2/../../../../arm-none-eabi/lib\libg.a(lib_a-sbrkr.o)
 .ARM.attributes
                0x0000064a       0x32 c:/program files (x86)/yagarto/bin/../lib/gcc/arm-none-eabi/4.6.2/../../../../arm-none-eabi/lib\libg.a(lib_a-strcmp.o)
 .ARM.attributes
                0x0000067c       0x32 c:/program files (x86)/yagarto/bin/../lib/gcc/arm-none-eabi/4.6.2/../../../../arm-none-eabi/lib\libg.a(lib_a-svfiprintf.o)
 .ARM.attributes
                0x000006ae       0x32 c:/program files (x86)/yagarto/bin/../lib/gcc/arm-none-eabi/4.6.2/../../../../arm-none-eabi/lib\libg.a(lib_a-callocr.o)
 .ARM.attributes
                0x000006e0       0x32 c:/program files (x86)/yagarto/bin/../lib/gcc/arm-none-eabi/4.6.2/../../../../arm-none-eabi/lib\libg.a(lib_a-freer.o)
 .ARM.attributes
                0x00000712       0x32 c:/program files (x86)/yagarto/bin/../lib/gcc/arm-none-eabi/4.6.2/../../../../arm-none-eabi/lib\libg.a(lib_a-memmove.o)
 .ARM.attributes
                0x00000744       0x32 c:/program files (x86)/yagarto/bin/../lib/gcc/arm-none-eabi/4.6.2/../../../../arm-none-eabi/lib\libg.a(lib_a-memset.o)
 .ARM.attributes
                0x00000776       0x32 c:/program files (x86)/yagarto/bin/../lib/gcc/arm-none-eabi/4.6.2/../../../../arm-none-eabi/lib\libg.a(lib_a-reallocr.o)
 .ARM.attributes
                0x000007a8       0x1a c:/program files (x86)/yagarto/bin/../lib/gcc/arm-none-eabi/4.6.2\libgcc.a(_arm_addsubdf3.o)
 .ARM.attributes
                0x000007c2       0x1a c:/program files (x86)/yagarto/bin/../lib/gcc/arm-none-eabi/4.6.2\libgcc.a(_arm_muldivdf3.o)
 .ARM.attributes
                0x000007dc       0x1a c:/program files (x86)/yagarto/bin/../lib/gcc/arm-none-eabi/4.6.2\libgcc.a(_arm_cmpdf2.o)
 .ARM.attributes
                0x000007f6       0x1a c:/program files (x86)/yagarto/bin/../lib/gcc/arm-none-eabi/4.6.2\libgcc.a(_arm_fixdfsi.o)

.comment        0x00000000       0x11
 *(.comment)
 .comment       0x00000000       0x11 C:\Users\INVITA~1\AppData\Local\Temp\ccpvu5EO.o
                                 0x12 (size before relaxing)
 .comment       0x00000000       0x12 C:\Users\INVITA~1\AppData\Local\Temp\ccxV2G10.o
 .comment       0x00000000       0x12 C:\Users\INVITA~1\AppData\Local\Temp\cc3n8xEq.o
 .comment       0x00000000       0x12 C:\Users\INVITA~1\AppData\Local\Temp\ccFbxKlY.o
 .comment       0x00000000       0x12 C:\Users\INVITA~1\AppData\Local\Temp\ccplnK9A.o
 .comment       0x00000000       0x12 C:\Users\INVITA~1\AppData\Local\Temp\ccNfbUAx.o
 .comment       0x00000000       0x12 C:\Users\INVITA~1\AppData\Local\Temp\cc5AcnCx.o
 .comment       0x00000000       0x12 C:\Users\INVITA~1\AppData\Local\Temp\ccTMYYYB.o
 .comment       0x00000000       0x12 C:\Users\INVITA~1\AppData\Local\Temp\ccBxSOJL.o
 .comment       0x00000000       0x12 C:\Users\INVITA~1\AppData\Local\Temp\cc0Pe0FQ.o
 .comment       0x00000000       0x12 C:\Users\INVITA~1\AppData\Local\Temp\ccrdJOC4.o
 .comment       0x00000000       0x12 C:\Users\INVITA~1\AppData\Local\Temp\cciKDbcj.o
 .comment       0x00000000       0x12 C:\Users\INVITA~1\AppData\Local\Temp\ccHEDbNC.o
 .comment       0x00000000       0x12 c:/program files (x86)/yagarto/bin/../lib/gcc/arm-none-eabi/4.6.2/../../../../arm-none-eabi/lib\libg.a(lib_a-rand.o)
 .comment       0x00000000       0x12 c:/program files (x86)/yagarto/bin/../lib/gcc/arm-none-eabi/4.6.2/../../../../arm-none-eabi/lib\libg.a(lib_a-sprintf.o)
 .comment       0x00000000       0x12 c:/program files (x86)/yagarto/bin/../lib/gcc/arm-none-eabi/4.6.2/../../../../arm-none-eabi/lib\libg.a(lib_a-strlen.o)
 .comment       0x00000000       0x12 c:/program files (x86)/yagarto/bin/../lib/gcc/arm-none-eabi/4.6.2/../../../../arm-none-eabi/lib\libg.a(lib_a-svfprintf.o)
 .comment       0x00000000       0x12 c:/program files (x86)/yagarto/bin/../lib/gcc/arm-none-eabi/4.6.2/../../../../arm-none-eabi/lib\libg.a(lib_a-sysgettod.o)
 .comment       0x00000000       0x12 c:/program files (x86)/yagarto/bin/../lib/gcc/arm-none-eabi/4.6.2/../../../../arm-none-eabi/lib\libg.a(lib_a-dtoa.o)
 .comment       0x00000000       0x12 c:/program files (x86)/yagarto/bin/../lib/gcc/arm-none-eabi/4.6.2/../../../../arm-none-eabi/lib\libg.a(lib_a-gettimeofdayr.o)
 .comment       0x00000000       0x12 c:/program files (x86)/yagarto/bin/../lib/gcc/arm-none-eabi/4.6.2/../../../../arm-none-eabi/lib\libg.a(lib_a-impure.o)
 .comment       0x00000000       0x12 c:/program files (x86)/yagarto/bin/../lib/gcc/arm-none-eabi/4.6.2/../../../../arm-none-eabi/lib\libg.a(lib_a-locale.o)
 .comment       0x00000000       0x12 c:/program files (x86)/yagarto/bin/../lib/gcc/arm-none-eabi/4.6.2/../../../../arm-none-eabi/lib\libg.a(lib_a-mallocr.o)
 .comment       0x00000000       0x12 c:/program files (x86)/yagarto/bin/../lib/gcc/arm-none-eabi/4.6.2/../../../../arm-none-eabi/lib\libg.a(lib_a-memchr.o)
 .comment       0x00000000       0x12 c:/program files (x86)/yagarto/bin/../lib/gcc/arm-none-eabi/4.6.2/../../../../arm-none-eabi/lib\libg.a(lib_a-memcpy.o)
 .comment       0x00000000       0x12 c:/program files (x86)/yagarto/bin/../lib/gcc/arm-none-eabi/4.6.2/../../../../arm-none-eabi/lib\libg.a(lib_a-mlock.o)
 .comment       0x00000000       0x12 c:/program files (x86)/yagarto/bin/../lib/gcc/arm-none-eabi/4.6.2/../../../../arm-none-eabi/lib\libg.a(lib_a-mprec.o)
 .comment       0x00000000       0x12 c:/program files (x86)/yagarto/bin/../lib/gcc/arm-none-eabi/4.6.2/../../../../arm-none-eabi/lib\libg.a(lib_a-reent.o)
 .comment       0x00000000       0x12 c:/program files (x86)/yagarto/bin/../lib/gcc/arm-none-eabi/4.6.2/../../../../arm-none-eabi/lib\libg.a(lib_a-s_fpclassify.o)
 .comment       0x00000000       0x12 c:/program files (x86)/yagarto/bin/../lib/gcc/arm-none-eabi/4.6.2/../../../../arm-none-eabi/lib\libg.a(lib_a-sbrkr.o)
 .comment       0x00000000       0x12 c:/program files (x86)/yagarto/bin/../lib/gcc/arm-none-eabi/4.6.2/../../../../arm-none-eabi/lib\libg.a(lib_a-strcmp.o)
 .comment       0x00000000       0x12 c:/program files (x86)/yagarto/bin/../lib/gcc/arm-none-eabi/4.6.2/../../../../arm-none-eabi/lib\libg.a(lib_a-svfiprintf.o)
 .comment       0x00000000       0x12 c:/program files (x86)/yagarto/bin/../lib/gcc/arm-none-eabi/4.6.2/../../../../arm-none-eabi/lib\libg.a(lib_a-callocr.o)
 .comment       0x00000000       0x12 c:/program files (x86)/yagarto/bin/../lib/gcc/arm-none-eabi/4.6.2/../../../../arm-none-eabi/lib\libg.a(lib_a-freer.o)
 .comment       0x00000000       0x12 c:/program files (x86)/yagarto/bin/../lib/gcc/arm-none-eabi/4.6.2/../../../../arm-none-eabi/lib\libg.a(lib_a-memmove.o)
 .comment       0x00000000       0x12 c:/program files (x86)/yagarto/bin/../lib/gcc/arm-none-eabi/4.6.2/../../../../arm-none-eabi/lib\libg.a(lib_a-memset.o)
 .comment       0x00000000       0x12 c:/program files (x86)/yagarto/bin/../lib/gcc/arm-none-eabi/4.6.2/../../../../arm-none-eabi/lib\libg.a(lib_a-reallocr.o)

.debug
 *(.debug)

.line
 *(.line)

.debug_srcinfo
 *(.debug_srcinfo)

.debug_sfnames
 *(.debug_sfnames)

.debug_aranges  0x00000000      0x4e8
 *(.debug_aranges)
 .debug_aranges
                0x00000000       0x20 C:\Users\INVITA~1\AppData\Local\Temp\cc9dZ8xl.o
 .debug_aranges
                0x00000020       0x28 C:\Users\INVITA~1\AppData\Local\Temp\ccpvu5EO.o
 .debug_aranges
                0x00000048       0x20 C:\Users\INVITA~1\AppData\Local\Temp\ccxV2G10.o
 .debug_aranges
                0x00000068       0x20 C:\Users\INVITA~1\AppData\Local\Temp\cc3n8xEq.o
 .debug_aranges
                0x00000088       0x20 C:\Users\INVITA~1\AppData\Local\Temp\ccFbxKlY.o
 .debug_aranges
                0x000000a8       0x20 C:\Users\INVITA~1\AppData\Local\Temp\ccNfbUAx.o
 .debug_aranges
                0x000000c8       0x20 C:\Users\INVITA~1\AppData\Local\Temp\cc5AcnCx.o
 .debug_aranges
                0x000000e8       0x20 C:\Users\INVITA~1\AppData\Local\Temp\cc0Pe0FQ.o
 .debug_aranges
                0x00000108       0x20 C:\Users\INVITA~1\AppData\Local\Temp\ccrdJOC4.o
 .debug_aranges
                0x00000128       0x20 c:/program files (x86)/yagarto/bin/../lib/gcc/arm-none-eabi/4.6.2\libgcc.a(_udivsi3.o)
 .debug_aranges
                0x00000148       0x20 c:/program files (x86)/yagarto/bin/../lib/gcc/arm-none-eabi/4.6.2\libgcc.a(_divsi3.o)
 .debug_aranges
                0x00000168       0x20 c:/program files (x86)/yagarto/bin/../lib/gcc/arm-none-eabi/4.6.2\libgcc.a(_dvmd_tls.o)
 .debug_aranges
                0x00000188       0x20 c:/program files (x86)/yagarto/bin/../lib/gcc/arm-none-eabi/4.6.2/../../../../arm-none-eabi/lib\libg.a(lib_a-rand.o)
 .debug_aranges
                0x000001a8       0x20 c:/program files (x86)/yagarto/bin/../lib/gcc/arm-none-eabi/4.6.2/../../../../arm-none-eabi/lib\libg.a(lib_a-sprintf.o)
 .debug_aranges
                0x000001c8       0x20 c:/program files (x86)/yagarto/bin/../lib/gcc/arm-none-eabi/4.6.2/../../../../arm-none-eabi/lib\libg.a(lib_a-strlen.o)
 .debug_aranges
                0x000001e8       0x20 c:/program files (x86)/yagarto/bin/../lib/gcc/arm-none-eabi/4.6.2/../../../../arm-none-eabi/lib\libg.a(lib_a-svfprintf.o)
 .debug_aranges
                0x00000208       0x20 c:/program files (x86)/yagarto/bin/../lib/gcc/arm-none-eabi/4.6.2/../../../../arm-none-eabi/lib\libg.a(lib_a-sysgettod.o)
 .debug_aranges
                0x00000228       0x20 c:/program files (x86)/yagarto/bin/../lib/gcc/arm-none-eabi/4.6.2/../../../../arm-none-eabi/lib\libg.a(lib_a-dtoa.o)
 .debug_aranges
                0x00000248       0x20 c:/program files (x86)/yagarto/bin/../lib/gcc/arm-none-eabi/4.6.2/../../../../arm-none-eabi/lib\libg.a(lib_a-gettimeofdayr.o)
 .debug_aranges
                0x00000268       0x20 c:/program files (x86)/yagarto/bin/../lib/gcc/arm-none-eabi/4.6.2/../../../../arm-none-eabi/lib\libg.a(lib_a-locale.o)
 .debug_aranges
                0x00000288       0x20 c:/program files (x86)/yagarto/bin/../lib/gcc/arm-none-eabi/4.6.2/../../../../arm-none-eabi/lib\libg.a(lib_a-mallocr.o)
 .debug_aranges
                0x000002a8       0x20 c:/program files (x86)/yagarto/bin/../lib/gcc/arm-none-eabi/4.6.2/../../../../arm-none-eabi/lib\libg.a(lib_a-memchr.o)
 .debug_aranges
                0x000002c8       0x20 c:/program files (x86)/yagarto/bin/../lib/gcc/arm-none-eabi/4.6.2/../../../../arm-none-eabi/lib\libg.a(lib_a-memcpy.o)
 .debug_aranges
                0x000002e8       0x20 c:/program files (x86)/yagarto/bin/../lib/gcc/arm-none-eabi/4.6.2/../../../../arm-none-eabi/lib\libg.a(lib_a-mlock.o)
 .debug_aranges
                0x00000308       0x20 c:/program files (x86)/yagarto/bin/../lib/gcc/arm-none-eabi/4.6.2/../../../../arm-none-eabi/lib\libg.a(lib_a-mprec.o)
 .debug_aranges
                0x00000328       0x20 c:/program files (x86)/yagarto/bin/../lib/gcc/arm-none-eabi/4.6.2/../../../../arm-none-eabi/lib\libg.a(lib_a-reent.o)
 .debug_aranges
                0x00000348       0x20 c:/program files (x86)/yagarto/bin/../lib/gcc/arm-none-eabi/4.6.2/../../../../arm-none-eabi/lib\libg.a(lib_a-s_fpclassify.o)
 .debug_aranges
                0x00000368       0x20 c:/program files (x86)/yagarto/bin/../lib/gcc/arm-none-eabi/4.6.2/../../../../arm-none-eabi/lib\libg.a(lib_a-sbrkr.o)
 .debug_aranges
                0x00000388       0x20 c:/program files (x86)/yagarto/bin/../lib/gcc/arm-none-eabi/4.6.2/../../../../arm-none-eabi/lib\libg.a(lib_a-strcmp.o)
 .debug_aranges
                0x000003a8       0x20 c:/program files (x86)/yagarto/bin/../lib/gcc/arm-none-eabi/4.6.2/../../../../arm-none-eabi/lib\libg.a(lib_a-svfiprintf.o)
 .debug_aranges
                0x000003c8       0x20 c:/program files (x86)/yagarto/bin/../lib/gcc/arm-none-eabi/4.6.2/../../../../arm-none-eabi/lib\libg.a(lib_a-callocr.o)
 .debug_aranges
                0x000003e8       0x20 c:/program files (x86)/yagarto/bin/../lib/gcc/arm-none-eabi/4.6.2/../../../../arm-none-eabi/lib\libg.a(lib_a-freer.o)
 .debug_aranges
                0x00000408       0x20 c:/program files (x86)/yagarto/bin/../lib/gcc/arm-none-eabi/4.6.2/../../../../arm-none-eabi/lib\libg.a(lib_a-memmove.o)
 .debug_aranges
                0x00000428       0x20 c:/program files (x86)/yagarto/bin/../lib/gcc/arm-none-eabi/4.6.2/../../../../arm-none-eabi/lib\libg.a(lib_a-memset.o)
 .debug_aranges
                0x00000448       0x20 c:/program files (x86)/yagarto/bin/../lib/gcc/arm-none-eabi/4.6.2/../../../../arm-none-eabi/lib\libg.a(lib_a-reallocr.o)
 .debug_aranges
                0x00000468       0x20 c:/program files (x86)/yagarto/bin/../lib/gcc/arm-none-eabi/4.6.2\libgcc.a(_arm_addsubdf3.o)
 .debug_aranges
                0x00000488       0x20 c:/program files (x86)/yagarto/bin/../lib/gcc/arm-none-eabi/4.6.2\libgcc.a(_arm_muldivdf3.o)
 .debug_aranges
                0x000004a8       0x20 c:/program files (x86)/yagarto/bin/../lib/gcc/arm-none-eabi/4.6.2\libgcc.a(_arm_cmpdf2.o)
 .debug_aranges
                0x000004c8       0x20 c:/program files (x86)/yagarto/bin/../lib/gcc/arm-none-eabi/4.6.2\libgcc.a(_arm_fixdfsi.o)

.debug_pubnames
 *(.debug_pubnames)

.debug_info     0x00000000    0x14533
 *(.debug_info .gnu.linkonce.wi.*)
 .debug_info    0x00000000       0x92 C:\Users\INVITA~1\AppData\Local\Temp\cc9dZ8xl.o
 .debug_info    0x00000092      0xc58 C:\Users\INVITA~1\AppData\Local\Temp\ccpvu5EO.o
 .debug_info    0x00000cea     0x4f9c C:\Users\INVITA~1\AppData\Local\Temp\ccxV2G10.o
 .debug_info    0x00005c86      0x1e4 C:\Users\INVITA~1\AppData\Local\Temp\cc3n8xEq.o
 .debug_info    0x00005e6a      0x41b C:\Users\INVITA~1\AppData\Local\Temp\ccFbxKlY.o
 .debug_info    0x00006285       0x5c C:\Users\INVITA~1\AppData\Local\Temp\ccplnK9A.o
 .debug_info    0x000062e1      0x62d C:\Users\INVITA~1\AppData\Local\Temp\ccNfbUAx.o
 .debug_info    0x0000690e       0xc0 C:\Users\INVITA~1\AppData\Local\Temp\cc5AcnCx.o
 .debug_info    0x000069ce       0x5c C:\Users\INVITA~1\AppData\Local\Temp\ccTMYYYB.o
 .debug_info    0x00006a2a       0x5c C:\Users\INVITA~1\AppData\Local\Temp\ccBxSOJL.o
 .debug_info    0x00006a86      0x1ce C:\Users\INVITA~1\AppData\Local\Temp\cc0Pe0FQ.o
 .debug_info    0x00006c54       0xb6 C:\Users\INVITA~1\AppData\Local\Temp\ccrdJOC4.o
 .debug_info    0x00006d0a       0xa4 C:\Users\INVITA~1\AppData\Local\Temp\cciKDbcj.o
 .debug_info    0x00006dae       0x5c C:\Users\INVITA~1\AppData\Local\Temp\ccHEDbNC.o
 .debug_info    0x00006e0a       0x98 c:/program files (x86)/yagarto/bin/../lib/gcc/arm-none-eabi/4.6.2\libgcc.a(_udivsi3.o)
 .debug_info    0x00006ea2       0x98 c:/program files (x86)/yagarto/bin/../lib/gcc/arm-none-eabi/4.6.2\libgcc.a(_divsi3.o)
 .debug_info    0x00006f3a       0x98 c:/program files (x86)/yagarto/bin/../lib/gcc/arm-none-eabi/4.6.2\libgcc.a(_dvmd_tls.o)
 .debug_info    0x00006fd2      0x985 c:/program files (x86)/yagarto/bin/../lib/gcc/arm-none-eabi/4.6.2/../../../../arm-none-eabi/lib\libg.a(lib_a-rand.o)
 .debug_info    0x00007957      0xa62 c:/program files (x86)/yagarto/bin/../lib/gcc/arm-none-eabi/4.6.2/../../../../arm-none-eabi/lib\libg.a(lib_a-sprintf.o)
 .debug_info    0x000083b9       0xb1 c:/program files (x86)/yagarto/bin/../lib/gcc/arm-none-eabi/4.6.2/../../../../arm-none-eabi/lib\libg.a(lib_a-strlen.o)
 .debug_info    0x0000846a     0x1015 c:/program files (x86)/yagarto/bin/../lib/gcc/arm-none-eabi/4.6.2/../../../../arm-none-eabi/lib\libg.a(lib_a-svfprintf.o)
 .debug_info    0x0000947f      0x9c8 c:/program files (x86)/yagarto/bin/../lib/gcc/arm-none-eabi/4.6.2/../../../../arm-none-eabi/lib\libg.a(lib_a-sysgettod.o)
 .debug_info    0x00009e47      0xdce c:/program files (x86)/yagarto/bin/../lib/gcc/arm-none-eabi/4.6.2/../../../../arm-none-eabi/lib\libg.a(lib_a-dtoa.o)
 .debug_info    0x0000ac15      0x9f1 c:/program files (x86)/yagarto/bin/../lib/gcc/arm-none-eabi/4.6.2/../../../../arm-none-eabi/lib\libg.a(lib_a-gettimeofdayr.o)
 .debug_info    0x0000b606      0x966 c:/program files (x86)/yagarto/bin/../lib/gcc/arm-none-eabi/4.6.2/../../../../arm-none-eabi/lib\libg.a(lib_a-impure.o)
 .debug_info    0x0000bf6c      0xc96 c:/program files (x86)/yagarto/bin/../lib/gcc/arm-none-eabi/4.6.2/../../../../arm-none-eabi/lib\libg.a(lib_a-locale.o)
 .debug_info    0x0000cc02      0xd6b c:/program files (x86)/yagarto/bin/../lib/gcc/arm-none-eabi/4.6.2/../../../../arm-none-eabi/lib\libg.a(lib_a-mallocr.o)
 .debug_info    0x0000d96d      0x122 c:/program files (x86)/yagarto/bin/../lib/gcc/arm-none-eabi/4.6.2/../../../../arm-none-eabi/lib\libg.a(lib_a-memchr.o)
 .debug_info    0x0000da8f      0x130 c:/program files (x86)/yagarto/bin/../lib/gcc/arm-none-eabi/4.6.2/../../../../arm-none-eabi/lib\libg.a(lib_a-memcpy.o)
 .debug_info    0x0000dbbf      0x980 c:/program files (x86)/yagarto/bin/../lib/gcc/arm-none-eabi/4.6.2/../../../../arm-none-eabi/lib\libg.a(lib_a-mlock.o)
 .debug_info    0x0000e53f     0x14e6 c:/program files (x86)/yagarto/bin/../lib/gcc/arm-none-eabi/4.6.2/../../../../arm-none-eabi/lib\libg.a(lib_a-mprec.o)
 .debug_info    0x0000fa25      0xa64 c:/program files (x86)/yagarto/bin/../lib/gcc/arm-none-eabi/4.6.2/../../../../arm-none-eabi/lib\libg.a(lib_a-reent.o)
 .debug_info    0x00010489      0x142 c:/program files (x86)/yagarto/bin/../lib/gcc/arm-none-eabi/4.6.2/../../../../arm-none-eabi/lib\libg.a(lib_a-s_fpclassify.o)
 .debug_info    0x000105cb      0x9ac c:/program files (x86)/yagarto/bin/../lib/gcc/arm-none-eabi/4.6.2/../../../../arm-none-eabi/lib\libg.a(lib_a-sbrkr.o)
 .debug_info    0x00010f77       0xe7 c:/program files (x86)/yagarto/bin/../lib/gcc/arm-none-eabi/4.6.2/../../../../arm-none-eabi/lib\libg.a(lib_a-strcmp.o)
 .debug_info    0x0001105e      0xd97 c:/program files (x86)/yagarto/bin/../lib/gcc/arm-none-eabi/4.6.2/../../../../arm-none-eabi/lib\libg.a(lib_a-svfiprintf.o)
 .debug_info    0x00011df5      0xa4e c:/program files (x86)/yagarto/bin/../lib/gcc/arm-none-eabi/4.6.2/../../../../arm-none-eabi/lib\libg.a(lib_a-callocr.o)
 .debug_info    0x00012843      0xc40 c:/program files (x86)/yagarto/bin/../lib/gcc/arm-none-eabi/4.6.2/../../../../arm-none-eabi/lib\libg.a(lib_a-freer.o)
 .debug_info    0x00013483      0x12e c:/program files (x86)/yagarto/bin/../lib/gcc/arm-none-eabi/4.6.2/../../../../arm-none-eabi/lib\libg.a(lib_a-memmove.o)
 .debug_info    0x000135b1      0x116 c:/program files (x86)/yagarto/bin/../lib/gcc/arm-none-eabi/4.6.2/../../../../arm-none-eabi/lib\libg.a(lib_a-memset.o)
 .debug_info    0x000136c7      0xc10 c:/program files (x86)/yagarto/bin/../lib/gcc/arm-none-eabi/4.6.2/../../../../arm-none-eabi/lib\libg.a(lib_a-reallocr.o)
 .debug_info    0x000142d7       0x97 c:/program files (x86)/yagarto/bin/../lib/gcc/arm-none-eabi/4.6.2\libgcc.a(_arm_addsubdf3.o)
 .debug_info    0x0001436e       0x97 c:/program files (x86)/yagarto/bin/../lib/gcc/arm-none-eabi/4.6.2\libgcc.a(_arm_muldivdf3.o)
 .debug_info    0x00014405       0x97 c:/program files (x86)/yagarto/bin/../lib/gcc/arm-none-eabi/4.6.2\libgcc.a(_arm_cmpdf2.o)
 .debug_info    0x0001449c       0x97 c:/program files (x86)/yagarto/bin/../lib/gcc/arm-none-eabi/4.6.2\libgcc.a(_arm_fixdfsi.o)

.debug_abbrev   0x00000000     0x3413
 *(.debug_abbrev)
 .debug_abbrev  0x00000000       0x14 C:\Users\INVITA~1\AppData\Local\Temp\cc9dZ8xl.o
 .debug_abbrev  0x00000014      0x320 C:\Users\INVITA~1\AppData\Local\Temp\ccpvu5EO.o
 .debug_abbrev  0x00000334      0x33d C:\Users\INVITA~1\AppData\Local\Temp\ccxV2G10.o
 .debug_abbrev  0x00000671       0xe8 C:\Users\INVITA~1\AppData\Local\Temp\cc3n8xEq.o
 .debug_abbrev  0x00000759      0x1ee C:\Users\INVITA~1\AppData\Local\Temp\ccFbxKlY.o
 .debug_abbrev  0x00000947       0x4b C:\Users\INVITA~1\AppData\Local\Temp\ccplnK9A.o
 .debug_abbrev  0x00000992      0x140 C:\Users\INVITA~1\AppData\Local\Temp\ccNfbUAx.o
 .debug_abbrev  0x00000ad2       0x70 C:\Users\INVITA~1\AppData\Local\Temp\cc5AcnCx.o
 .debug_abbrev  0x00000b42       0x49 C:\Users\INVITA~1\AppData\Local\Temp\ccTMYYYB.o
 .debug_abbrev  0x00000b8b       0x49 C:\Users\INVITA~1\AppData\Local\Temp\ccBxSOJL.o
 .debug_abbrev  0x00000bd4       0xed C:\Users\INVITA~1\AppData\Local\Temp\cc0Pe0FQ.o
 .debug_abbrev  0x00000cc1       0x4e C:\Users\INVITA~1\AppData\Local\Temp\ccrdJOC4.o
 .debug_abbrev  0x00000d0f       0x4b C:\Users\INVITA~1\AppData\Local\Temp\cciKDbcj.o
 .debug_abbrev  0x00000d5a       0x4b C:\Users\INVITA~1\AppData\Local\Temp\ccHEDbNC.o
 .debug_abbrev  0x00000da5       0x14 c:/program files (x86)/yagarto/bin/../lib/gcc/arm-none-eabi/4.6.2\libgcc.a(_udivsi3.o)
 .debug_abbrev  0x00000db9       0x14 c:/program files (x86)/yagarto/bin/../lib/gcc/arm-none-eabi/4.6.2\libgcc.a(_divsi3.o)
 .debug_abbrev  0x00000dcd       0x14 c:/program files (x86)/yagarto/bin/../lib/gcc/arm-none-eabi/4.6.2\libgcc.a(_dvmd_tls.o)
 .debug_abbrev  0x00000de1      0x194 c:/program files (x86)/yagarto/bin/../lib/gcc/arm-none-eabi/4.6.2/../../../../arm-none-eabi/lib\libg.a(lib_a-rand.o)
 .debug_abbrev  0x00000f75      0x1c8 c:/program files (x86)/yagarto/bin/../lib/gcc/arm-none-eabi/4.6.2/../../../../arm-none-eabi/lib\libg.a(lib_a-sprintf.o)
 .debug_abbrev  0x0000113d       0x6d c:/program files (x86)/yagarto/bin/../lib/gcc/arm-none-eabi/4.6.2/../../../../arm-none-eabi/lib\libg.a(lib_a-strlen.o)
 .debug_abbrev  0x000011aa      0x2ea c:/program files (x86)/yagarto/bin/../lib/gcc/arm-none-eabi/4.6.2/../../../../arm-none-eabi/lib\libg.a(lib_a-svfprintf.o)
 .debug_abbrev  0x00001494      0x17f c:/program files (x86)/yagarto/bin/../lib/gcc/arm-none-eabi/4.6.2/../../../../arm-none-eabi/lib\libg.a(lib_a-sysgettod.o)
 .debug_abbrev  0x00001613      0x22b c:/program files (x86)/yagarto/bin/../lib/gcc/arm-none-eabi/4.6.2/../../../../arm-none-eabi/lib\libg.a(lib_a-dtoa.o)
 .debug_abbrev  0x0000183e      0x1b3 c:/program files (x86)/yagarto/bin/../lib/gcc/arm-none-eabi/4.6.2/../../../../arm-none-eabi/lib\libg.a(lib_a-gettimeofdayr.o)
 .debug_abbrev  0x000019f1      0x166 c:/program files (x86)/yagarto/bin/../lib/gcc/arm-none-eabi/4.6.2/../../../../arm-none-eabi/lib\libg.a(lib_a-impure.o)
 .debug_abbrev  0x00001b57      0x25e c:/program files (x86)/yagarto/bin/../lib/gcc/arm-none-eabi/4.6.2/../../../../arm-none-eabi/lib\libg.a(lib_a-locale.o)
 .debug_abbrev  0x00001db5      0x233 c:/program files (x86)/yagarto/bin/../lib/gcc/arm-none-eabi/4.6.2/../../../../arm-none-eabi/lib\libg.a(lib_a-mallocr.o)
 .debug_abbrev  0x00001fe8       0xc4 c:/program files (x86)/yagarto/bin/../lib/gcc/arm-none-eabi/4.6.2/../../../../arm-none-eabi/lib\libg.a(lib_a-memchr.o)
 .debug_abbrev  0x000020ac       0x99 c:/program files (x86)/yagarto/bin/../lib/gcc/arm-none-eabi/4.6.2/../../../../arm-none-eabi/lib\libg.a(lib_a-memcpy.o)
 .debug_abbrev  0x00002145      0x179 c:/program files (x86)/yagarto/bin/../lib/gcc/arm-none-eabi/4.6.2/../../../../arm-none-eabi/lib\libg.a(lib_a-mlock.o)
 .debug_abbrev  0x000022be      0x30e c:/program files (x86)/yagarto/bin/../lib/gcc/arm-none-eabi/4.6.2/../../../../arm-none-eabi/lib\libg.a(lib_a-mprec.o)
 .debug_abbrev  0x000025cc      0x1e6 c:/program files (x86)/yagarto/bin/../lib/gcc/arm-none-eabi/4.6.2/../../../../arm-none-eabi/lib\libg.a(lib_a-reent.o)
 .debug_abbrev  0x000027b2       0xc5 c:/program files (x86)/yagarto/bin/../lib/gcc/arm-none-eabi/4.6.2/../../../../arm-none-eabi/lib\libg.a(lib_a-s_fpclassify.o)
 .debug_abbrev  0x00002877      0x1b0 c:/program files (x86)/yagarto/bin/../lib/gcc/arm-none-eabi/4.6.2/../../../../arm-none-eabi/lib\libg.a(lib_a-sbrkr.o)
 .debug_abbrev  0x00002a27       0x86 c:/program files (x86)/yagarto/bin/../lib/gcc/arm-none-eabi/4.6.2/../../../../arm-none-eabi/lib\libg.a(lib_a-strcmp.o)
 .debug_abbrev  0x00002aad      0x262 c:/program files (x86)/yagarto/bin/../lib/gcc/arm-none-eabi/4.6.2/../../../../arm-none-eabi/lib\libg.a(lib_a-svfiprintf.o)
 .debug_abbrev  0x00002d0f      0x1ba c:/program files (x86)/yagarto/bin/../lib/gcc/arm-none-eabi/4.6.2/../../../../arm-none-eabi/lib\libg.a(lib_a-callocr.o)
 .debug_abbrev  0x00002ec9      0x1ea c:/program files (x86)/yagarto/bin/../lib/gcc/arm-none-eabi/4.6.2/../../../../arm-none-eabi/lib\libg.a(lib_a-freer.o)
 .debug_abbrev  0x000030b3       0xa8 c:/program files (x86)/yagarto/bin/../lib/gcc/arm-none-eabi/4.6.2/../../../../arm-none-eabi/lib\libg.a(lib_a-memmove.o)
 .debug_abbrev  0x0000315b       0x8d c:/program files (x86)/yagarto/bin/../lib/gcc/arm-none-eabi/4.6.2/../../../../arm-none-eabi/lib\libg.a(lib_a-memset.o)
 .debug_abbrev  0x000031e8      0x1db c:/program files (x86)/yagarto/bin/../lib/gcc/arm-none-eabi/4.6.2/../../../../arm-none-eabi/lib\libg.a(lib_a-reallocr.o)
 .debug_abbrev  0x000033c3       0x14 c:/program files (x86)/yagarto/bin/../lib/gcc/arm-none-eabi/4.6.2\libgcc.a(_arm_addsubdf3.o)
 .debug_abbrev  0x000033d7       0x14 c:/program files (x86)/yagarto/bin/../lib/gcc/arm-none-eabi/4.6.2\libgcc.a(_arm_muldivdf3.o)
 .debug_abbrev  0x000033eb       0x14 c:/program files (x86)/yagarto/bin/../lib/gcc/arm-none-eabi/4.6.2\libgcc.a(_arm_cmpdf2.o)
 .debug_abbrev  0x000033ff       0x14 c:/program files (x86)/yagarto/bin/../lib/gcc/arm-none-eabi/4.6.2\libgcc.a(_arm_fixdfsi.o)

.debug_line     0x00000000     0x694f
 *(.debug_line)
 .debug_line    0x00000000      0x188 C:\Users\INVITA~1\AppData\Local\Temp\cc9dZ8xl.o
 .debug_line    0x00000188      0x3d1 C:\Users\INVITA~1\AppData\Local\Temp\ccpvu5EO.o
 .debug_line    0x00000559     0x1dbc C:\Users\INVITA~1\AppData\Local\Temp\ccxV2G10.o
 .debug_line    0x00002315      0x110 C:\Users\INVITA~1\AppData\Local\Temp\cc3n8xEq.o
 .debug_line    0x00002425      0x10a C:\Users\INVITA~1\AppData\Local\Temp\ccFbxKlY.o
 .debug_line    0x0000252f       0x2a C:\Users\INVITA~1\AppData\Local\Temp\ccplnK9A.o
 .debug_line    0x00002559      0x244 C:\Users\INVITA~1\AppData\Local\Temp\ccNfbUAx.o
 .debug_line    0x0000279d       0x48 C:\Users\INVITA~1\AppData\Local\Temp\cc5AcnCx.o
 .debug_line    0x000027e5       0x2b C:\Users\INVITA~1\AppData\Local\Temp\ccTMYYYB.o
 .debug_line    0x00002810       0x2d C:\Users\INVITA~1\AppData\Local\Temp\ccBxSOJL.o
 .debug_line    0x0000283d       0x8c C:\Users\INVITA~1\AppData\Local\Temp\cc0Pe0FQ.o
 .debug_line    0x000028c9       0x49 C:\Users\INVITA~1\AppData\Local\Temp\ccrdJOC4.o
 .debug_line    0x00002912       0x2c C:\Users\INVITA~1\AppData\Local\Temp\cciKDbcj.o
 .debug_line    0x0000293e       0x2d C:\Users\INVITA~1\AppData\Local\Temp\ccHEDbNC.o
 .debug_line    0x0000296b       0x93 c:/program files (x86)/yagarto/bin/../lib/gcc/arm-none-eabi/4.6.2\libgcc.a(_udivsi3.o)
 .debug_line    0x000029fe       0x9f c:/program files (x86)/yagarto/bin/../lib/gcc/arm-none-eabi/4.6.2\libgcc.a(_divsi3.o)
 .debug_line    0x00002a9d       0x6a c:/program files (x86)/yagarto/bin/../lib/gcc/arm-none-eabi/4.6.2\libgcc.a(_dvmd_tls.o)
 .debug_line    0x00002b07      0x16d c:/program files (x86)/yagarto/bin/../lib/gcc/arm-none-eabi/4.6.2/../../../../arm-none-eabi/lib\libg.a(lib_a-rand.o)
 .debug_line    0x00002c74      0x1bd c:/program files (x86)/yagarto/bin/../lib/gcc/arm-none-eabi/4.6.2/../../../../arm-none-eabi/lib\libg.a(lib_a-sprintf.o)
 .debug_line    0x00002e31      0x111 c:/program files (x86)/yagarto/bin/../lib/gcc/arm-none-eabi/4.6.2/../../../../arm-none-eabi/lib\libg.a(lib_a-strlen.o)
 .debug_line    0x00002f42      0x937 c:/program files (x86)/yagarto/bin/../lib/gcc/arm-none-eabi/4.6.2/../../../../arm-none-eabi/lib\libg.a(lib_a-svfprintf.o)
 .debug_line    0x00003879      0x13f c:/program files (x86)/yagarto/bin/../lib/gcc/arm-none-eabi/4.6.2/../../../../arm-none-eabi/lib\libg.a(lib_a-sysgettod.o)
 .debug_line    0x000039b8      0x757 c:/program files (x86)/yagarto/bin/../lib/gcc/arm-none-eabi/4.6.2/../../../../arm-none-eabi/lib\libg.a(lib_a-dtoa.o)
 .debug_line    0x0000410f      0x194 c:/program files (x86)/yagarto/bin/../lib/gcc/arm-none-eabi/4.6.2/../../../../arm-none-eabi/lib\libg.a(lib_a-gettimeofdayr.o)
 .debug_line    0x000042a3      0x110 c:/program files (x86)/yagarto/bin/../lib/gcc/arm-none-eabi/4.6.2/../../../../arm-none-eabi/lib\libg.a(lib_a-impure.o)
 .debug_line    0x000043b3      0x1a0 c:/program files (x86)/yagarto/bin/../lib/gcc/arm-none-eabi/4.6.2/../../../../arm-none-eabi/lib\libg.a(lib_a-locale.o)
 .debug_line    0x00004553      0x2d1 c:/program files (x86)/yagarto/bin/../lib/gcc/arm-none-eabi/4.6.2/../../../../arm-none-eabi/lib\libg.a(lib_a-mallocr.o)
 .debug_line    0x00004824      0x159 c:/program files (x86)/yagarto/bin/../lib/gcc/arm-none-eabi/4.6.2/../../../../arm-none-eabi/lib\libg.a(lib_a-memchr.o)
 .debug_line    0x0000497d      0x16f c:/program files (x86)/yagarto/bin/../lib/gcc/arm-none-eabi/4.6.2/../../../../arm-none-eabi/lib\libg.a(lib_a-memcpy.o)
 .debug_line    0x00004aec      0x122 c:/program files (x86)/yagarto/bin/../lib/gcc/arm-none-eabi/4.6.2/../../../../arm-none-eabi/lib\libg.a(lib_a-mlock.o)
 .debug_line    0x00004c0e      0x5a5 c:/program files (x86)/yagarto/bin/../lib/gcc/arm-none-eabi/4.6.2/../../../../arm-none-eabi/lib\libg.a(lib_a-mprec.o)
 .debug_line    0x000051b3      0x168 c:/program files (x86)/yagarto/bin/../lib/gcc/arm-none-eabi/4.6.2/../../../../arm-none-eabi/lib\libg.a(lib_a-reent.o)
 .debug_line    0x0000531b      0x12c c:/program files (x86)/yagarto/bin/../lib/gcc/arm-none-eabi/4.6.2/../../../../arm-none-eabi/lib\libg.a(lib_a-s_fpclassify.o)
 .debug_line    0x00005447      0x174 c:/program files (x86)/yagarto/bin/../lib/gcc/arm-none-eabi/4.6.2/../../../../arm-none-eabi/lib\libg.a(lib_a-sbrkr.o)
 .debug_line    0x000055bb       0xc4 c:/program files (x86)/yagarto/bin/../lib/gcc/arm-none-eabi/4.6.2/../../../../arm-none-eabi/lib\libg.a(lib_a-strcmp.o)
 .debug_line    0x0000567f      0x608 c:/program files (x86)/yagarto/bin/../lib/gcc/arm-none-eabi/4.6.2/../../../../arm-none-eabi/lib\libg.a(lib_a-svfiprintf.o)
 .debug_line    0x00005c87      0x148 c:/program files (x86)/yagarto/bin/../lib/gcc/arm-none-eabi/4.6.2/../../../../arm-none-eabi/lib\libg.a(lib_a-callocr.o)
 .debug_line    0x00005dcf      0x1e8 c:/program files (x86)/yagarto/bin/../lib/gcc/arm-none-eabi/4.6.2/../../../../arm-none-eabi/lib\libg.a(lib_a-freer.o)
 .debug_line    0x00005fb7      0x18f c:/program files (x86)/yagarto/bin/../lib/gcc/arm-none-eabi/4.6.2/../../../../arm-none-eabi/lib\libg.a(lib_a-memmove.o)
 .debug_line    0x00006146      0x180 c:/program files (x86)/yagarto/bin/../lib/gcc/arm-none-eabi/4.6.2/../../../../arm-none-eabi/lib\libg.a(lib_a-memset.o)
 .debug_line    0x000062c6      0x25f c:/program files (x86)/yagarto/bin/../lib/gcc/arm-none-eabi/4.6.2/../../../../arm-none-eabi/lib\libg.a(lib_a-reallocr.o)
 .debug_line    0x00006525      0x16f c:/program files (x86)/yagarto/bin/../lib/gcc/arm-none-eabi/4.6.2\libgcc.a(_arm_addsubdf3.o)
 .debug_line    0x00006694      0x187 c:/program files (x86)/yagarto/bin/../lib/gcc/arm-none-eabi/4.6.2\libgcc.a(_arm_muldivdf3.o)
 .debug_line    0x0000681b       0xb5 c:/program files (x86)/yagarto/bin/../lib/gcc/arm-none-eabi/4.6.2\libgcc.a(_arm_cmpdf2.o)
 .debug_line    0x000068d0       0x7f c:/program files (x86)/yagarto/bin/../lib/gcc/arm-none-eabi/4.6.2\libgcc.a(_arm_fixdfsi.o)

.debug_frame    0x00000000      0xfa8
 *(.debug_frame)
 .debug_frame   0x00000000      0x104 C:\Users\INVITA~1\AppData\Local\Temp\ccpvu5EO.o
 .debug_frame   0x00000104      0x41c C:\Users\INVITA~1\AppData\Local\Temp\ccxV2G10.o
 .debug_frame   0x00000520       0x58 C:\Users\INVITA~1\AppData\Local\Temp\cc3n8xEq.o
 .debug_frame   0x00000578       0xa8 C:\Users\INVITA~1\AppData\Local\Temp\ccFbxKlY.o
 .debug_frame   0x00000620       0xd0 C:\Users\INVITA~1\AppData\Local\Temp\ccNfbUAx.o
 .debug_frame   0x000006f0       0x3c C:\Users\INVITA~1\AppData\Local\Temp\cc5AcnCx.o
 .debug_frame   0x0000072c       0xb0 C:\Users\INVITA~1\AppData\Local\Temp\cc0Pe0FQ.o
 .debug_frame   0x000007dc       0x28 C:\Users\INVITA~1\AppData\Local\Temp\ccrdJOC4.o
 .debug_frame   0x00000804       0x20 c:/program files (x86)/yagarto/bin/../lib/gcc/arm-none-eabi/4.6.2\libgcc.a(_udivsi3.o)
 .debug_frame   0x00000824       0x20 c:/program files (x86)/yagarto/bin/../lib/gcc/arm-none-eabi/4.6.2\libgcc.a(_divsi3.o)
 .debug_frame   0x00000844       0x38 c:/program files (x86)/yagarto/bin/../lib/gcc/arm-none-eabi/4.6.2/../../../../arm-none-eabi/lib\libg.a(lib_a-rand.o)
 .debug_frame   0x0000087c       0x5c c:/program files (x86)/yagarto/bin/../lib/gcc/arm-none-eabi/4.6.2/../../../../arm-none-eabi/lib\libg.a(lib_a-sprintf.o)
 .debug_frame   0x000008d8       0x20 c:/program files (x86)/yagarto/bin/../lib/gcc/arm-none-eabi/4.6.2/../../../../arm-none-eabi/lib\libg.a(lib_a-strlen.o)
 .debug_frame   0x000008f8       0x3c c:/program files (x86)/yagarto/bin/../lib/gcc/arm-none-eabi/4.6.2/../../../../arm-none-eabi/lib\libg.a(lib_a-svfprintf.o)
 .debug_frame   0x00000934       0x28 c:/program files (x86)/yagarto/bin/../lib/gcc/arm-none-eabi/4.6.2/../../../../arm-none-eabi/lib\libg.a(lib_a-sysgettod.o)
 .debug_frame   0x0000095c       0x64 c:/program files (x86)/yagarto/bin/../lib/gcc/arm-none-eabi/4.6.2/../../../../arm-none-eabi/lib\libg.a(lib_a-dtoa.o)
 .debug_frame   0x000009c0       0x2c c:/program files (x86)/yagarto/bin/../lib/gcc/arm-none-eabi/4.6.2/../../../../arm-none-eabi/lib\libg.a(lib_a-gettimeofdayr.o)
 .debug_frame   0x000009ec       0x98 c:/program files (x86)/yagarto/bin/../lib/gcc/arm-none-eabi/4.6.2/../../../../arm-none-eabi/lib\libg.a(lib_a-locale.o)
 .debug_frame   0x00000a84       0x38 c:/program files (x86)/yagarto/bin/../lib/gcc/arm-none-eabi/4.6.2/../../../../arm-none-eabi/lib\libg.a(lib_a-mallocr.o)
 .debug_frame   0x00000abc       0x2c c:/program files (x86)/yagarto/bin/../lib/gcc/arm-none-eabi/4.6.2/../../../../arm-none-eabi/lib\libg.a(lib_a-memchr.o)
 .debug_frame   0x00000ae8       0x2c c:/program files (x86)/yagarto/bin/../lib/gcc/arm-none-eabi/4.6.2/../../../../arm-none-eabi/lib\libg.a(lib_a-memcpy.o)
 .debug_frame   0x00000b14       0x30 c:/program files (x86)/yagarto/bin/../lib/gcc/arm-none-eabi/4.6.2/../../../../arm-none-eabi/lib\libg.a(lib_a-mlock.o)
 .debug_frame   0x00000b44      0x218 c:/program files (x86)/yagarto/bin/../lib/gcc/arm-none-eabi/4.6.2/../../../../arm-none-eabi/lib\libg.a(lib_a-mprec.o)
 .debug_frame   0x00000d5c       0x68 c:/program files (x86)/yagarto/bin/../lib/gcc/arm-none-eabi/4.6.2/../../../../arm-none-eabi/lib\libg.a(lib_a-reent.o)
 .debug_frame   0x00000dc4       0x20 c:/program files (x86)/yagarto/bin/../lib/gcc/arm-none-eabi/4.6.2/../../../../arm-none-eabi/lib\libg.a(lib_a-s_fpclassify.o)
 .debug_frame   0x00000de4       0x2c c:/program files (x86)/yagarto/bin/../lib/gcc/arm-none-eabi/4.6.2/../../../../arm-none-eabi/lib\libg.a(lib_a-sbrkr.o)
 .debug_frame   0x00000e10       0x30 c:/program files (x86)/yagarto/bin/../lib/gcc/arm-none-eabi/4.6.2/../../../../arm-none-eabi/lib\libg.a(lib_a-strcmp.o)
 .debug_frame   0x00000e40       0x64 c:/program files (x86)/yagarto/bin/../lib/gcc/arm-none-eabi/4.6.2/../../../../arm-none-eabi/lib\libg.a(lib_a-svfiprintf.o)
 .debug_frame   0x00000ea4       0x28 c:/program files (x86)/yagarto/bin/../lib/gcc/arm-none-eabi/4.6.2/../../../../arm-none-eabi/lib\libg.a(lib_a-callocr.o)
 .debug_frame   0x00000ecc       0x50 c:/program files (x86)/yagarto/bin/../lib/gcc/arm-none-eabi/4.6.2/../../../../arm-none-eabi/lib\libg.a(lib_a-freer.o)
 .debug_frame   0x00000f1c       0x2c c:/program files (x86)/yagarto/bin/../lib/gcc/arm-none-eabi/4.6.2/../../../../arm-none-eabi/lib\libg.a(lib_a-memmove.o)
 .debug_frame   0x00000f48       0x28 c:/program files (x86)/yagarto/bin/../lib/gcc/arm-none-eabi/4.6.2/../../../../arm-none-eabi/lib\libg.a(lib_a-memset.o)
 .debug_frame   0x00000f70       0x38 c:/program files (x86)/yagarto/bin/../lib/gcc/arm-none-eabi/4.6.2/../../../../arm-none-eabi/lib\libg.a(lib_a-reallocr.o)

.debug_str      0x00000000     0x1b97
 *(.debug_str)
 .debug_str     0x00000000      0x315 C:\Users\INVITA~1\AppData\Local\Temp\ccpvu5EO.o
                                0x37c (size before relaxing)
 .debug_str     0x00000315      0x22f C:\Users\INVITA~1\AppData\Local\Temp\ccxV2G10.o
                                0x398 (size before relaxing)
 .debug_str     0x00000544       0x6e C:\Users\INVITA~1\AppData\Local\Temp\cc3n8xEq.o
                                0x183 (size before relaxing)
 .debug_str     0x000005b2       0x68 C:\Users\INVITA~1\AppData\Local\Temp\ccFbxKlY.o
                                0x1b4 (size before relaxing)
 .debug_str     0x0000061a       0x12 C:\Users\INVITA~1\AppData\Local\Temp\ccplnK9A.o
                                 0x96 (size before relaxing)
 .debug_str     0x0000062c       0xcb C:\Users\INVITA~1\AppData\Local\Temp\ccNfbUAx.o
                                0x1eb (size before relaxing)
 .debug_str     0x000006f7       0x21 C:\Users\INVITA~1\AppData\Local\Temp\cc5AcnCx.o
                                0x129 (size before relaxing)
 .debug_str     0x00000718        0xb C:\Users\INVITA~1\AppData\Local\Temp\ccTMYYYB.o
                                 0xa0 (size before relaxing)
 .debug_str     0x00000723       0x17 C:\Users\INVITA~1\AppData\Local\Temp\ccBxSOJL.o
                                 0xa4 (size before relaxing)
 .debug_str     0x0000073a       0xb2 C:\Users\INVITA~1\AppData\Local\Temp\cc0Pe0FQ.o
                                0x1ba (size before relaxing)
 .debug_str     0x000007ec       0x13 C:\Users\INVITA~1\AppData\Local\Temp\ccrdJOC4.o
                                0x11b (size before relaxing)
 .debug_str     0x000007ff        0xc C:\Users\INVITA~1\AppData\Local\Temp\cciKDbcj.o
                                 0xbe (size before relaxing)
 .debug_str     0x0000080b        0xd C:\Users\INVITA~1\AppData\Local\Temp\ccHEDbNC.o
                                 0x98 (size before relaxing)
 .debug_str     0x00000818      0x3fb c:/program files (x86)/yagarto/bin/../lib/gcc/arm-none-eabi/4.6.2/../../../../arm-none-eabi/lib\libg.a(lib_a-rand.o)
                                0x4de (size before relaxing)
 .debug_str     0x00000c13       0xb0 c:/program files (x86)/yagarto/bin/../lib/gcc/arm-none-eabi/4.6.2/../../../../arm-none-eabi/lib\libg.a(lib_a-sprintf.o)
                                0x50d (size before relaxing)
 .debug_str     0x00000cc3       0x9b c:/program files (x86)/yagarto/bin/../lib/gcc/arm-none-eabi/4.6.2/../../../../arm-none-eabi/lib\libg.a(lib_a-strlen.o)
                                0x130 (size before relaxing)
 .debug_str     0x00000d5e      0x1b5 c:/program files (x86)/yagarto/bin/../lib/gcc/arm-none-eabi/4.6.2/../../../../arm-none-eabi/lib\libg.a(lib_a-svfprintf.o)
                                0x6b8 (size before relaxing)
 .debug_str     0x00000f13       0x9a c:/program files (x86)/yagarto/bin/../lib/gcc/arm-none-eabi/4.6.2/../../../../arm-none-eabi/lib\libg.a(lib_a-sysgettod.o)
                                0x521 (size before relaxing)
 .debug_str     0x00000fad      0x100 c:/program files (x86)/yagarto/bin/../lib/gcc/arm-none-eabi/4.6.2/../../../../arm-none-eabi/lib\libg.a(lib_a-dtoa.o)
                                0x5d4 (size before relaxing)
 .debug_str     0x000010ad       0x95 c:/program files (x86)/yagarto/bin/../lib/gcc/arm-none-eabi/4.6.2/../../../../arm-none-eabi/lib\libg.a(lib_a-gettimeofdayr.o)
                                0x52a (size before relaxing)
 .debug_str     0x00001142       0x57 c:/program files (x86)/yagarto/bin/../lib/gcc/arm-none-eabi/4.6.2/../../../../arm-none-eabi/lib\libg.a(lib_a-impure.o)
                                0x4ed (size before relaxing)
 .debug_str     0x00001199      0x25b c:/program files (x86)/yagarto/bin/../lib/gcc/arm-none-eabi/4.6.2/../../../../arm-none-eabi/lib\libg.a(lib_a-locale.o)
                                0x743 (size before relaxing)
 .debug_str     0x000013f4      0x20c c:/program files (x86)/yagarto/bin/../lib/gcc/arm-none-eabi/4.6.2/../../../../arm-none-eabi/lib\libg.a(lib_a-mallocr.o)
                                0x6c4 (size before relaxing)
 .debug_str     0x00001600       0x9a c:/program files (x86)/yagarto/bin/../lib/gcc/arm-none-eabi/4.6.2/../../../../arm-none-eabi/lib\libg.a(lib_a-memchr.o)
                                0x13d (size before relaxing)
 .debug_str     0x0000169a       0x67 c:/program files (x86)/yagarto/bin/../lib/gcc/arm-none-eabi/4.6.2/../../../../arm-none-eabi/lib\libg.a(lib_a-memcpy.o)
                                0x14a (size before relaxing)
 .debug_str     0x00001701       0x6b c:/program files (x86)/yagarto/bin/../lib/gcc/arm-none-eabi/4.6.2/../../../../arm-none-eabi/lib\libg.a(lib_a-mlock.o)
                                0x4f6 (size before relaxing)
 .debug_str     0x0000176c       0xf6 c:/program files (x86)/yagarto/bin/../lib/gcc/arm-none-eabi/4.6.2/../../../../arm-none-eabi/lib\libg.a(lib_a-mprec.o)
                                0x5e1 (size before relaxing)
 .debug_str     0x00001862       0x71 c:/program files (x86)/yagarto/bin/../lib/gcc/arm-none-eabi/4.6.2/../../../../arm-none-eabi/lib\libg.a(lib_a-reent.o)
                                0x512 (size before relaxing)
 .debug_str     0x000018d3       0xb6 c:/program files (x86)/yagarto/bin/../lib/gcc/arm-none-eabi/4.6.2/../../../../arm-none-eabi/lib\libg.a(lib_a-s_fpclassify.o)
                                0x175 (size before relaxing)
 .debug_str     0x00001989       0x3f c:/program files (x86)/yagarto/bin/../lib/gcc/arm-none-eabi/4.6.2/../../../../arm-none-eabi/lib\libg.a(lib_a-sbrkr.o)
                                0x4e4 (size before relaxing)
 .debug_str     0x000019c8       0x59 c:/program files (x86)/yagarto/bin/../lib/gcc/arm-none-eabi/4.6.2/../../../../arm-none-eabi/lib\libg.a(lib_a-strcmp.o)
                                0x13a (size before relaxing)
 .debug_str     0x00001a21       0x29 c:/program files (x86)/yagarto/bin/../lib/gcc/arm-none-eabi/4.6.2/../../../../arm-none-eabi/lib\libg.a(lib_a-svfiprintf.o)
                                0x62b (size before relaxing)
 .debug_str     0x00001a4a       0x19 c:/program files (x86)/yagarto/bin/../lib/gcc/arm-none-eabi/4.6.2/../../../../arm-none-eabi/lib\libg.a(lib_a-callocr.o)
                                0x515 (size before relaxing)
 .debug_str     0x00001a63       0x3c c:/program files (x86)/yagarto/bin/../lib/gcc/arm-none-eabi/4.6.2/../../../../arm-none-eabi/lib\libg.a(lib_a-freer.o)
                                0x616 (size before relaxing)
 .debug_str     0x00001a9f       0x4b c:/program files (x86)/yagarto/bin/../lib/gcc/arm-none-eabi/4.6.2/../../../../arm-none-eabi/lib\libg.a(lib_a-memmove.o)
                                0x156 (size before relaxing)
 .debug_str     0x00001aea       0x54 c:/program files (x86)/yagarto/bin/../lib/gcc/arm-none-eabi/4.6.2/../../../../arm-none-eabi/lib\libg.a(lib_a-memset.o)
                                0x137 (size before relaxing)
 .debug_str     0x00001b3e       0x59 c:/program files (x86)/yagarto/bin/../lib/gcc/arm-none-eabi/4.6.2/../../../../arm-none-eabi/lib\libg.a(lib_a-reallocr.o)
                                0x596 (size before relaxing)

.debug_loc      0x00000000     0xc48e
 *(.debug_loc)
 .debug_loc     0x00000000      0xeb9 C:\Users\INVITA~1\AppData\Local\Temp\ccpvu5EO.o
 .debug_loc     0x00000eb9     0x212d C:\Users\INVITA~1\AppData\Local\Temp\ccxV2G10.o
 .debug_loc     0x00002fe6      0x10b C:\Users\INVITA~1\AppData\Local\Temp\cc3n8xEq.o
 .debug_loc     0x000030f1      0x19c C:\Users\INVITA~1\AppData\Local\Temp\ccFbxKlY.o
 .debug_loc     0x0000328d      0x98e C:\Users\INVITA~1\AppData\Local\Temp\ccNfbUAx.o
 .debug_loc     0x00003c1b       0x20 C:\Users\INVITA~1\AppData\Local\Temp\cc5AcnCx.o
 .debug_loc     0x00003c3b       0xb9 C:\Users\INVITA~1\AppData\Local\Temp\cc0Pe0FQ.o
 .debug_loc     0x00003cf4       0x52 C:\Users\INVITA~1\AppData\Local\Temp\ccrdJOC4.o
 .debug_loc     0x00003d46       0x20 c:/program files (x86)/yagarto/bin/../lib/gcc/arm-none-eabi/4.6.2/../../../../arm-none-eabi/lib\libg.a(lib_a-rand.o)
 .debug_loc     0x00003d66       0xc1 c:/program files (x86)/yagarto/bin/../lib/gcc/arm-none-eabi/4.6.2/../../../../arm-none-eabi/lib\libg.a(lib_a-sprintf.o)
 .debug_loc     0x00003e27       0x13 c:/program files (x86)/yagarto/bin/../lib/gcc/arm-none-eabi/4.6.2/../../../../arm-none-eabi/lib\libg.a(lib_a-strlen.o)
 .debug_loc     0x00003e3a     0x1da1 c:/program files (x86)/yagarto/bin/../lib/gcc/arm-none-eabi/4.6.2/../../../../arm-none-eabi/lib\libg.a(lib_a-svfprintf.o)
 .debug_loc     0x00005bdb       0x5c c:/program files (x86)/yagarto/bin/../lib/gcc/arm-none-eabi/4.6.2/../../../../arm-none-eabi/lib\libg.a(lib_a-sysgettod.o)
 .debug_loc     0x00005c37     0x1ebc c:/program files (x86)/yagarto/bin/../lib/gcc/arm-none-eabi/4.6.2/../../../../arm-none-eabi/lib\libg.a(lib_a-dtoa.o)
 .debug_loc     0x00007af3       0x6f c:/program files (x86)/yagarto/bin/../lib/gcc/arm-none-eabi/4.6.2/../../../../arm-none-eabi/lib\libg.a(lib_a-gettimeofdayr.o)
 .debug_loc     0x00007b62       0xb3 c:/program files (x86)/yagarto/bin/../lib/gcc/arm-none-eabi/4.6.2/../../../../arm-none-eabi/lib\libg.a(lib_a-locale.o)
 .debug_loc     0x00007c15      0x8b3 c:/program files (x86)/yagarto/bin/../lib/gcc/arm-none-eabi/4.6.2/../../../../arm-none-eabi/lib\libg.a(lib_a-mallocr.o)
 .debug_loc     0x000084c8      0x157 c:/program files (x86)/yagarto/bin/../lib/gcc/arm-none-eabi/4.6.2/../../../../arm-none-eabi/lib\libg.a(lib_a-memchr.o)
 .debug_loc     0x0000861f      0x1ab c:/program files (x86)/yagarto/bin/../lib/gcc/arm-none-eabi/4.6.2/../../../../arm-none-eabi/lib\libg.a(lib_a-memcpy.o)
 .debug_loc     0x000087ca     0x165a c:/program files (x86)/yagarto/bin/../lib/gcc/arm-none-eabi/4.6.2/../../../../arm-none-eabi/lib\libg.a(lib_a-mprec.o)
 .debug_loc     0x00009e24      0x1dc c:/program files (x86)/yagarto/bin/../lib/gcc/arm-none-eabi/4.6.2/../../../../arm-none-eabi/lib\libg.a(lib_a-reent.o)
 .debug_loc     0x0000a000       0x75 c:/program files (x86)/yagarto/bin/../lib/gcc/arm-none-eabi/4.6.2/../../../../arm-none-eabi/lib\libg.a(lib_a-s_fpclassify.o)
 .debug_loc     0x0000a075       0x51 c:/program files (x86)/yagarto/bin/../lib/gcc/arm-none-eabi/4.6.2/../../../../arm-none-eabi/lib\libg.a(lib_a-sbrkr.o)
 .debug_loc     0x0000a0c6       0x26 c:/program files (x86)/yagarto/bin/../lib/gcc/arm-none-eabi/4.6.2/../../../../arm-none-eabi/lib\libg.a(lib_a-strcmp.o)
 .debug_loc     0x0000a0ec     0x1009 c:/program files (x86)/yagarto/bin/../lib/gcc/arm-none-eabi/4.6.2/../../../../arm-none-eabi/lib\libg.a(lib_a-svfiprintf.o)
 .debug_loc     0x0000b0f5      0x179 c:/program files (x86)/yagarto/bin/../lib/gcc/arm-none-eabi/4.6.2/../../../../arm-none-eabi/lib\libg.a(lib_a-callocr.o)
 .debug_loc     0x0000b26e      0x370 c:/program files (x86)/yagarto/bin/../lib/gcc/arm-none-eabi/4.6.2/../../../../arm-none-eabi/lib\libg.a(lib_a-freer.o)
 .debug_loc     0x0000b5de      0x1fe c:/program files (x86)/yagarto/bin/../lib/gcc/arm-none-eabi/4.6.2/../../../../arm-none-eabi/lib\libg.a(lib_a-memmove.o)
 .debug_loc     0x0000b7dc      0x1e5 c:/program files (x86)/yagarto/bin/../lib/gcc/arm-none-eabi/4.6.2/../../../../arm-none-eabi/lib\libg.a(lib_a-memset.o)
 .debug_loc     0x0000b9c1      0xacd c:/program files (x86)/yagarto/bin/../lib/gcc/arm-none-eabi/4.6.2/../../../../arm-none-eabi/lib\libg.a(lib_a-reallocr.o)

.debug_macinfo
 *(.debug_macinfo)

.debug_weaknames
 *(.debug_weaknames)

.debug_funcnames
 *(.debug_funcnames)

.debug_typenames
 *(.debug_typenames)

.debug_varnames
 *(.debug_varnames)
START GROUP
END GROUP
LOAD C:\Users\INVITA~1\AppData\Local\Temp\cc9dZ8xl.o
LOAD C:\Users\INVITA~1\AppData\Local\Temp\ccpvu5EO.o
LOAD C:\Users\INVITA~1\AppData\Local\Temp\ccxV2G10.o
LOAD C:\Users\INVITA~1\AppData\Local\Temp\cc3n8xEq.o
LOAD C:\Users\INVITA~1\AppData\Local\Temp\ccFbxKlY.o
LOAD C:\Users\INVITA~1\AppData\Local\Temp\ccplnK9A.o
LOAD C:\Users\INVITA~1\AppData\Local\Temp\ccNfbUAx.o
LOAD C:\Users\INVITA~1\AppData\Local\Temp\cc5AcnCx.o
LOAD C:\Users\INVITA~1\AppData\Local\Temp\ccTMYYYB.o
LOAD C:\Users\INVITA~1\AppData\Local\Temp\ccBxSOJL.o
LOAD C:\Users\INVITA~1\AppData\Local\Temp\cc0Pe0FQ.o
LOAD C:\Users\INVITA~1\AppData\Local\Temp\ccrdJOC4.o
LOAD C:\Users\INVITA~1\AppData\Local\Temp\cciKDbcj.o
LOAD C:\Users\INVITA~1\AppData\Local\Temp\ccHEDbNC.o
START GROUP
LOAD c:/program files (x86)/yagarto/bin/../lib/gcc/arm-none-eabi/4.6.2\libgcc.a
LOAD c:/program files (x86)/yagarto/bin/../lib/gcc/arm-none-eabi/4.6.2/../../../../arm-none-eabi/lib\libg.a
LOAD c:/program files (x86)/yagarto/bin/../lib/gcc/arm-none-eabi/4.6.2/../../../../arm-none-eabi/lib\libc.a
END GROUP
OUTPUT(code_flash.elf elf32-littlearm)

.debug_ranges   0x00000000     0x55b8
 .debug_ranges  0x00000000      0x238 C:\Users\INVITA~1\AppData\Local\Temp\ccpvu5EO.o
 .debug_ranges  0x00000238     0x4f50 C:\Users\INVITA~1\AppData\Local\Temp\ccxV2G10.o
 .debug_ranges  0x00005188       0x90 C:\Users\INVITA~1\AppData\Local\Temp\ccFbxKlY.o
 .debug_ranges  0x00005218      0x100 C:\Users\INVITA~1\AppData\Local\Temp\ccNfbUAx.o
 .debug_ranges  0x00005318      0x148 c:/program files (x86)/yagarto/bin/../lib/gcc/arm-none-eabi/4.6.2/../../../../arm-none-eabi/lib\libg.a(lib_a-svfprintf.o)
 .debug_ranges  0x00005460       0x40 c:/program files (x86)/yagarto/bin/../lib/gcc/arm-none-eabi/4.6.2/../../../../arm-none-eabi/lib\libg.a(lib_a-mallocr.o)
 .debug_ranges  0x000054a0       0x30 c:/program files (x86)/yagarto/bin/../lib/gcc/arm-none-eabi/4.6.2/../../../../arm-none-eabi/lib\libg.a(lib_a-mprec.o)
 .debug_ranges  0x000054d0       0x38 c:/program files (x86)/yagarto/bin/../lib/gcc/arm-none-eabi/4.6.2/../../../../arm-none-eabi/lib\libg.a(lib_a-svfiprintf.o)
 .debug_ranges  0x00005508       0x18 c:/program files (x86)/yagarto/bin/../lib/gcc/arm-none-eabi/4.6.2/../../../../arm-none-eabi/lib\libg.a(lib_a-callocr.o)
 .debug_ranges  0x00005520       0x98 c:/program files (x86)/yagarto/bin/../lib/gcc/arm-none-eabi/4.6.2/../../../../arm-none-eabi/lib\libg.a(lib_a-reallocr.o)

Cross Reference Table

Symbol                                            File
AUDIO_Effect                                      C:\Users\INVITA~1\AppData\Local\Temp\cc0Pe0FQ.o
AUDIO_Timer_On                                    C:\Users\INVITA~1\AppData\Local\Temp\cc0Pe0FQ.o
BG_Color                                          C:\Users\INVITA~1\AppData\Local\Temp\ccxV2G10.o
                                                  C:\Users\INVITA~1\AppData\Local\Temp\ccFbxKlY.o
                                                  C:\Users\INVITA~1\AppData\Local\Temp\ccpvu5EO.o
BigFont                                           C:\Users\INVITA~1\AppData\Local\Temp\ccTMYYYB.o
                                                  C:\Users\INVITA~1\AppData\Local\Temp\ccxV2G10.o
                                                  C:\Users\INVITA~1\AppData\Local\Temp\ccpvu5EO.o
CF                                                C:\Users\INVITA~1\AppData\Local\Temp\ccxV2G10.o
                                                  C:\Users\INVITA~1\AppData\Local\Temp\ccpvu5EO.o
Cal                                               C:\Users\INVITA~1\AppData\Local\Temp\ccFbxKlY.o
FG_Color                                          C:\Users\INVITA~1\AppData\Local\Temp\ccxV2G10.o
                                                  C:\Users\INVITA~1\AppData\Local\Temp\ccFbxKlY.o
                                                  C:\Users\INVITA~1\AppData\Local\Temp\ccpvu5EO.o
GetAction                                         C:\Users\INVITA~1\AppData\Local\Temp\ccrdJOC4.o
                                                  C:\Users\INVITA~1\AppData\Local\Temp\ccpvu5EO.o
IRQ_Spurious_Routine                              C:\Users\INVITA~1\AppData\Local\Temp\cc0Pe0FQ.o
LENX                                              C:\Users\INVITA~1\AppData\Local\Temp\ccxV2G10.o
                                                  C:\Users\INVITA~1\AppData\Local\Temp\ccNfbUAx.o
                                                  C:\Users\INVITA~1\AppData\Local\Temp\ccFbxKlY.o
                                                  C:\Users\INVITA~1\AppData\Local\Temp\ccpvu5EO.o
LENY                                              C:\Users\INVITA~1\AppData\Local\Temp\ccxV2G10.o
                                                  C:\Users\INVITA~1\AppData\Local\Temp\ccNfbUAx.o
                                                  C:\Users\INVITA~1\AppData\Local\Temp\ccFbxKlY.o
                                                  C:\Users\INVITA~1\AppData\Local\Temp\ccpvu5EO.o
NOTE                                              C:\Users\INVITA~1\AppData\Local\Temp\cc0Pe0FQ.o
NT35510_Cmd                                       C:\Users\INVITA~1\AppData\Local\Temp\ccxV2G10.o
NT35510_Data                                      C:\Users\INVITA~1\AppData\Local\Temp\ccxV2G10.o
NT35510_Data_                                     C:\Users\INVITA~1\AppData\Local\Temp\ccxV2G10.o
                                                  C:\Users\INVITA~1\AppData\Local\Temp\ccNfbUAx.o
NT35510_ReadCMD                                   C:\Users\INVITA~1\AppData\Local\Temp\ccxV2G10.o
NT35510_ReadPage                                  C:\Users\INVITA~1\AppData\Local\Temp\ccxV2G10.o
NT35510_Reg                                       C:\Users\INVITA~1\AppData\Local\Temp\ccxV2G10.o
NT35510_WritePage                                 C:\Users\INVITA~1\AppData\Local\Temp\ccxV2G10.o
PARTITURE_Off                                     C:\Users\INVITA~1\AppData\Local\Temp\cc0Pe0FQ.o
PARTITURE_On                                      C:\Users\INVITA~1\AppData\Local\Temp\cc0Pe0FQ.o
PWM0_ISR                                          C:\Users\INVITA~1\AppData\Local\Temp\cc0Pe0FQ.o
SmallFont                                         C:\Users\INVITA~1\AppData\Local\Temp\ccBxSOJL.o
TABLA_SQUARE_WAVE                                 C:\Users\INVITA~1\AppData\Local\Temp\cc0Pe0FQ.o
TFT_DrawCircle                                    C:\Users\INVITA~1\AppData\Local\Temp\ccxV2G10.o
                                                  C:\Users\INVITA~1\AppData\Local\Temp\ccFbxKlY.o
TFT_DrawFillSquare                                C:\Users\INVITA~1\AppData\Local\Temp\ccxV2G10.o
                                                  C:\Users\INVITA~1\AppData\Local\Temp\ccFbxKlY.o
TFT_DrawFillSquareS                               C:\Users\INVITA~1\AppData\Local\Temp\ccxV2G10.o
                                                  C:\Users\INVITA~1\AppData\Local\Temp\ccpvu5EO.o
TFT_DrawLine                                      C:\Users\INVITA~1\AppData\Local\Temp\ccxV2G10.o
                                                  C:\Users\INVITA~1\AppData\Local\Temp\ccFbxKlY.o
TFT_DrawSquare                                    C:\Users\INVITA~1\AppData\Local\Temp\ccxV2G10.o
TFT_DumpBinaryFont                                C:\Users\INVITA~1\AppData\Local\Temp\ccxV2G10.o
TFT_FillArea                                      C:\Users\INVITA~1\AppData\Local\Temp\ccxV2G10.o
TFT_FillCircle                                    C:\Users\INVITA~1\AppData\Local\Temp\ccxV2G10.o
TFT_HorizontalLine                                C:\Users\INVITA~1\AppData\Local\Temp\ccxV2G10.o
TFT_Init                                          C:\Users\INVITA~1\AppData\Local\Temp\ccxV2G10.o
                                                  C:\Users\INVITA~1\AppData\Local\Temp\ccpvu5EO.o
TFT_Off                                           C:\Users\INVITA~1\AppData\Local\Temp\ccxV2G10.o
TFT_On                                            C:\Users\INVITA~1\AppData\Local\Temp\ccxV2G10.o
TFT_PutPixel                                      C:\Users\INVITA~1\AppData\Local\Temp\ccxV2G10.o
TFT_PutPixelColor                                 C:\Users\INVITA~1\AppData\Local\Temp\ccxV2G10.o
TFT_SetArea                                       C:\Users\INVITA~1\AppData\Local\Temp\ccxV2G10.o
                                                  C:\Users\INVITA~1\AppData\Local\Temp\ccNfbUAx.o
TFT_SetAreaR                                      C:\Users\INVITA~1\AppData\Local\Temp\ccxV2G10.o
TFT_VerticalLine                                  C:\Users\INVITA~1\AppData\Local\Temp\ccxV2G10.o
TFT_print                                         C:\Users\INVITA~1\AppData\Local\Temp\ccxV2G10.o
TFT_print_centered_x                              C:\Users\INVITA~1\AppData\Local\Temp\ccxV2G10.o
                                                  C:\Users\INVITA~1\AppData\Local\Temp\ccFbxKlY.o
TFT_print_centered_x_xNyN                         C:\Users\INVITA~1\AppData\Local\Temp\ccxV2G10.o
TFT_print_xNyN                                    C:\Users\INVITA~1\AppData\Local\Temp\ccxV2G10.o
                                                  C:\Users\INVITA~1\AppData\Local\Temp\ccpvu5EO.o
TFT_putch                                         C:\Users\INVITA~1\AppData\Local\Temp\ccxV2G10.o
TFT_putch_xNyN                                    C:\Users\INVITA~1\AppData\Local\Temp\ccxV2G10.o
TFT_putchar                                       C:\Users\INVITA~1\AppData\Local\Temp\ccxV2G10.o
TFT_putchar_xNyN                                  C:\Users\INVITA~1\AppData\Local\Temp\ccxV2G10.o
TIMER0_ISR                                        C:\Users\INVITA~1\AppData\Local\Temp\cc0Pe0FQ.o
TIMER1_ISR                                        C:\Users\INVITA~1\AppData\Local\Temp\cc5AcnCx.o
TP_Aspa                                           C:\Users\INVITA~1\AppData\Local\Temp\ccFbxKlY.o
TP_Calibrate                                      C:\Users\INVITA~1\AppData\Local\Temp\ccFbxKlY.o
TP_EnviaRecibe                                    C:\Users\INVITA~1\AppData\Local\Temp\ccFbxKlY.o
TP_Get_XY                                         C:\Users\INVITA~1\AppData\Local\Temp\ccFbxKlY.o
TP_Get_XY_Cal                                     C:\Users\INVITA~1\AppData\Local\Temp\ccFbxKlY.o
TP_Init                                           C:\Users\INVITA~1\AppData\Local\Temp\ccFbxKlY.o
                                                  C:\Users\INVITA~1\AppData\Local\Temp\ccpvu5EO.o
VibratorON                                        C:\Users\INVITA~1\AppData\Local\Temp\cc5AcnCx.o
XPM_Extract                                       C:\Users\INVITA~1\AppData\Local\Temp\ccNfbUAx.o
                                                  C:\Users\INVITA~1\AppData\Local\Temp\ccpvu5EO.o
XPM_PintaAll                                      C:\Users\INVITA~1\AppData\Local\Temp\ccNfbUAx.o
XPM_PintaAt                                       C:\Users\INVITA~1\AppData\Local\Temp\ccNfbUAx.o
XPM_PintaAtxNyN                                   C:\Users\INVITA~1\AppData\Local\Temp\ccNfbUAx.o
                                                  C:\Users\INVITA~1\AppData\Local\Temp\ccpvu5EO.o
XPM_SetxNyN                                       C:\Users\INVITA~1\AppData\Local\Temp\ccNfbUAx.o
                                                  C:\Users\INVITA~1\AppData\Local\Temp\ccpvu5EO.o
X_SINPULSAR                                       C:\Users\INVITA~1\AppData\Local\Temp\ccFbxKlY.o
_Balloc                                           c:/program files (x86)/yagarto/bin/../lib/gcc/arm-none-eabi/4.6.2/../../../../arm-none-eabi/lib\libg.a(lib_a-mprec.o)
                                                  c:/program files (x86)/yagarto/bin/../lib/gcc/arm-none-eabi/4.6.2/../../../../arm-none-eabi/lib\libg.a(lib_a-dtoa.o)
_Bfree                                            c:/program files (x86)/yagarto/bin/../lib/gcc/arm-none-eabi/4.6.2/../../../../arm-none-eabi/lib\libg.a(lib_a-mprec.o)
                                                  c:/program files (x86)/yagarto/bin/../lib/gcc/arm-none-eabi/4.6.2/../../../../arm-none-eabi/lib\libg.a(lib_a-dtoa.o)
_Halt                                             C:\Users\INVITA~1\AppData\Local\Temp\cc9dZ8xl.o
_PathLocale                                       c:/program files (x86)/yagarto/bin/../lib/gcc/arm-none-eabi/4.6.2/../../../../arm-none-eabi/lib\libg.a(lib_a-locale.o)
_U0getch                                          C:\Users\INVITA~1\AppData\Local\Temp\cc9dZ8xl.o
_U0putch                                          C:\Users\INVITA~1\AppData\Local\Temp\cc9dZ8xl.o
__adddf3                                          c:/program files (x86)/yagarto/bin/../lib/gcc/arm-none-eabi/4.6.2\libgcc.a(_arm_addsubdf3.o)
__aeabi_cdcmpeq                                   c:/program files (x86)/yagarto/bin/../lib/gcc/arm-none-eabi/4.6.2\libgcc.a(_arm_cmpdf2.o)
__aeabi_cdcmple                                   c:/program files (x86)/yagarto/bin/../lib/gcc/arm-none-eabi/4.6.2\libgcc.a(_arm_cmpdf2.o)
__aeabi_cdrcmple                                  c:/program files (x86)/yagarto/bin/../lib/gcc/arm-none-eabi/4.6.2\libgcc.a(_arm_cmpdf2.o)
__aeabi_d2iz                                      c:/program files (x86)/yagarto/bin/../lib/gcc/arm-none-eabi/4.6.2\libgcc.a(_arm_fixdfsi.o)
                                                  c:/program files (x86)/yagarto/bin/../lib/gcc/arm-none-eabi/4.6.2/../../../../arm-none-eabi/lib\libg.a(lib_a-dtoa.o)
__aeabi_dadd                                      c:/program files (x86)/yagarto/bin/../lib/gcc/arm-none-eabi/4.6.2\libgcc.a(_arm_addsubdf3.o)
                                                  c:/program files (x86)/yagarto/bin/../lib/gcc/arm-none-eabi/4.6.2/../../../../arm-none-eabi/lib\libg.a(lib_a-dtoa.o)
__aeabi_dcmpeq                                    c:/program files (x86)/yagarto/bin/../lib/gcc/arm-none-eabi/4.6.2\libgcc.a(_arm_cmpdf2.o)
                                                  c:/program files (x86)/yagarto/bin/../lib/gcc/arm-none-eabi/4.6.2/../../../../arm-none-eabi/lib\libg.a(lib_a-dtoa.o)
                                                  c:/program files (x86)/yagarto/bin/../lib/gcc/arm-none-eabi/4.6.2/../../../../arm-none-eabi/lib\libg.a(lib_a-svfprintf.o)
__aeabi_dcmpge                                    c:/program files (x86)/yagarto/bin/../lib/gcc/arm-none-eabi/4.6.2\libgcc.a(_arm_cmpdf2.o)
                                                  c:/program files (x86)/yagarto/bin/../lib/gcc/arm-none-eabi/4.6.2/../../../../arm-none-eabi/lib\libg.a(lib_a-dtoa.o)
__aeabi_dcmpgt                                    c:/program files (x86)/yagarto/bin/../lib/gcc/arm-none-eabi/4.6.2\libgcc.a(_arm_cmpdf2.o)
                                                  c:/program files (x86)/yagarto/bin/../lib/gcc/arm-none-eabi/4.6.2/../../../../arm-none-eabi/lib\libg.a(lib_a-dtoa.o)
__aeabi_dcmple                                    c:/program files (x86)/yagarto/bin/../lib/gcc/arm-none-eabi/4.6.2\libgcc.a(_arm_cmpdf2.o)
__aeabi_dcmplt                                    c:/program files (x86)/yagarto/bin/../lib/gcc/arm-none-eabi/4.6.2\libgcc.a(_arm_cmpdf2.o)
                                                  c:/program files (x86)/yagarto/bin/../lib/gcc/arm-none-eabi/4.6.2/../../../../arm-none-eabi/lib\libg.a(lib_a-dtoa.o)
                                                  c:/program files (x86)/yagarto/bin/../lib/gcc/arm-none-eabi/4.6.2/../../../../arm-none-eabi/lib\libg.a(lib_a-svfprintf.o)
__aeabi_ddiv                                      c:/program files (x86)/yagarto/bin/../lib/gcc/arm-none-eabi/4.6.2\libgcc.a(_arm_muldivdf3.o)
                                                  c:/program files (x86)/yagarto/bin/../lib/gcc/arm-none-eabi/4.6.2/../../../../arm-none-eabi/lib\libg.a(lib_a-mprec.o)
                                                  c:/program files (x86)/yagarto/bin/../lib/gcc/arm-none-eabi/4.6.2/../../../../arm-none-eabi/lib\libg.a(lib_a-dtoa.o)
__aeabi_dmul                                      c:/program files (x86)/yagarto/bin/../lib/gcc/arm-none-eabi/4.6.2\libgcc.a(_arm_muldivdf3.o)
                                                  c:/program files (x86)/yagarto/bin/../lib/gcc/arm-none-eabi/4.6.2/../../../../arm-none-eabi/lib\libg.a(lib_a-mprec.o)
                                                  c:/program files (x86)/yagarto/bin/../lib/gcc/arm-none-eabi/4.6.2/../../../../arm-none-eabi/lib\libg.a(lib_a-dtoa.o)
__aeabi_drsub                                     c:/program files (x86)/yagarto/bin/../lib/gcc/arm-none-eabi/4.6.2\libgcc.a(_arm_addsubdf3.o)
__aeabi_dsub                                      c:/program files (x86)/yagarto/bin/../lib/gcc/arm-none-eabi/4.6.2\libgcc.a(_arm_addsubdf3.o)
                                                  c:/program files (x86)/yagarto/bin/../lib/gcc/arm-none-eabi/4.6.2/../../../../arm-none-eabi/lib\libg.a(lib_a-dtoa.o)
__aeabi_f2d                                       c:/program files (x86)/yagarto/bin/../lib/gcc/arm-none-eabi/4.6.2\libgcc.a(_arm_addsubdf3.o)
__aeabi_i2d                                       c:/program files (x86)/yagarto/bin/../lib/gcc/arm-none-eabi/4.6.2\libgcc.a(_arm_addsubdf3.o)
                                                  c:/program files (x86)/yagarto/bin/../lib/gcc/arm-none-eabi/4.6.2/../../../../arm-none-eabi/lib\libg.a(lib_a-dtoa.o)
__aeabi_idiv                                      c:/program files (x86)/yagarto/bin/../lib/gcc/arm-none-eabi/4.6.2\libgcc.a(_divsi3.o)
                                                  C:\Users\INVITA~1\AppData\Local\Temp\ccNfbUAx.o
                                                  C:\Users\INVITA~1\AppData\Local\Temp\cc3n8xEq.o
__aeabi_idiv0                                     c:/program files (x86)/yagarto/bin/../lib/gcc/arm-none-eabi/4.6.2\libgcc.a(_dvmd_tls.o)
                                                  c:/program files (x86)/yagarto/bin/../lib/gcc/arm-none-eabi/4.6.2\libgcc.a(_divsi3.o)
                                                  c:/program files (x86)/yagarto/bin/../lib/gcc/arm-none-eabi/4.6.2\libgcc.a(_udivsi3.o)
__aeabi_idivmod                                   c:/program files (x86)/yagarto/bin/../lib/gcc/arm-none-eabi/4.6.2\libgcc.a(_divsi3.o)
                                                  C:\Users\INVITA~1\AppData\Local\Temp\ccNfbUAx.o
__aeabi_l2d                                       c:/program files (x86)/yagarto/bin/../lib/gcc/arm-none-eabi/4.6.2\libgcc.a(_arm_addsubdf3.o)
__aeabi_ldiv0                                     c:/program files (x86)/yagarto/bin/../lib/gcc/arm-none-eabi/4.6.2\libgcc.a(_dvmd_tls.o)
__aeabi_ui2d                                      c:/program files (x86)/yagarto/bin/../lib/gcc/arm-none-eabi/4.6.2\libgcc.a(_arm_addsubdf3.o)
                                                  c:/program files (x86)/yagarto/bin/../lib/gcc/arm-none-eabi/4.6.2/../../../../arm-none-eabi/lib\libg.a(lib_a-dtoa.o)
__aeabi_uidiv                                     c:/program files (x86)/yagarto/bin/../lib/gcc/arm-none-eabi/4.6.2\libgcc.a(_udivsi3.o)
                                                  c:/program files (x86)/yagarto/bin/../lib/gcc/arm-none-eabi/4.6.2/../../../../arm-none-eabi/lib\libg.a(lib_a-dtoa.o)
                                                  C:\Users\INVITA~1\AppData\Local\Temp\cc0Pe0FQ.o
__aeabi_uidivmod                                  c:/program files (x86)/yagarto/bin/../lib/gcc/arm-none-eabi/4.6.2\libgcc.a(_udivsi3.o)
__aeabi_ul2d                                      c:/program files (x86)/yagarto/bin/../lib/gcc/arm-none-eabi/4.6.2\libgcc.a(_arm_addsubdf3.o)
__any_on                                          c:/program files (x86)/yagarto/bin/../lib/gcc/arm-none-eabi/4.6.2/../../../../arm-none-eabi/lib\libg.a(lib_a-mprec.o)