Archive member included because of file (symbol)

c:/program files (x86)/yagarto/bin/../lib/gcc/arm-none-eabi/4.6.2\libgcc.a(_udivsi3.o)
                              C:\Users\INVITA~1\AppData\Local\Temp\ccK7uMKS.o (__aeabi_uidiv)
c:/program files (x86)/yagarto/bin/../lib/gcc/arm-none-eabi/4.6.2\libgcc.a(_divsi3.o)
                              C:\Users\INVITA~1\AppData\Local\Temp\ccMiMrHz.o (__aeabi_idiv)
c:/program files (x86)/yagarto/bin/../lib/gcc/arm-none-eabi/4.6.2\libgcc.a(_dvmd_tls.o)
                              c:/program files (x86)/yagarto/bin/../lib/gcc/arm-none-eabi/4.6.2\libgcc.a(_udivsi3.o) (__aeabi_idiv0)
c:/program files (x86)/yagarto/bin/../lib/gcc/arm-none-eabi/4.6.2/../../../../arm-none-eabi/lib\libg.a(lib_a-rand.o)
                              C:\Users\INVITA~1\AppData\Local\Temp\ccMiMrHz.o (srand)
c:/program files (x86)/yagarto/bin/../lib/gcc/arm-none-eabi/4.6.2/../../../../arm-none-eabi/lib\libg.a(lib_a-strlen.o)
                              C:\Users\INVITA~1\AppData\Local\Temp\ccvhoOey.o (strlen)
c:/program files (x86)/yagarto/bin/../lib/gcc/arm-none-eabi/4.6.2/../../../../arm-none-eabi/lib\libg.a(lib_a-sysgettod.o)
                              C:\Users\INVITA~1\AppData\Local\Temp\ccMiMrHz.o (gettimeofday)
c:/program files (x86)/yagarto/bin/../lib/gcc/arm-none-eabi/4.6.2/../../../../arm-none-eabi/lib\libg.a(lib_a-gettimeofdayr.o)
                              c:/program files (x86)/yagarto/bin/../lib/gcc/arm-none-eabi/4.6.2/../../../../arm-none-eabi/lib\libg.a(lib_a-sysgettod.o) (_gettimeofday_r)
c:/program files (x86)/yagarto/bin/../lib/gcc/arm-none-eabi/4.6.2/../../../../arm-none-eabi/lib\libg.a(lib_a-impure.o)
                              c:/program files (x86)/yagarto/bin/../lib/gcc/arm-none-eabi/4.6.2/../../../../arm-none-eabi/lib\libg.a(lib_a-rand.o) (_impure_ptr)
c:/program files (x86)/yagarto/bin/../lib/gcc/arm-none-eabi/4.6.2/../../../../arm-none-eabi/lib\libg.a(lib_a-reent.o)
                              c:/program files (x86)/yagarto/bin/../lib/gcc/arm-none-eabi/4.6.2/../../../../arm-none-eabi/lib\libg.a(lib_a-gettimeofdayr.o) (errno)
c:/program files (x86)/yagarto/bin/../lib/gcc/arm-none-eabi/4.6.2/../../../../arm-none-eabi/lib\libg.a(lib_a-freer.o)
                              c:/program files (x86)/yagarto/bin/../lib/gcc/arm-none-eabi/4.6.2/../../../../arm-none-eabi/lib\libg.a(lib_a-reent.o) (_free_r)
c:/program files (x86)/yagarto/bin/../lib/gcc/arm-none-eabi/4.6.2/../../../../arm-none-eabi/lib\libg.a(lib_a-mallocr.o)
                              c:/program files (x86)/yagarto/bin/../lib/gcc/arm-none-eabi/4.6.2/../../../../arm-none-eabi/lib\libg.a(lib_a-freer.o) (__malloc_current_mallinfo)
c:/program files (x86)/yagarto/bin/../lib/gcc/arm-none-eabi/4.6.2/../../../../arm-none-eabi/lib\libg.a(lib_a-mlock.o)
                              c:/program files (x86)/yagarto/bin/../lib/gcc/arm-none-eabi/4.6.2/../../../../arm-none-eabi/lib\libg.a(lib_a-freer.o) (__malloc_lock)
c:/program files (x86)/yagarto/bin/../lib/gcc/arm-none-eabi/4.6.2/../../../../arm-none-eabi/lib\libg.a(lib_a-sbrkr.o)
                              c:/program files (x86)/yagarto/bin/../lib/gcc/arm-none-eabi/4.6.2/../../../../arm-none-eabi/lib\libg.a(lib_a-freer.o) (_sbrk_r)

Allocating common symbols
Common symbol       size              file

errno               0x4               c:/program files (x86)/yagarto/bin/../lib/gcc/arm-none-eabi/4.6.2/../../../../arm-none-eabi/lib\libg.a(lib_a-reent.o)

Discarded input sections

 .bss           0x00000000        0x0 C:\Users\INVITA~1\AppData\Local\Temp\ccWhd8el.o
 .data          0x00000000        0x0 C:\Users\INVITA~1\AppData\Local\Temp\cciKYS6F.o
 .bss           0x00000000        0x0 C:\Users\INVITA~1\AppData\Local\Temp\cciKYS6F.o
 .bss           0x00000000        0x0 C:\Users\INVITA~1\AppData\Local\Temp\ccWDFgJL.o
 .text          0x00000000        0x0 C:\Users\INVITA~1\AppData\Local\Temp\ccKQxipX.o
 .data          0x00000000       0xb4 C:\Users\INVITA~1\AppData\Local\Temp\ccKQxipX.o
 .bss           0x00000000        0x0 C:\Users\INVITA~1\AppData\Local\Temp\ccKQxipX.o
 .rodata.str1.4
                0x00000000     0x11f0 C:\Users\INVITA~1\AppData\Local\Temp\ccKQxipX.o
 .data          0x00000000        0x0 C:\Users\INVITA~1\AppData\Local\Temp\ccGEVOfV.o
 .bss           0x00000000        0x0 C:\Users\INVITA~1\AppData\Local\Temp\ccGEVOfV.o
 .text          0x00000000        0x0 C:\Users\INVITA~1\AppData\Local\Temp\cccc1tKw.o
 .data          0x00000000        0x0 C:\Users\INVITA~1\AppData\Local\Temp\cccc1tKw.o
 .bss           0x00000000        0x0 C:\Users\INVITA~1\AppData\Local\Temp\cccc1tKw.o
 .text          0x00000000        0x0 C:\Users\INVITA~1\AppData\Local\Temp\cc6LRPv8.o
 .data          0x00000000        0x0 C:\Users\INVITA~1\AppData\Local\Temp\cc6LRPv8.o
 .bss           0x00000000        0x0 C:\Users\INVITA~1\AppData\Local\Temp\cc6LRPv8.o
 .rodata        0x00000000      0x47c C:\Users\INVITA~1\AppData\Local\Temp\cc6LRPv8.o
 .text          0x00000000      0x210 C:\Users\INVITA~1\AppData\Local\Temp\ccK7uMKS.o
 .data          0x00000000      0x124 C:\Users\INVITA~1\AppData\Local\Temp\ccK7uMKS.o
 .bss           0x00000000        0x0 C:\Users\INVITA~1\AppData\Local\Temp\ccK7uMKS.o
 .rodata        0x00000000      0x200 C:\Users\INVITA~1\AppData\Local\Temp\ccK7uMKS.o
 .rodata.str1.4
                0x00000000       0x20 C:\Users\INVITA~1\AppData\Local\Temp\ccK7uMKS.o
 .data          0x00000000        0x0 C:\Users\INVITA~1\AppData\Local\Temp\ccw1JY1G.o
 .bss           0x00000000        0x0 C:\Users\INVITA~1\AppData\Local\Temp\ccw1JY1G.o
 .text          0x00000000        0x0 C:\Users\INVITA~1\AppData\Local\Temp\ccqxoN8A.o
 .bss           0x00000000        0x0 C:\Users\INVITA~1\AppData\Local\Temp\ccqxoN8A.o
 .text          0x00000000      0x114 c:/program files (x86)/yagarto/bin/../lib/gcc/arm-none-eabi/4.6.2\libgcc.a(_udivsi3.o)
 .data          0x00000000        0x0 c:/program files (x86)/yagarto/bin/../lib/gcc/arm-none-eabi/4.6.2\libgcc.a(_udivsi3.o)
 .bss           0x00000000        0x0 c:/program files (x86)/yagarto/bin/../lib/gcc/arm-none-eabi/4.6.2\libgcc.a(_udivsi3.o)
 .data          0x00000000        0x0 c:/program files (x86)/yagarto/bin/../lib/gcc/arm-none-eabi/4.6.2\libgcc.a(_divsi3.o)
 .bss           0x00000000        0x0 c:/program files (x86)/yagarto/bin/../lib/gcc/arm-none-eabi/4.6.2\libgcc.a(_divsi3.o)
 .data          0x00000000        0x0 c:/program files (x86)/yagarto/bin/../lib/gcc/arm-none-eabi/4.6.2\libgcc.a(_dvmd_tls.o)
 .bss           0x00000000        0x0 c:/program files (x86)/yagarto/bin/../lib/gcc/arm-none-eabi/4.6.2\libgcc.a(_dvmd_tls.o)
 .data          0x00000000        0x0 c:/program files (x86)/yagarto/bin/../lib/gcc/arm-none-eabi/4.6.2/../../../../arm-none-eabi/lib\libg.a(lib_a-rand.o)
 .bss           0x00000000        0x0 c:/program files (x86)/yagarto/bin/../lib/gcc/arm-none-eabi/4.6.2/../../../../arm-none-eabi/lib\libg.a(lib_a-rand.o)
 .data          0x00000000        0x0 c:/program files (x86)/yagarto/bin/../lib/gcc/arm-none-eabi/4.6.2/../../../../arm-none-eabi/lib\libg.a(lib_a-strlen.o)
 .bss           0x00000000        0x0 c:/program files (x86)/yagarto/bin/../lib/gcc/arm-none-eabi/4.6.2/../../../../arm-none-eabi/lib\libg.a(lib_a-strlen.o)
 .data          0x00000000        0x0 c:/program files (x86)/yagarto/bin/../lib/gcc/arm-none-eabi/4.6.2/../../../../arm-none-eabi/lib\libg.a(lib_a-sysgettod.o)
 .bss           0x00000000        0x0 c:/program files (x86)/yagarto/bin/../lib/gcc/arm-none-eabi/4.6.2/../../../../arm-none-eabi/lib\libg.a(lib_a-sysgettod.o)
 .data          0x00000000        0x0 c:/program files (x86)/yagarto/bin/../lib/gcc/arm-none-eabi/4.6.2/../../../../arm-none-eabi/lib\libg.a(lib_a-gettimeofdayr.o)
 .bss           0x00000000        0x0 c:/program files (x86)/yagarto/bin/../lib/gcc/arm-none-eabi/4.6.2/../../../../arm-none-eabi/lib\libg.a(lib_a-gettimeofdayr.o)
 .text          0x00000000        0x0 c:/program files (x86)/yagarto/bin/../lib/gcc/arm-none-eabi/4.6.2/../../../../arm-none-eabi/lib\libg.a(lib_a-impure.o)
 .bss           0x00000000        0x0 c:/program files (x86)/yagarto/bin/../lib/gcc/arm-none-eabi/4.6.2/../../../../arm-none-eabi/lib\libg.a(lib_a-impure.o)
 .rodata        0x00000000        0x4 c:/program files (x86)/yagarto/bin/../lib/gcc/arm-none-eabi/4.6.2/../../../../arm-none-eabi/lib\libg.a(lib_a-impure.o)
 .text          0x00000000      0x1a8 c:/program files (x86)/yagarto/bin/../lib/gcc/arm-none-eabi/4.6.2/../../../../arm-none-eabi/lib\libg.a(lib_a-reent.o)
 .data          0x00000000        0x0 c:/program files (x86)/yagarto/bin/../lib/gcc/arm-none-eabi/4.6.2/../../../../arm-none-eabi/lib\libg.a(lib_a-reent.o)
 .bss           0x00000000        0x0 c:/program files (x86)/yagarto/bin/../lib/gcc/arm-none-eabi/4.6.2/../../../../arm-none-eabi/lib\libg.a(lib_a-reent.o)
 .text          0x00000000      0x360 c:/program files (x86)/yagarto/bin/../lib/gcc/arm-none-eabi/4.6.2/../../../../arm-none-eabi/lib\libg.a(lib_a-freer.o)
 .data          0x00000000        0x0 c:/program files (x86)/yagarto/bin/../lib/gcc/arm-none-eabi/4.6.2/../../../../arm-none-eabi/lib\libg.a(lib_a-freer.o)
 .bss           0x00000000        0x0 c:/program files (x86)/yagarto/bin/../lib/gcc/arm-none-eabi/4.6.2/../../../../arm-none-eabi/lib\libg.a(lib_a-freer.o)
 .text          0x00000000      0x714 c:/program files (x86)/yagarto/bin/../lib/gcc/arm-none-eabi/4.6.2/../../../../arm-none-eabi/lib\libg.a(lib_a-mallocr.o)
 .data          0x00000000      0x410 c:/program files (x86)/yagarto/bin/../lib/gcc/arm-none-eabi/4.6.2/../../../../arm-none-eabi/lib\libg.a(lib_a-mallocr.o)
 .bss           0x00000000       0x34 c:/program files (x86)/yagarto/bin/../lib/gcc/arm-none-eabi/4.6.2/../../../../arm-none-eabi/lib\libg.a(lib_a-mallocr.o)
 .text          0x00000000        0x8 c:/program files (x86)/yagarto/bin/../lib/gcc/arm-none-eabi/4.6.2/../../../../arm-none-eabi/lib\libg.a(lib_a-mlock.o)
 .data          0x00000000        0x0 c:/program files (x86)/yagarto/bin/../lib/gcc/arm-none-eabi/4.6.2/../../../../arm-none-eabi/lib\libg.a(lib_a-mlock.o)
 .bss           0x00000000        0x0 c:/program files (x86)/yagarto/bin/../lib/gcc/arm-none-eabi/4.6.2/../../../../arm-none-eabi/lib\libg.a(lib_a-mlock.o)
 .text          0x00000000       0x40 c:/program files (x86)/yagarto/bin/../lib/gcc/arm-none-eabi/4.6.2/../../../../arm-none-eabi/lib\libg.a(lib_a-sbrkr.o)
 .data          0x00000000        0x0 c:/program files (x86)/yagarto/bin/../lib/gcc/arm-none-eabi/4.6.2/../../../../arm-none-eabi/lib\libg.a(lib_a-sbrkr.o)
 .bss           0x00000000        0x0 c:/program files (x86)/yagarto/bin/../lib/gcc/arm-none-eabi/4.6.2/../../../../arm-none-eabi/lib\libg.a(lib_a-sbrkr.o)

Memory Configuration

Name             Origin             Length             Attributes
ROM              0x00000000         0x00020000         xr
RAM              0x40000000         0x00010000         rw
*default*        0x00000000         0xffffffff

Linker script and memory map

                0x00000400                STACK_SIZE = 0x400
                0x40010000                _stack_end = 0x40010000

.text           0x00000000    0x15b48
 //*(.text.startup)
 *(.text)
 .text          0x00000000      0x640 C:\Users\INVITA~1\AppData\Local\Temp\ccWhd8el.o
                0x00000000                _boot
                0x00000230                _start
                0x00000230                _mainCRTStartup
                0x00000230                start
                0x00000348                _Halt
                0x00000360                _delay_loop
                0x0000036c                _prtnum
                0x00000410                _prthex
                0x00000458                _puts
                0x0000047c                _printf
                0x00000524                _gets
                0x000005ac                _U0putch
                0x000005c4                _U0getch
 .text          0x00000640      0x5bc C:\Users\INVITA~1\AppData\Local\Temp\ccMiMrHz.o
                0x00000bb8                _gettimeofday
                0x00000bd0                _sbrk
 .text          0x00000bfc     0x6384 C:\Users\INVITA~1\AppData\Local\Temp\ccvhoOey.o
                0x00000bfc                NT35510_Cmd
                0x00000c28                NT35510_Data
                0x00000c58                NT35510_Data_
                0x00000c84                NT35510_Reg
                0x00000cd8                TFT_SetArea
                0x00000e98                TFT_SetAreaR
                0x00001058                NT35510_ReadCMD
                0x000010e8                TFT_Init
                0x00003e18                TFT_FillArea
                0x00004038                TFT_PutPixel
                0x0000419c                TFT_PutPixelColor
                0x000042d8                TFT_DrawLine
                0x000046fc                TFT_HorizontalLine
                0x0000493c                TFT_VerticalLine
                0x00004b5c                TFT_DrawSquare
                0x00004bd4                TFT_DrawCircle
                0x00005ce8                TFT_FillCircle
                0x00005db4                TFT_DrawFillSquare
                0x00005fe0                TFT_DrawFillSquareS
                0x00006214                TFT_DumpBinaryFont
                0x0000639c                TFT_putch
                0x00006664                TFT_print
                0x000066c4                TFT_print_centered_x
                0x00006744                _sputchar
                0x0000675c                TFT_putchar
                0x0000679c                TFT_putch_xNyN
                0x00006910                TFT_putchar_xNyN
                0x00006954                TFT_print_xNyN
                0x000069c0                TFT_print_centered_x_xNyN
                0x00006a54                TFT_Off
                0x00006b44                TFT_On
                0x00006b48                NT35510_WritePage
                0x00006d48                NT35510_ReadPage
 .text          0x00006f80      0x278 C:\Users\INVITA~1\AppData\Local\Temp\cciKYS6F.o
                0x00006f80                setCalibrationMatrix
                0x00007174                getDisplayPoint
 .text          0x000071f8      0x504 C:\Users\INVITA~1\AppData\Local\Temp\ccWDFgJL.o
                0x000071f8                TP_Init
                0x00007240                TP_EnviaRecibe
                0x00007268                TP_Get_XY
                0x000073e8                TP_Get_XY_Cal
                0x00007458                TP_Aspa
                0x000074c0                TP_Calibrate
 .text          0x000076fc      0x8f8 C:\Users\INVITA~1\AppData\Local\Temp\ccsK1Bup.o
                0x000076fc                _atoi
                0x0000775c                XPM_Extract
                0x00007a90                XPM_PintaAll
                0x00007b48                XPM_PintaAt
                0x00007c74                XPM_SetxNyN
                0x00007cc4                XPM_PintaAtxNyN
 .text          0x00007ff4       0x6c C:\Users\INVITA~1\AppData\Local\Temp\ccGEVOfV.o
                0x00007ff4                TIMER1_ISR
                0x0000801c                VibratorON
 .text          0x00008060       0x88 C:\Users\INVITA~1\AppData\Local\Temp\ccw1JY1G.o
                0x00008060                GetAction
 .text          0x000080e8      0x148 c:/program files (x86)/yagarto/bin/../lib/gcc/arm-none-eabi/4.6.2\libgcc.a(_divsi3.o)
                0x000080e8                __divsi3
                0x000080e8                __aeabi_idiv
                0x00008210                __aeabi_idivmod
 .text          0x00008230        0x4 c:/program files (x86)/yagarto/bin/../lib/gcc/arm-none-eabi/4.6.2\libgcc.a(_dvmd_tls.o)
                0x00008230                __aeabi_idiv0
                0x00008230                __aeabi_ldiv0
 .text          0x00008234       0x78 c:/program files (x86)/yagarto/bin/../lib/gcc/arm-none-eabi/4.6.2/../../../../arm-none-eabi/lib\libg.a(lib_a-rand.o)
                0x00008234                srand
                0x00008250                rand
 .text          0x000082ac       0x60 c:/program files (x86)/yagarto/bin/../lib/gcc/arm-none-eabi/4.6.2/../../../../arm-none-eabi/lib\libg.a(lib_a-strlen.o)
                0x000082ac                strlen
 .text          0x0000830c       0x28 c:/program files (x86)/yagarto/bin/../lib/gcc/arm-none-eabi/4.6.2/../../../../arm-none-eabi/lib\libg.a(lib_a-sysgettod.o)
                0x0000830c                gettimeofday
 .text          0x00008334       0x40 c:/program files (x86)/yagarto/bin/../lib/gcc/arm-none-eabi/4.6.2/../../../../arm-none-eabi/lib\libg.a(lib_a-gettimeofdayr.o)
                0x00008334                _gettimeofday_r
 *(.text.startup)
 .text.startup  0x00008374      0x504 C:\Users\INVITA~1\AppData\Local\Temp\ccMiMrHz.o
                0x00008374                main
 *(.rodata)
 .rodata        0x00008878      0x264 C:\Users\INVITA~1\AppData\Local\Temp\ccMiMrHz.o
 .rodata        0x00008adc      0xbe8 C:\Users\INVITA~1\AppData\Local\Temp\cccc1tKw.o
                0x00008adc                BigFont
 *(.rodata*)
 .rodata.str1.4
                0x000096c4       0x54 C:\Users\INVITA~1\AppData\Local\Temp\ccMiMrHz.o
 .rodata.str1.4
                0x00009718       0xb7 C:\Users\INVITA~1\AppData\Local\Temp\ccvhoOey.o
                                 0xbc (size before relaxing)
 *fill*         0x000097cf        0x1 00
 .rodata.str1.4
                0x000097d0       0xa4 C:\Users\INVITA~1\AppData\Local\Temp\ccWDFgJL.o
 .rodata.str1.4
                0x00009874       0x1f C:\Users\INVITA~1\AppData\Local\Temp\ccsK1Bup.o
                                 0x20 (size before relaxing)
 *fill*         0x00009893        0x1 00
 .rodata.str1.4
                0x00009894     0xc2ad C:\Users\INVITA~1\AppData\Local\Temp\ccqxoN8A.o
                               0xc2b0 (size before relaxing)
 *fill*         0x00015b41        0x3 00
 .rodata.str1.4
                0x00015b44        0x4 c:/program files (x86)/yagarto/bin/../lib/gcc/arm-none-eabi/4.6.2/../../../../arm-none-eabi/lib\libg.a(lib_a-impure.o)
 *(.glue_7)
 .glue_7        0x00000000        0x0 linker stubs
 *(.glue_7t)
 .glue_7t       0x00000000        0x0 linker stubs

.vfp11_veneer   0x00015b48        0x0
 .vfp11_veneer  0x00000000        0x0 linker stubs

.v4_bx          0x00015b48        0x0
 .v4_bx         0x00000000        0x0 linker stubs
                0x00015b48                . = ALIGN (0x4)

.ctors          0x00015b48        0x0
                0x00015b48                PROVIDE (__ctors_start__, .)
 *(SORT(.ctors.*))
 *(.ctors)
                0x00015b48                PROVIDE (__ctors_end__, .)

.dtors          0x00015b48        0x0
                0x00015b48                PROVIDE (__dtors_start__, .)
 *(SORT(.dtors.*))
 *(.dtors)
                0x00015b48                PROVIDE (__dtors_end__, .)
                0x00015b48                . = ALIGN (0x4)
                0x00015b48                _etext = .
                0x00015b48                PROVIDE (etext, .)

.data           0x40000000      0x820 load address 0x00015b48
                0x40000000                _data = .
 *(.data)
 .data          0x40000000        0x8 C:\Users\INVITA~1\AppData\Local\Temp\ccWhd8el.o
                0x40000000                _vputch
                0x40000004                _vgetch
 .data          0x40000008        0x3 C:\Users\INVITA~1\AppData\Local\Temp\ccMiMrHz.o
 *fill*         0x4000000b        0x1 00
 .data          0x4000000c       0x10 C:\Users\INVITA~1\AppData\Local\Temp\ccvhoOey.o
                0x4000000c                FG_Color
                0x40000010                CF
                0x40000014                yN
                0x40000018                xN
 .data          0x4000001c       0x20 C:\Users\INVITA~1\AppData\Local\Temp\ccWDFgJL.o
                0x4000001c                X_SINPULSAR
                0x40000020                Cal
 .data          0x4000003c       0x10 C:\Users\INVITA~1\AppData\Local\Temp\ccsK1Bup.o
                0x4000003c                xpm_xn
                0x40000040                xpm_yn
                0x40000044                xpm_sxn
                0x40000048                xpm_syn
 .data          0x4000004c      0x3a4 C:\Users\INVITA~1\AppData\Local\Temp\ccqxoN8A.o
                0x4000004c                pacman
 .data          0x400003f0      0x430 c:/program files (x86)/yagarto/bin/../lib/gcc/arm-none-eabi/4.6.2/../../../../arm-none-eabi/lib\libg.a(lib_a-impure.o)
                0x400003f0                _impure_ptr
                0x40000820                . = ALIGN (0x4)
                0x40000820                _edata = .
                0x40000820                PROVIDE (edata, .)

.bss            0x40000820      0x3a8 load address 0x00016368
                0x40000820                __bss_start = .
                0x40000820                __bss_start__ = .
 *(.bss)
 .bss           0x40000820      0x2ac C:\Users\INVITA~1\AppData\Local\Temp\ccMiMrHz.o
 .bss           0x40000acc       0x18 C:\Users\INVITA~1\AppData\Local\Temp\ccvhoOey.o
                0x40000acc                LENX
                0x40000ad0                LENY
                0x40000ad4                BG_Color
                0x40000ad8                dir
                0x40000adc                tft_x
                0x40000ae0                tft_y
 .bss           0x40000ae4       0xe0 C:\Users\INVITA~1\AppData\Local\Temp\ccsK1Bup.o
                0x40000ae4                xpm_ancho
                0x40000ae8                xpm_alto
                0x40000aec                xpm_ncol
                0x40000af0                xpm_cpp
                0x40000af4                paleta
                0x40000bb4                xpm_sx
                0x40000bb8                xpm_sy
                0x40000bbc                teselas_x
                0x40000bc0                xpm_xmirror
 *(COMMON)
 COMMON         0x40000bc4        0x4 c:/program files (x86)/yagarto/bin/../lib/gcc/arm-none-eabi/4.6.2/../../../../arm-none-eabi/lib\libg.a(lib_a-reent.o)
                0x40000bc4                errno
                0x40000bc8                . = ALIGN (0x4)
                0x40000bc8                . = ALIGN (0x4)
                0x40000bc8                __bss_end__ = .
                0x40000bc8                PROVIDE (__bss_end, .)

.stack          0x40000bc8      0x438 load address 0x00016710
                0x40000c00                . = ALIGN (0x100)
 *fill*         0x40000bc8       0x38 00
                0x40001000                . = (. + STACK_SIZE)
 *fill*         0x40000c00      0x400 00
                0x40001000                PROVIDE (_stack, .)
                0x40001000                _end = .
                0x40001000                PROVIDE (end, .)

.stab
 *(.stab)

.stabstr
 *(.stabstr)

.stab.excl
 *(.stab.excl)

.stab.exclstr
 *(.stab.exclstr)

.stab.index
 *(.stab.index)

.stab.indexstr
 *(.stab.indexstr)

.ARM.attributes
                0x00000000       0x2e
 .ARM.attributes
                0x00000000       0x22 C:\Users\INVITA~1\AppData\Local\Temp\ccWhd8el.o
 .ARM.attributes
                0x00000022       0x32 C:\Users\INVITA~1\AppData\Local\Temp\ccMiMrHz.o
 .ARM.attributes
                0x00000054       0x32 C:\Users\INVITA~1\AppData\Local\Temp\ccvhoOey.o
 .ARM.attributes
                0x00000086       0x32 C:\Users\INVITA~1\AppData\Local\Temp\cciKYS6F.o
 .ARM.attributes
                0x000000b8       0x32 C:\Users\INVITA~1\AppData\Local\Temp\ccWDFgJL.o
 .ARM.attributes
                0x000000ea       0x32 C:\Users\INVITA~1\AppData\Local\Temp\ccKQxipX.o
 .ARM.attributes
                0x0000011c       0x32 C:\Users\INVITA~1\AppData\Local\Temp\ccsK1Bup.o
 .ARM.attributes
                0x0000014e       0x32 C:\Users\INVITA~1\AppData\Local\Temp\ccGEVOfV.o
 .ARM.attributes
                0x00000180       0x32 C:\Users\INVITA~1\AppData\Local\Temp\cccc1tKw.o
 .ARM.attributes
                0x000001b2       0x32 C:\Users\INVITA~1\AppData\Local\Temp\cc6LRPv8.o
 .ARM.attributes
                0x000001e4       0x32 C:\Users\INVITA~1\AppData\Local\Temp\ccK7uMKS.o
 .ARM.attributes
                0x00000216       0x32 C:\Users\INVITA~1\AppData\Local\Temp\ccw1JY1G.o
 .ARM.attributes
                0x00000248       0x32 C:\Users\INVITA~1\AppData\Local\Temp\ccqxoN8A.o
 .ARM.attributes
                0x0000027a       0x1a c:/program files (x86)/yagarto/bin/../lib/gcc/arm-none-eabi/4.6.2\libgcc.a(_udivsi3.o)
 .ARM.attributes
                0x00000294       0x1a c:/program files (x86)/yagarto/bin/../lib/gcc/arm-none-eabi/4.6.2\libgcc.a(_divsi3.o)
 .ARM.attributes
                0x000002ae       0x18 c:/program files (x86)/yagarto/bin/../lib/gcc/arm-none-eabi/4.6.2\libgcc.a(_dvmd_tls.o)
 .ARM.attributes
                0x000002c6       0x32 c:/program files (x86)/yagarto/bin/../lib/gcc/arm-none-eabi/4.6.2/../../../../arm-none-eabi/lib\libg.a(lib_a-rand.o)
 .ARM.attributes
                0x000002f8       0x32 c:/program files (x86)/yagarto/bin/../lib/gcc/arm-none-eabi/4.6.2/../../../../arm-none-eabi/lib\libg.a(lib_a-strlen.o)
 .ARM.attributes
                0x0000032a       0x32 c:/program files (x86)/yagarto/bin/../lib/gcc/arm-none-eabi/4.6.2/../../../../arm-none-eabi/lib\libg.a(lib_a-sysgettod.o)
 .ARM.attributes
                0x0000035c       0x32 c:/program files (x86)/yagarto/bin/../lib/gcc/arm-none-eabi/4.6.2/../../../../arm-none-eabi/lib\libg.a(lib_a-gettimeofdayr.o)
 .ARM.attributes
                0x0000038e       0x32 c:/program files (x86)/yagarto/bin/../lib/gcc/arm-none-eabi/4.6.2/../../../../arm-none-eabi/lib\libg.a(lib_a-impure.o)
 .ARM.attributes
                0x000003c0       0x32 c:/program files (x86)/yagarto/bin/../lib/gcc/arm-none-eabi/4.6.2/../../../../arm-none-eabi/lib\libg.a(lib_a-reent.o)
 .ARM.attributes
                0x000003f2       0x32 c:/program files (x86)/yagarto/bin/../lib/gcc/arm-none-eabi/4.6.2/../../../../arm-none-eabi/lib\libg.a(lib_a-freer.o)
 .ARM.attributes
                0x00000424       0x32 c:/program files (x86)/yagarto/bin/../lib/gcc/arm-none-eabi/4.6.2/../../../../arm-none-eabi/lib\libg.a(lib_a-mallocr.o)
 .ARM.attributes
                0x00000456       0x32 c:/program files (x86)/yagarto/bin/../lib/gcc/arm-none-eabi/4.6.2/../../../../arm-none-eabi/lib\libg.a(lib_a-mlock.o)
 .ARM.attributes
                0x00000488       0x32 c:/program files (x86)/yagarto/bin/../lib/gcc/arm-none-eabi/4.6.2/../../../../arm-none-eabi/lib\libg.a(lib_a-sbrkr.o)

.comment        0x00000000       0x11
 *(.comment)
 .comment       0x00000000       0x11 C:\Users\INVITA~1\AppData\Local\Temp\ccMiMrHz.o
                                 0x12 (size before relaxing)
 .comment       0x00000000       0x12 C:\Users\INVITA~1\AppData\Local\Temp\ccvhoOey.o
 .comment       0x00000000       0x12 C:\Users\INVITA~1\AppData\Local\Temp\cciKYS6F.o
 .comment       0x00000000       0x12 C:\Users\INVITA~1\AppData\Local\Temp\ccWDFgJL.o
 .comment       0x00000000       0x12 C:\Users\INVITA~1\AppData\Local\Temp\ccKQxipX.o
 .comment       0x00000000       0x12 C:\Users\INVITA~1\AppData\Local\Temp\ccsK1Bup.o
 .comment       0x00000000       0x12 C:\Users\INVITA~1\AppData\Local\Temp\ccGEVOfV.o
 .comment       0x00000000       0x12 C:\Users\INVITA~1\AppData\Local\Temp\cccc1tKw.o
 .comment       0x00000000       0x12 C:\Users\INVITA~1\AppData\Local\Temp\cc6LRPv8.o
 .comment       0x00000000       0x12 C:\Users\INVITA~1\AppData\Local\Temp\ccK7uMKS.o
 .comment       0x00000000       0x12 C:\Users\INVITA~1\AppData\Local\Temp\ccw1JY1G.o
 .comment       0x00000000       0x12 C:\Users\INVITA~1\AppData\Local\Temp\ccqxoN8A.o
 .comment       0x00000000       0x12 c:/program files (x86)/yagarto/bin/../lib/gcc/arm-none-eabi/4.6.2/../../../../arm-none-eabi/lib\libg.a(lib_a-rand.o)
 .comment       0x00000000       0x12 c:/program files (x86)/yagarto/bin/../lib/gcc/arm-none-eabi/4.6.2/../../../../arm-none-eabi/lib\libg.a(lib_a-strlen.o)
 .comment       0x00000000       0x12 c:/program files (x86)/yagarto/bin/../lib/gcc/arm-none-eabi/4.6.2/../../../../arm-none-eabi/lib\libg.a(lib_a-sysgettod.o)
 .comment       0x00000000       0x12 c:/program files (x86)/yagarto/bin/../lib/gcc/arm-none-eabi/4.6.2/../../../../arm-none-eabi/lib\libg.a(lib_a-gettimeofdayr.o)
 .comment       0x00000000       0x12 c:/program files (x86)/yagarto/bin/../lib/gcc/arm-none-eabi/4.6.2/../../../../arm-none-eabi/lib\libg.a(lib_a-impure.o)
 .comment       0x00000000       0x12 c:/program files (x86)/yagarto/bin/../lib/gcc/arm-none-eabi/4.6.2/../../../../arm-none-eabi/lib\libg.a(lib_a-reent.o)
 .comment       0x00000000       0x12 c:/program files (x86)/yagarto/bin/../lib/gcc/arm-none-eabi/4.6.2/../../../../arm-none-eabi/lib\libg.a(lib_a-freer.o)
 .comment       0x00000000       0x12 c:/program files (x86)/yagarto/bin/../lib/gcc/arm-none-eabi/4.6.2/../../../../arm-none-eabi/lib\libg.a(lib_a-mallocr.o)
 .comment       0x00000000       0x12 c:/program files (x86)/yagarto/bin/../lib/gcc/arm-none-eabi/4.6.2/../../../../arm-none-eabi/lib\libg.a(lib_a-mlock.o)
 .comment       0x00000000       0x12 c:/program files (x86)/yagarto/bin/../lib/gcc/arm-none-eabi/4.6.2/../../../../arm-none-eabi/lib\libg.a(lib_a-sbrkr.o)

.debug
 *(.debug)

.line
 *(.line)

.debug_srcinfo
 *(.debug_srcinfo)

.debug_sfnames
 *(.debug_sfnames)

.debug_aranges  0x00000000      0x2a8
 *(.debug_aranges)
 .debug_aranges
                0x00000000       0x20 C:\Users\INVITA~1\AppData\Local\Temp\ccWhd8el.o
 .debug_aranges
                0x00000020       0x28 C:\Users\INVITA~1\AppData\Local\Temp\ccMiMrHz.o
 .debug_aranges
                0x00000048       0x20 C:\Users\INVITA~1\AppData\Local\Temp\ccvhoOey.o
 .debug_aranges
                0x00000068       0x20 C:\Users\INVITA~1\AppData\Local\Temp\cciKYS6F.o
 .debug_aranges
                0x00000088       0x20 C:\Users\INVITA~1\AppData\Local\Temp\ccWDFgJL.o
 .debug_aranges
                0x000000a8       0x20 C:\Users\INVITA~1\AppData\Local\Temp\ccsK1Bup.o
 .debug_aranges
                0x000000c8       0x20 C:\Users\INVITA~1\AppData\Local\Temp\ccGEVOfV.o
 .debug_aranges
                0x000000e8       0x20 C:\Users\INVITA~1\AppData\Local\Temp\ccK7uMKS.o
 .debug_aranges
                0x00000108       0x20 C:\Users\INVITA~1\AppData\Local\Temp\ccw1JY1G.o
 .debug_aranges
                0x00000128       0x20 c:/program files (x86)/yagarto/bin/../lib/gcc/arm-none-eabi/4.6.2\libgcc.a(_udivsi3.o)
 .debug_aranges
                0x00000148       0x20 c:/program files (x86)/yagarto/bin/../lib/gcc/arm-none-eabi/4.6.2\libgcc.a(_divsi3.o)
 .debug_aranges
                0x00000168       0x20 c:/program files (x86)/yagarto/bin/../lib/gcc/arm-none-eabi/4.6.2\libgcc.a(_dvmd_tls.o)
 .debug_aranges
                0x00000188       0x20 c:/program files (x86)/yagarto/bin/../lib/gcc/arm-none-eabi/4.6.2/../../../../arm-none-eabi/lib\libg.a(lib_a-rand.o)
 .debug_aranges
                0x000001a8       0x20 c:/program files (x86)/yagarto/bin/../lib/gcc/arm-none-eabi/4.6.2/../../../../arm-none-eabi/lib\libg.a(lib_a-strlen.o)
 .debug_aranges
                0x000001c8       0x20 c:/program files (x86)/yagarto/bin/../lib/gcc/arm-none-eabi/4.6.2/../../../../arm-none-eabi/lib\libg.a(lib_a-sysgettod.o)
 .debug_aranges
                0x000001e8       0x20 c:/program files (x86)/yagarto/bin/../lib/gcc/arm-none-eabi/4.6.2/../../../../arm-none-eabi/lib\libg.a(lib_a-gettimeofdayr.o)
 .debug_aranges
                0x00000208       0x20 c:/program files (x86)/yagarto/bin/../lib/gcc/arm-none-eabi/4.6.2/../../../../arm-none-eabi/lib\libg.a(lib_a-reent.o)
 .debug_aranges
                0x00000228       0x20 c:/program files (x86)/yagarto/bin/../lib/gcc/arm-none-eabi/4.6.2/../../../../arm-none-eabi/lib\libg.a(lib_a-freer.o)
 .debug_aranges
                0x00000248       0x20 c:/program files (x86)/yagarto/bin/../lib/gcc/arm-none-eabi/4.6.2/../../../../arm-none-eabi/lib\libg.a(lib_a-mallocr.o)
 .debug_aranges
                0x00000268       0x20 c:/program files (x86)/yagarto/bin/../lib/gcc/arm-none-eabi/4.6.2/../../../../arm-none-eabi/lib\libg.a(lib_a-mlock.o)
 .debug_aranges
                0x00000288       0x20 c:/program files (x86)/yagarto/bin/../lib/gcc/arm-none-eabi/4.6.2/../../../../arm-none-eabi/lib\libg.a(lib_a-sbrkr.o)

.debug_pubnames
 *(.debug_pubnames)

.debug_info     0x00000000     0xcafa
 *(.debug_info .gnu.linkonce.wi.*)
 .debug_info    0x00000000       0x92 C:\Users\INVITA~1\AppData\Local\Temp\ccWhd8el.o
 .debug_info    0x00000092      0x947 C:\Users\INVITA~1\AppData\Local\Temp\ccMiMrHz.o
 .debug_info    0x000009d9     0x4fe9 C:\Users\INVITA~1\AppData\Local\Temp\ccvhoOey.o
 .debug_info    0x000059c2      0x1e4 C:\Users\INVITA~1\AppData\Local\Temp\cciKYS6F.o
 .debug_info    0x00005ba6      0x41b C:\Users\INVITA~1\AppData\Local\Temp\ccWDFgJL.o
 .debug_info    0x00005fc1       0x5c C:\Users\INVITA~1\AppData\Local\Temp\ccKQxipX.o
 .debug_info    0x0000601d      0x62d C:\Users\INVITA~1\AppData\Local\Temp\ccsK1Bup.o
 .debug_info    0x0000664a       0xc0 C:\Users\INVITA~1\AppData\Local\Temp\ccGEVOfV.o
 .debug_info    0x0000670a       0x5c C:\Users\INVITA~1\AppData\Local\Temp\cccc1tKw.o
 .debug_info    0x00006766       0x5c C:\Users\INVITA~1\AppData\Local\Temp\cc6LRPv8.o
 .debug_info    0x000067c2      0x1ce C:\Users\INVITA~1\AppData\Local\Temp\ccK7uMKS.o
 .debug_info    0x00006990       0xb6 C:\Users\INVITA~1\AppData\Local\Temp\ccw1JY1G.o
 .debug_info    0x00006a46       0x5c C:\Users\INVITA~1\AppData\Local\Temp\ccqxoN8A.o
 .debug_info    0x00006aa2       0x98 c:/program files (x86)/yagarto/bin/../lib/gcc/arm-none-eabi/4.6.2\libgcc.a(_udivsi3.o)
 .debug_info    0x00006b3a       0x98 c:/program files (x86)/yagarto/bin/../lib/gcc/arm-none-eabi/4.6.2\libgcc.a(_divsi3.o)
 .debug_info    0x00006bd2       0x98 c:/program files (x86)/yagarto/bin/../lib/gcc/arm-none-eabi/4.6.2\libgcc.a(_dvmd_tls.o)
 .debug_info    0x00006c6a      0x985 c:/program files (x86)/yagarto/bin/../lib/gcc/arm-none-eabi/4.6.2/../../../../arm-none-eabi/lib\libg.a(lib_a-rand.o)
 .debug_info    0x000075ef       0xb1 c:/program files (x86)/yagarto/bin/../lib/gcc/arm-none-eabi/4.6.2/../../../../arm-none-eabi/lib\libg.a(lib_a-strlen.o)
 .debug_info    0x000076a0      0x9c8 c:/program files (x86)/yagarto/bin/../lib/gcc/arm-none-eabi/4.6.2/../../../../arm-none-eabi/lib\libg.a(lib_a-sysgettod.o)
 .debug_info    0x00008068      0x9f1 c:/program files (x86)/yagarto/bin/../lib/gcc/arm-none-eabi/4.6.2/../../../../arm-none-eabi/lib\libg.a(lib_a-gettimeofdayr.o)
 .debug_info    0x00008a59      0x966 c:/program files (x86)/yagarto/bin/../lib/gcc/arm-none-eabi/4.6.2/../../../../arm-none-eabi/lib\libg.a(lib_a-impure.o)
 .debug_info    0x000093bf      0xa64 c:/program files (x86)/yagarto/bin/../lib/gcc/arm-none-eabi/4.6.2/../../../../arm-none-eabi/lib\libg.a(lib_a-reent.o)
 .debug_info    0x00009e23      0xc40 c:/program files (x86)/yagarto/bin/../lib/gcc/arm-none-eabi/4.6.2/../../../../arm-none-eabi/lib\libg.a(lib_a-freer.o)
 .debug_info    0x0000aa63      0xd6b c:/program files (x86)/yagarto/bin/../lib/gcc/arm-none-eabi/4.6.2/../../../../arm-none-eabi/lib\libg.a(lib_a-mallocr.o)
 .debug_info    0x0000b7ce      0x980 c:/program files (x86)/yagarto/bin/../lib/gcc/arm-none-eabi/4.6.2/../../../../arm-none-eabi/lib\libg.a(lib_a-mlock.o)
 .debug_info    0x0000c14e      0x9ac c:/program files (x86)/yagarto/bin/../lib/gcc/arm-none-eabi/4.6.2/../../../../arm-none-eabi/lib\libg.a(lib_a-sbrkr.o)

.debug_abbrev   0x00000000     0x1d75
 *(.debug_abbrev)
 .debug_abbrev  0x00000000       0x14 C:\Users\INVITA~1\AppData\Local\Temp\ccWhd8el.o
 .debug_abbrev  0x00000014      0x303 C:\Users\INVITA~1\AppData\Local\Temp\ccMiMrHz.o
 .debug_abbrev  0x00000317      0x374 C:\Users\INVITA~1\AppData\Local\Temp\ccvhoOey.o
 .debug_abbrev  0x0000068b       0xe8 C:\Users\INVITA~1\AppData\Local\Temp\cciKYS6F.o
 .debug_abbrev  0x00000773      0x1ee C:\Users\INVITA~1\AppData\Local\Temp\ccWDFgJL.o
 .debug_abbrev  0x00000961       0x4b C:\Users\INVITA~1\AppData\Local\Temp\ccKQxipX.o
 .debug_abbrev  0x000009ac      0x140 C:\Users\INVITA~1\AppData\Local\Temp\ccsK1Bup.o
 .debug_abbrev  0x00000aec       0x70 C:\Users\INVITA~1\AppData\Local\Temp\ccGEVOfV.o
 .debug_abbrev  0x00000b5c       0x49 C:\Users\INVITA~1\AppData\Local\Temp\cccc1tKw.o
 .debug_abbrev  0x00000ba5       0x49 C:\Users\INVITA~1\AppData\Local\Temp\cc6LRPv8.o
 .debug_abbrev  0x00000bee       0xed C:\Users\INVITA~1\AppData\Local\Temp\ccK7uMKS.o
 .debug_abbrev  0x00000cdb       0x4e C:\Users\INVITA~1\AppData\Local\Temp\ccw1JY1G.o
 .debug_abbrev  0x00000d29       0x4b C:\Users\INVITA~1\AppData\Local\Temp\ccqxoN8A.o
 .debug_abbrev  0x00000d74       0x14 c:/program files (x86)/yagarto/bin/../lib/gcc/arm-none-eabi/4.6.2\libgcc.a(_udivsi3.o)
 .debug_abbrev  0x00000d88       0x14 c:/program files (x86)/yagarto/bin/../lib/gcc/arm-none-eabi/4.6.2\libgcc.a(_divsi3.o)
 .debug_abbrev  0x00000d9c       0x14 c:/program files (x86)/yagarto/bin/../lib/gcc/arm-none-eabi/4.6.2\libgcc.a(_dvmd_tls.o)
 .debug_abbrev  0x00000db0      0x194 c:/program files (x86)/yagarto/bin/../lib/gcc/arm-none-eabi/4.6.2/../../../../arm-none-eabi/lib\libg.a(lib_a-rand.o)
 .debug_abbrev  0x00000f44       0x6d c:/program files (x86)/yagarto/bin/../lib/gcc/arm-none-eabi/4.6.2/../../../../arm-none-eabi/lib\libg.a(lib_a-strlen.o)
 .debug_abbrev  0x00000fb1      0x17f c:/program files (x86)/yagarto/bin/../lib/gcc/arm-none-eabi/4.6.2/../../../../arm-none-eabi/lib\libg.a(lib_a-sysgettod.o)
 .debug_abbrev  0x00001130      0x1b3 c:/program files (x86)/yagarto/bin/../lib/gcc/arm-none-eabi/4.6.2/../../../../arm-none-eabi/lib\libg.a(lib_a-gettimeofdayr.o)
 .debug_abbrev  0x000012e3      0x166 c:/program files (x86)/yagarto/bin/../lib/gcc/arm-none-eabi/4.6.2/../../../../arm-none-eabi/lib\libg.a(lib_a-impure.o)
 .debug_abbrev  0x00001449      0x1e6 c:/program files (x86)/yagarto/bin/../lib/gcc/arm-none-eabi/4.6.2/../../../../arm-none-eabi/lib\libg.a(lib_a-reent.o)
 .debug_abbrev  0x0000162f      0x1ea c:/program files (x86)/yagarto/bin/../lib/gcc/arm-none-eabi/4.6.2/../../../../arm-none-eabi/lib\libg.a(lib_a-freer.o)
 .debug_abbrev  0x00001819      0x233 c:/program files (x86)/yagarto/bin/../lib/gcc/arm-none-eabi/4.6.2/../../../../arm-none-eabi/lib\libg.a(lib_a-mallocr.o)
 .debug_abbrev  0x00001a4c      0x179 c:/program files (x86)/yagarto/bin/../lib/gcc/arm-none-eabi/4.6.2/../../../../arm-none-eabi/lib\libg.a(lib_a-mlock.o)
 .debug_abbrev  0x00001bc5      0x1b0 c:/program files (x86)/yagarto/bin/../lib/gcc/arm-none-eabi/4.6.2/../../../../arm-none-eabi/lib\libg.a(lib_a-sbrkr.o)

.debug_line     0x00000000     0x3905
 *(.debug_line)
 .debug_line    0x00000000      0x188 C:\Users\INVITA~1\AppData\Local\Temp\ccWhd8el.o
 .debug_line    0x00000188      0x2df C:\Users\INVITA~1\AppData\Local\Temp\ccMiMrHz.o
 .debug_line    0x00000467     0x1dc0 C:\Users\INVITA~1\AppData\Local\Temp\ccvhoOey.o
 .debug_line    0x00002227      0x110 C:\Users\INVITA~1\AppData\Local\Temp\cciKYS6F.o
 .debug_line    0x00002337      0x10a C:\Users\INVITA~1\AppData\Local\Temp\ccWDFgJL.o
 .debug_line    0x00002441       0x2a C:\Users\INVITA~1\AppData\Local\Temp\ccKQxipX.o
 .debug_line    0x0000246b      0x244 C:\Users\INVITA~1\AppData\Local\Temp\ccsK1Bup.o
 .debug_line    0x000026af       0x48 C:\Users\INVITA~1\AppData\Local\Temp\ccGEVOfV.o
 .debug_line    0x000026f7       0x2b C:\Users\INVITA~1\AppData\Local\Temp\cccc1tKw.o
 .debug_line    0x00002722       0x2d C:\Users\INVITA~1\AppData\Local\Temp\cc6LRPv8.o
 .debug_line    0x0000274f       0x8c C:\Users\INVITA~1\AppData\Local\Temp\ccK7uMKS.o
 .debug_line    0x000027db       0x49 C:\Users\INVITA~1\AppData\Local\Temp\ccw1JY1G.o
 .debug_line    0x00002824       0x2d C:\Users\INVITA~1\AppData\Local\Temp\ccqxoN8A.o
 .debug_line    0x00002851       0x93 c:/program files (x86)/yagarto/bin/../lib/gcc/arm-none-eabi/4.6.2\libgcc.a(_udivsi3.o)
 .debug_line    0x000028e4       0x9f c:/program files (x86)/yagarto/bin/../lib/gcc/arm-none-eabi/4.6.2\libgcc.a(_divsi3.o)
 .debug_line    0x00002983       0x6a c:/program files (x86)/yagarto/bin/../lib/gcc/arm-none-eabi/4.6.2\libgcc.a(_dvmd_tls.o)
 .debug_line    0x000029ed      0x16d c:/program files (x86)/yagarto/bin/../lib/gcc/arm-none-eabi/4.6.2/../../../../arm-none-eabi/lib\libg.a(lib_a-rand.o)
 .debug_line    0x00002b5a      0x111 c:/program files (x86)/yagarto/bin/../lib/gcc/arm-none-eabi/4.6.2/../../../../arm-none-eabi/lib\libg.a(lib_a-strlen.o)
 .debug_line    0x00002c6b      0x13f c:/program files (x86)/yagarto/bin/../lib/gcc/arm-none-eabi/4.6.2/../../../../arm-none-eabi/lib\libg.a(lib_a-sysgettod.o)
 .debug_line    0x00002daa      0x194 c:/program files (x86)/yagarto/bin/../lib/gcc/arm-none-eabi/4.6.2/../../../../arm-none-eabi/lib\libg.a(lib_a-gettimeofdayr.o)
 .debug_line    0x00002f3e      0x110 c:/program files (x86)/yagarto/bin/../lib/gcc/arm-none-eabi/4.6.2/../../../../arm-none-eabi/lib\libg.a(lib_a-impure.o)
 .debug_line    0x0000304e      0x168 c:/program files (x86)/yagarto/bin/../lib/gcc/arm-none-eabi/4.6.2/../../../../arm-none-eabi/lib\libg.a(lib_a-reent.o)
 .debug_line    0x000031b6      0x1e8 c:/program files (x86)/yagarto/bin/../lib/gcc/arm-none-eabi/4.6.2/../../../../arm-none-eabi/lib\libg.a(lib_a-freer.o)
 .debug_line    0x0000339e      0x2d1 c:/program files (x86)/yagarto/bin/../lib/gcc/arm-none-eabi/4.6.2/../../../../arm-none-eabi/lib\libg.a(lib_a-mallocr.o)
 .debug_line    0x0000366f      0x122 c:/program files (x86)/yagarto/bin/../lib/gcc/arm-none-eabi/4.6.2/../../../../arm-none-eabi/lib\libg.a(lib_a-mlock.o)
 .debug_line    0x00003791      0x174 c:/program files (x86)/yagarto/bin/../lib/gcc/arm-none-eabi/4.6.2/../../../../arm-none-eabi/lib\libg.a(lib_a-sbrkr.o)

.debug_frame    0x00000000      0xa30
 *(.debug_frame)
 .debug_frame   0x00000000       0xe8 C:\Users\INVITA~1\AppData\Local\Temp\ccMiMrHz.o
 .debug_frame   0x000000e8      0x42c C:\Users\INVITA~1\AppData\Local\Temp\ccvhoOey.o
 .debug_frame   0x00000514       0x58 C:\Users\INVITA~1\AppData\Local\Temp\cciKYS6F.o
 .debug_frame   0x0000056c       0xa8 C:\Users\INVITA~1\AppData\Local\Temp\ccWDFgJL.o
 .debug_frame   0x00000614       0xd0 C:\Users\INVITA~1\AppData\Local\Temp\ccsK1Bup.o
 .debug_frame   0x000006e4       0x3c C:\Users\INVITA~1\AppData\Local\Temp\ccGEVOfV.o
 .debug_frame   0x00000720       0xb0 C:\Users\INVITA~1\AppData\Local\Temp\ccK7uMKS.o
 .debug_frame   0x000007d0       0x28 C:\Users\INVITA~1\AppData\Local\Temp\ccw1JY1G.o
 .debug_frame   0x000007f8       0x20 c:/program files (x86)/yagarto/bin/../lib/gcc/arm-none-eabi/4.6.2\libgcc.a(_udivsi3.o)
 .debug_frame   0x00000818       0x20 c:/program files (x86)/yagarto/bin/../lib/gcc/arm-none-eabi/4.6.2\libgcc.a(_divsi3.o)
 .debug_frame   0x00000838       0x38 c:/program files (x86)/yagarto/bin/../lib/gcc/arm-none-eabi/4.6.2/../../../../arm-none-eabi/lib\libg.a(lib_a-rand.o)
 .debug_frame   0x00000870       0x20 c:/program files (x86)/yagarto/bin/../lib/gcc/arm-none-eabi/4.6.2/../../../../arm-none-eabi/lib\libg.a(lib_a-strlen.o)
 .debug_frame   0x00000890       0x28 c:/program files (x86)/yagarto/bin/../lib/gcc/arm-none-eabi/4.6.2/../../../../arm-none-eabi/lib\libg.a(lib_a-sysgettod.o)
 .debug_frame   0x000008b8       0x2c c:/program files (x86)/yagarto/bin/../lib/gcc/arm-none-eabi/4.6.2/../../../../arm-none-eabi/lib\libg.a(lib_a-gettimeofdayr.o)
 .debug_frame   0x000008e4       0x68 c:/program files (x86)/yagarto/bin/../lib/gcc/arm-none-eabi/4.6.2/../../../../arm-none-eabi/lib\libg.a(lib_a-reent.o)
 .debug_frame   0x0000094c       0x50 c:/program files (x86)/yagarto/bin/../lib/gcc/arm-none-eabi/4.6.2/../../../../arm-none-eabi/lib\libg.a(lib_a-freer.o)
 .debug_frame   0x0000099c       0x38 c:/program files (x86)/yagarto/bin/../lib/gcc/arm-none-eabi/4.6.2/../../../../arm-none-eabi/lib\libg.a(lib_a-mallocr.o)
 .debug_frame   0x000009d4       0x30 c:/program files (x86)/yagarto/bin/../lib/gcc/arm-none-eabi/4.6.2/../../../../arm-none-eabi/lib\libg.a(lib_a-mlock.o)
 .debug_frame   0x00000a04       0x2c c:/program files (x86)/yagarto/bin/../lib/gcc/arm-none-eabi/4.6.2/../../../../arm-none-eabi/lib\libg.a(lib_a-sbrkr.o)

.debug_str      0x00000000     0x1161
 *(.debug_str)
 .debug_str     0x00000000      0x2db C:\Users\INVITA~1\AppData\Local\Temp\ccMiMrHz.o
                                0x336 (size before relaxing)
 .debug_str     0x000002db      0x239 C:\Users\INVITA~1\AppData\Local\Temp\ccvhoOey.o
                                0x3a2 (size before relaxing)
 .debug_str     0x00000514       0x6e C:\Users\INVITA~1\AppData\Local\Temp\cciKYS6F.o
                                0x183 (size before relaxing)
 .debug_str     0x00000582       0x68 C:\Users\INVITA~1\AppData\Local\Temp\ccWDFgJL.o
                                0x1b4 (size before relaxing)
 .debug_str     0x000005ea       0x12 C:\Users\INVITA~1\AppData\Local\Temp\ccKQxipX.o
                                 0x96 (size before relaxing)
 .debug_str     0x000005fc       0xcb C:\Users\INVITA~1\AppData\Local\Temp\ccsK1Bup.o
                                0x1eb (size before relaxing)
 .debug_str     0x000006c7       0x21 C:\Users\INVITA~1\AppData\Local\Temp\ccGEVOfV.o
                                0x129 (size before relaxing)
 .debug_str     0x000006e8        0xb C:\Users\INVITA~1\AppData\Local\Temp\cccc1tKw.o
                                 0xa0 (size before relaxing)
 .debug_str     0x000006f3       0x17 C:\Users\INVITA~1\AppData\Local\Temp\cc6LRPv8.o
                                 0xa4 (size before relaxing)
 .debug_str     0x0000070a       0xb2 C:\Users\INVITA~1\AppData\Local\Temp\ccK7uMKS.o
                                0x1ba (size before relaxing)
 .debug_str     0x000007bc       0x13 C:\Users\INVITA~1\AppData\Local\Temp\ccw1JY1G.o
                                0x11b (size before relaxing)
 .debug_str     0x000007cf        0xd C:\Users\INVITA~1\AppData\Local\Temp\ccqxoN8A.o
                                 0x98 (size before relaxing)
 .debug_str     0x000007dc      0x401 c:/program files (x86)/yagarto/bin/../lib/gcc/arm-none-eabi/4.6.2/../../../../arm-none-eabi/lib\libg.a(lib_a-rand.o)
                                0x4de (size before relaxing)
 .debug_str     0x00000bdd       0x9b c:/program files (x86)/yagarto/bin/../lib/gcc/arm-none-eabi/4.6.2/../../../../arm-none-eabi/lib\libg.a(lib_a-strlen.o)
                                0x130 (size before relaxing)
 .debug_str     0x00000c78       0x9a c:/program files (x86)/yagarto/bin/../lib/gcc/arm-none-eabi/4.6.2/../../../../arm-none-eabi/lib\libg.a(lib_a-sysgettod.o)
                                0x521 (size before relaxing)
 .debug_str     0x00000d12       0x95 c:/program files (x86)/yagarto/bin/../lib/gcc/arm-none-eabi/4.6.2/../../../../arm-none-eabi/lib\libg.a(lib_a-gettimeofdayr.o)
                                0x52a (size before relaxing)
 .debug_str     0x00000da7       0x57 c:/program files (x86)/yagarto/bin/../lib/gcc/arm-none-eabi/4.6.2/../../../../arm-none-eabi/lib\libg.a(lib_a-impure.o)
                                0x4ed (size before relaxing)
 .debug_str     0x00000dfe       0x71 c:/program files (x86)/yagarto/bin/../lib/gcc/arm-none-eabi/4.6.2/../../../../arm-none-eabi/lib\libg.a(lib_a-reent.o)
                                0x512 (size before relaxing)
 .debug_str     0x00000e6f      0x159 c:/program files (x86)/yagarto/bin/../lib/gcc/arm-none-eabi/4.6.2/../../../../arm-none-eabi/lib\libg.a(lib_a-freer.o)
                                0x616 (size before relaxing)
 .debug_str     0x00000fc8       0xef c:/program files (x86)/yagarto/bin/../lib/gcc/arm-none-eabi/4.6.2/../../../../arm-none-eabi/lib\libg.a(lib_a-mallocr.o)
                                0x6c4 (size before relaxing)
 .debug_str     0x000010b7       0x6b c:/program files (x86)/yagarto/bin/../lib/gcc/arm-none-eabi/4.6.2/../../../../arm-none-eabi/lib\libg.a(lib_a-mlock.o)
                                0x4f6 (size before relaxing)
 .debug_str     0x00001122       0x3f c:/program files (x86)/yagarto/bin/../lib/gcc/arm-none-eabi/4.6.2/../../../../arm-none-eabi/lib\libg.a(lib_a-sbrkr.o)
                                0x4e4 (size before relaxing)

.debug_loc      0x00000000     0x463c
 *(.debug_loc)
 .debug_loc     0x00000000      0x861 C:\Users\INVITA~1\AppData\Local\Temp\ccMiMrHz.o
 .debug_loc     0x00000861     0x212d C:\Users\INVITA~1\AppData\Local\Temp\ccvhoOey.o
 .debug_loc     0x0000298e      0x10b C:\Users\INVITA~1\AppData\Local\Temp\cciKYS6F.o
 .debug_loc     0x00002a99      0x19c C:\Users\INVITA~1\AppData\Local\Temp\ccWDFgJL.o
 .debug_loc     0x00002c35      0x98e C:\Users\INVITA~1\AppData\Local\Temp\ccsK1Bup.o
 .debug_loc     0x000035c3       0x20 C:\Users\INVITA~1\AppData\Local\Temp\ccGEVOfV.o
 .debug_loc     0x000035e3       0xb9 C:\Users\INVITA~1\AppData\Local\Temp\ccK7uMKS.o
 .debug_loc     0x0000369c       0x52 C:\Users\INVITA~1\AppData\Local\Temp\ccw1JY1G.o
 .debug_loc     0x000036ee       0x20 c:/program files (x86)/yagarto/bin/../lib/gcc/arm-none-eabi/4.6.2/../../../../arm-none-eabi/lib\libg.a(lib_a-rand.o)
 .debug_loc     0x0000370e       0x13 c:/program files (x86)/yagarto/bin/../lib/gcc/arm-none-eabi/4.6.2/../../../../arm-none-eabi/lib\libg.a(lib_a-strlen.o)
 .debug_loc     0x00003721       0x5c c:/program files (x86)/yagarto/bin/../lib/gcc/arm-none-eabi/4.6.2/../../../../arm-none-eabi/lib\libg.a(lib_a-sysgettod.o)
 .debug_loc     0x0000377d       0x6f c:/program files (x86)/yagarto/bin/../lib/gcc/arm-none-eabi/4.6.2/../../../../arm-none-eabi/lib\libg.a(lib_a-gettimeofdayr.o)
 .debug_loc     0x000037ec      0x1dc c:/program files (x86)/yagarto/bin/../lib/gcc/arm-none-eabi/4.6.2/../../../../arm-none-eabi/lib\libg.a(lib_a-reent.o)
 .debug_loc     0x000039c8      0x370 c:/program files (x86)/yagarto/bin/../lib/gcc/arm-none-eabi/4.6.2/../../../../arm-none-eabi/lib\libg.a(lib_a-freer.o)
 .debug_loc     0x00003d38      0x8b3 c:/program files (x86)/yagarto/bin/../lib/gcc/arm-none-eabi/4.6.2/../../../../arm-none-eabi/lib\libg.a(lib_a-mallocr.o)
 .debug_loc     0x000045eb       0x51 c:/program files (x86)/yagarto/bin/../lib/gcc/arm-none-eabi/4.6.2/../../../../arm-none-eabi/lib\libg.a(lib_a-sbrkr.o)

.debug_macinfo
 *(.debug_macinfo)

.debug_weaknames
 *(.debug_weaknames)

.debug_funcnames
 *(.debug_funcnames)

.debug_typenames
 *(.debug_typenames)

.debug_varnames
 *(.debug_varnames)
START GROUP
END GROUP
LOAD C:\Users\INVITA~1\AppData\Local\Temp\ccWhd8el.o
LOAD C:\Users\INVITA~1\AppData\Local\Temp\ccMiMrHz.o
LOAD C:\Users\INVITA~1\AppData\Local\Temp\ccvhoOey.o
LOAD C:\Users\INVITA~1\AppData\Local\Temp\cciKYS6F.o
LOAD C:\Users\INVITA~1\AppData\Local\Temp\ccWDFgJL.o
LOAD C:\Users\INVITA~1\AppData\Local\Temp\ccKQxipX.o
LOAD C:\Users\INVITA~1\AppData\Local\Temp\ccsK1Bup.o
LOAD C:\Users\INVITA~1\AppData\Local\Temp\ccGEVOfV.o
LOAD C:\Users\INVITA~1\AppData\Local\Temp\cccc1tKw.o
LOAD C:\Users\INVITA~1\AppData\Local\Temp\cc6LRPv8.o
LOAD C:\Users\INVITA~1\AppData\Local\Temp\ccK7uMKS.o
LOAD C:\Users\INVITA~1\AppData\Local\Temp\ccw1JY1G.o
LOAD C:\Users\INVITA~1\AppData\Local\Temp\ccqxoN8A.o
START GROUP
LOAD c:/program files (x86)/yagarto/bin/../lib/gcc/arm-none-eabi/4.6.2\libgcc.a
LOAD c:/program files (x86)/yagarto/bin/../lib/gcc/arm-none-eabi/4.6.2/../../../../arm-none-eabi/lib\libg.a
LOAD c:/program files (x86)/yagarto/bin/../lib/gcc/arm-none-eabi/4.6.2/../../../../arm-none-eabi/lib\libc.a
END GROUP
OUTPUT(code_flash.elf elf32-littlearm)

.debug_ranges   0x00000000     0x5250
 .debug_ranges  0x00000000      0x130 C:\Users\INVITA~1\AppData\Local\Temp\ccMiMrHz.o
 .debug_ranges  0x00000130     0x4f50 C:\Users\INVITA~1\AppData\Local\Temp\ccvhoOey.o
 .debug_ranges  0x00005080       0x90 C:\Users\INVITA~1\AppData\Local\Temp\ccWDFgJL.o
 .debug_ranges  0x00005110      0x100 C:\Users\INVITA~1\AppData\Local\Temp\ccsK1Bup.o
 .debug_ranges  0x00005210       0x40 c:/program files (x86)/yagarto/bin/../lib/gcc/arm-none-eabi/4.6.2/../../../../arm-none-eabi/lib\libg.a(lib_a-mallocr.o)

Cross Reference Table

Symbol                                            File
AUDIO_Effect                                      C:\Users\INVITA~1\AppData\Local\Temp\ccK7uMKS.o
AUDIO_Timer_On                                    C:\Users\INVITA~1\AppData\Local\Temp\ccK7uMKS.o
BG_Color                                          C:\Users\INVITA~1\AppData\Local\Temp\ccvhoOey.o
                                                  C:\Users\INVITA~1\AppData\Local\Temp\ccWDFgJL.o
                                                  C:\Users\INVITA~1\AppData\Local\Temp\ccMiMrHz.o
BigFont                                           C:\Users\INVITA~1\AppData\Local\Temp\cccc1tKw.o
                                                  C:\Users\INVITA~1\AppData\Local\Temp\ccvhoOey.o
                                                  C:\Users\INVITA~1\AppData\Local\Temp\ccMiMrHz.o
CF                                                C:\Users\INVITA~1\AppData\Local\Temp\ccvhoOey.o
                                                  C:\Users\INVITA~1\AppData\Local\Temp\ccMiMrHz.o
Cal                                               C:\Users\INVITA~1\AppData\Local\Temp\ccWDFgJL.o
FG_Color                                          C:\Users\INVITA~1\AppData\Local\Temp\ccvhoOey.o
                                                  C:\Users\INVITA~1\AppData\Local\Temp\ccWDFgJL.o
                                                  C:\Users\INVITA~1\AppData\Local\Temp\ccMiMrHz.o
GetAction                                         C:\Users\INVITA~1\AppData\Local\Temp\ccw1JY1G.o
                                                  C:\Users\INVITA~1\AppData\Local\Temp\ccMiMrHz.o
IRQ_Spurious_Routine                              C:\Users\INVITA~1\AppData\Local\Temp\ccK7uMKS.o
LENX                                              C:\Users\INVITA~1\AppData\Local\Temp\ccvhoOey.o
                                                  C:\Users\INVITA~1\AppData\Local\Temp\ccsK1Bup.o
                                                  C:\Users\INVITA~1\AppData\Local\Temp\ccWDFgJL.o
                                                  C:\Users\INVITA~1\AppData\Local\Temp\ccMiMrHz.o
LENY                                              C:\Users\INVITA~1\AppData\Local\Temp\ccvhoOey.o
                                                  C:\Users\INVITA~1\AppData\Local\Temp\ccsK1Bup.o
                                                  C:\Users\INVITA~1\AppData\Local\Temp\ccWDFgJL.o
                                                  C:\Users\INVITA~1\AppData\Local\Temp\ccMiMrHz.o
NOTE                                              C:\Users\INVITA~1\AppData\Local\Temp\ccK7uMKS.o
NT35510_Cmd                                       C:\Users\INVITA~1\AppData\Local\Temp\ccvhoOey.o
NT35510_Data                                      C:\Users\INVITA~1\AppData\Local\Temp\ccvhoOey.o
NT35510_Data_                                     C:\Users\INVITA~1\AppData\Local\Temp\ccvhoOey.o
                                                  C:\Users\INVITA~1\AppData\Local\Temp\ccsK1Bup.o
NT35510_ReadCMD                                   C:\Users\INVITA~1\AppData\Local\Temp\ccvhoOey.o
NT35510_ReadPage                                  C:\Users\INVITA~1\AppData\Local\Temp\ccvhoOey.o
NT35510_Reg                                       C:\Users\INVITA~1\AppData\Local\Temp\ccvhoOey.o
NT35510_WritePage                                 C:\Users\INVITA~1\AppData\Local\Temp\ccvhoOey.o
PARTITURE_Off                                     C:\Users\INVITA~1\AppData\Local\Temp\ccK7uMKS.o
PARTITURE_On                                      C:\Users\INVITA~1\AppData\Local\Temp\ccK7uMKS.o
PWM0_ISR                                          C:\Users\INVITA~1\AppData\Local\Temp\ccK7uMKS.o
SmallFont                                         C:\Users\INVITA~1\AppData\Local\Temp\cc6LRPv8.o
TABLA_SQUARE_WAVE                                 C:\Users\INVITA~1\AppData\Local\Temp\ccK7uMKS.o
TFT_DrawCircle                                    C:\Users\INVITA~1\AppData\Local\Temp\ccvhoOey.o
                                                  C:\Users\INVITA~1\AppData\Local\Temp\ccWDFgJL.o
TFT_DrawFillSquare                                C:\Users\INVITA~1\AppData\Local\Temp\ccvhoOey.o
                                                  C:\Users\INVITA~1\AppData\Local\Temp\ccWDFgJL.o
TFT_DrawFillSquareS                               C:\Users\INVITA~1\AppData\Local\Temp\ccvhoOey.o
                                                  C:\Users\INVITA~1\AppData\Local\Temp\ccMiMrHz.o
TFT_DrawLine                                      C:\Users\INVITA~1\AppData\Local\Temp\ccvhoOey.o
                                                  C:\Users\INVITA~1\AppData\Local\Temp\ccWDFgJL.o
TFT_DrawSquare                                    C:\Users\INVITA~1\AppData\Local\Temp\ccvhoOey.o
TFT_DumpBinaryFont                                C:\Users\INVITA~1\AppData\Local\Temp\ccvhoOey.o
TFT_FillArea                                      C:\Users\INVITA~1\AppData\Local\Temp\ccvhoOey.o
TFT_FillCircle                                    C:\Users\INVITA~1\AppData\Local\Temp\ccvhoOey.o
TFT_HorizontalLine                                C:\Users\INVITA~1\AppData\Local\Temp\ccvhoOey.o
TFT_Init                                          C:\Users\INVITA~1\AppData\Local\Temp\ccvhoOey.o
                                                  C:\Users\INVITA~1\AppData\Local\Temp\ccMiMrHz.o
TFT_Off                                           C:\Users\INVITA~1\AppData\Local\Temp\ccvhoOey.o
TFT_On                                            C:\Users\INVITA~1\AppData\Local\Temp\ccvhoOey.o
TFT_PutPixel                                      C:\Users\INVITA~1\AppData\Local\Temp\ccvhoOey.o
TFT_PutPixelColor                                 C:\Users\INVITA~1\AppData\Local\Temp\ccvhoOey.o
TFT_SetArea                                       C:\Users\INVITA~1\AppData\Local\Temp\ccvhoOey.o
                                                  C:\Users\INVITA~1\AppData\Local\Temp\ccsK1Bup.o
TFT_SetAreaR                                      C:\Users\INVITA~1\AppData\Local\Temp\ccvhoOey.o
TFT_VerticalLine                                  C:\Users\INVITA~1\AppData\Local\Temp\ccvhoOey.o
TFT_print                                         C:\Users\INVITA~1\AppData\Local\Temp\ccvhoOey.o
TFT_print_centered_x                              C:\Users\INVITA~1\AppData\Local\Temp\ccvhoOey.o
                                                  C:\Users\INVITA~1\AppData\Local\Temp\ccWDFgJL.o
TFT_print_centered_x_xNyN                         C:\Users\INVITA~1\AppData\Local\Temp\ccvhoOey.o
TFT_print_xNyN                                    C:\Users\INVITA~1\AppData\Local\Temp\ccvhoOey.o
                                                  C:\Users\INVITA~1\AppData\Local\Temp\ccMiMrHz.o
TFT_putch                                         C:\Users\INVITA~1\AppData\Local\Temp\ccvhoOey.o
TFT_putch_xNyN                                    C:\Users\INVITA~1\AppData\Local\Temp\ccvhoOey.o
TFT_putchar                                       C:\Users\INVITA~1\AppData\Local\Temp\ccvhoOey.o
TFT_putchar_xNyN                                  C:\Users\INVITA~1\AppData\Local\Temp\ccvhoOey.o
TIMER0_ISR                                        C:\Users\INVITA~1\AppData\Local\Temp\ccK7uMKS.o
TIMER1_ISR                                        C:\Users\INVITA~1\AppData\Local\Temp\ccGEVOfV.o
TP_Aspa                                           C:\Users\INVITA~1\AppData\Local\Temp\ccWDFgJL.o
TP_Calibrate                                      C:\Users\INVITA~1\AppData\Local\Temp\ccWDFgJL.o
TP_EnviaRecibe                                    C:\Users\INVITA~1\AppData\Local\Temp\ccWDFgJL.o
TP_Get_XY                                         C:\Users\INVITA~1\AppData\Local\Temp\ccWDFgJL.o
TP_Get_XY_Cal                                     C:\Users\INVITA~1\AppData\Local\Temp\ccWDFgJL.o
TP_Init                                           C:\Users\INVITA~1\AppData\Local\Temp\ccWDFgJL.o
                                                  C:\Users\INVITA~1\AppData\Local\Temp\ccMiMrHz.o
VibratorON                                        C:\Users\INVITA~1\AppData\Local\Temp\ccGEVOfV.o
                                                  C:\Users\INVITA~1\AppData\Local\Temp\ccMiMrHz.o
XPM_Extract                                       C:\Users\INVITA~1\AppData\Local\Temp\ccsK1Bup.o
                                                  C:\Users\INVITA~1\AppData\Local\Temp\ccMiMrHz.o
XPM_PintaAll                                      C:\Users\INVITA~1\AppData\Local\Temp\ccsK1Bup.o
XPM_PintaAt                                       C:\Users\INVITA~1\AppData\Local\Temp\ccsK1Bup.o
XPM_PintaAtxNyN                                   C:\Users\INVITA~1\AppData\Local\Temp\ccsK1Bup.o
                                                  C:\Users\INVITA~1\AppData\Local\Temp\ccMiMrHz.o
XPM_SetxNyN                                       C:\Users\INVITA~1\AppData\Local\Temp\ccsK1Bup.o
                                                  C:\Users\INVITA~1\AppData\Local\Temp\ccMiMrHz.o
X_SINPULSAR                                       C:\Users\INVITA~1\AppData\Local\Temp\ccWDFgJL.o
_Halt                                             C:\Users\INVITA~1\AppData\Local\Temp\ccWhd8el.o
_U0getch                                          C:\Users\INVITA~1\AppData\Local\Temp\ccWhd8el.o
_U0putch                                          C:\Users\INVITA~1\AppData\Local\Temp\ccWhd8el.o
__aeabi_idiv                                      c:/program files (x86)/yagarto/bin/../lib/gcc/arm-none-eabi/4.6.2\libgcc.a(_divsi3.o)
                                                  C:\Users\INVITA~1\AppData\Local\Temp\ccsK1Bup.o
                                                  C:\Users\INVITA~1\AppData\Local\Temp\cciKYS6F.o
                                                  C:\Users\INVITA~1\AppData\Local\Temp\ccMiMrHz.o
__aeabi_idiv0                                     c:/program files (x86)/yagarto/bin/../lib/gcc/arm-none-eabi/4.6.2\libgcc.a(_dvmd_tls.o)
                                                  c:/program files (x86)/yagarto/bin/../lib/gcc/arm-none-eabi/4.6.2\libgcc.a(_divsi3.o)
                                                  c:/program files (x86)/yagarto/bin/../lib/gcc/arm-none-eabi/4.6.2\libgcc.a(_udivsi3.o)
__aeabi_idivmod                                   c:/program files (x86)/yagarto/bin/../lib/gcc/arm-none-eabi/4.6.2\libgcc.a(_divsi3.o)
                                                  C:\Users\INVITA~1\AppData\Local\Temp\ccsK1Bup.o
                                                  C:\Users\INVITA~1\AppData\Local\Temp\ccMiMrHz.o
__aeabi_ldiv0                                     c:/program files (x86)/yagarto/bin/../lib/gcc/arm-none-eabi/4.6.2\libgcc.a(_dvmd_tls.o)
__aeabi_uidiv                                     c:/program files (x86)/yagarto/bin/../lib/gcc/arm-none-eabi/4.6.2\libgcc.a(_udivsi3.o)
                                                  C:\Users\INVITA~1\AppData\Local\Temp\ccK7uMKS.o
__aeabi_uidivmod                                  c:/program files (x86)/yagarto/bin/../lib/gcc/arm-none-eabi/4.6.2\libgcc.a(_udivsi3.o)
__bss_end__                                       C:\Users\INVITA~1\AppData\Local\Temp\ccWhd8el.o
__bss_start                                       C:\Users\INVITA~1\AppData\Local\Temp\ccWhd8el.o
__bss_start__                                     C:\Users\INVITA~1\AppData\Local\Temp\ccWhd8el.o
__divsi3                                          c:/program files (x86)/yagarto/bin/../lib/gcc/arm-none-eabi/4.6.2\libgcc.a(_divsi3.o)
__malloc_av_                                      c:/program files (x86)/yagarto/bin/../lib/gcc/arm-none-eabi/4.6.2/../../../../arm-none-eabi/lib\libg.a(lib_a-mallocr.o)
                                                  c:/program files (x86)/yagarto/bin/../lib/gcc/arm-none-eabi/4.6.2/../../../../arm-none-eabi/lib\libg.a(lib_a-freer.o)
__malloc_current_mallinfo                         c:/program files (x86)/yagarto/bin/../lib/gcc/arm-none-eabi/4.6.2/../../../../arm-none-eabi/lib\libg.a(lib_a-mallocr.o)
                                                  c:/program files (x86)/yagarto/bin/../lib/gcc/arm-none-eabi/4.6.2/../../../../arm-none-eabi/lib\libg.a(lib_a-freer.o)
__malloc_lock                                     c:/program files (x86)/yagarto/bin/../lib/gcc/arm-none-eabi/4.6.2/../../../../arm-none-eabi/lib\libg.a(lib_a-mlock.o)
                                                  c:/program files (x86)/yagarto/bin/../lib/gcc/arm-none-eabi/4.6.2/../../../../arm-none-eabi/lib\libg.a(lib_a-mallocr.o)
                                                  c:/program files (x86)/yagarto/bin/../lib/gcc/arm-none-eabi/4.6.2/../../../../arm-none-eabi/lib\libg.a(lib_a-freer.o)
__malloc_max_sbrked_mem                           c:/program files (x86)/yagarto/bin/../lib/gcc/arm-none-eabi/4.6.2/../../../../arm-none-eabi/lib\libg.a(lib_a-mallocr.o)
__malloc_max_total_mem                            c:/program files (x86)/yagarto/bin/../lib/gcc/arm-none-eabi/4.6.2/../../../../arm-none-eabi/lib\libg.a(lib_a-mallocr.o)
__malloc_sbrk_base                                c:/program files (x86)/yagarto/bin/../lib/gcc/arm-none-eabi/4.6.2/../../../../arm-none-eabi/lib\libg.a(lib_a-mallocr.o)
                                                  c:/program files (x86)/yagarto/bin/../lib/gcc/arm-none-eabi/4.6.2/../../../../arm-none-eabi/lib\libg.a(lib_a-freer.o)
__malloc_top_pad                                  c:/program files (x86)/yagarto/bin/../lib/gcc/arm-none-eabi/4.6.2/../../../../arm-none-eabi/lib\libg.a(lib_a-mallocr.o)
                                                  c:/program files (x86)/yagarto/bin/../lib/gcc/arm-none-eabi/4.6.2/../../../../arm-none-eabi/lib\libg.a(lib_a-freer.o)
__malloc_trim_threshold                           c:/program files (x86)/yagarto/bin/../lib/gcc/arm-none-eabi/4.6.2/../../../../arm-none-eabi/lib\libg.a(lib_a-mallocr.o)
                                                  c:/program files (x86)/yagarto/bin/../lib/gcc/arm-none-eabi/4.6.2/../../../../arm-none-eabi/lib\libg.a(lib_a-freer.o)
__malloc_unlock                                   c:/program files (x86)/yagarto/bin/../lib/gcc/arm-none-eabi/4.6.2/../../../../arm-none-eabi/lib\libg.a(lib_a-mlock.o)
                                                  c:/program files (x86)/yagarto/bin/../lib/gcc/arm-none-eabi/4.6.2/../../../../arm-none-eabi/lib\libg.a(lib_a-mallocr.o)
                                                  c:/program files (x86)/yagarto/bin/../lib/gcc/arm-none-eabi/4.6.2/../../../../arm-none-eabi/lib\libg.a(lib_a-freer.o)
__udivsi3                                         c:/program files (x86)/yagarto/bin/../lib/gcc/arm-none-eabi/4.6.2\libgcc.a(_udivsi3.o)
_atoi                                             C:\Users\INVITA~1\AppData\Local\Temp\ccsK1Bup.o
_boot                                             C:\Users\INVITA~1\AppData\Local\Temp\ccWhd8el.o
_data                                             C:\Users\INVITA~1\AppData\Local\Temp\ccWhd8el.o
_delay_loop                                       C:\Users\INVITA~1\AppData\Local\Temp\ccWhd8el.o
                                                  C:\Users\INVITA~1\AppData\Local\Temp\ccw1JY1G.o
                                                  C:\Users\INVITA~1\AppData\Local\Temp\ccWDFgJL.o
                                                  C:\Users\INVITA~1\AppData\Local\Temp\ccvhoOey.o
                                                  C:\Users\INVITA~1\AppData\Local\Temp\ccMiMrHz.o
_edata                                            C:\Users\INVITA~1\AppData\Local\Temp\ccWhd8el.o
_end                                              C:\Users\INVITA~1\AppData\Local\Temp\ccMiMrHz.o
_etext                                            C:\Users\INVITA~1\AppData\Local\Temp\ccWhd8el.o
_free_r                                           c:/program files (x86)/yagarto/bin/../lib/gcc/arm-none-eabi/4.6.2/../../../../arm-none-eabi/lib\libg.a(lib_a-freer.o)
                                                  c:/program files (x86)/yagarto/bin/../lib/gcc/arm-none-eabi/4.6.2/../../../../arm-none-eabi/lib\libg.a(lib_a-mallocr.o)
                                                  c:/program files (x86)/yagarto/bin/../lib/gcc/arm-none-eabi/4.6.2/../../../../arm-none-eabi/lib\libg.a(lib_a-reent.o)
_gets                                             C:\Users\INVITA~1\AppData\Local\Temp\ccWhd8el.o
_gettimeofday                                     C:\Users\INVITA~1\AppData\Local\Temp\ccMiMrHz.o
                                                  c:/program files (x86)/yagarto/bin/../lib/gcc/arm-none-eabi/4.6.2/../../../../arm-none-eabi/lib\libg.a(lib_a-gettimeofdayr.o)
_gettimeofday_r                                   c:/program files (x86)/yagarto/bin/../lib/gcc/arm-none-eabi/4.6.2/../../../../arm-none-eabi/lib\libg.a(lib_a-gettimeofdayr.o)
                                                  c:/program files (x86)/yagarto/bin/../lib/gcc/arm-none-eabi/4.6.2/../../../../arm-none-eabi/lib\libg.a(lib_a-sysgettod.o)
_global_impure_ptr                                c:/program files (x86)/yagarto/bin/../lib/gcc/arm-none-eabi/4.6.2/../../../../arm-none-eabi/lib\libg.a(lib_a-impure.o)
_impure_ptr                                       c:/program files (x86)/yagarto/bin/../lib/gcc/arm-none-eabi/4.6.2/../../../../arm-none-eabi/lib\libg.a(lib_a-impure.o)
                                                  c:/program files (x86)/yagarto/bin/../lib/gcc/arm-none-eabi/4.6.2/../../../../arm-none-eabi/lib\libg.a(lib_a-reent.o)
                                                  c:/program files (x86)/yagarto/bin/../lib/gcc/arm-none-eabi/4.6.2/../../../../arm-none-eabi/lib\libg.a(lib_a-sysgettod.o)
                                                  c:/program files (x86)/yagarto/bin/../lib/gcc/arm-none-eabi/4.6.2/../../../../arm-none-eabi/lib\libg.a(lib_a-rand.o)
_mainCRTStartup                                   C:\Users\INVITA~1\AppData\Local\Temp\ccWhd8el.o
_malloc_r                                         c:/program files (x86)/yagarto/bin/../lib/gcc/arm-none-eabi/4.6.2/../../../../arm-none-eabi/lib\libg.a(lib_a-mallocr.o)
_malloc_trim_r                                    c:/program files (x86)/yagarto/bin/../lib/gcc/arm-none-eabi/4.6.2/../../../../arm-none-eabi/lib\libg.a(lib_a-freer.o)
_printf                                           C:\Users\INVITA~1\AppData\Local\Temp\ccWhd8el.o
                                                  C:\Users\INVITA~1\AppData\Local\Temp\ccK7uMKS.o
                                                  C:\Users\INVITA~1\AppData\Local\Temp\ccsK1Bup.o
                                                  C:\Users\INVITA~1\AppData\Local\Temp\ccWDFgJL.o
                                                  C:\Users\INVITA~1\AppData\Local\Temp\ccvhoOey.o
                                                  C:\Users\INVITA~1\AppData\Local\Temp\ccMiMrHz.o
_prthex                                           C:\Users\INVITA~1\AppData\Local\Temp\ccWhd8el.o
_prtnum                                           C:\Users\INVITA~1\AppData\Local\Temp\ccWhd8el.o
_puts                                             C:\Users\INVITA~1\AppData\Local\Temp\ccWhd8el.o
                                                  C:\Users\INVITA~1\AppData\Local\Temp\ccWDFgJL.o
_reclaim_reent                                    c:/program files (x86)/yagarto/bin/../lib/gcc/arm-none-eabi/4.6.2/../../../../arm-none-eabi/lib\libg.a(lib_a-reent.o)
_sbrk                                             C:\Users\INVITA~1\AppData\Local\Temp\ccMiMrHz.o
                                                  c:/program files (x86)/yagarto/bin/../lib/gcc/arm-none-eabi/4.6.2/../../../../arm-none-eabi/lib\libg.a(lib_a-sbrkr.o)
_sbrk_r                                           c:/program files (x86)/yagarto/bin/../lib/gcc/arm-none-eabi/4.6.2/../../../../arm-none-eabi/lib\libg.a(lib_a-sbrkr.o)
                                                  c:/program files (x86)/yagarto/bin/../lib/gcc/arm-none-eabi/4.6.2/../../../../arm-none-eabi/lib\libg.a(lib_a-mallocr.o)
                                                  c:/program files (x86)/yagarto/bin/../lib/gcc/arm-none-eabi/4.6.2/../../../../arm-none-eabi/lib\libg.a(lib_a-freer.o)
_sputchar                                         C:\Users\INVITA~1\AppData\Local\Temp\ccvhoOey.o
_stack                                            C:\Users\INVITA~1\AppData\Local\Temp\ccWhd8el.o
_stack_end                                        C:\Users\INVITA~1\AppData\Local\Temp\ccWhd8el.o
_start                                            C:\Users\INVITA~1\AppData\Local\Temp\ccWhd8el.o
_vgetch                                           C:\Users\INVITA~1\AppData\Local\Temp\ccWhd8el.o
_vputch                                           C:\Users\INVITA~1\AppData\Local\Temp\ccWhd8el.o
_wrapup_reent                                     c:/program files (x86)/yagarto/bin/../lib/gcc/arm-none-eabi/4.6.2/../../../../arm-none-eabi/lib\libg.a(lib_a-reent.o)
bloques                                           C:\Users\INVITA~1\AppData\Local\Temp\ccKQxipX.o
cleanup_glue                                      c:/program files (x86)/yagarto/bin/../lib/gcc/arm-none-eabi/4.6.2/../../../../arm-none-eabi/lib\libg.a(lib_a-reent.o)
dir                                               C:\Users\INVITA~1\AppData\Local\Temp\ccvhoOey.o
errno                                             c:/program files (x86)/yagarto/bin/../lib/gcc/arm-none-eabi/4.6.2/../../../../arm-none-eabi/lib\libg.a(lib_a-sbrkr.o)
                                                  c:/program files (x86)/yagarto/bin/../lib/gcc/arm-none-eabi/4.6.2/../../../../arm-none-eabi/lib\libg.a(lib_a-reent.o)
                                                  c:/program files (x86)/yagarto/bin/../lib/gcc/arm-none-eabi/4.6.2/../../../../arm-none-eabi/lib\libg.a(lib_a-gettimeofdayr.o)
getDisplayPoint                                   C:\Users\INVITA~1\AppData\Local\Temp\cciKYS6F.o
                                                  C:\Users\INVITA~1\AppData\Local\Temp\ccWDFgJL.o
gettimeofday                                      c:/program files (x86)/yagarto/bin/../lib/gcc/arm-none-eabi/4.6.2/../../../../arm-none-eabi/lib\libg.a(lib_a-sysgettod.o)
                                                  C:\Users\INVITA~1\AppData\Local\Temp\ccMiMrHz.o
main                                              C:\Users\INVITA~1\AppData\Local\Temp\ccMiMrHz.o
                                                  C:\Users\INVITA~1\AppData\Local\Temp\ccWhd8el.o
pacman                                            C:\Users\INVITA~1\AppData\Local\Temp\ccqxoN8A.o
                                                  C:\Users\INVITA~1\AppData\Local\Temp\ccMiMrHz.o
paleta                                            C:\Users\INVITA~1\AppData\Local\Temp\ccsK1Bup.o
rand                                              c:/program files (x86)/yagarto/bin/../lib/gcc/arm-none-eabi/4.6.2/../../../../arm-none-eabi/lib\libg.a(lib_a-rand.o)
setCalibrationMatrix                              C:\Users\INVITA~1\AppData\Local\Temp\cciKYS6F.o
                                                  C:\Users\INVITA~1\AppData\Local\Temp\ccWDFgJL.o
srand                                             c:/program files (x86)/yagarto/bin/../lib/gcc/arm-none-eabi/4.6.2/../../../../arm-none-eabi/lib\libg.a(lib_a-rand.o)
                                                  C:\Users\INVITA~1\AppData\Local\Temp\ccMiMrHz.o
start                                             C:\Users\INVITA~1\AppData\Local\Temp\ccWhd8el.o
strlen                                            c:/program files (x86)/yagarto/bin/../lib/gcc/arm-none-eabi/4.6.2/../../../../arm-none-eabi/lib\libg.a(lib_a-strlen.o)
                                                  C:\Users\INVITA~1\AppData\Local\Temp\ccvhoOey.o
teselas_x                                         C:\Users\INVITA~1\AppData\Local\Temp\ccsK1Bup.o
tft_x                                             C:\Users\INVITA~1\AppData\Local\Temp\ccvhoOey.o
tft_y                                             C:\Users\INVITA~1\AppData\Local\Temp\ccvhoOey.o
xN                                                C:\Users\INVITA~1\AppData\Local\Temp\ccvhoOey.o
xpm_alto                                          C:\Users\INVITA~1\AppData\Local\Temp\ccsK1Bup.o
xpm_ancho                                         C:\Users\INVITA~1\AppData\Local\Temp\ccsK1Bup.o
xpm_cpp                                           C:\Users\INVITA~1\AppData\Local\Temp\ccsK1Bup.o
xpm_ncol                                          C:\Users\INVITA~1\AppData\Local\Temp\ccsK1Bup.o
xpm_sx                                            C:\Users\INVITA~1\AppData\Local\Temp\ccsK1Bup.o
                                                  C:\Users\INVITA~1\AppData\Local\Temp\ccMiMrHz.o
xpm_sxn                                           C:\Users\INVITA~1\AppData\Local\Temp\ccsK1Bup.o
xpm_sy                                            C:\Users\INVITA~1\AppData\Local\Temp\ccsK1Bup.o
                                                  C:\Users\INVITA~1\AppData\Local\Temp\ccMiMrHz.o
xpm_syn                                           C:\Users\INVITA~1\AppData\Local\Temp\ccsK1Bup.o
xpm_xmirror                                       C:\Users\INVITA~1\AppData\Local\Temp\ccsK1Bup.o
xpm_xn                                            C:\Users\INVITA~1\AppData\Local\Temp\ccsK1Bup.o
xpm_yn                                            C:\Users\INVITA~1\AppData\Local\Temp\ccsK1Bup.o
yN                                                C:\Users\INVITA~1\AppData\Local\Temp\ccvhoOey.o
