Archive member included because of file (symbol)

c:/program files (x86)/yagarto/bin/../lib/gcc/arm-none-eabi/4.6.2\libgcc.a(_udivsi3.o)
                              C:\Users\Alonso\AppData\Local\Temp\ccbxJZ92.o (__aeabi_uidiv)
c:/program files (x86)/yagarto/bin/../lib/gcc/arm-none-eabi/4.6.2\libgcc.a(_divsi3.o)
                              C:\Users\Alonso\AppData\Local\Temp\ccnEdLvK.o (__aeabi_idiv)
c:/program files (x86)/yagarto/bin/../lib/gcc/arm-none-eabi/4.6.2\libgcc.a(_dvmd_tls.o)
                              c:/program files (x86)/yagarto/bin/../lib/gcc/arm-none-eabi/4.6.2\libgcc.a(_udivsi3.o) (__aeabi_idiv0)
c:/program files (x86)/yagarto/bin/../lib/gcc/arm-none-eabi/4.6.2/../../../../arm-none-eabi/lib\libg.a(lib_a-rand.o)
                              C:\Users\Alonso\AppData\Local\Temp\ccrMHPsp.o (srand)
c:/program files (x86)/yagarto/bin/../lib/gcc/arm-none-eabi/4.6.2/../../../../arm-none-eabi/lib\libg.a(lib_a-strlen.o)
                              C:\Users\Alonso\AppData\Local\Temp\ccFqhTJZ.o (strlen)
c:/program files (x86)/yagarto/bin/../lib/gcc/arm-none-eabi/4.6.2/../../../../arm-none-eabi/lib\libg.a(lib_a-sysgettod.o)
                              C:\Users\Alonso\AppData\Local\Temp\ccrMHPsp.o (gettimeofday)
c:/program files (x86)/yagarto/bin/../lib/gcc/arm-none-eabi/4.6.2/../../../../arm-none-eabi/lib\libg.a(lib_a-gettimeofdayr.o)
                              c:/program files (x86)/yagarto/bin/../lib/gcc/arm-none-eabi/4.6.2/../../../../arm-none-eabi/lib\libg.a(lib_a-sysgettod.o) (_gettimeofday_r)
c:/program files (x86)/yagarto/bin/../lib/gcc/arm-none-eabi/4.6.2/../../../../arm-none-eabi/lib\libg.a(lib_a-impure.o)
                              c:/program files (x86)/yagarto/bin/../lib/gcc/arm-none-eabi/4.6.2/../../../../arm-none-eabi/lib\libg.a(lib_a-rand.o) (_impure_ptr)
c:/program files (x86)/yagarto/bin/../lib/gcc/arm-none-eabi/4.6.2/../../../../arm-none-eabi/lib\libg.a(lib_a-reent.o)
                              c:/program files (x86)/yagarto/bin/../lib/gcc/arm-none-eabi/4.6.2/../../../../arm-none-eabi/lib\libg.a(lib_a-gettimeofdayr.o) (errno)
c:/program files (x86)/yagarto/bin/../lib/gcc/arm-none-eabi/4.6.2/../../../../arm-none-eabi/lib\libg.a(lib_a-freer.o)
                              c:/program files (x86)/yagarto/bin/../lib/gcc/arm-none-eabi/4.6.2/../../../../arm-none-eabi/lib\libg.a(lib_a-reent.o) (_free_r)
c:/program files (x86)/yagarto/bin/../lib/gcc/arm-none-eabi/4.6.2/../../../../arm-none-eabi/lib\libg.a(lib_a-mallocr.o)
                              c:/program files (x86)/yagarto/bin/../lib/gcc/arm-none-eabi/4.6.2/../../../../arm-none-eabi/lib\libg.a(lib_a-freer.o) (__malloc_current_mallinfo)
c:/program files (x86)/yagarto/bin/../lib/gcc/arm-none-eabi/4.6.2/../../../../arm-none-eabi/lib\libg.a(lib_a-mlock.o)
                              c:/program files (x86)/yagarto/bin/../lib/gcc/arm-none-eabi/4.6.2/../../../../arm-none-eabi/lib\libg.a(lib_a-freer.o) (__malloc_lock)
c:/program files (x86)/yagarto/bin/../lib/gcc/arm-none-eabi/4.6.2/../../../../arm-none-eabi/lib\libg.a(lib_a-sbrkr.o)
                              c:/program files (x86)/yagarto/bin/../lib/gcc/arm-none-eabi/4.6.2/../../../../arm-none-eabi/lib\libg.a(lib_a-freer.o) (_sbrk_r)

Allocating common symbols
Common symbol       size              file

errno               0x4               c:/program files (x86)/yagarto/bin/../lib/gcc/arm-none-eabi/4.6.2/../../../../arm-none-eabi/lib\libg.a(lib_a-reent.o)

Discarded input sections

 .bss           0x00000000        0x0 C:\Users\Alonso\AppData\Local\Temp\cc4mIvuc.o
 .data          0x00000000        0x0 C:\Users\Alonso\AppData\Local\Temp\ccnEdLvK.o
 .bss           0x00000000        0x0 C:\Users\Alonso\AppData\Local\Temp\ccnEdLvK.o
 .bss           0x00000000        0x0 C:\Users\Alonso\AppData\Local\Temp\ccf3klQA.o
 .text          0x00000000        0x0 C:\Users\Alonso\AppData\Local\Temp\ccRtn4dt.o
 .data          0x00000000       0xb4 C:\Users\Alonso\AppData\Local\Temp\ccRtn4dt.o
 .bss           0x00000000        0x0 C:\Users\Alonso\AppData\Local\Temp\ccRtn4dt.o
 .rodata.str1.4
                0x00000000     0x11f0 C:\Users\Alonso\AppData\Local\Temp\ccRtn4dt.o
 .text          0x00000000       0x6c C:\Users\Alonso\AppData\Local\Temp\ccOPq3Tz.o
 .data          0x00000000        0x0 C:\Users\Alonso\AppData\Local\Temp\ccOPq3Tz.o
 .bss           0x00000000        0x0 C:\Users\Alonso\AppData\Local\Temp\ccOPq3Tz.o
 .text          0x00000000        0x0 C:\Users\Alonso\AppData\Local\Temp\ccnylZ4F.o
 .data          0x00000000        0x0 C:\Users\Alonso\AppData\Local\Temp\ccnylZ4F.o
 .bss           0x00000000        0x0 C:\Users\Alonso\AppData\Local\Temp\ccnylZ4F.o
 .text          0x00000000        0x0 C:\Users\Alonso\AppData\Local\Temp\cc6fDcoN.o
 .data          0x00000000        0x0 C:\Users\Alonso\AppData\Local\Temp\cc6fDcoN.o
 .bss           0x00000000        0x0 C:\Users\Alonso\AppData\Local\Temp\cc6fDcoN.o
 .rodata        0x00000000      0x47c C:\Users\Alonso\AppData\Local\Temp\cc6fDcoN.o
 .text          0x00000000      0x210 C:\Users\Alonso\AppData\Local\Temp\ccbxJZ92.o
 .data          0x00000000      0x124 C:\Users\Alonso\AppData\Local\Temp\ccbxJZ92.o
 .bss           0x00000000        0x0 C:\Users\Alonso\AppData\Local\Temp\ccbxJZ92.o
 .rodata        0x00000000      0x200 C:\Users\Alonso\AppData\Local\Temp\ccbxJZ92.o
 .rodata.str1.4
                0x00000000       0x20 C:\Users\Alonso\AppData\Local\Temp\ccbxJZ92.o
 .data          0x00000000        0x0 C:\Users\Alonso\AppData\Local\Temp\ccESRdgn.o
 .bss           0x00000000        0x0 C:\Users\Alonso\AppData\Local\Temp\ccESRdgn.o
 .text          0x00000000        0x0 C:\Users\Alonso\AppData\Local\Temp\cch3XeeJ.o
 .data          0x00000000      0x168 C:\Users\Alonso\AppData\Local\Temp\cch3XeeJ.o
 .bss           0x00000000        0x0 C:\Users\Alonso\AppData\Local\Temp\cch3XeeJ.o
 .rodata.str1.4
                0x00000000      0x194 C:\Users\Alonso\AppData\Local\Temp\cch3XeeJ.o
 .text          0x00000000        0x0 C:\Users\Alonso\AppData\Local\Temp\cc6LOi16.o
 .bss           0x00000000        0x0 C:\Users\Alonso\AppData\Local\Temp\cc6LOi16.o
 .text          0x00000000      0x114 c:/program files (x86)/yagarto/bin/../lib/gcc/arm-none-eabi/4.6.2\libgcc.a(_udivsi3.o)
 .data          0x00000000        0x0 c:/program files (x86)/yagarto/bin/../lib/gcc/arm-none-eabi/4.6.2\libgcc.a(_udivsi3.o)
 .bss           0x00000000        0x0 c:/program files (x86)/yagarto/bin/../lib/gcc/arm-none-eabi/4.6.2\libgcc.a(_udivsi3.o)
 .data          0x00000000        0x0 c:/program files (x86)/yagarto/bin/../lib/gcc/arm-none-eabi/4.6.2\libgcc.a(_divsi3.o)
 .bss           0x00000000        0x0 c:/program files (x86)/yagarto/bin/../lib/gcc/arm-none-eabi/4.6.2\libgcc.a(_divsi3.o)
 .data          0x00000000        0x0 c:/program files (x86)/yagarto/bin/../lib/gcc/arm-none-eabi/4.6.2\libgcc.a(_dvmd_tls.o)
 .bss           0x00000000        0x0 c:/program files (x86)/yagarto/bin/../lib/gcc/arm-none-eabi/4.6.2\libgcc.a(_dvmd_tls.o)
 .data          0x00000000        0x0 c:/program files (x86)/yagarto/bin/../lib/gcc/arm-none-eabi/4.6.2/../../../../arm-none-eabi/lib\libg.a(lib_a-rand.o)
 .bss           0x00000000        0x0 c:/program files (x86)/yagarto/bin/../lib/gcc/arm-none-eabi/4.6.2/../../../../arm-none-eabi/lib\libg.a(lib_a-rand.o)
 .data          0x00000000        0x0 c:/program files (x86)/yagarto/bin/../lib/gcc/arm-none-eabi/4.6.2/../../../../arm-none-eabi/lib\libg.a(lib_a-strlen.o)
 .bss           0x00000000        0x0 c:/program files (x86)/yagarto/bin/../lib/gcc/arm-none-eabi/4.6.2/../../../../arm-none-eabi/lib\libg.a(lib_a-strlen.o)
 .data          0x00000000        0x0 c:/program files (x86)/yagarto/bin/../lib/gcc/arm-none-eabi/4.6.2/../../../../arm-none-eabi/lib\libg.a(lib_a-sysgettod.o)
 .bss           0x00000000        0x0 c:/program files (x86)/yagarto/bin/../lib/gcc/arm-none-eabi/4.6.2/../../../../arm-none-eabi/lib\libg.a(lib_a-sysgettod.o)
 .data          0x00000000        0x0 c:/program files (x86)/yagarto/bin/../lib/gcc/arm-none-eabi/4.6.2/../../../../arm-none-eabi/lib\libg.a(lib_a-gettimeofdayr.o)
 .bss           0x00000000        0x0 c:/program files (x86)/yagarto/bin/../lib/gcc/arm-none-eabi/4.6.2/../../../../arm-none-eabi/lib\libg.a(lib_a-gettimeofdayr.o)
 .text          0x00000000        0x0 c:/program files (x86)/yagarto/bin/../lib/gcc/arm-none-eabi/4.6.2/../../../../arm-none-eabi/lib\libg.a(lib_a-impure.o)
 .bss           0x00000000        0x0 c:/program files (x86)/yagarto/bin/../lib/gcc/arm-none-eabi/4.6.2/../../../../arm-none-eabi/lib\libg.a(lib_a-impure.o)
 .rodata        0x00000000        0x4 c:/program files (x86)/yagarto/bin/../lib/gcc/arm-none-eabi/4.6.2/../../../../arm-none-eabi/lib\libg.a(lib_a-impure.o)
 .text          0x00000000      0x1a8 c:/program files (x86)/yagarto/bin/../lib/gcc/arm-none-eabi/4.6.2/../../../../arm-none-eabi/lib\libg.a(lib_a-reent.o)
 .data          0x00000000        0x0 c:/program files (x86)/yagarto/bin/../lib/gcc/arm-none-eabi/4.6.2/../../../../arm-none-eabi/lib\libg.a(lib_a-reent.o)
 .bss           0x00000000        0x0 c:/program files (x86)/yagarto/bin/../lib/gcc/arm-none-eabi/4.6.2/../../../../arm-none-eabi/lib\libg.a(lib_a-reent.o)
 .text          0x00000000      0x360 c:/program files (x86)/yagarto/bin/../lib/gcc/arm-none-eabi/4.6.2/../../../../arm-none-eabi/lib\libg.a(lib_a-freer.o)
 .data          0x00000000        0x0 c:/program files (x86)/yagarto/bin/../lib/gcc/arm-none-eabi/4.6.2/../../../../arm-none-eabi/lib\libg.a(lib_a-freer.o)
 .bss           0x00000000        0x0 c:/program files (x86)/yagarto/bin/../lib/gcc/arm-none-eabi/4.6.2/../../../../arm-none-eabi/lib\libg.a(lib_a-freer.o)
 .text          0x00000000      0x714 c:/program files (x86)/yagarto/bin/../lib/gcc/arm-none-eabi/4.6.2/../../../../arm-none-eabi/lib\libg.a(lib_a-mallocr.o)
 .data          0x00000000      0x410 c:/program files (x86)/yagarto/bin/../lib/gcc/arm-none-eabi/4.6.2/../../../../arm-none-eabi/lib\libg.a(lib_a-mallocr.o)
 .bss           0x00000000       0x34 c:/program files (x86)/yagarto/bin/../lib/gcc/arm-none-eabi/4.6.2/../../../../arm-none-eabi/lib\libg.a(lib_a-mallocr.o)
 .text          0x00000000        0x8 c:/program files (x86)/yagarto/bin/../lib/gcc/arm-none-eabi/4.6.2/../../../../arm-none-eabi/lib\libg.a(lib_a-mlock.o)
 .data          0x00000000        0x0 c:/program files (x86)/yagarto/bin/../lib/gcc/arm-none-eabi/4.6.2/../../../../arm-none-eabi/lib\libg.a(lib_a-mlock.o)
 .bss           0x00000000        0x0 c:/program files (x86)/yagarto/bin/../lib/gcc/arm-none-eabi/4.6.2/../../../../arm-none-eabi/lib\libg.a(lib_a-mlock.o)
 .text          0x00000000       0x40 c:/program files (x86)/yagarto/bin/../lib/gcc/arm-none-eabi/4.6.2/../../../../arm-none-eabi/lib\libg.a(lib_a-sbrkr.o)
 .data          0x00000000        0x0 c:/program files (x86)/yagarto/bin/../lib/gcc/arm-none-eabi/4.6.2/../../../../arm-none-eabi/lib\libg.a(lib_a-sbrkr.o)
 .bss           0x00000000        0x0 c:/program files (x86)/yagarto/bin/../lib/gcc/arm-none-eabi/4.6.2/../../../../arm-none-eabi/lib\libg.a(lib_a-sbrkr.o)

Memory Configuration

Name             Origin             Length             Attributes
ROM              0x00000000         0x00020000         xr
RAM              0x40000000         0x00010000         rw
*default*        0x00000000         0xffffffff

Linker script and memory map

                0x00000400                STACK_SIZE = 0x400
                0x40010000                _stack_end = 0x40010000

.text           0x00000000    0x15c24
 //*(.text.startup)
 *(.text)
 .text          0x00000000      0x640 C:\Users\Alonso\AppData\Local\Temp\cc4mIvuc.o
                0x00000000                _boot
                0x00000230                _start
                0x00000230                _mainCRTStartup
                0x00000230                start
                0x00000348                _Halt
                0x00000360                _delay_loop
                0x0000036c                _prtnum
                0x00000410                _prthex
                0x00000458                _puts
                0x0000047c                _printf
                0x00000524                _gets
                0x000005ac                _U0putch
                0x000005c4                _U0getch
 .text          0x00000640      0x7c0 C:\Users\Alonso\AppData\Local\Temp\ccrMHPsp.o
                0x00000dbc                _gettimeofday
                0x00000dd4                _sbrk
 .text          0x00000e00     0x636c C:\Users\Alonso\AppData\Local\Temp\ccFqhTJZ.o
                0x00000e00                NT35510_Cmd
                0x00000e2c                NT35510_Data
                0x00000e5c                NT35510_Data_
                0x00000e88                NT35510_Reg
                0x00000edc                TFT_SetArea
                0x0000109c                TFT_SetAreaR
                0x0000125c                NT35510_ReadCMD
                0x000012ec                TFT_Init
                0x0000401c                TFT_FillArea
                0x0000423c                TFT_PutPixel
                0x000043a0                TFT_PutPixelColor
                0x000044dc                TFT_DrawLine
                0x00004900                TFT_HorizontalLine
                0x00004b40                TFT_VerticalLine
                0x00004d60                TFT_DrawSquare
                0x00004dd8                TFT_DrawCircle
                0x00005eec                TFT_FillCircle
                0x00005fb8                TFT_DrawFillSquare
                0x000061e4                TFT_DrawFillSquareS
                0x00006418                TFT_DumpBinaryFont
                0x000065a0                TFT_putch
                0x00006868                TFT_print
                0x000068c8                TFT_print_centered_x
                0x00006948                TFT_putchar
                0x00006988                TFT_putch_xNyN
                0x00006afc                TFT_putchar_xNyN
                0x00006b40                TFT_print_xNyN
                0x00006bac                TFT_print_centered_x_xNyN
                0x00006c40                TFT_Off
                0x00006d30                TFT_On
                0x00006d34                NT35510_WritePage
                0x00006f34                NT35510_ReadPage
 .text          0x0000716c      0x278 C:\Users\Alonso\AppData\Local\Temp\ccnEdLvK.o
                0x0000716c                setCalibrationMatrix
                0x00007360                getDisplayPoint
 .text          0x000073e4      0x504 C:\Users\Alonso\AppData\Local\Temp\ccf3klQA.o
                0x000073e4                TP_Init
                0x0000742c                TP_EnviaRecibe
                0x00007454                TP_Get_XY
                0x000075d4                TP_Get_XY_Cal
                0x00007644                TP_Aspa
                0x000076ac                TP_Calibrate
 .text          0x000078e8      0x8f8 C:\Users\Alonso\AppData\Local\Temp\cct44rRz.o
                0x000078e8                _atoi
                0x00007948                XPM_Extract
                0x00007c7c                XPM_PintaAll
                0x00007d34                XPM_PintaAt
                0x00007e60                XPM_SetxNyN
                0x00007eb0                XPM_PintaAtxNyN
 .text          0x000081e0       0x88 C:\Users\Alonso\AppData\Local\Temp\ccESRdgn.o
                0x000081e0                GetAction
 .text          0x00008268      0x148 c:/program files (x86)/yagarto/bin/../lib/gcc/arm-none-eabi/4.6.2\libgcc.a(_divsi3.o)
                0x00008268                __divsi3
                0x00008268                __aeabi_idiv
                0x00008390                __aeabi_idivmod
 .text          0x000083b0        0x4 c:/program files (x86)/yagarto/bin/../lib/gcc/arm-none-eabi/4.6.2\libgcc.a(_dvmd_tls.o)
                0x000083b0                __aeabi_idiv0
                0x000083b0                __aeabi_ldiv0
 .text          0x000083b4       0x78 c:/program files (x86)/yagarto/bin/../lib/gcc/arm-none-eabi/4.6.2/../../../../arm-none-eabi/lib\libg.a(lib_a-rand.o)
                0x000083b4                srand
                0x000083d0                rand
 .text          0x0000842c       0x60 c:/program files (x86)/yagarto/bin/../lib/gcc/arm-none-eabi/4.6.2/../../../../arm-none-eabi/lib\libg.a(lib_a-strlen.o)
                0x0000842c                strlen
 .text          0x0000848c       0x28 c:/program files (x86)/yagarto/bin/../lib/gcc/arm-none-eabi/4.6.2/../../../../arm-none-eabi/lib\libg.a(lib_a-sysgettod.o)
                0x0000848c                gettimeofday
 .text          0x000084b4       0x40 c:/program files (x86)/yagarto/bin/../lib/gcc/arm-none-eabi/4.6.2/../../../../arm-none-eabi/lib\libg.a(lib_a-gettimeofdayr.o)
                0x000084b4                _gettimeofday_r
 *(.text.startup)
 .text.startup  0x000084f4      0x460 C:\Users\Alonso\AppData\Local\Temp\ccrMHPsp.o
                0x000084f4                main
 *(.rodata)
 .rodata        0x00008954      0x264 C:\Users\Alonso\AppData\Local\Temp\ccrMHPsp.o
 .rodata        0x00008bb8      0xbe8 C:\Users\Alonso\AppData\Local\Temp\ccnylZ4F.o
                0x00008bb8                BigFont
 *(.rodata*)
 .rodata.str1.4
                0x000097a0       0x54 C:\Users\Alonso\AppData\Local\Temp\ccrMHPsp.o
 .rodata.str1.4
                0x000097f4       0xb7 C:\Users\Alonso\AppData\Local\Temp\ccFqhTJZ.o
                                 0xbc (size before relaxing)
 *fill*         0x000098ab        0x1 00
 .rodata.str1.4
                0x000098ac       0xa4 C:\Users\Alonso\AppData\Local\Temp\ccf3klQA.o
 .rodata.str1.4
                0x00009950       0x1f C:\Users\Alonso\AppData\Local\Temp\cct44rRz.o
                                 0x20 (size before relaxing)
 *fill*         0x0000996f        0x1 00
 .rodata.str1.4
                0x00009970     0xc2ad C:\Users\Alonso\AppData\Local\Temp\cc6LOi16.o
                               0xc2b0 (size before relaxing)
 *fill*         0x00015c1d        0x3 00
 .rodata.str1.4
                0x00015c20        0x4 c:/program files (x86)/yagarto/bin/../lib/gcc/arm-none-eabi/4.6.2/../../../../arm-none-eabi/lib\libg.a(lib_a-impure.o)
 *(.glue_7)
 .glue_7        0x00000000        0x0 linker stubs
 *(.glue_7t)
 .glue_7t       0x00000000        0x0 linker stubs

.vfp11_veneer   0x00015c24        0x0
 .vfp11_veneer  0x00000000        0x0 linker stubs

.v4_bx          0x00015c24        0x0
 .v4_bx         0x00000000        0x0 linker stubs
                0x00015c24                . = ALIGN (0x4)

.ctors          0x00015c24        0x0
                0x00015c24                PROVIDE (__ctors_start__, .)
 *(SORT(.ctors.*))
 *(.ctors)
                0x00015c24                PROVIDE (__ctors_end__, .)

.dtors          0x00015c24        0x0
                0x00015c24                PROVIDE (__dtors_start__, .)
 *(SORT(.dtors.*))
 *(.dtors)
                0x00015c24                PROVIDE (__dtors_end__, .)
                0x00015c24                . = ALIGN (0x4)
                0x00015c24                _etext = .
                0x00015c24                PROVIDE (etext, .)

.data           0x40000000      0x820 load address 0x00015c24
                0x40000000                _data = .
 *(.data)
 .data          0x40000000        0x8 C:\Users\Alonso\AppData\Local\Temp\cc4mIvuc.o
                0x40000000                _vputch
                0x40000004                _vgetch
 .data          0x40000008        0x4 C:\Users\Alonso\AppData\Local\Temp\ccrMHPsp.o
 .data          0x4000000c       0x10 C:\Users\Alonso\AppData\Local\Temp\ccFqhTJZ.o
                0x4000000c                FG_Color
                0x40000010                CF
                0x40000014                yN
                0x40000018                xN
 .data          0x4000001c       0x20 C:\Users\Alonso\AppData\Local\Temp\ccf3klQA.o
                0x4000001c                X_SINPULSAR
                0x40000020                Cal
 .data          0x4000003c       0x10 C:\Users\Alonso\AppData\Local\Temp\cct44rRz.o
                0x4000003c                xpm_xn
                0x40000040                xpm_yn
                0x40000044                xpm_sxn
                0x40000048                xpm_syn
 .data          0x4000004c      0x3a4 C:\Users\Alonso\AppData\Local\Temp\cc6LOi16.o
                0x4000004c                pacman
 .data          0x400003f0      0x430 c:/program files (x86)/yagarto/bin/../lib/gcc/arm-none-eabi/4.6.2/../../../../arm-none-eabi/lib\libg.a(lib_a-impure.o)
                0x400003f0                _impure_ptr
                0x40000820                . = ALIGN (0x4)
                0x40000820                _edata = .
                0x40000820                PROVIDE (edata, .)

.bss            0x40000820      0x3a8 load address 0x00016444
                0x40000820                __bss_start = .
                0x40000820                __bss_start__ = .
 *(.bss)
 .bss           0x40000820      0x2b0 C:\Users\Alonso\AppData\Local\Temp\ccrMHPsp.o
 .bss           0x40000ad0       0x14 C:\Users\Alonso\AppData\Local\Temp\ccFqhTJZ.o
                0x40000ad0                LENX
                0x40000ad4                LENY
                0x40000ad8                BG_Color
                0x40000adc                tft_x
                0x40000ae0                tft_y
 .bss           0x40000ae4       0xe0 C:\Users\Alonso\AppData\Local\Temp\cct44rRz.o
                0x40000ae4                xpm_ancho
                0x40000ae8                xpm_alto
                0x40000aec                xpm_ncol
                0x40000af0                xpm_cpp
                0x40000af4                paleta
                0x40000bb4                xpm_sx
                0x40000bb8                xpm_sy
                0x40000bbc                teselas_x
                0x40000bc0                xpm_xmirror
 *(COMMON)
 COMMON         0x40000bc4        0x4 c:/program files (x86)/yagarto/bin/../lib/gcc/arm-none-eabi/4.6.2/../../../../arm-none-eabi/lib\libg.a(lib_a-reent.o)
                0x40000bc4                errno
                0x40000bc8                . = ALIGN (0x4)
                0x40000bc8                . = ALIGN (0x4)
                0x40000bc8                __bss_end__ = .
                0x40000bc8                PROVIDE (__bss_end, .)

.stack          0x40000bc8      0x438 load address 0x000167ec
                0x40000c00                . = ALIGN (0x100)
 *fill*         0x40000bc8       0x38 00
                0x40001000                . = (. + STACK_SIZE)
 *fill*         0x40000c00      0x400 00
                0x40001000                PROVIDE (_stack, .)
                0x40001000                _end = .
                0x40001000                PROVIDE (end, .)

.stab
 *(.stab)

.stabstr
 *(.stabstr)

.stab.excl
 *(.stab.excl)

.stab.exclstr
 *(.stab.exclstr)

.stab.index
 *(.stab.index)

.stab.indexstr
 *(.stab.indexstr)

.ARM.attributes
                0x00000000       0x2e
 .ARM.attributes
                0x00000000       0x22 C:\Users\Alonso\AppData\Local\Temp\cc4mIvuc.o
 .ARM.attributes
                0x00000022       0x32 C:\Users\Alonso\AppData\Local\Temp\ccrMHPsp.o
 .ARM.attributes
                0x00000054       0x32 C:\Users\Alonso\AppData\Local\Temp\ccFqhTJZ.o
 .ARM.attributes
                0x00000086       0x32 C:\Users\Alonso\AppData\Local\Temp\ccnEdLvK.o
 .ARM.attributes
                0x000000b8       0x32 C:\Users\Alonso\AppData\Local\Temp\ccf3klQA.o
 .ARM.attributes
                0x000000ea       0x32 C:\Users\Alonso\AppData\Local\Temp\ccRtn4dt.o
 .ARM.attributes
                0x0000011c       0x32 C:\Users\Alonso\AppData\Local\Temp\cct44rRz.o
 .ARM.attributes
                0x0000014e       0x32 C:\Users\Alonso\AppData\Local\Temp\ccOPq3Tz.o
 .ARM.attributes
                0x00000180       0x32 C:\Users\Alonso\AppData\Local\Temp\ccnylZ4F.o
 .ARM.attributes
                0x000001b2       0x32 C:\Users\Alonso\AppData\Local\Temp\cc6fDcoN.o
 .ARM.attributes
                0x000001e4       0x32 C:\Users\Alonso\AppData\Local\Temp\ccbxJZ92.o
 .ARM.attributes
                0x00000216       0x32 C:\Users\Alonso\AppData\Local\Temp\ccESRdgn.o
 .ARM.attributes
                0x00000248       0x32 C:\Users\Alonso\AppData\Local\Temp\cch3XeeJ.o
 .ARM.attributes
                0x0000027a       0x32 C:\Users\Alonso\AppData\Local\Temp\cc6LOi16.o
 .ARM.attributes
                0x000002ac       0x1a c:/program files (x86)/yagarto/bin/../lib/gcc/arm-none-eabi/4.6.2\libgcc.a(_udivsi3.o)
 .ARM.attributes
                0x000002c6       0x1a c:/program files (x86)/yagarto/bin/../lib/gcc/arm-none-eabi/4.6.2\libgcc.a(_divsi3.o)
 .ARM.attributes
                0x000002e0       0x18 c:/program files (x86)/yagarto/bin/../lib/gcc/arm-none-eabi/4.6.2\libgcc.a(_dvmd_tls.o)
 .ARM.attributes
                0x000002f8       0x32 c:/program files (x86)/yagarto/bin/../lib/gcc/arm-none-eabi/4.6.2/../../../../arm-none-eabi/lib\libg.a(lib_a-rand.o)
 .ARM.attributes
                0x0000032a       0x32 c:/program files (x86)/yagarto/bin/../lib/gcc/arm-none-eabi/4.6.2/../../../../arm-none-eabi/lib\libg.a(lib_a-strlen.o)
 .ARM.attributes
                0x0000035c       0x32 c:/program files (x86)/yagarto/bin/../lib/gcc/arm-none-eabi/4.6.2/../../../../arm-none-eabi/lib\libg.a(lib_a-sysgettod.o)
 .ARM.attributes
                0x0000038e       0x32 c:/program files (x86)/yagarto/bin/../lib/gcc/arm-none-eabi/4.6.2/../../../../arm-none-eabi/lib\libg.a(lib_a-gettimeofdayr.o)
 .ARM.attributes
                0x000003c0       0x32 c:/program files (x86)/yagarto/bin/../lib/gcc/arm-none-eabi/4.6.2/../../../../arm-none-eabi/lib\libg.a(lib_a-impure.o)
 .ARM.attributes
                0x000003f2       0x32 c:/program files (x86)/yagarto/bin/../lib/gcc/arm-none-eabi/4.6.2/../../../../arm-none-eabi/lib\libg.a(lib_a-reent.o)
 .ARM.attributes
                0x00000424       0x32 c:/program files (x86)/yagarto/bin/../lib/gcc/arm-none-eabi/4.6.2/../../../../arm-none-eabi/lib\libg.a(lib_a-freer.o)
 .ARM.attributes
                0x00000456       0x32 c:/program files (x86)/yagarto/bin/../lib/gcc/arm-none-eabi/4.6.2/../../../../arm-none-eabi/lib\libg.a(lib_a-mallocr.o)
 .ARM.attributes
                0x00000488       0x32 c:/program files (x86)/yagarto/bin/../lib/gcc/arm-none-eabi/4.6.2/../../../../arm-none-eabi/lib\libg.a(lib_a-mlock.o)
 .ARM.attributes
                0x000004ba       0x32 c:/program files (x86)/yagarto/bin/../lib/gcc/arm-none-eabi/4.6.2/../../../../arm-none-eabi/lib\libg.a(lib_a-sbrkr.o)

.comment        0x00000000       0x11
 *(.comment)
 .comment       0x00000000       0x11 C:\Users\Alonso\AppData\Local\Temp\ccrMHPsp.o
                                 0x12 (size before relaxing)
 .comment       0x00000000       0x12 C:\Users\Alonso\AppData\Local\Temp\ccFqhTJZ.o
 .comment       0x00000000       0x12 C:\Users\Alonso\AppData\Local\Temp\ccnEdLvK.o
 .comment       0x00000000       0x12 C:\Users\Alonso\AppData\Local\Temp\ccf3klQA.o
 .comment       0x00000000       0x12 C:\Users\Alonso\AppData\Local\Temp\ccRtn4dt.o
 .comment       0x00000000       0x12 C:\Users\Alonso\AppData\Local\Temp\cct44rRz.o
 .comment       0x00000000       0x12 C:\Users\Alonso\AppData\Local\Temp\ccOPq3Tz.o
 .comment       0x00000000       0x12 C:\Users\Alonso\AppData\Local\Temp\ccnylZ4F.o
 .comment       0x00000000       0x12 C:\Users\Alonso\AppData\Local\Temp\cc6fDcoN.o
 .comment       0x00000000       0x12 C:\Users\Alonso\AppData\Local\Temp\ccbxJZ92.o
 .comment       0x00000000       0x12 C:\Users\Alonso\AppData\Local\Temp\ccESRdgn.o
 .comment       0x00000000       0x12 C:\Users\Alonso\AppData\Local\Temp\cch3XeeJ.o
 .comment       0x00000000       0x12 C:\Users\Alonso\AppData\Local\Temp\cc6LOi16.o
 .comment       0x00000000       0x12 c:/program files (x86)/yagarto/bin/../lib/gcc/arm-none-eabi/4.6.2/../../../../arm-none-eabi/lib\libg.a(lib_a-rand.o)
 .comment       0x00000000       0x12 c:/program files (x86)/yagarto/bin/../lib/gcc/arm-none-eabi/4.6.2/../../../../arm-none-eabi/lib\libg.a(lib_a-strlen.o)
 .comment       0x00000000       0x12 c:/program files (x86)/yagarto/bin/../lib/gcc/arm-none-eabi/4.6.2/../../../../arm-none-eabi/lib\libg.a(lib_a-sysgettod.o)
 .comment       0x00000000       0x12 c:/program files (x86)/yagarto/bin/../lib/gcc/arm-none-eabi/4.6.2/../../../../arm-none-eabi/lib\libg.a(lib_a-gettimeofdayr.o)
 .comment       0x00000000       0x12 c:/program files (x86)/yagarto/bin/../lib/gcc/arm-none-eabi/4.6.2/../../../../arm-none-eabi/lib\libg.a(lib_a-impure.o)
 .comment       0x00000000       0x12 c:/program files (x86)/yagarto/bin/../lib/gcc/arm-none-eabi/4.6.2/../../../../arm-none-eabi/lib\libg.a(lib_a-reent.o)
 .comment       0x00000000       0x12 c:/program files (x86)/yagarto/bin/../lib/gcc/arm-none-eabi/4.6.2/../../../../arm-none-eabi/lib\libg.a(lib_a-freer.o)
 .comment       0x00000000       0x12 c:/program files (x86)/yagarto/bin/../lib/gcc/arm-none-eabi/4.6.2/../../../../arm-none-eabi/lib\libg.a(lib_a-mallocr.o)
 .comment       0x00000000       0x12 c:/program files (x86)/yagarto/bin/../lib/gcc/arm-none-eabi/4.6.2/../../../../arm-none-eabi/lib\libg.a(lib_a-mlock.o)
 .comment       0x00000000       0x12 c:/program files (x86)/yagarto/bin/../lib/gcc/arm-none-eabi/4.6.2/../../../../arm-none-eabi/lib\libg.a(lib_a-sbrkr.o)

.debug
 *(.debug)

.line
 *(.line)

.debug_srcinfo
 *(.debug_srcinfo)

.debug_sfnames
 *(.debug_sfnames)

.debug_aranges  0x00000000      0x2a8
 *(.debug_aranges)
 .debug_aranges
                0x00000000       0x20 C:\Users\Alonso\AppData\Local\Temp\cc4mIvuc.o
 .debug_aranges
                0x00000020       0x28 C:\Users\Alonso\AppData\Local\Temp\ccrMHPsp.o
 .debug_aranges
                0x00000048       0x20 C:\Users\Alonso\AppData\Local\Temp\ccFqhTJZ.o
 .debug_aranges
                0x00000068       0x20 C:\Users\Alonso\AppData\Local\Temp\ccnEdLvK.o
 .debug_aranges
                0x00000088       0x20 C:\Users\Alonso\AppData\Local\Temp\ccf3klQA.o
 .debug_aranges
                0x000000a8       0x20 C:\Users\Alonso\AppData\Local\Temp\cct44rRz.o
 .debug_aranges
                0x000000c8       0x20 C:\Users\Alonso\AppData\Local\Temp\ccOPq3Tz.o
 .debug_aranges
                0x000000e8       0x20 C:\Users\Alonso\AppData\Local\Temp\ccbxJZ92.o
 .debug_aranges
                0x00000108       0x20 C:\Users\Alonso\AppData\Local\Temp\ccESRdgn.o
 .debug_aranges
                0x00000128       0x20 c:/program files (x86)/yagarto/bin/../lib/gcc/arm-none-eabi/4.6.2\libgcc.a(_udivsi3.o)
 .debug_aranges
                0x00000148       0x20 c:/program files (x86)/yagarto/bin/../lib/gcc/arm-none-eabi/4.6.2\libgcc.a(_divsi3.o)
 .debug_aranges
                0x00000168       0x20 c:/program files (x86)/yagarto/bin/../lib/gcc/arm-none-eabi/4.6.2\libgcc.a(_dvmd_tls.o)
 .debug_aranges
                0x00000188       0x20 c:/program files (x86)/yagarto/bin/../lib/gcc/arm-none-eabi/4.6.2/../../../../arm-none-eabi/lib\libg.a(lib_a-rand.o)
 .debug_aranges
                0x000001a8       0x20 c:/program files (x86)/yagarto/bin/../lib/gcc/arm-none-eabi/4.6.2/../../../../arm-none-eabi/lib\libg.a(lib_a-strlen.o)
 .debug_aranges
                0x000001c8       0x20 c:/program files (x86)/yagarto/bin/../lib/gcc/arm-none-eabi/4.6.2/../../../../arm-none-eabi/lib\libg.a(lib_a-sysgettod.o)
 .debug_aranges
                0x000001e8       0x20 c:/program files (x86)/yagarto/bin/../lib/gcc/arm-none-eabi/4.6.2/../../../../arm-none-eabi/lib\libg.a(lib_a-gettimeofdayr.o)
 .debug_aranges
                0x00000208       0x20 c:/program files (x86)/yagarto/bin/../lib/gcc/arm-none-eabi/4.6.2/../../../../arm-none-eabi/lib\libg.a(lib_a-reent.o)
 .debug_aranges
                0x00000228       0x20 c:/program files (x86)/yagarto/bin/../lib/gcc/arm-none-eabi/4.6.2/../../../../arm-none-eabi/lib\libg.a(lib_a-freer.o)
 .debug_aranges
                0x00000248       0x20 c:/program files (x86)/yagarto/bin/../lib/gcc/arm-none-eabi/4.6.2/../../../../arm-none-eabi/lib\libg.a(lib_a-mallocr.o)
 .debug_aranges
                0x00000268       0x20 c:/program files (x86)/yagarto/bin/../lib/gcc/arm-none-eabi/4.6.2/../../../../arm-none-eabi/lib\libg.a(lib_a-mlock.o)
 .debug_aranges
                0x00000288       0x20 c:/program files (x86)/yagarto/bin/../lib/gcc/arm-none-eabi/4.6.2/../../../../arm-none-eabi/lib\libg.a(lib_a-sbrkr.o)

.debug_pubnames
 *(.debug_pubnames)

.debug_info     0x00000000     0xcbed
 *(.debug_info .gnu.linkonce.wi.*)
 .debug_info    0x00000000       0xbb C:\Users\Alonso\AppData\Local\Temp\cc4mIvuc.o
 .debug_info    0x000000bb      0x982 C:\Users\Alonso\AppData\Local\Temp\ccrMHPsp.o
 .debug_info    0x00000a3d     0x4f9c C:\Users\Alonso\AppData\Local\Temp\ccFqhTJZ.o
 .debug_info    0x000059d9      0x1e4 C:\Users\Alonso\AppData\Local\Temp\ccnEdLvK.o
 .debug_info    0x00005bbd      0x41b C:\Users\Alonso\AppData\Local\Temp\ccf3klQA.o
 .debug_info    0x00005fd8       0x5c C:\Users\Alonso\AppData\Local\Temp\ccRtn4dt.o
 .debug_info    0x00006034      0x62d C:\Users\Alonso\AppData\Local\Temp\cct44rRz.o
 .debug_info    0x00006661       0xc0 C:\Users\Alonso\AppData\Local\Temp\ccOPq3Tz.o
 .debug_info    0x00006721       0x5c C:\Users\Alonso\AppData\Local\Temp\ccnylZ4F.o
 .debug_info    0x0000677d       0x5c C:\Users\Alonso\AppData\Local\Temp\cc6fDcoN.o
 .debug_info    0x000067d9      0x206 C:\Users\Alonso\AppData\Local\Temp\ccbxJZ92.o
 .debug_info    0x000069df       0xb6 C:\Users\Alonso\AppData\Local\Temp\ccESRdgn.o
 .debug_info    0x00006a95       0xa4 C:\Users\Alonso\AppData\Local\Temp\cch3XeeJ.o
 .debug_info    0x00006b39       0x5c C:\Users\Alonso\AppData\Local\Temp\cc6LOi16.o
 .debug_info    0x00006b95       0x98 c:/program files (x86)/yagarto/bin/../lib/gcc/arm-none-eabi/4.6.2\libgcc.a(_udivsi3.o)
 .debug_info    0x00006c2d       0x98 c:/program files (x86)/yagarto/bin/../lib/gcc/arm-none-eabi/4.6.2\libgcc.a(_divsi3.o)
 .debug_info    0x00006cc5       0x98 c:/program files (x86)/yagarto/bin/../lib/gcc/arm-none-eabi/4.6.2\libgcc.a(_dvmd_tls.o)
 .debug_info    0x00006d5d      0x985 c:/program files (x86)/yagarto/bin/../lib/gcc/arm-none-eabi/4.6.2/../../../../arm-none-eabi/lib\libg.a(lib_a-rand.o)
 .debug_info    0x000076e2       0xb1 c:/program files (x86)/yagarto/bin/../lib/gcc/arm-none-eabi/4.6.2/../../../../arm-none-eabi/lib\libg.a(lib_a-strlen.o)
 .debug_info    0x00007793      0x9c8 c:/program files (x86)/yagarto/bin/../lib/gcc/arm-none-eabi/4.6.2/../../../../arm-none-eabi/lib\libg.a(lib_a-sysgettod.o)
 .debug_info    0x0000815b      0x9f1 c:/program files (x86)/yagarto/bin/../lib/gcc/arm-none-eabi/4.6.2/../../../../arm-none-eabi/lib\libg.a(lib_a-gettimeofdayr.o)
 .debug_info    0x00008b4c      0x966 c:/program files (x86)/yagarto/bin/../lib/gcc/arm-none-eabi/4.6.2/../../../../arm-none-eabi/lib\libg.a(lib_a-impure.o)
 .debug_info    0x000094b2      0xa64 c:/program files (x86)/yagarto/bin/../lib/gcc/arm-none-eabi/4.6.2/../../../../arm-none-eabi/lib\libg.a(lib_a-reent.o)
 .debug_info    0x00009f16      0xc40 c:/program files (x86)/yagarto/bin/../lib/gcc/arm-none-eabi/4.6.2/../../../../arm-none-eabi/lib\libg.a(lib_a-freer.o)
 .debug_info    0x0000ab56      0xd6b c:/program files (x86)/yagarto/bin/../lib/gcc/arm-none-eabi/4.6.2/../../../../arm-none-eabi/lib\libg.a(lib_a-mallocr.o)
 .debug_info    0x0000b8c1      0x980 c:/program files (x86)/yagarto/bin/../lib/gcc/arm-none-eabi/4.6.2/../../../../arm-none-eabi/lib\libg.a(lib_a-mlock.o)
 .debug_info    0x0000c241      0x9ac c:/program files (x86)/yagarto/bin/../lib/gcc/arm-none-eabi/4.6.2/../../../../arm-none-eabi/lib\libg.a(lib_a-sbrkr.o)

.debug_abbrev   0x00000000     0x1d96
 *(.debug_abbrev)
 .debug_abbrev  0x00000000       0x14 C:\Users\Alonso\AppData\Local\Temp\cc4mIvuc.o
 .debug_abbrev  0x00000014      0x303 C:\Users\Alonso\AppData\Local\Temp\ccrMHPsp.o
 .debug_abbrev  0x00000317      0x33d C:\Users\Alonso\AppData\Local\Temp\ccFqhTJZ.o
 .debug_abbrev  0x00000654       0xe8 C:\Users\Alonso\AppData\Local\Temp\ccnEdLvK.o
 .debug_abbrev  0x0000073c      0x1ee C:\Users\Alonso\AppData\Local\Temp\ccf3klQA.o
 .debug_abbrev  0x0000092a       0x4b C:\Users\Alonso\AppData\Local\Temp\ccRtn4dt.o
 .debug_abbrev  0x00000975      0x140 C:\Users\Alonso\AppData\Local\Temp\cct44rRz.o
 .debug_abbrev  0x00000ab5       0x70 C:\Users\Alonso\AppData\Local\Temp\ccOPq3Tz.o
 .debug_abbrev  0x00000b25       0x49 C:\Users\Alonso\AppData\Local\Temp\ccnylZ4F.o
 .debug_abbrev  0x00000b6e       0x49 C:\Users\Alonso\AppData\Local\Temp\cc6fDcoN.o
 .debug_abbrev  0x00000bb7       0xfa C:\Users\Alonso\AppData\Local\Temp\ccbxJZ92.o
 .debug_abbrev  0x00000cb1       0x4e C:\Users\Alonso\AppData\Local\Temp\ccESRdgn.o
 .debug_abbrev  0x00000cff       0x4b C:\Users\Alonso\AppData\Local\Temp\cch3XeeJ.o
 .debug_abbrev  0x00000d4a       0x4b C:\Users\Alonso\AppData\Local\Temp\cc6LOi16.o
 .debug_abbrev  0x00000d95       0x14 c:/program files (x86)/yagarto/bin/../lib/gcc/arm-none-eabi/4.6.2\libgcc.a(_udivsi3.o)
 .debug_abbrev  0x00000da9       0x14 c:/program files (x86)/yagarto/bin/../lib/gcc/arm-none-eabi/4.6.2\libgcc.a(_divsi3.o)
 .debug_abbrev  0x00000dbd       0x14 c:/program files (x86)/yagarto/bin/../lib/gcc/arm-none-eabi/4.6.2\libgcc.a(_dvmd_tls.o)
 .debug_abbrev  0x00000dd1      0x194 c:/program files (x86)/yagarto/bin/../lib/gcc/arm-none-eabi/4.6.2/../../../../arm-none-eabi/lib\libg.a(lib_a-rand.o)
 .debug_abbrev  0x00000f65       0x6d c:/program files (x86)/yagarto/bin/../lib/gcc/arm-none-eabi/4.6.2/../../../../arm-none-eabi/lib\libg.a(lib_a-strlen.o)
 .debug_abbrev  0x00000fd2      0x17f c:/program files (x86)/yagarto/bin/../lib/gcc/arm-none-eabi/4.6.2/../../../../arm-none-eabi/lib\libg.a(lib_a-sysgettod.o)
 .debug_abbrev  0x00001151      0x1b3 c:/program files (x86)/yagarto/bin/../lib/gcc/arm-none-eabi/4.6.2/../../../../arm-none-eabi/lib\libg.a(lib_a-gettimeofdayr.o)
 .debug_abbrev  0x00001304      0x166 c:/program files (x86)/yagarto/bin/../lib/gcc/arm-none-eabi/4.6.2/../../../../arm-none-eabi/lib\libg.a(lib_a-impure.o)
 .debug_abbrev  0x0000146a      0x1e6 c:/program files (x86)/yagarto/bin/../lib/gcc/arm-none-eabi/4.6.2/../../../../arm-none-eabi/lib\libg.a(lib_a-reent.o)
 .debug_abbrev  0x00001650      0x1ea c:/program files (x86)/yagarto/bin/../lib/gcc/arm-none-eabi/4.6.2/../../../../arm-none-eabi/lib\libg.a(lib_a-freer.o)
 .debug_abbrev  0x0000183a      0x233 c:/program files (x86)/yagarto/bin/../lib/gcc/arm-none-eabi/4.6.2/../../../../arm-none-eabi/lib\libg.a(lib_a-mallocr.o)
 .debug_abbrev  0x00001a6d      0x179 c:/program files (x86)/yagarto/bin/../lib/gcc/arm-none-eabi/4.6.2/../../../../arm-none-eabi/lib\libg.a(lib_a-mlock.o)
 .debug_abbrev  0x00001be6      0x1b0 c:/program files (x86)/yagarto/bin/../lib/gcc/arm-none-eabi/4.6.2/../../../../arm-none-eabi/lib\libg.a(lib_a-sbrkr.o)

.debug_line     0x00000000     0x397c
 *(.debug_line)
 .debug_line    0x00000000      0x188 C:\Users\Alonso\AppData\Local\Temp\cc4mIvuc.o
 .debug_line    0x00000188      0x32e C:\Users\Alonso\AppData\Local\Temp\ccrMHPsp.o
 .debug_line    0x000004b6     0x1dbc C:\Users\Alonso\AppData\Local\Temp\ccFqhTJZ.o
 .debug_line    0x00002272      0x110 C:\Users\Alonso\AppData\Local\Temp\ccnEdLvK.o
 .debug_line    0x00002382      0x10a C:\Users\Alonso\AppData\Local\Temp\ccf3klQA.o
 .debug_line    0x0000248c       0x2a C:\Users\Alonso\AppData\Local\Temp\ccRtn4dt.o
 .debug_line    0x000024b6      0x244 C:\Users\Alonso\AppData\Local\Temp\cct44rRz.o
 .debug_line    0x000026fa       0x48 C:\Users\Alonso\AppData\Local\Temp\ccOPq3Tz.o
 .debug_line    0x00002742       0x2b C:\Users\Alonso\AppData\Local\Temp\ccnylZ4F.o
 .debug_line    0x0000276d       0x2d C:\Users\Alonso\AppData\Local\Temp\cc6fDcoN.o
 .debug_line    0x0000279a       0x8c C:\Users\Alonso\AppData\Local\Temp\ccbxJZ92.o
 .debug_line    0x00002826       0x49 C:\Users\Alonso\AppData\Local\Temp\ccESRdgn.o
 .debug_line    0x0000286f       0x2c C:\Users\Alonso\AppData\Local\Temp\cch3XeeJ.o
 .debug_line    0x0000289b       0x2d C:\Users\Alonso\AppData\Local\Temp\cc6LOi16.o
 .debug_line    0x000028c8       0x93 c:/program files (x86)/yagarto/bin/../lib/gcc/arm-none-eabi/4.6.2\libgcc.a(_udivsi3.o)
 .debug_line    0x0000295b       0x9f c:/program files (x86)/yagarto/bin/../lib/gcc/arm-none-eabi/4.6.2\libgcc.a(_divsi3.o)
 .debug_line    0x000029fa       0x6a c:/program files (x86)/yagarto/bin/../lib/gcc/arm-none-eabi/4.6.2\libgcc.a(_dvmd_tls.o)
 .debug_line    0x00002a64      0x16d c:/program files (x86)/yagarto/bin/../lib/gcc/arm-none-eabi/4.6.2/../../../../arm-none-eabi/lib\libg.a(lib_a-rand.o)
 .debug_line    0x00002bd1      0x111 c:/program files (x86)/yagarto/bin/../lib/gcc/arm-none-eabi/4.6.2/../../../../arm-none-eabi/lib\libg.a(lib_a-strlen.o)
 .debug_line    0x00002ce2      0x13f c:/program files (x86)/yagarto/bin/../lib/gcc/arm-none-eabi/4.6.2/../../../../arm-none-eabi/lib\libg.a(lib_a-sysgettod.o)
 .debug_line    0x00002e21      0x194 c:/program files (x86)/yagarto/bin/../lib/gcc/arm-none-eabi/4.6.2/../../../../arm-none-eabi/lib\libg.a(lib_a-gettimeofdayr.o)
 .debug_line    0x00002fb5      0x110 c:/program files (x86)/yagarto/bin/../lib/gcc/arm-none-eabi/4.6.2/../../../../arm-none-eabi/lib\libg.a(lib_a-impure.o)
 .debug_line    0x000030c5      0x168 c:/program files (x86)/yagarto/bin/../lib/gcc/arm-none-eabi/4.6.2/../../../../arm-none-eabi/lib\libg.a(lib_a-reent.o)
 .debug_line    0x0000322d      0x1e8 c:/program files (x86)/yagarto/bin/../lib/gcc/arm-none-eabi/4.6.2/../../../../arm-none-eabi/lib\libg.a(lib_a-freer.o)
 .debug_line    0x00003415      0x2d1 c:/program files (x86)/yagarto/bin/../lib/gcc/arm-none-eabi/4.6.2/../../../../arm-none-eabi/lib\libg.a(lib_a-mallocr.o)
 .debug_line    0x000036e6      0x122 c:/program files (x86)/yagarto/bin/../lib/gcc/arm-none-eabi/4.6.2/../../../../arm-none-eabi/lib\libg.a(lib_a-mlock.o)
 .debug_line    0x00003808      0x174 c:/program files (x86)/yagarto/bin/../lib/gcc/arm-none-eabi/4.6.2/../../../../arm-none-eabi/lib\libg.a(lib_a-sbrkr.o)

.debug_frame    0x00000000      0xa44
 *(.debug_frame)
 .debug_frame   0x00000000      0x10c C:\Users\Alonso\AppData\Local\Temp\ccrMHPsp.o
 .debug_frame   0x0000010c      0x41c C:\Users\Alonso\AppData\Local\Temp\ccFqhTJZ.o
 .debug_frame   0x00000528       0x58 C:\Users\Alonso\AppData\Local\Temp\ccnEdLvK.o
 .debug_frame   0x00000580       0xa8 C:\Users\Alonso\AppData\Local\Temp\ccf3klQA.o
 .debug_frame   0x00000628       0xd0 C:\Users\Alonso\AppData\Local\Temp\cct44rRz.o
 .debug_frame   0x000006f8       0x3c C:\Users\Alonso\AppData\Local\Temp\ccOPq3Tz.o
 .debug_frame   0x00000734       0xb0 C:\Users\Alonso\AppData\Local\Temp\ccbxJZ92.o
 .debug_frame   0x000007e4       0x28 C:\Users\Alonso\AppData\Local\Temp\ccESRdgn.o
 .debug_frame   0x0000080c       0x20 c:/program files (x86)/yagarto/bin/../lib/gcc/arm-none-eabi/4.6.2\libgcc.a(_udivsi3.o)
 .debug_frame   0x0000082c       0x20 c:/program files (x86)/yagarto/bin/../lib/gcc/arm-none-eabi/4.6.2\libgcc.a(_divsi3.o)
 .debug_frame   0x0000084c       0x38 c:/program files (x86)/yagarto/bin/../lib/gcc/arm-none-eabi/4.6.2/../../../../arm-none-eabi/lib\libg.a(lib_a-rand.o)
 .debug_frame   0x00000884       0x20 c:/program files (x86)/yagarto/bin/../lib/gcc/arm-none-eabi/4.6.2/../../../../arm-none-eabi/lib\libg.a(lib_a-strlen.o)
 .debug_frame   0x000008a4       0x28 c:/program files (x86)/yagarto/bin/../lib/gcc/arm-none-eabi/4.6.2/../../../../arm-none-eabi/lib\libg.a(lib_a-sysgettod.o)
 .debug_frame   0x000008cc       0x2c c:/program files (x86)/yagarto/bin/../lib/gcc/arm-none-eabi/4.6.2/../../../../arm-none-eabi/lib\libg.a(lib_a-gettimeofdayr.o)
 .debug_frame   0x000008f8       0x68 c:/program files (x86)/yagarto/bin/../lib/gcc/arm-none-eabi/4.6.2/../../../../arm-none-eabi/lib\libg.a(lib_a-reent.o)
 .debug_frame   0x00000960       0x50 c:/program files (x86)/yagarto/bin/../lib/gcc/arm-none-eabi/4.6.2/../../../../arm-none-eabi/lib\libg.a(lib_a-freer.o)
 .debug_frame   0x000009b0       0x38 c:/program files (x86)/yagarto/bin/../lib/gcc/arm-none-eabi/4.6.2/../../../../arm-none-eabi/lib\libg.a(lib_a-mallocr.o)
 .debug_frame   0x000009e8       0x30 c:/program files (x86)/yagarto/bin/../lib/gcc/arm-none-eabi/4.6.2/../../../../arm-none-eabi/lib\libg.a(lib_a-mlock.o)
 .debug_frame   0x00000a18       0x2c c:/program files (x86)/yagarto/bin/../lib/gcc/arm-none-eabi/4.6.2/../../../../arm-none-eabi/lib\libg.a(lib_a-sbrkr.o)

.debug_str      0x00000000     0x11f1
 *(.debug_str)
 .debug_str     0x00000000      0x33e C:\Users\Alonso\AppData\Local\Temp\ccrMHPsp.o
                                0x399 (size before relaxing)
 .debug_str     0x0000033e      0x22f C:\Users\Alonso\AppData\Local\Temp\ccFqhTJZ.o
                                0x3c1 (size before relaxing)
 .debug_str     0x0000056d       0x6e C:\Users\Alonso\AppData\Local\Temp\ccnEdLvK.o
                                0x1ac (size before relaxing)
 .debug_str     0x000005db       0x68 C:\Users\Alonso\AppData\Local\Temp\ccf3klQA.o
                                0x1dd (size before relaxing)
 .debug_str     0x00000643       0x12 C:\Users\Alonso\AppData\Local\Temp\ccRtn4dt.o
                                 0xbf (size before relaxing)
 .debug_str     0x00000655       0xcb C:\Users\Alonso\AppData\Local\Temp\cct44rRz.o
                                0x214 (size before relaxing)
 .debug_str     0x00000720       0x21 C:\Users\Alonso\AppData\Local\Temp\ccOPq3Tz.o
                                0x152 (size before relaxing)
 .debug_str     0x00000741        0xb C:\Users\Alonso\AppData\Local\Temp\ccnylZ4F.o
                                 0xc9 (size before relaxing)
 .debug_str     0x0000074c       0x17 C:\Users\Alonso\AppData\Local\Temp\cc6fDcoN.o
                                 0xcd (size before relaxing)
 .debug_str     0x00000763       0xb9 C:\Users\Alonso\AppData\Local\Temp\ccbxJZ92.o
                                0x1ea (size before relaxing)
 .debug_str     0x0000081c       0x13 C:\Users\Alonso\AppData\Local\Temp\ccESRdgn.o
                                0x144 (size before relaxing)
 .debug_str     0x0000082f       0x30 C:\Users\Alonso\AppData\Local\Temp\cch3XeeJ.o
                                 0xe7 (size before relaxing)
 .debug_str     0x0000085f        0xd C:\Users\Alonso\AppData\Local\Temp\cc6LOi16.o
                                 0xc1 (size before relaxing)
 .debug_str     0x0000086c      0x401 c:/program files (x86)/yagarto/bin/../lib/gcc/arm-none-eabi/4.6.2/../../../../arm-none-eabi/lib\libg.a(lib_a-rand.o)
                                0x4de (size before relaxing)
 .debug_str     0x00000c6d       0x9b c:/program files (x86)/yagarto/bin/../lib/gcc/arm-none-eabi/4.6.2/../../../../arm-none-eabi/lib\libg.a(lib_a-strlen.o)
                                0x130 (size before relaxing)
 .debug_str     0x00000d08       0x9a c:/program files (x86)/yagarto/bin/../lib/gcc/arm-none-eabi/4.6.2/../../../../arm-none-eabi/lib\libg.a(lib_a-sysgettod.o)
                                0x521 (size before relaxing)
 .debug_str     0x00000da2       0x95 c:/program files (x86)/yagarto/bin/../lib/gcc/arm-none-eabi/4.6.2/../../../../arm-none-eabi/lib\libg.a(lib_a-gettimeofdayr.o)
                                0x52a (size before relaxing)
 .debug_str     0x00000e37       0x57 c:/program files (x86)/yagarto/bin/../lib/gcc/arm-none-eabi/4.6.2/../../../../arm-none-eabi/lib\libg.a(lib_a-impure.o)
                                0x4ed (size before relaxing)
 .debug_str     0x00000e8e       0x71 c:/program files (x86)/yagarto/bin/../lib/gcc/arm-none-eabi/4.6.2/../../../../arm-none-eabi/lib\libg.a(lib_a-reent.o)
                                0x512 (size before relaxing)
 .debug_str     0x00000eff      0x159 c:/program files (x86)/yagarto/bin/../lib/gcc/arm-none-eabi/4.6.2/../../../../arm-none-eabi/lib\libg.a(lib_a-freer.o)
                                0x616 (size before relaxing)
 .debug_str     0x00001058       0xef c:/program files (x86)/yagarto/bin/../lib/gcc/arm-none-eabi/4.6.2/../../../../arm-none-eabi/lib\libg.a(lib_a-mallocr.o)
                                0x6c4 (size before relaxing)
 .debug_str     0x00001147       0x6b c:/program files (x86)/yagarto/bin/../lib/gcc/arm-none-eabi/4.6.2/../../../../arm-none-eabi/lib\libg.a(lib_a-mlock.o)
                                0x4f6 (size before relaxing)
 .debug_str     0x000011b2       0x3f c:/program files (x86)/yagarto/bin/../lib/gcc/arm-none-eabi/4.6.2/../../../../arm-none-eabi/lib\libg.a(lib_a-sbrkr.o)
                                0x4e4 (size before relaxing)

.debug_loc      0x00000000     0x46eb
 *(.debug_loc)
 .debug_loc     0x00000000      0x910 C:\Users\Alonso\AppData\Local\Temp\ccrMHPsp.o
 .debug_loc     0x00000910     0x212d C:\Users\Alonso\AppData\Local\Temp\ccFqhTJZ.o
 .debug_loc     0x00002a3d      0x10b C:\Users\Alonso\AppData\Local\Temp\ccnEdLvK.o
 .debug_loc     0x00002b48      0x19c C:\Users\Alonso\AppData\Local\Temp\ccf3klQA.o
 .debug_loc     0x00002ce4      0x98e C:\Users\Alonso\AppData\Local\Temp\cct44rRz.o
 .debug_loc     0x00003672       0x20 C:\Users\Alonso\AppData\Local\Temp\ccOPq3Tz.o
 .debug_loc     0x00003692       0xb9 C:\Users\Alonso\AppData\Local\Temp\ccbxJZ92.o
 .debug_loc     0x0000374b       0x52 C:\Users\Alonso\AppData\Local\Temp\ccESRdgn.o
 .debug_loc     0x0000379d       0x20 c:/program files (x86)/yagarto/bin/../lib/gcc/arm-none-eabi/4.6.2/../../../../arm-none-eabi/lib\libg.a(lib_a-rand.o)
 .debug_loc     0x000037bd       0x13 c:/program files (x86)/yagarto/bin/../lib/gcc/arm-none-eabi/4.6.2/../../../../arm-none-eabi/lib\libg.a(lib_a-strlen.o)
 .debug_loc     0x000037d0       0x5c c:/program files (x86)/yagarto/bin/../lib/gcc/arm-none-eabi/4.6.2/../../../../arm-none-eabi/lib\libg.a(lib_a-sysgettod.o)
 .debug_loc     0x0000382c       0x6f c:/program files (x86)/yagarto/bin/../lib/gcc/arm-none-eabi/4.6.2/../../../../arm-none-eabi/lib\libg.a(lib_a-gettimeofdayr.o)
 .debug_loc     0x0000389b      0x1dc c:/program files (x86)/yagarto/bin/../lib/gcc/arm-none-eabi/4.6.2/../../../../arm-none-eabi/lib\libg.a(lib_a-reent.o)
 .debug_loc     0x00003a77      0x370 c:/program files (x86)/yagarto/bin/../lib/gcc/arm-none-eabi/4.6.2/../../../../arm-none-eabi/lib\libg.a(lib_a-freer.o)
 .debug_loc     0x00003de7      0x8b3 c:/program files (x86)/yagarto/bin/../lib/gcc/arm-none-eabi/4.6.2/../../../../arm-none-eabi/lib\libg.a(lib_a-mallocr.o)
 .debug_loc     0x0000469a       0x51 c:/program files (x86)/yagarto/bin/../lib/gcc/arm-none-eabi/4.6.2/../../../../arm-none-eabi/lib\libg.a(lib_a-sbrkr.o)

.debug_macinfo
 *(.debug_macinfo)

.debug_weaknames
 *(.debug_weaknames)

.debug_funcnames
 *(.debug_funcnames)

.debug_typenames
 *(.debug_typenames)

.debug_varnames
 *(.debug_varnames)
START GROUP
END GROUP
LOAD C:\Users\Alonso\AppData\Local\Temp\cc4mIvuc.o
LOAD C:\Users\Alonso\AppData\Local\Temp\ccrMHPsp.o
LOAD C:\Users\Alonso\AppData\Local\Temp\ccFqhTJZ.o
LOAD C:\Users\Alonso\AppData\Local\Temp\ccnEdLvK.o
LOAD C:\Users\Alonso\AppData\Local\Temp\ccf3klQA.o
LOAD C:\Users\Alonso\AppData\Local\Temp\ccRtn4dt.o
LOAD C:\Users\Alonso\AppData\Local\Temp\cct44rRz.o
LOAD C:\Users\Alonso\AppData\Local\Temp\ccOPq3Tz.o
LOAD C:\Users\Alonso\AppData\Local\Temp\ccnylZ4F.o
LOAD C:\Users\Alonso\AppData\Local\Temp\cc6fDcoN.o
LOAD C:\Users\Alonso\AppData\Local\Temp\ccbxJZ92.o
LOAD C:\Users\Alonso\AppData\Local\Temp\ccESRdgn.o
LOAD C:\Users\Alonso\AppData\Local\Temp\cch3XeeJ.o
LOAD C:\Users\Alonso\AppData\Local\Temp\cc6LOi16.o
START GROUP
LOAD c:/program files (x86)/yagarto/bin/../lib/gcc/arm-none-eabi/4.6.2\libgcc.a
LOAD c:/program files (x86)/yagarto/bin/../lib/gcc/arm-none-eabi/4.6.2/../../../../arm-none-eabi/lib\libg.a
LOAD c:/program files (x86)/yagarto/bin/../lib/gcc/arm-none-eabi/4.6.2/../../../../arm-none-eabi/lib\libc.a
END GROUP
OUTPUT(code_flash.elf elf32-littlearm)

.debug_ranges   0x00000000     0x5278
 .debug_ranges  0x00000000      0x158 C:\Users\Alonso\AppData\Local\Temp\ccrMHPsp.o
 .debug_ranges  0x00000158     0x4f50 C:\Users\Alonso\AppData\Local\Temp\ccFqhTJZ.o
 .debug_ranges  0x000050a8       0x90 C:\Users\Alonso\AppData\Local\Temp\ccf3klQA.o
 .debug_ranges  0x00005138      0x100 C:\Users\Alonso\AppData\Local\Temp\cct44rRz.o
 .debug_ranges  0x00005238       0x40 c:/program files (x86)/yagarto/bin/../lib/gcc/arm-none-eabi/4.6.2/../../../../arm-none-eabi/lib\libg.a(lib_a-mallocr.o)

Cross Reference Table

Symbol                                            File
AUDIO_Effect                                      C:\Users\Alonso\AppData\Local\Temp\ccbxJZ92.o
AUDIO_Timer_On                                    C:\Users\Alonso\AppData\Local\Temp\ccbxJZ92.o
BG_Color                                          C:\Users\Alonso\AppData\Local\Temp\ccFqhTJZ.o
                                                  C:\Users\Alonso\AppData\Local\Temp\ccf3klQA.o
                                                  C:\Users\Alonso\AppData\Local\Temp\ccrMHPsp.o
BigFont                                           C:\Users\Alonso\AppData\Local\Temp\ccnylZ4F.o
                                                  C:\Users\Alonso\AppData\Local\Temp\ccFqhTJZ.o
                                                  C:\Users\Alonso\AppData\Local\Temp\ccrMHPsp.o
CF                                                C:\Users\Alonso\AppData\Local\Temp\ccFqhTJZ.o
                                                  C:\Users\Alonso\AppData\Local\Temp\ccrMHPsp.o
Cal                                               C:\Users\Alonso\AppData\Local\Temp\ccf3klQA.o
FG_Color                                          C:\Users\Alonso\AppData\Local\Temp\ccFqhTJZ.o
                                                  C:\Users\Alonso\AppData\Local\Temp\ccf3klQA.o
                                                  C:\Users\Alonso\AppData\Local\Temp\ccrMHPsp.o
GetAction                                         C:\Users\Alonso\AppData\Local\Temp\ccESRdgn.o
                                                  C:\Users\Alonso\AppData\Local\Temp\ccrMHPsp.o
IRQ_Spurious_Routine                              C:\Users\Alonso\AppData\Local\Temp\ccbxJZ92.o
LENX                                              C:\Users\Alonso\AppData\Local\Temp\ccFqhTJZ.o
                                                  C:\Users\Alonso\AppData\Local\Temp\cct44rRz.o
                                                  C:\Users\Alonso\AppData\Local\Temp\ccf3klQA.o
                                                  C:\Users\Alonso\AppData\Local\Temp\ccrMHPsp.o
LENY                                              C:\Users\Alonso\AppData\Local\Temp\ccFqhTJZ.o
                                                  C:\Users\Alonso\AppData\Local\Temp\cct44rRz.o
                                                  C:\Users\Alonso\AppData\Local\Temp\ccf3klQA.o
                                                  C:\Users\Alonso\AppData\Local\Temp\ccrMHPsp.o
NOTE                                              C:\Users\Alonso\AppData\Local\Temp\ccbxJZ92.o
NT35510_Cmd                                       C:\Users\Alonso\AppData\Local\Temp\ccFqhTJZ.o
NT35510_Data                                      C:\Users\Alonso\AppData\Local\Temp\ccFqhTJZ.o
NT35510_Data_                                     C:\Users\Alonso\AppData\Local\Temp\ccFqhTJZ.o
                                                  C:\Users\Alonso\AppData\Local\Temp\cct44rRz.o
NT35510_ReadCMD                                   C:\Users\Alonso\AppData\Local\Temp\ccFqhTJZ.o
NT35510_ReadPage                                  C:\Users\Alonso\AppData\Local\Temp\ccFqhTJZ.o
NT35510_Reg                                       C:\Users\Alonso\AppData\Local\Temp\ccFqhTJZ.o
NT35510_WritePage                                 C:\Users\Alonso\AppData\Local\Temp\ccFqhTJZ.o
PARTITURE_Off                                     C:\Users\Alonso\AppData\Local\Temp\ccbxJZ92.o
PARTITURE_On                                      C:\Users\Alonso\AppData\Local\Temp\ccbxJZ92.o
PWM0_ISR                                          C:\Users\Alonso\AppData\Local\Temp\ccbxJZ92.o
SmallFont                                         C:\Users\Alonso\AppData\Local\Temp\cc6fDcoN.o
TABLA_SQUARE_WAVE                                 C:\Users\Alonso\AppData\Local\Temp\ccbxJZ92.o
TFT_DrawCircle                                    C:\Users\Alonso\AppData\Local\Temp\ccFqhTJZ.o
                                                  C:\Users\Alonso\AppData\Local\Temp\ccf3klQA.o
TFT_DrawFillSquare                                C:\Users\Alonso\AppData\Local\Temp\ccFqhTJZ.o
                                                  C:\Users\Alonso\AppData\Local\Temp\ccf3klQA.o
TFT_DrawFillSquareS                               C:\Users\Alonso\AppData\Local\Temp\ccFqhTJZ.o
                                                  C:\Users\Alonso\AppData\Local\Temp\ccrMHPsp.o
TFT_DrawLine                                      C:\Users\Alonso\AppData\Local\Temp\ccFqhTJZ.o
                                                  C:\Users\Alonso\AppData\Local\Temp\ccf3klQA.o
TFT_DrawSquare                                    C:\Users\Alonso\AppData\Local\Temp\ccFqhTJZ.o
TFT_DumpBinaryFont                                C:\Users\Alonso\AppData\Local\Temp\ccFqhTJZ.o
TFT_FillArea                                      C:\Users\Alonso\AppData\Local\Temp\ccFqhTJZ.o
TFT_FillCircle                                    C:\Users\Alonso\AppData\Local\Temp\ccFqhTJZ.o
TFT_HorizontalLine                                C:\Users\Alonso\AppData\Local\Temp\ccFqhTJZ.o
TFT_Init                                          C:\Users\Alonso\AppData\Local\Temp\ccFqhTJZ.o
                                                  C:\Users\Alonso\AppData\Local\Temp\ccrMHPsp.o
TFT_Off                                           C:\Users\Alonso\AppData\Local\Temp\ccFqhTJZ.o
TFT_On                                            C:\Users\Alonso\AppData\Local\Temp\ccFqhTJZ.o
TFT_PutPixel                                      C:\Users\Alonso\AppData\Local\Temp\ccFqhTJZ.o
TFT_PutPixelColor                                 C:\Users\Alonso\AppData\Local\Temp\ccFqhTJZ.o
TFT_SetArea                                       C:\Users\Alonso\AppData\Local\Temp\ccFqhTJZ.o
                                                  C:\Users\Alonso\AppData\Local\Temp\cct44rRz.o
TFT_SetAreaR                                      C:\Users\Alonso\AppData\Local\Temp\ccFqhTJZ.o
TFT_VerticalLine                                  C:\Users\Alonso\AppData\Local\Temp\ccFqhTJZ.o
TFT_print                                         C:\Users\Alonso\AppData\Local\Temp\ccFqhTJZ.o
TFT_print_centered_x                              C:\Users\Alonso\AppData\Local\Temp\ccFqhTJZ.o
                                                  C:\Users\Alonso\AppData\Local\Temp\ccf3klQA.o
TFT_print_centered_x_xNyN                         C:\Users\Alonso\AppData\Local\Temp\ccFqhTJZ.o
TFT_print_xNyN                                    C:\Users\Alonso\AppData\Local\Temp\ccFqhTJZ.o
                                                  C:\Users\Alonso\AppData\Local\Temp\ccrMHPsp.o
TFT_putch                                         C:\Users\Alonso\AppData\Local\Temp\ccFqhTJZ.o
TFT_putch_xNyN                                    C:\Users\Alonso\AppData\Local\Temp\ccFqhTJZ.o
TFT_putchar                                       C:\Users\Alonso\AppData\Local\Temp\ccFqhTJZ.o
TFT_putchar_xNyN                                  C:\Users\Alonso\AppData\Local\Temp\ccFqhTJZ.o
TIMER0_ISR                                        C:\Users\Alonso\AppData\Local\Temp\ccbxJZ92.o
TIMER1_ISR                                        C:\Users\Alonso\AppData\Local\Temp\ccOPq3Tz.o
TP_Aspa                                           C:\Users\Alonso\AppData\Local\Temp\ccf3klQA.o
TP_Calibrate                                      C:\Users\Alonso\AppData\Local\Temp\ccf3klQA.o
TP_EnviaRecibe                                    C:\Users\Alonso\AppData\Local\Temp\ccf3klQA.o
TP_Get_XY                                         C:\Users\Alonso\AppData\Local\Temp\ccf3klQA.o
TP_Get_XY_Cal                                     C:\Users\Alonso\AppData\Local\Temp\ccf3klQA.o
TP_Init                                           C:\Users\Alonso\AppData\Local\Temp\ccf3klQA.o
                                                  C:\Users\Alonso\AppData\Local\Temp\ccrMHPsp.o
VibratorON                                        C:\Users\Alonso\AppData\Local\Temp\ccOPq3Tz.o
XPM_Extract                                       C:\Users\Alonso\AppData\Local\Temp\cct44rRz.o
                                                  C:\Users\Alonso\AppData\Local\Temp\ccrMHPsp.o
XPM_PintaAll                                      C:\Users\Alonso\AppData\Local\Temp\cct44rRz.o
XPM_PintaAt                                       C:\Users\Alonso\AppData\Local\Temp\cct44rRz.o
XPM_PintaAtxNyN                                   C:\Users\Alonso\AppData\Local\Temp\cct44rRz.o
                                                  C:\Users\Alonso\AppData\Local\Temp\ccrMHPsp.o
XPM_SetxNyN                                       C:\Users\Alonso\AppData\Local\Temp\cct44rRz.o
                                                  C:\Users\Alonso\AppData\Local\Temp\ccrMHPsp.o
X_SINPULSAR                                       C:\Users\Alonso\AppData\Local\Temp\ccf3klQA.o
_Halt                                             C:\Users\Alonso\AppData\Local\Temp\cc4mIvuc.o
_U0getch                                          C:\Users\Alonso\AppData\Local\Temp\cc4mIvuc.o
_U0putch                                          C:\Users\Alonso\AppData\Local\Temp\cc4mIvuc.o
__aeabi_idiv                                      c:/program files (x86)/yagarto/bin/../lib/gcc/arm-none-eabi/4.6.2\libgcc.a(_divsi3.o)
                                                  C:\Users\Alonso\AppData\Local\Temp\cct44rRz.o
                                                  C:\Users\Alonso\AppData\Local\Temp\ccnEdLvK.o
__aeabi_idiv0                                     c:/program files (x86)/yagarto/bin/../lib/gcc/arm-none-eabi/4.6.2\libgcc.a(_dvmd_tls.o)
                                                  c:/program files (x86)/yagarto/bin/../lib/gcc/arm-none-eabi/4.6.2\libgcc.a(_divsi3.o)
                                                  c:/program files (x86)/yagarto/bin/../lib/gcc/arm-none-eabi/4.6.2\libgcc.a(_udivsi3.o)
__aeabi_idivmod                                   c:/program files (x86)/yagarto/bin/../lib/gcc/arm-none-eabi/4.6.2\libgcc.a(_divsi3.o)
                                                  C:\Users\Alonso\AppData\Local\Temp\cct44rRz.o
__aeabi_ldiv0                                     c:/program files (x86)/yagarto/bin/../lib/gcc/arm-none-eabi/4.6.2\libgcc.a(_dvmd_tls.o)
__aeabi_uidiv                                     c:/program files (x86)/yagarto/bin/../lib/gcc/arm-none-eabi/4.6.2\libgcc.a(_udivsi3.o)
                                                  C:\Users\Alonso\AppData\Local\Temp\ccbxJZ92.o
__aeabi_uidivmod                                  c:/program files (x86)/yagarto/bin/../lib/gcc/arm-none-eabi/4.6.2\libgcc.a(_udivsi3.o)
__bss_end__                                       C:\Users\Alonso\AppData\Local\Temp\cc4mIvuc.o
__bss_start                                       C:\Users\Alonso\AppData\Local\Temp\cc4mIvuc.o
__bss_start__                                     C:\Users\Alonso\AppData\Local\Temp\cc4mIvuc.o
__divsi3                                          c:/program files (x86)/yagarto/bin/../lib/gcc/arm-none-eabi/4.6.2\libgcc.a(_divsi3.o)
__malloc_av_                                      c:/program files (x86)/yagarto/bin/../lib/gcc/arm-none-eabi/4.6.2/../../../../arm-none-eabi/lib\libg.a(lib_a-mallocr.o)
                                                  c:/program files (x86)/yagarto/bin/../lib/gcc/arm-none-eabi/4.6.2/../../../../arm-none-eabi/lib\libg.a(lib_a-freer.o)
__malloc_current_mallinfo                         c:/program files (x86)/yagarto/bin/../lib/gcc/arm-none-eabi/4.6.2/../../../../arm-none-eabi/lib\libg.a(lib_a-mallocr.o)
                                                  c:/program files (x86)/yagarto/bin/../lib/gcc/arm-none-eabi/4.6.2/../../../../arm-none-eabi/lib\libg.a(lib_a-freer.o)
__malloc_lock                                     c:/program files (x86)/yagarto/bin/../lib/gcc/arm-none-eabi/4.6.2/../../../../arm-none-eabi/lib\libg.a(lib_a-mlock.o)
                                                  c:/program files (x86)/yagarto/bin/../lib/gcc/arm-none-eabi/4.6.2/../../../../arm-none-eabi/lib\libg.a(lib_a-mallocr.o)
                                                  c:/program files (x86)/yagarto/bin/../lib/gcc/arm-none-eabi/4.6.2/../../../../arm-none-eabi/lib\libg.a(lib_a-freer.o)
__malloc_max_sbrked_mem                           c:/program files (x86)/yagarto/bin/../lib/gcc/arm-none-eabi/4.6.2/../../../../arm-none-eabi/lib\libg.a(lib_a-mallocr.o)
__malloc_max_total_mem                            c:/program files (x86)/yagarto/bin/../lib/gcc/arm-none-eabi/4.6.2/../../../../arm-none-eabi/lib\libg.a(lib_a-mallocr.o)
__malloc_sbrk_base                                c:/program files (x86)/yagarto/bin/../lib/gcc/arm-none-eabi/4.6.2/../../../../arm-none-eabi/lib\libg.a(lib_a-mallocr.o)
                                                  c:/program files (x86)/yagarto/bin/../lib/gcc/arm-none-eabi/4.6.2/../../../../arm-none-eabi/lib\libg.a(lib_a-freer.o)
__malloc_top_pad                                  c:/program files (x86)/yagarto/bin/../lib/gcc/arm-none-eabi/4.6.2/../../../../arm-none-eabi/lib\libg.a(lib_a-mallocr.o)
                                                  c:/program files (x86)/yagarto/bin/../lib/gcc/arm-none-eabi/4.6.2/../../../../arm-none-eabi/lib\libg.a(lib_a-freer.o)
__malloc_trim_threshold                           c:/program files (x86)/yagarto/bin/../lib/gcc/arm-none-eabi/4.6.2/../../../../arm-none-eabi/lib\libg.a(lib_a-mallocr.o)
                                                  c:/program files (x86)/yagarto/bin/../lib/gcc/arm-none-eabi/4.6.2/../../../../arm-none-eabi/lib\libg.a(lib_a-freer.o)
__malloc_unlock                                   c:/program files (x86)/yagarto/bin/../lib/gcc/arm-none-eabi/4.6.2/../../../../arm-none-eabi/lib\libg.a(lib_a-mlock.o)
                                                  c:/program files (x86)/yagarto/bin/../lib/gcc/arm-none-eabi/4.6.2/../../../../arm-none-eabi/lib\libg.a(lib_a-mallocr.o)
                                                  c:/program files (x86)/yagarto/bin/../lib/gcc/arm-none-eabi/4.6.2/../../../../arm-none-eabi/lib\libg.a(lib_a-freer.o)
__udivsi3                                         c:/program files (x86)/yagarto/bin/../lib/gcc/arm-none-eabi/4.6.2\libgcc.a(_udivsi3.o)
_atoi                                             C:\Users\Alonso\AppData\Local\Temp\cct44rRz.o
_boot                                             C:\Users\Alonso\AppData\Local\Temp\cc4mIvuc.o
_data                                             C:\Users\Alonso\AppData\Local\Temp\cc4mIvuc.o
_delay_loop                                       C:\Users\Alonso\AppData\Local\Temp\cc4mIvuc.o
                                                  C:\Users\Alonso\AppData\Local\Temp\ccESRdgn.o
                                                  C:\Users\Alonso\AppData\Local\Temp\ccf3klQA.o
                                                  C:\Users\Alonso\AppData\Local\Temp\ccFqhTJZ.o
                                                  C:\Users\Alonso\AppData\Local\Temp\ccrMHPsp.o
_edata                                            C:\Users\Alonso\AppData\Local\Temp\cc4mIvuc.o
_end                                              C:\Users\Alonso\AppData\Local\Temp\ccrMHPsp.o
_etext                                            C:\Users\Alonso\AppData\Local\Temp\cc4mIvuc.o
_free_r                                           c:/program files (x86)/yagarto/bin/../lib/gcc/arm-none-eabi/4.6.2/../../../../arm-none-eabi/lib\libg.a(lib_a-freer.o)
                                                  c:/program files (x86)/yagarto/bin/../lib/gcc/arm-none-eabi/4.6.2/../../../../arm-none-eabi/lib\libg.a(lib_a-mallocr.o)
                                                  c:/program files (x86)/yagarto/bin/../lib/gcc/arm-none-eabi/4.6.2/../../../../arm-none-eabi/lib\libg.a(lib_a-reent.o)
_gets                                             C:\Users\Alonso\AppData\Local\Temp\cc4mIvuc.o
_gettimeofday                                     C:\Users\Alonso\AppData\Local\Temp\ccrMHPsp.o
                                                  c:/program files (x86)/yagarto/bin/../lib/gcc/arm-none-eabi/4.6.2/../../../../arm-none-eabi/lib\libg.a(lib_a-gettimeofdayr.o)
_gettimeofday_r                                   c:/program files (x86)/yagarto/bin/../lib/gcc/arm-none-eabi/4.6.2/../../../../arm-none-eabi/lib\libg.a(lib_a-gettimeofdayr.o)
                                                  c:/program files (x86)/yagarto/bin/../lib/gcc/arm-none-eabi/4.6.2/../../../../arm-none-eabi/lib\libg.a(lib_a-sysgettod.o)
_global_impure_ptr                                c:/program files (x86)/yagarto/bin/../lib/gcc/arm-none-eabi/4.6.2/../../../../arm-none-eabi/lib\libg.a(lib_a-impure.o)
_impure_ptr                                       c:/program files (x86)/yagarto/bin/../lib/gcc/arm-none-eabi/4.6.2/../../../../arm-none-eabi/lib\libg.a(lib_a-impure.o)
                                                  c:/program files (x86)/yagarto/bin/../lib/gcc/arm-none-eabi/4.6.2/../../../../arm-none-eabi/lib\libg.a(lib_a-reent.o)
                                                  c:/program files (x86)/yagarto/bin/../lib/gcc/arm-none-eabi/4.6.2/../../../../arm-none-eabi/lib\libg.a(lib_a-sysgettod.o)
                                                  c:/program files (x86)/yagarto/bin/../lib/gcc/arm-none-eabi/4.6.2/../../../../arm-none-eabi/lib\libg.a(lib_a-rand.o)
_mainCRTStartup                                   C:\Users\Alonso\AppData\Local\Temp\cc4mIvuc.o
_malloc_r                                         c:/program files (x86)/yagarto/bin/../lib/gcc/arm-none-eabi/4.6.2/../../../../arm-none-eabi/lib\libg.a(lib_a-mallocr.o)
_malloc_trim_r                                    c:/program files (x86)/yagarto/bin/../lib/gcc/arm-none-eabi/4.6.2/../../../../arm-none-eabi/lib\libg.a(lib_a-freer.o)
_printf                                           C:\Users\Alonso\AppData\Local\Temp\cc4mIvuc.o
                                                  C:\Users\Alonso\AppData\Local\Temp\ccbxJZ92.o
                                                  C:\Users\Alonso\AppData\Local\Temp\cct44rRz.o
                                                  C:\Users\Alonso\AppData\Local\Temp\ccf3klQA.o
                                                  C:\Users\Alonso\AppData\Local\Temp\ccFqhTJZ.o
                                                  C:\Users\Alonso\AppData\Local\Temp\ccrMHPsp.o
_prthex                                           C:\Users\Alonso\AppData\Local\Temp\cc4mIvuc.o
_prtnum                                           C:\Users\Alonso\AppData\Local\Temp\cc4mIvuc.o
_puts                                             C:\Users\Alonso\AppData\Local\Temp\cc4mIvuc.o
                                                  C:\Users\Alonso\AppData\Local\Temp\ccf3klQA.o
_reclaim_reent                                    c:/program files (x86)/yagarto/bin/../lib/gcc/arm-none-eabi/4.6.2/../../../../arm-none-eabi/lib\libg.a(lib_a-reent.o)
_sbrk                                             C:\Users\Alonso\AppData\Local\Temp\ccrMHPsp.o
                                                  c:/program files (x86)/yagarto/bin/../lib/gcc/arm-none-eabi/4.6.2/../../../../arm-none-eabi/lib\libg.a(lib_a-sbrkr.o)
_sbrk_r                                           c:/program files (x86)/yagarto/bin/../lib/gcc/arm-none-eabi/4.6.2/../../../../arm-none-eabi/lib\libg.a(lib_a-sbrkr.o)
                                                  c:/program files (x86)/yagarto/bin/../lib/gcc/arm-none-eabi/4.6.2/../../../../arm-none-eabi/lib\libg.a(lib_a-mallocr.o)
                                                  c:/program files (x86)/yagarto/bin/../lib/gcc/arm-none-eabi/4.6.2/../../../../arm-none-eabi/lib\libg.a(lib_a-freer.o)
_stack                                            C:\Users\Alonso\AppData\Local\Temp\cc4mIvuc.o
_stack_end                                        C:\Users\Alonso\AppData\Local\Temp\cc4mIvuc.o
_start                                            C:\Users\Alonso\AppData\Local\Temp\cc4mIvuc.o
_vgetch                                           C:\Users\Alonso\AppData\Local\Temp\cc4mIvuc.o
_vputch                                           C:\Users\Alonso\AppData\Local\Temp\cc4mIvuc.o
_wrapup_reent                                     c:/program files (x86)/yagarto/bin/../lib/gcc/arm-none-eabi/4.6.2/../../../../arm-none-eabi/lib\libg.a(lib_a-reent.o)
bg_xpm                                            C:\Users\Alonso\AppData\Local\Temp\cch3XeeJ.o
bloques                                           C:\Users\Alonso\AppData\Local\Temp\ccRtn4dt.o
cleanup_glue                                      c:/program files (x86)/yagarto/bin/../lib/gcc/arm-none-eabi/4.6.2/../../../../arm-none-eabi/lib\libg.a(lib_a-reent.o)
coin_xpm                                          C:\Users\Alonso\AppData\Local\Temp\cch3XeeJ.o
errno                                             c:/program files (x86)/yagarto/bin/../lib/gcc/arm-none-eabi/4.6.2/../../../../arm-none-eabi/lib\libg.a(lib_a-sbrkr.o)
                                                  c:/program files (x86)/yagarto/bin/../lib/gcc/arm-none-eabi/4.6.2/../../../../arm-none-eabi/lib\libg.a(lib_a-reent.o)
                                                  c:/program files (x86)/yagarto/bin/../lib/gcc/arm-none-eabi/4.6.2/../../../../arm-none-eabi/lib\libg.a(lib_a-gettimeofdayr.o)
getDisplayPoint                                   C:\Users\Alonso\AppData\Local\Temp\ccnEdLvK.o
                                                  C:\Users\Alonso\AppData\Local\Temp\ccf3klQA.o
gettimeofday                                      c:/program files (x86)/yagarto/bin/../lib/gcc/arm-none-eabi/4.6.2/../../../../arm-none-eabi/lib\libg.a(lib_a-sysgettod.o)
                                                  C:\Users\Alonso\AppData\Local\Temp\ccrMHPsp.o
ghost_xpm                                         C:\Users\Alonso\AppData\Local\Temp\cch3XeeJ.o
main                                              C:\Users\Alonso\AppData\Local\Temp\ccrMHPsp.o
                                                  C:\Users\Alonso\AppData\Local\Temp\cc4mIvuc.o
pacman                                            C:\Users\Alonso\AppData\Local\Temp\cc6LOi16.o
                                                  C:\Users\Alonso\AppData\Local\Temp\ccrMHPsp.o
pacman_xpm                                        C:\Users\Alonso\AppData\Local\Temp\cch3XeeJ.o
paleta                                            C:\Users\Alonso\AppData\Local\Temp\cct44rRz.o
rand                                              c:/program files (x86)/yagarto/bin/../lib/gcc/arm-none-eabi/4.6.2/../../../../arm-none-eabi/lib\libg.a(lib_a-rand.o)
setCalibrationMatrix                              C:\Users\Alonso\AppData\Local\Temp\ccnEdLvK.o
                                                  C:\Users\Alonso\AppData\Local\Temp\ccf3klQA.o
srand                                             c:/program files (x86)/yagarto/bin/../lib/gcc/arm-none-eabi/4.6.2/../../../../arm-none-eabi/lib\libg.a(lib_a-rand.o)
                                                  C:\Users\Alonso\AppData\Local\Temp\ccrMHPsp.o
start                                             C:\Users\Alonso\AppData\Local\Temp\cc4mIvuc.o
strlen                                            c:/program files (x86)/yagarto/bin/../lib/gcc/arm-none-eabi/4.6.2/../../../../arm-none-eabi/lib\libg.a(lib_a-strlen.o)
                                                  C:\Users\Alonso\AppData\Local\Temp\ccFqhTJZ.o
teselas_x                                         C:\Users\Alonso\AppData\Local\Temp\cct44rRz.o
tft_x                                             C:\Users\Alonso\AppData\Local\Temp\ccFqhTJZ.o
tft_y                                             C:\Users\Alonso\AppData\Local\Temp\ccFqhTJZ.o
wall_xpm                                          C:\Users\Alonso\AppData\Local\Temp\cch3XeeJ.o
xN                                                C:\Users\Alonso\AppData\Local\Temp\ccFqhTJZ.o
xpm_alto                                          C:\Users\Alonso\AppData\Local\Temp\cct44rRz.o
xpm_ancho                                         C:\Users\Alonso\AppData\Local\Temp\cct44rRz.o
xpm_cpp                                           C:\Users\Alonso\AppData\Local\Temp\cct44rRz.o
xpm_ncol                                          C:\Users\Alonso\AppData\Local\Temp\cct44rRz.o
xpm_sx                                            C:\Users\Alonso\AppData\Local\Temp\cct44rRz.o
                                                  C:\Users\Alonso\AppData\Local\Temp\ccrMHPsp.o
xpm_sxn                                           C:\Users\Alonso\AppData\Local\Temp\cct44rRz.o
xpm_sy                                            C:\Users\Alonso\AppData\Local\Temp\cct44rRz.o
                                                  C:\Users\Alonso\AppData\Local\Temp\ccrMHPsp.o
xpm_syn                                           C:\Users\Alonso\AppData\Local\Temp\cct44rRz.o
xpm_xmirror                                       C:\Users\Alonso\AppData\Local\Temp\cct44rRz.o
xpm_xn                                            C:\Users\Alonso\AppData\Local\Temp\cct44rRz.o
xpm_yn                                            C:\Users\Alonso\AppData\Local\Temp\cct44rRz.o
yN                                                C:\Users\Alonso\AppData\Local\Temp\ccFqhTJZ.o
