Archive member included because of file (symbol)

c:/program files (x86)/yagarto/bin/../lib/gcc/arm-none-eabi/4.6.2\libgcc.a(_udivsi3.o)
                              C:\Users\INVITA~1\AppData\Local\Temp\cczJbmrs.o (__aeabi_uidiv)
c:/program files (x86)/yagarto/bin/../lib/gcc/arm-none-eabi/4.6.2\libgcc.a(_divsi3.o)
                              C:\Users\INVITA~1\AppData\Local\Temp\ccG8szXg.o (__aeabi_idiv)
c:/program files (x86)/yagarto/bin/../lib/gcc/arm-none-eabi/4.6.2\libgcc.a(_dvmd_tls.o)
                              c:/program files (x86)/yagarto/bin/../lib/gcc/arm-none-eabi/4.6.2\libgcc.a(_udivsi3.o) (__aeabi_idiv0)
c:/program files (x86)/yagarto/bin/../lib/gcc/arm-none-eabi/4.6.2/../../../../arm-none-eabi/lib\libg.a(lib_a-malloc.o)
                              C:\Users\INVITA~1\AppData\Local\Temp\ccioMbPN.o (malloc)
c:/program files (x86)/yagarto/bin/../lib/gcc/arm-none-eabi/4.6.2/../../../../arm-none-eabi/lib\libg.a(lib_a-mallocr.o)
                              c:/program files (x86)/yagarto/bin/../lib/gcc/arm-none-eabi/4.6.2/../../../../arm-none-eabi/lib\libg.a(lib_a-malloc.o) (_malloc_r)
c:/program files (x86)/yagarto/bin/../lib/gcc/arm-none-eabi/4.6.2/../../../../arm-none-eabi/lib\libg.a(lib_a-mlock.o)
                              c:/program files (x86)/yagarto/bin/../lib/gcc/arm-none-eabi/4.6.2/../../../../arm-none-eabi/lib\libg.a(lib_a-mallocr.o) (__malloc_lock)
c:/program files (x86)/yagarto/bin/../lib/gcc/arm-none-eabi/4.6.2/../../../../arm-none-eabi/lib\libg.a(lib_a-rand.o)
                              C:\Users\INVITA~1\AppData\Local\Temp\ccioMbPN.o (srand)
c:/program files (x86)/yagarto/bin/../lib/gcc/arm-none-eabi/4.6.2/../../../../arm-none-eabi/lib\libg.a(lib_a-sbrkr.o)
                              c:/program files (x86)/yagarto/bin/../lib/gcc/arm-none-eabi/4.6.2/../../../../arm-none-eabi/lib\libg.a(lib_a-mallocr.o) (_sbrk_r)
c:/program files (x86)/yagarto/bin/../lib/gcc/arm-none-eabi/4.6.2/../../../../arm-none-eabi/lib\libg.a(lib_a-strlen.o)
                              C:\Users\INVITA~1\AppData\Local\Temp\ccU2Gcmt.o (strlen)
c:/program files (x86)/yagarto/bin/../lib/gcc/arm-none-eabi/4.6.2/../../../../arm-none-eabi/lib\libg.a(lib_a-sysgettod.o)
                              C:\Users\INVITA~1\AppData\Local\Temp\ccioMbPN.o (gettimeofday)
c:/program files (x86)/yagarto/bin/../lib/gcc/arm-none-eabi/4.6.2/../../../../arm-none-eabi/lib\libg.a(lib_a-freer.o)
                              c:/program files (x86)/yagarto/bin/../lib/gcc/arm-none-eabi/4.6.2/../../../../arm-none-eabi/lib\libg.a(lib_a-malloc.o) (_free_r)
c:/program files (x86)/yagarto/bin/../lib/gcc/arm-none-eabi/4.6.2/../../../../arm-none-eabi/lib\libg.a(lib_a-gettimeofdayr.o)
                              c:/program files (x86)/yagarto/bin/../lib/gcc/arm-none-eabi/4.6.2/../../../../arm-none-eabi/lib\libg.a(lib_a-sysgettod.o) (_gettimeofday_r)
c:/program files (x86)/yagarto/bin/../lib/gcc/arm-none-eabi/4.6.2/../../../../arm-none-eabi/lib\libg.a(lib_a-impure.o)
                              c:/program files (x86)/yagarto/bin/../lib/gcc/arm-none-eabi/4.6.2/../../../../arm-none-eabi/lib\libg.a(lib_a-malloc.o) (_impure_ptr)
c:/program files (x86)/yagarto/bin/../lib/gcc/arm-none-eabi/4.6.2/../../../../arm-none-eabi/lib\libg.a(lib_a-reent.o)
                              c:/program files (x86)/yagarto/bin/../lib/gcc/arm-none-eabi/4.6.2/../../../../arm-none-eabi/lib\libg.a(lib_a-sbrkr.o) (errno)

Allocating common symbols
Common symbol       size              file

errno               0x4               c:/program files (x86)/yagarto/bin/../lib/gcc/arm-none-eabi/4.6.2/../../../../arm-none-eabi/lib\libg.a(lib_a-reent.o)

Discarded input sections

 .bss           0x00000000        0x0 C:\Users\INVITA~1\AppData\Local\Temp\ccg11LEP.o
 .data          0x00000000        0x0 C:\Users\INVITA~1\AppData\Local\Temp\ccG8szXg.o
 .bss           0x00000000        0x0 C:\Users\INVITA~1\AppData\Local\Temp\ccG8szXg.o
 .bss           0x00000000        0x0 C:\Users\INVITA~1\AppData\Local\Temp\ccEGOKKg.o
 .text          0x00000000        0x0 C:\Users\INVITA~1\AppData\Local\Temp\ccqoAt2l.o
 .data          0x00000000       0xb4 C:\Users\INVITA~1\AppData\Local\Temp\ccqoAt2l.o
 .bss           0x00000000        0x0 C:\Users\INVITA~1\AppData\Local\Temp\ccqoAt2l.o
 .rodata.str1.4
                0x00000000     0x11f0 C:\Users\INVITA~1\AppData\Local\Temp\ccqoAt2l.o
 .data          0x00000000        0x0 C:\Users\INVITA~1\AppData\Local\Temp\cckYLtrT.o
 .bss           0x00000000        0x0 C:\Users\INVITA~1\AppData\Local\Temp\cckYLtrT.o
 .text          0x00000000        0x0 C:\Users\INVITA~1\AppData\Local\Temp\ccPYh31i.o
 .data          0x00000000        0x0 C:\Users\INVITA~1\AppData\Local\Temp\ccPYh31i.o
 .bss           0x00000000        0x0 C:\Users\INVITA~1\AppData\Local\Temp\ccPYh31i.o
 .text          0x00000000        0x0 C:\Users\INVITA~1\AppData\Local\Temp\ccg9D4UM.o
 .data          0x00000000        0x0 C:\Users\INVITA~1\AppData\Local\Temp\ccg9D4UM.o
 .bss           0x00000000        0x0 C:\Users\INVITA~1\AppData\Local\Temp\ccg9D4UM.o
 .rodata        0x00000000      0x47c C:\Users\INVITA~1\AppData\Local\Temp\ccg9D4UM.o
 .data          0x00000000        0x0 C:\Users\INVITA~1\AppData\Local\Temp\ccgm442a.o
 .bss           0x00000000        0x0 C:\Users\INVITA~1\AppData\Local\Temp\ccgm442a.o
 .text          0x00000000        0x0 C:\Users\INVITA~1\AppData\Local\Temp\ccL8UUyZ.o
 .data          0x00000000      0x168 C:\Users\INVITA~1\AppData\Local\Temp\ccL8UUyZ.o
 .bss           0x00000000        0x0 C:\Users\INVITA~1\AppData\Local\Temp\ccL8UUyZ.o
 .rodata.str1.4
                0x00000000      0x194 C:\Users\INVITA~1\AppData\Local\Temp\ccL8UUyZ.o
 .text          0x00000000        0x0 C:\Users\INVITA~1\AppData\Local\Temp\cckVOUyT.o
 .bss           0x00000000        0x0 C:\Users\INVITA~1\AppData\Local\Temp\cckVOUyT.o
 .text          0x00000000        0x0 C:\Users\INVITA~1\AppData\Local\Temp\ccpU4avS.o
 .bss           0x00000000        0x0 C:\Users\INVITA~1\AppData\Local\Temp\ccpU4avS.o
 .data          0x00000000        0x0 c:/program files (x86)/yagarto/bin/../lib/gcc/arm-none-eabi/4.6.2\libgcc.a(_udivsi3.o)
 .bss           0x00000000        0x0 c:/program files (x86)/yagarto/bin/../lib/gcc/arm-none-eabi/4.6.2\libgcc.a(_udivsi3.o)
 .data          0x00000000        0x0 c:/program files (x86)/yagarto/bin/../lib/gcc/arm-none-eabi/4.6.2\libgcc.a(_divsi3.o)
 .bss           0x00000000        0x0 c:/program files (x86)/yagarto/bin/../lib/gcc/arm-none-eabi/4.6.2\libgcc.a(_divsi3.o)
 .data          0x00000000        0x0 c:/program files (x86)/yagarto/bin/../lib/gcc/arm-none-eabi/4.6.2\libgcc.a(_dvmd_tls.o)
 .bss           0x00000000        0x0 c:/program files (x86)/yagarto/bin/../lib/gcc/arm-none-eabi/4.6.2\libgcc.a(_dvmd_tls.o)
 .data          0x00000000        0x0 c:/program files (x86)/yagarto/bin/../lib/gcc/arm-none-eabi/4.6.2/../../../../arm-none-eabi/lib\libg.a(lib_a-malloc.o)
 .bss           0x00000000        0x0 c:/program files (x86)/yagarto/bin/../lib/gcc/arm-none-eabi/4.6.2/../../../../arm-none-eabi/lib\libg.a(lib_a-malloc.o)
 .data          0x00000000        0x0 c:/program files (x86)/yagarto/bin/../lib/gcc/arm-none-eabi/4.6.2/../../../../arm-none-eabi/lib\libg.a(lib_a-mlock.o)
 .bss           0x00000000        0x0 c:/program files (x86)/yagarto/bin/../lib/gcc/arm-none-eabi/4.6.2/../../../../arm-none-eabi/lib\libg.a(lib_a-mlock.o)
 .data          0x00000000        0x0 c:/program files (x86)/yagarto/bin/../lib/gcc/arm-none-eabi/4.6.2/../../../../arm-none-eabi/lib\libg.a(lib_a-rand.o)
 .bss           0x00000000        0x0 c:/program files (x86)/yagarto/bin/../lib/gcc/arm-none-eabi/4.6.2/../../../../arm-none-eabi/lib\libg.a(lib_a-rand.o)
 .data          0x00000000        0x0 c:/program files (x86)/yagarto/bin/../lib/gcc/arm-none-eabi/4.6.2/../../../../arm-none-eabi/lib\libg.a(lib_a-sbrkr.o)
 .bss           0x00000000        0x0 c:/program files (x86)/yagarto/bin/../lib/gcc/arm-none-eabi/4.6.2/../../../../arm-none-eabi/lib\libg.a(lib_a-sbrkr.o)
 .data          0x00000000        0x0 c:/program files (x86)/yagarto/bin/../lib/gcc/arm-none-eabi/4.6.2/../../../../arm-none-eabi/lib\libg.a(lib_a-strlen.o)
 .bss           0x00000000        0x0 c:/program files (x86)/yagarto/bin/../lib/gcc/arm-none-eabi/4.6.2/../../../../arm-none-eabi/lib\libg.a(lib_a-strlen.o)
 .data          0x00000000        0x0 c:/program files (x86)/yagarto/bin/../lib/gcc/arm-none-eabi/4.6.2/../../../../arm-none-eabi/lib\libg.a(lib_a-sysgettod.o)
 .bss           0x00000000        0x0 c:/program files (x86)/yagarto/bin/../lib/gcc/arm-none-eabi/4.6.2/../../../../arm-none-eabi/lib\libg.a(lib_a-sysgettod.o)
 .data          0x00000000        0x0 c:/program files (x86)/yagarto/bin/../lib/gcc/arm-none-eabi/4.6.2/../../../../arm-none-eabi/lib\libg.a(lib_a-freer.o)
 .bss           0x00000000        0x0 c:/program files (x86)/yagarto/bin/../lib/gcc/arm-none-eabi/4.6.2/../../../../arm-none-eabi/lib\libg.a(lib_a-freer.o)
 .data          0x00000000        0x0 c:/program files (x86)/yagarto/bin/../lib/gcc/arm-none-eabi/4.6.2/../../../../arm-none-eabi/lib\libg.a(lib_a-gettimeofdayr.o)
 .bss           0x00000000        0x0 c:/program files (x86)/yagarto/bin/../lib/gcc/arm-none-eabi/4.6.2/../../../../arm-none-eabi/lib\libg.a(lib_a-gettimeofdayr.o)
 .text          0x00000000        0x0 c:/program files (x86)/yagarto/bin/../lib/gcc/arm-none-eabi/4.6.2/../../../../arm-none-eabi/lib\libg.a(lib_a-impure.o)
 .bss           0x00000000        0x0 c:/program files (x86)/yagarto/bin/../lib/gcc/arm-none-eabi/4.6.2/../../../../arm-none-eabi/lib\libg.a(lib_a-impure.o)
 .rodata        0x00000000        0x4 c:/program files (x86)/yagarto/bin/../lib/gcc/arm-none-eabi/4.6.2/../../../../arm-none-eabi/lib\libg.a(lib_a-impure.o)
 .text          0x00000000      0x1a8 c:/program files (x86)/yagarto/bin/../lib/gcc/arm-none-eabi/4.6.2/../../../../arm-none-eabi/lib\libg.a(lib_a-reent.o)
 .data          0x00000000        0x0 c:/program files (x86)/yagarto/bin/../lib/gcc/arm-none-eabi/4.6.2/../../../../arm-none-eabi/lib\libg.a(lib_a-reent.o)
 .bss           0x00000000        0x0 c:/program files (x86)/yagarto/bin/../lib/gcc/arm-none-eabi/4.6.2/../../../../arm-none-eabi/lib\libg.a(lib_a-reent.o)

Memory Configuration

Name             Origin             Length             Attributes
ROM              0x00000000         0x00020000         xr
RAM              0x40000000         0x00010000         rw
*default*        0x00000000         0xffffffff

Linker script and memory map

                0x00000400                STACK_SIZE = 0x400
                0x40010000                _stack_end = 0x40010000

.text           0x00000000    0x17ce4
 //*(.text.startup)
 *(.text)
 .text          0x00000000      0x640 C:\Users\INVITA~1\AppData\Local\Temp\ccg11LEP.o
                0x00000000                _boot
                0x00000230                _start
                0x00000230                _mainCRTStartup
                0x00000230                start
                0x00000348                _Halt
                0x00000360                _delay_loop
                0x0000036c                _prtnum
                0x00000410                _prthex
                0x00000458                _puts
                0x0000047c                _printf
                0x00000524                _gets
                0x000005ac                _U0putch
                0x000005c4                _U0getch
 .text          0x00000640      0xc48 C:\Users\INVITA~1\AppData\Local\Temp\ccioMbPN.o
                0x00001224                start_pacmania_music
                0x00001244                _gettimeofday
                0x0000125c                _sbrk
 .text          0x00001288     0x636c C:\Users\INVITA~1\AppData\Local\Temp\ccU2Gcmt.o
                0x00001288                NT35510_Cmd
                0x000012b4                NT35510_Data
                0x000012e4                NT35510_Data_
                0x00001310                NT35510_Reg
                0x00001364                TFT_SetArea
                0x00001524                TFT_SetAreaR
                0x000016e4                NT35510_ReadCMD
                0x00001774                TFT_Init
                0x000044a4                TFT_FillArea
                0x000046c4                TFT_PutPixel
                0x00004828                TFT_PutPixelColor
                0x00004964                TFT_DrawLine
                0x00004d88                TFT_HorizontalLine
                0x00004fc8                TFT_VerticalLine
                0x000051e8                TFT_DrawSquare
                0x00005260                TFT_DrawCircle
                0x00006374                TFT_FillCircle
                0x00006440                TFT_DrawFillSquare
                0x0000666c                TFT_DrawFillSquareS
                0x000068a0                TFT_DumpBinaryFont
                0x00006a28                TFT_putch
                0x00006cf0                TFT_print
                0x00006d50                TFT_print_centered_x
                0x00006dd0                TFT_putchar
                0x00006e10                TFT_putch_xNyN
                0x00006f84                TFT_putchar_xNyN
                0x00006fc8                TFT_print_xNyN
                0x00007034                TFT_print_centered_x_xNyN
                0x000070c8                TFT_Off
                0x000071b8                TFT_On
                0x000071bc                NT35510_WritePage
                0x000073bc                NT35510_ReadPage
 .text          0x000075f4      0x278 C:\Users\INVITA~1\AppData\Local\Temp\ccG8szXg.o
                0x000075f4                setCalibrationMatrix
                0x000077e8                getDisplayPoint
 .text          0x0000786c      0x504 C:\Users\INVITA~1\AppData\Local\Temp\ccEGOKKg.o
                0x0000786c                TP_Init
                0x000078b4                TP_EnviaRecibe
                0x000078dc                TP_Get_XY
                0x00007a5c                TP_Get_XY_Cal
                0x00007acc                TP_Aspa
                0x00007b34                TP_Calibrate
 .text          0x00007d70      0x8f8 C:\Users\INVITA~1\AppData\Local\Temp\ccbpYgRy.o
                0x00007d70                _atoi
                0x00007dd0                XPM_Extract
                0x00008104                XPM_PintaAll
                0x000081bc                XPM_PintaAt
                0x000082e8                XPM_SetxNyN
                0x00008338                XPM_PintaAtxNyN
 .text          0x00008668       0xdc C:\Users\INVITA~1\AppData\Local\Temp\cckYLtrT.o
                0x00008668                TIMER1_ISR
                0x000086ac                VibratorON
 .text          0x00008744      0x6c8 C:\Users\INVITA~1\AppData\Local\Temp\cczJbmrs.o
                0x00008744                PWM0_ISR
                0x00008a74                TIMER0_ISR
                0x00008bb0                IRQ_Spurious_Routine
                0x00008bd0                rnd
                0x00008c18                AUDIO_Timer_On
                0x00008cf8                PARTITURE_On
                0x00008dc8                PARTITURE_Off
                0x00008ddc                AUDIO_Effect
 .text          0x00008e0c       0x88 C:\Users\INVITA~1\AppData\Local\Temp\ccgm442a.o
                0x00008e0c                GetAction
 .text          0x00008e94      0x114 c:/program files (x86)/yagarto/bin/../lib/gcc/arm-none-eabi/4.6.2\libgcc.a(_udivsi3.o)
                0x00008e94                __aeabi_uidiv
                0x00008e94                __udivsi3
                0x00008f88                __aeabi_uidivmod
 .text          0x00008fa8      0x148 c:/program files (x86)/yagarto/bin/../lib/gcc/arm-none-eabi/4.6.2\libgcc.a(_divsi3.o)
                0x00008fa8                __divsi3
                0x00008fa8                __aeabi_idiv
                0x000090d0                __aeabi_idivmod
 .text          0x000090f0        0x4 c:/program files (x86)/yagarto/bin/../lib/gcc/arm-none-eabi/4.6.2\libgcc.a(_dvmd_tls.o)
                0x000090f0                __aeabi_idiv0
                0x000090f0                __aeabi_ldiv0
 .text          0x000090f4       0x40 c:/program files (x86)/yagarto/bin/../lib/gcc/arm-none-eabi/4.6.2/../../../../arm-none-eabi/lib\libg.a(lib_a-malloc.o)
                0x000090f4                malloc
                0x00009114                free
 .text          0x00009134      0x714 c:/program files (x86)/yagarto/bin/../lib/gcc/arm-none-eabi/4.6.2/../../../../arm-none-eabi/lib\libg.a(lib_a-mallocr.o)
                0x00009134                _malloc_r
 .text          0x00009848        0x8 c:/program files (x86)/yagarto/bin/../lib/gcc/arm-none-eabi/4.6.2/../../../../arm-none-eabi/lib\libg.a(lib_a-mlock.o)
                0x00009848                __malloc_lock
                0x0000984c                __malloc_unlock
 .text          0x00009850       0x78 c:/program files (x86)/yagarto/bin/../lib/gcc/arm-none-eabi/4.6.2/../../../../arm-none-eabi/lib\libg.a(lib_a-rand.o)
                0x00009850                srand
                0x0000986c                rand
 .text          0x000098c8       0x40 c:/program files (x86)/yagarto/bin/../lib/gcc/arm-none-eabi/4.6.2/../../../../arm-none-eabi/lib\libg.a(lib_a-sbrkr.o)
                0x000098c8                _sbrk_r
 .text          0x00009908       0x60 c:/program files (x86)/yagarto/bin/../lib/gcc/arm-none-eabi/4.6.2/../../../../arm-none-eabi/lib\libg.a(lib_a-strlen.o)
                0x00009908                strlen
 .text          0x00009968       0x28 c:/program files (x86)/yagarto/bin/../lib/gcc/arm-none-eabi/4.6.2/../../../../arm-none-eabi/lib\libg.a(lib_a-sysgettod.o)
                0x00009968                gettimeofday
 .text          0x00009990      0x360 c:/program files (x86)/yagarto/bin/../lib/gcc/arm-none-eabi/4.6.2/../../../../arm-none-eabi/lib\libg.a(lib_a-freer.o)
                0x00009990                _malloc_trim_r
                0x00009a8c                _free_r
 .text          0x00009cf0       0x40 c:/program files (x86)/yagarto/bin/../lib/gcc/arm-none-eabi/4.6.2/../../../../arm-none-eabi/lib\libg.a(lib_a-gettimeofdayr.o)
                0x00009cf0                _gettimeofday_r
 *(.text.startup)
 .text.startup  0x00009d30      0xab0 C:\Users\INVITA~1\AppData\Local\Temp\ccioMbPN.o
                0x00009d30                main
 *(.rodata)
 .rodata        0x0000a7e0      0x268 C:\Users\INVITA~1\AppData\Local\Temp\ccioMbPN.o
 .rodata        0x0000aa48      0xbe8 C:\Users\INVITA~1\AppData\Local\Temp\ccPYh31i.o
                0x0000aa48                BigFont
 .rodata        0x0000b630      0x200 C:\Users\INVITA~1\AppData\Local\Temp\cczJbmrs.o
                0x0000b630                TABLA_SINUS_WAVE
 *(.rodata*)
 .rodata.str1.4
                0x0000b830       0x64 C:\Users\INVITA~1\AppData\Local\Temp\ccioMbPN.o
 .rodata.str1.4
                0x0000b894       0xb7 C:\Users\INVITA~1\AppData\Local\Temp\ccU2Gcmt.o
                                 0xbc (size before relaxing)
 *fill*         0x0000b94b        0x1 00
 .rodata.str1.4
                0x0000b94c       0xa4 C:\Users\INVITA~1\AppData\Local\Temp\ccEGOKKg.o
 .rodata.str1.4
                0x0000b9f0       0x1f C:\Users\INVITA~1\AppData\Local\Temp\ccbpYgRy.o
                                 0x20 (size before relaxing)
 *fill*         0x0000ba0f        0x1 00
 .rodata.str1.4
                0x0000ba10       0x20 C:\Users\INVITA~1\AppData\Local\Temp\cczJbmrs.o
 .rodata.str1.4
                0x0000ba30     0xc2ad C:\Users\INVITA~1\AppData\Local\Temp\cckVOUyT.o
                               0xc2b0 (size before relaxing)
 *fill*         0x00017cdd        0x3 00
 .rodata.str1.4
                0x00017ce0        0x4 c:/program files (x86)/yagarto/bin/../lib/gcc/arm-none-eabi/4.6.2/../../../../arm-none-eabi/lib\libg.a(lib_a-impure.o)
 *(.glue_7)
 .glue_7        0x00000000        0x0 linker stubs
 *(.glue_7t)
 .glue_7t       0x00000000        0x0 linker stubs

.vfp11_veneer   0x00017ce4        0x0
 .vfp11_veneer  0x00000000        0x0 linker stubs

.v4_bx          0x00017ce4        0x0
 .v4_bx         0x00000000        0x0 linker stubs
                0x00017ce4                . = ALIGN (0x4)

.ctors          0x00017ce4        0x0
                0x00017ce4                PROVIDE (__ctors_start__, .)
 *(SORT(.ctors.*))
 *(.ctors)
                0x00017ce4                PROVIDE (__ctors_end__, .)

.dtors          0x00017ce4        0x0
                0x00017ce4                PROVIDE (__dtors_start__, .)
 *(SORT(.dtors.*))
 *(.dtors)
                0x00017ce4                PROVIDE (__dtors_end__, .)
                0x00017ce4                . = ALIGN (0x4)
                0x00017ce4                _etext = .
                0x00017ce4                PROVIDE (etext, .)

.data           0x40000000      0xf68 load address 0x00017ce4
                0x40000000                _data = .
 *(.data)
 .data          0x40000000        0x8 C:\Users\INVITA~1\AppData\Local\Temp\ccg11LEP.o
                0x40000000                _vputch
                0x40000004                _vgetch
 .data          0x40000008        0x5 C:\Users\INVITA~1\AppData\Local\Temp\ccioMbPN.o
 *fill*         0x4000000d        0x3 00
 .data          0x40000010       0x10 C:\Users\INVITA~1\AppData\Local\Temp\ccU2Gcmt.o
                0x40000010                FG_Color
                0x40000014                CF
                0x40000018                yN
                0x4000001c                xN
 .data          0x40000020       0x20 C:\Users\INVITA~1\AppData\Local\Temp\ccEGOKKg.o
                0x40000020                X_SINPULSAR
                0x40000024                Cal
 .data          0x40000040       0x10 C:\Users\INVITA~1\AppData\Local\Temp\ccbpYgRy.o
                0x40000040                xpm_xn
                0x40000044                xpm_yn
                0x40000048                xpm_sxn
                0x4000004c                xpm_syn
 .data          0x40000050      0x124 C:\Users\INVITA~1\AppData\Local\Temp\cczJbmrs.o
                0x40000050                NOTE
 .data          0x40000174      0x3a4 C:\Users\INVITA~1\AppData\Local\Temp\cckVOUyT.o
                0x40000174                pacman
 .data          0x40000518      0x20c C:\Users\INVITA~1\AppData\Local\Temp\ccpU4avS.o
                0x40000518                PARTITURE
 .data          0x40000724      0x410 c:/program files (x86)/yagarto/bin/../lib/gcc/arm-none-eabi/4.6.2/../../../../arm-none-eabi/lib\libg.a(lib_a-mallocr.o)
                0x40000724                __malloc_av_
                0x40000b2c                __malloc_sbrk_base
                0x40000b30                __malloc_trim_threshold
 *fill*         0x40000b34        0x4 00
 .data          0x40000b38      0x430 c:/program files (x86)/yagarto/bin/../lib/gcc/arm-none-eabi/4.6.2/../../../../arm-none-eabi/lib\libg.a(lib_a-impure.o)
                0x40000b38                _impure_ptr
                0x40000f68                . = ALIGN (0x4)
                0x40000f68                _edata = .
                0x40000f68                PROVIDE (edata, .)

.bss            0x40000f68      0x494 load address 0x00018c4c
                0x40000f68                __bss_start = .
                0x40000f68                __bss_start__ = .
 *(.bss)
 .bss           0x40000f68      0x310 C:\Users\INVITA~1\AppData\Local\Temp\ccioMbPN.o
 .bss           0x40001278       0x14 C:\Users\INVITA~1\AppData\Local\Temp\ccU2Gcmt.o
                0x40001278                LENX
                0x4000127c                LENY
                0x40001280                BG_Color
                0x40001284                tft_x
                0x40001288                tft_y
 .bss           0x4000128c       0xe0 C:\Users\INVITA~1\AppData\Local\Temp\ccbpYgRy.o
                0x4000128c                xpm_ancho
                0x40001290                xpm_alto
                0x40001294                xpm_ncol
                0x40001298                xpm_cpp
                0x4000129c                paleta
                0x4000135c                xpm_sx
                0x40001360                xpm_sy
                0x40001364                teselas_x
                0x40001368                xpm_xmirror
 .bss           0x4000136c       0x58 C:\Users\INVITA~1\AppData\Local\Temp\cczJbmrs.o
                0x4000136c                Fase1
                0x4000136e                Fase2
                0x40001370                Fase3
                0x40001372                Fase4
                0x40001384                Delta_Fase1
                0x40001386                Delta_Fase2
                0x40001388                Delta_Fase3
                0x4000138a                Delta_Fase4
                0x4000138c                expl
                0x40001390                exCount
                0x40001394                effectType
                0x40001398                fase
                0x4000139c                defecto
                0x400013a0                freq
                0x400013a2                delta_fase
                0x400013ac                Part
                0x400013b0                cont
                0x400013b4                nota1
                0x400013b6                nota2
                0x400013b8                nota3
                0x400013ba                nota4
                0x400013bc                Next
                0x400013c0                silence
 .bss           0x400013c4       0x34 c:/program files (x86)/yagarto/bin/../lib/gcc/arm-none-eabi/4.6.2/../../../../arm-none-eabi/lib\libg.a(lib_a-mallocr.o)
                0x400013c4                __malloc_top_pad
                0x400013c8                __malloc_current_mallinfo
                0x400013f0                __malloc_max_sbrked_mem
                0x400013f4                __malloc_max_total_mem
 *(COMMON)
 COMMON         0x400013f8        0x4 c:/program files (x86)/yagarto/bin/../lib/gcc/arm-none-eabi/4.6.2/../../../../arm-none-eabi/lib\libg.a(lib_a-reent.o)
                0x400013f8                errno
                0x400013fc                . = ALIGN (0x4)
                0x400013fc                . = ALIGN (0x4)
                0x400013fc                __bss_end__ = .
                0x400013fc                PROVIDE (__bss_end, .)

.stack          0x400013fc      0x404 load address 0x000190e0
                0x40001400                . = ALIGN (0x100)
 *fill*         0x400013fc        0x4 00
                0x40001800                . = (. + STACK_SIZE)
 *fill*         0x40001400      0x400 00
                0x40001800                PROVIDE (_stack, .)
                0x40001800                _end = .
                0x40001800                PROVIDE (end, .)

.stab
 *(.stab)

.stabstr
 *(.stabstr)

.stab.excl
 *(.stab.excl)

.stab.exclstr
 *(.stab.exclstr)

.stab.index
 *(.stab.index)

.stab.indexstr
 *(.stab.indexstr)

.ARM.attributes
                0x00000000       0x2e
 .ARM.attributes
                0x00000000       0x22 C:\Users\INVITA~1\AppData\Local\Temp\ccg11LEP.o
 .ARM.attributes
                0x00000022       0x32 C:\Users\INVITA~1\AppData\Local\Temp\ccioMbPN.o
 .ARM.attributes
                0x00000054       0x32 C:\Users\INVITA~1\AppData\Local\Temp\ccU2Gcmt.o
 .ARM.attributes
                0x00000086       0x32 C:\Users\INVITA~1\AppData\Local\Temp\ccG8szXg.o
 .ARM.attributes
                0x000000b8       0x32 C:\Users\INVITA~1\AppData\Local\Temp\ccEGOKKg.o
 .ARM.attributes
                0x000000ea       0x32 C:\Users\INVITA~1\AppData\Local\Temp\ccqoAt2l.o
 .ARM.attributes
                0x0000011c       0x32 C:\Users\INVITA~1\AppData\Local\Temp\ccbpYgRy.o
 .ARM.attributes
                0x0000014e       0x32 C:\Users\INVITA~1\AppData\Local\Temp\cckYLtrT.o
 .ARM.attributes
                0x00000180       0x32 C:\Users\INVITA~1\AppData\Local\Temp\ccPYh31i.o
 .ARM.attributes
                0x000001b2       0x32 C:\Users\INVITA~1\AppData\Local\Temp\ccg9D4UM.o
 .ARM.attributes
                0x000001e4       0x32 C:\Users\INVITA~1\AppData\Local\Temp\cczJbmrs.o
 .ARM.attributes
                0x00000216       0x32 C:\Users\INVITA~1\AppData\Local\Temp\ccgm442a.o
 .ARM.attributes
                0x00000248       0x32 C:\Users\INVITA~1\AppData\Local\Temp\ccL8UUyZ.o
 .ARM.attributes
                0x0000027a       0x32 C:\Users\INVITA~1\AppData\Local\Temp\cckVOUyT.o
 .ARM.attributes
                0x000002ac       0x32 C:\Users\INVITA~1\AppData\Local\Temp\ccpU4avS.o
 .ARM.attributes
                0x000002de       0x1a c:/program files (x86)/yagarto/bin/../lib/gcc/arm-none-eabi/4.6.2\libgcc.a(_udivsi3.o)
 .ARM.attributes
                0x000002f8       0x1a c:/program files (x86)/yagarto/bin/../lib/gcc/arm-none-eabi/4.6.2\libgcc.a(_divsi3.o)
 .ARM.attributes
                0x00000312       0x18 c:/program files (x86)/yagarto/bin/../lib/gcc/arm-none-eabi/4.6.2\libgcc.a(_dvmd_tls.o)
 .ARM.attributes
                0x0000032a       0x32 c:/program files (x86)/yagarto/bin/../lib/gcc/arm-none-eabi/4.6.2/../../../../arm-none-eabi/lib\libg.a(lib_a-malloc.o)
 .ARM.attributes
                0x0000035c       0x32 c:/program files (x86)/yagarto/bin/../lib/gcc/arm-none-eabi/4.6.2/../../../../arm-none-eabi/lib\libg.a(lib_a-mallocr.o)
 .ARM.attributes
                0x0000038e       0x32 c:/program files (x86)/yagarto/bin/../lib/gcc/arm-none-eabi/4.6.2/../../../../arm-none-eabi/lib\libg.a(lib_a-mlock.o)
 .ARM.attributes
                0x000003c0       0x32 c:/program files (x86)/yagarto/bin/../lib/gcc/arm-none-eabi/4.6.2/../../../../arm-none-eabi/lib\libg.a(lib_a-rand.o)
 .ARM.attributes
                0x000003f2       0x32 c:/program files (x86)/yagarto/bin/../lib/gcc/arm-none-eabi/4.6.2/../../../../arm-none-eabi/lib\libg.a(lib_a-sbrkr.o)
 .ARM.attributes
                0x00000424       0x32 c:/program files (x86)/yagarto/bin/../lib/gcc/arm-none-eabi/4.6.2/../../../../arm-none-eabi/lib\libg.a(lib_a-strlen.o)
 .ARM.attributes
                0x00000456       0x32 c:/program files (x86)/yagarto/bin/../lib/gcc/arm-none-eabi/4.6.2/../../../../arm-none-eabi/lib\libg.a(lib_a-sysgettod.o)
 .ARM.attributes
                0x00000488       0x32 c:/program files (x86)/yagarto/bin/../lib/gcc/arm-none-eabi/4.6.2/../../../../arm-none-eabi/lib\libg.a(lib_a-freer.o)
 .ARM.attributes
                0x000004ba       0x32 c:/program files (x86)/yagarto/bin/../lib/gcc/arm-none-eabi/4.6.2/../../../../arm-none-eabi/lib\libg.a(lib_a-gettimeofdayr.o)
 .ARM.attributes
                0x000004ec       0x32 c:/program files (x86)/yagarto/bin/../lib/gcc/arm-none-eabi/4.6.2/../../../../arm-none-eabi/lib\libg.a(lib_a-impure.o)
 .ARM.attributes
                0x0000051e       0x32 c:/program files (x86)/yagarto/bin/../lib/gcc/arm-none-eabi/4.6.2/../../../../arm-none-eabi/lib\libg.a(lib_a-reent.o)

.comment        0x00000000       0x11
 *(.comment)
 .comment       0x00000000       0x11 C:\Users\INVITA~1\AppData\Local\Temp\ccioMbPN.o
                                 0x12 (size before relaxing)
 .comment       0x00000000       0x12 C:\Users\INVITA~1\AppData\Local\Temp\ccU2Gcmt.o
 .comment       0x00000000       0x12 C:\Users\INVITA~1\AppData\Local\Temp\ccG8szXg.o
 .comment       0x00000000       0x12 C:\Users\INVITA~1\AppData\Local\Temp\ccEGOKKg.o
 .comment       0x00000000       0x12 C:\Users\INVITA~1\AppData\Local\Temp\ccqoAt2l.o
 .comment       0x00000000       0x12 C:\Users\INVITA~1\AppData\Local\Temp\ccbpYgRy.o
 .comment       0x00000000       0x12 C:\Users\INVITA~1\AppData\Local\Temp\cckYLtrT.o
 .comment       0x00000000       0x12 C:\Users\INVITA~1\AppData\Local\Temp\ccPYh31i.o
 .comment       0x00000000       0x12 C:\Users\INVITA~1\AppData\Local\Temp\ccg9D4UM.o
 .comment       0x00000000       0x12 C:\Users\INVITA~1\AppData\Local\Temp\cczJbmrs.o
 .comment       0x00000000       0x12 C:\Users\INVITA~1\AppData\Local\Temp\ccgm442a.o
 .comment       0x00000000       0x12 C:\Users\INVITA~1\AppData\Local\Temp\ccL8UUyZ.o
 .comment       0x00000000       0x12 C:\Users\INVITA~1\AppData\Local\Temp\cckVOUyT.o
 .comment       0x00000000       0x12 C:\Users\INVITA~1\AppData\Local\Temp\ccpU4avS.o
 .comment       0x00000000       0x12 c:/program files (x86)/yagarto/bin/../lib/gcc/arm-none-eabi/4.6.2/../../../../arm-none-eabi/lib\libg.a(lib_a-malloc.o)
 .comment       0x00000000       0x12 c:/program files (x86)/yagarto/bin/../lib/gcc/arm-none-eabi/4.6.2/../../../../arm-none-eabi/lib\libg.a(lib_a-mallocr.o)
 .comment       0x00000000       0x12 c:/program files (x86)/yagarto/bin/../lib/gcc/arm-none-eabi/4.6.2/../../../../arm-none-eabi/lib\libg.a(lib_a-mlock.o)
 .comment       0x00000000       0x12 c:/program files (x86)/yagarto/bin/../lib/gcc/arm-none-eabi/4.6.2/../../../../arm-none-eabi/lib\libg.a(lib_a-rand.o)
 .comment       0x00000000       0x12 c:/program files (x86)/yagarto/bin/../lib/gcc/arm-none-eabi/4.6.2/../../../../arm-none-eabi/lib\libg.a(lib_a-sbrkr.o)
 .comment       0x00000000       0x12 c:/program files (x86)/yagarto/bin/../lib/gcc/arm-none-eabi/4.6.2/../../../../arm-none-eabi/lib\libg.a(lib_a-strlen.o)
 .comment       0x00000000       0x12 c:/program files (x86)/yagarto/bin/../lib/gcc/arm-none-eabi/4.6.2/../../../../arm-none-eabi/lib\libg.a(lib_a-sysgettod.o)
 .comment       0x00000000       0x12 c:/program files (x86)/yagarto/bin/../lib/gcc/arm-none-eabi/4.6.2/../../../../arm-none-eabi/lib\libg.a(lib_a-freer.o)
 .comment       0x00000000       0x12 c:/program files (x86)/yagarto/bin/../lib/gcc/arm-none-eabi/4.6.2/../../../../arm-none-eabi/lib\libg.a(lib_a-gettimeofdayr.o)
 .comment       0x00000000       0x12 c:/program files (x86)/yagarto/bin/../lib/gcc/arm-none-eabi/4.6.2/../../../../arm-none-eabi/lib\libg.a(lib_a-impure.o)
 .comment       0x00000000       0x12 c:/program files (x86)/yagarto/bin/../lib/gcc/arm-none-eabi/4.6.2/../../../../arm-none-eabi/lib\libg.a(lib_a-reent.o)

.debug
 *(.debug)

.line
 *(.line)

.debug_srcinfo
 *(.debug_srcinfo)

.debug_sfnames
 *(.debug_sfnames)

.debug_aranges  0x00000000      0x2c8
 *(.debug_aranges)
 .debug_aranges
                0x00000000       0x20 C:\Users\INVITA~1\AppData\Local\Temp\ccg11LEP.o
 .debug_aranges
                0x00000020       0x28 C:\Users\INVITA~1\AppData\Local\Temp\ccioMbPN.o
 .debug_aranges
                0x00000048       0x20 C:\Users\INVITA~1\AppData\Local\Temp\ccU2Gcmt.o
 .debug_aranges
                0x00000068       0x20 C:\Users\INVITA~1\AppData\Local\Temp\ccG8szXg.o
 .debug_aranges
                0x00000088       0x20 C:\Users\INVITA~1\AppData\Local\Temp\ccEGOKKg.o
 .debug_aranges
                0x000000a8       0x20 C:\Users\INVITA~1\AppData\Local\Temp\ccbpYgRy.o
 .debug_aranges
                0x000000c8       0x20 C:\Users\INVITA~1\AppData\Local\Temp\cckYLtrT.o
 .debug_aranges
                0x000000e8       0x20 C:\Users\INVITA~1\AppData\Local\Temp\cczJbmrs.o
 .debug_aranges
                0x00000108       0x20 C:\Users\INVITA~1\AppData\Local\Temp\ccgm442a.o
 .debug_aranges
                0x00000128       0x20 c:/program files (x86)/yagarto/bin/../lib/gcc/arm-none-eabi/4.6.2\libgcc.a(_udivsi3.o)
 .debug_aranges
                0x00000148       0x20 c:/program files (x86)/yagarto/bin/../lib/gcc/arm-none-eabi/4.6.2\libgcc.a(_divsi3.o)
 .debug_aranges
                0x00000168       0x20 c:/program files (x86)/yagarto/bin/../lib/gcc/arm-none-eabi/4.6.2\libgcc.a(_dvmd_tls.o)
 .debug_aranges
                0x00000188       0x20 c:/program files (x86)/yagarto/bin/../lib/gcc/arm-none-eabi/4.6.2/../../../../arm-none-eabi/lib\libg.a(lib_a-malloc.o)
 .debug_aranges
                0x000001a8       0x20 c:/program files (x86)/yagarto/bin/../lib/gcc/arm-none-eabi/4.6.2/../../../../arm-none-eabi/lib\libg.a(lib_a-mallocr.o)
 .debug_aranges
                0x000001c8       0x20 c:/program files (x86)/yagarto/bin/../lib/gcc/arm-none-eabi/4.6.2/../../../../arm-none-eabi/lib\libg.a(lib_a-mlock.o)
 .debug_aranges
                0x000001e8       0x20 c:/program files (x86)/yagarto/bin/../lib/gcc/arm-none-eabi/4.6.2/../../../../arm-none-eabi/lib\libg.a(lib_a-rand.o)
 .debug_aranges
                0x00000208       0x20 c:/program files (x86)/yagarto/bin/../lib/gcc/arm-none-eabi/4.6.2/../../../../arm-none-eabi/lib\libg.a(lib_a-sbrkr.o)
 .debug_aranges
                0x00000228       0x20 c:/program files (x86)/yagarto/bin/../lib/gcc/arm-none-eabi/4.6.2/../../../../arm-none-eabi/lib\libg.a(lib_a-strlen.o)
 .debug_aranges
                0x00000248       0x20 c:/program files (x86)/yagarto/bin/../lib/gcc/arm-none-eabi/4.6.2/../../../../arm-none-eabi/lib\libg.a(lib_a-sysgettod.o)
 .debug_aranges
                0x00000268       0x20 c:/program files (x86)/yagarto/bin/../lib/gcc/arm-none-eabi/4.6.2/../../../../arm-none-eabi/lib\libg.a(lib_a-freer.o)
 .debug_aranges
                0x00000288       0x20 c:/program files (x86)/yagarto/bin/../lib/gcc/arm-none-eabi/4.6.2/../../../../arm-none-eabi/lib\libg.a(lib_a-gettimeofdayr.o)
 .debug_aranges
                0x000002a8       0x20 c:/program files (x86)/yagarto/bin/../lib/gcc/arm-none-eabi/4.6.2/../../../../arm-none-eabi/lib\libg.a(lib_a-reent.o)

.debug_pubnames
 *(.debug_pubnames)

.debug_info     0x00000000     0xe147
 *(.debug_info .gnu.linkonce.wi.*)
 .debug_info    0x00000000       0x83 C:\Users\INVITA~1\AppData\Local\Temp\ccg11LEP.o
 .debug_info    0x00000083      0xffb C:\Users\INVITA~1\AppData\Local\Temp\ccioMbPN.o
 .debug_info    0x0000107e     0x4f9c C:\Users\INVITA~1\AppData\Local\Temp\ccU2Gcmt.o
 .debug_info    0x0000601a      0x1e4 C:\Users\INVITA~1\AppData\Local\Temp\ccG8szXg.o
 .debug_info    0x000061fe      0x41b C:\Users\INVITA~1\AppData\Local\Temp\ccEGOKKg.o
 .debug_info    0x00006619       0x5c C:\Users\INVITA~1\AppData\Local\Temp\ccqoAt2l.o
 .debug_info    0x00006675      0x62d C:\Users\INVITA~1\AppData\Local\Temp\ccbpYgRy.o
 .debug_info    0x00006ca2       0xc1 C:\Users\INVITA~1\AppData\Local\Temp\cckYLtrT.o
 .debug_info    0x00006d63       0x5c C:\Users\INVITA~1\AppData\Local\Temp\ccPYh31i.o
 .debug_info    0x00006dbf       0x5c C:\Users\INVITA~1\AppData\Local\Temp\ccg9D4UM.o
 .debug_info    0x00006e1b      0x57f C:\Users\INVITA~1\AppData\Local\Temp\cczJbmrs.o
 .debug_info    0x0000739a       0xb6 C:\Users\INVITA~1\AppData\Local\Temp\ccgm442a.o
 .debug_info    0x00007450       0xa4 C:\Users\INVITA~1\AppData\Local\Temp\ccL8UUyZ.o
 .debug_info    0x000074f4       0x5c C:\Users\INVITA~1\AppData\Local\Temp\cckVOUyT.o
 .debug_info    0x00007550      0x1f8 C:\Users\INVITA~1\AppData\Local\Temp\ccpU4avS.o
 .debug_info    0x00007748       0x98 c:/program files (x86)/yagarto/bin/../lib/gcc/arm-none-eabi/4.6.2\libgcc.a(_udivsi3.o)
 .debug_info    0x000077e0       0x98 c:/program files (x86)/yagarto/bin/../lib/gcc/arm-none-eabi/4.6.2\libgcc.a(_divsi3.o)
 .debug_info    0x00007878       0x98 c:/program files (x86)/yagarto/bin/../lib/gcc/arm-none-eabi/4.6.2\libgcc.a(_dvmd_tls.o)
 .debug_info    0x00007910      0x9a7 c:/program files (x86)/yagarto/bin/../lib/gcc/arm-none-eabi/4.6.2/../../../../arm-none-eabi/lib\libg.a(lib_a-malloc.o)
 .debug_info    0x000082b7      0xd6b c:/program files (x86)/yagarto/bin/../lib/gcc/arm-none-eabi/4.6.2/../../../../arm-none-eabi/lib\libg.a(lib_a-mallocr.o)
 .debug_info    0x00009022      0x980 c:/program files (x86)/yagarto/bin/../lib/gcc/arm-none-eabi/4.6.2/../../../../arm-none-eabi/lib\libg.a(lib_a-mlock.o)
 .debug_info    0x000099a2      0x985 c:/program files (x86)/yagarto/bin/../lib/gcc/arm-none-eabi/4.6.2/../../../../arm-none-eabi/lib\libg.a(lib_a-rand.o)
 .debug_info    0x0000a327      0x9ac c:/program files (x86)/yagarto/bin/../lib/gcc/arm-none-eabi/4.6.2/../../../../arm-none-eabi/lib\libg.a(lib_a-sbrkr.o)
 .debug_info    0x0000acd3       0xb1 c:/program files (x86)/yagarto/bin/../lib/gcc/arm-none-eabi/4.6.2/../../../../arm-none-eabi/lib\libg.a(lib_a-strlen.o)
 .debug_info    0x0000ad84      0x9c8 c:/program files (x86)/yagarto/bin/../lib/gcc/arm-none-eabi/4.6.2/../../../../arm-none-eabi/lib\libg.a(lib_a-sysgettod.o)
 .debug_info    0x0000b74c      0xc40 c:/program files (x86)/yagarto/bin/../lib/gcc/arm-none-eabi/4.6.2/../../../../arm-none-eabi/lib\libg.a(lib_a-freer.o)
 .debug_info    0x0000c38c      0x9f1 c:/program files (x86)/yagarto/bin/../lib/gcc/arm-none-eabi/4.6.2/../../../../arm-none-eabi/lib\libg.a(lib_a-gettimeofdayr.o)
 .debug_info    0x0000cd7d      0x966 c:/program files (x86)/yagarto/bin/../lib/gcc/arm-none-eabi/4.6.2/../../../../arm-none-eabi/lib\libg.a(lib_a-impure.o)
 .debug_info    0x0000d6e3      0xa64 c:/program files (x86)/yagarto/bin/../lib/gcc/arm-none-eabi/4.6.2/../../../../arm-none-eabi/lib\libg.a(lib_a-reent.o)

.debug_abbrev   0x00000000     0x20e3
 *(.debug_abbrev)
 .debug_abbrev  0x00000000       0x14 C:\Users\INVITA~1\AppData\Local\Temp\ccg11LEP.o
 .debug_abbrev  0x00000014      0x3b3 C:\Users\INVITA~1\AppData\Local\Temp\ccioMbPN.o
 .debug_abbrev  0x000003c7      0x33d C:\Users\INVITA~1\AppData\Local\Temp\ccU2Gcmt.o
 .debug_abbrev  0x00000704       0xe8 C:\Users\INVITA~1\AppData\Local\Temp\ccG8szXg.o
 .debug_abbrev  0x000007ec      0x1ee C:\Users\INVITA~1\AppData\Local\Temp\ccEGOKKg.o
 .debug_abbrev  0x000009da       0x4b C:\Users\INVITA~1\AppData\Local\Temp\ccqoAt2l.o
 .debug_abbrev  0x00000a25      0x140 C:\Users\INVITA~1\AppData\Local\Temp\ccbpYgRy.o
 .debug_abbrev  0x00000b65       0x70 C:\Users\INVITA~1\AppData\Local\Temp\cckYLtrT.o
 .debug_abbrev  0x00000bd5       0x49 C:\Users\INVITA~1\AppData\Local\Temp\ccPYh31i.o
 .debug_abbrev  0x00000c1e       0x49 C:\Users\INVITA~1\AppData\Local\Temp\ccg9D4UM.o
 .debug_abbrev  0x00000c67      0x1a7 C:\Users\INVITA~1\AppData\Local\Temp\cczJbmrs.o
 .debug_abbrev  0x00000e0e       0x4e C:\Users\INVITA~1\AppData\Local\Temp\ccgm442a.o
 .debug_abbrev  0x00000e5c       0x4b C:\Users\INVITA~1\AppData\Local\Temp\ccL8UUyZ.o
 .debug_abbrev  0x00000ea7       0x4b C:\Users\INVITA~1\AppData\Local\Temp\cckVOUyT.o
 .debug_abbrev  0x00000ef2       0x5a C:\Users\INVITA~1\AppData\Local\Temp\ccpU4avS.o
 .debug_abbrev  0x00000f4c       0x14 c:/program files (x86)/yagarto/bin/../lib/gcc/arm-none-eabi/4.6.2\libgcc.a(_udivsi3.o)
 .debug_abbrev  0x00000f60       0x14 c:/program files (x86)/yagarto/bin/../lib/gcc/arm-none-eabi/4.6.2\libgcc.a(_divsi3.o)
 .debug_abbrev  0x00000f74       0x14 c:/program files (x86)/yagarto/bin/../lib/gcc/arm-none-eabi/4.6.2\libgcc.a(_dvmd_tls.o)
 .debug_abbrev  0x00000f88      0x196 c:/program files (x86)/yagarto/bin/../lib/gcc/arm-none-eabi/4.6.2/../../../../arm-none-eabi/lib\libg.a(lib_a-malloc.o)
 .debug_abbrev  0x0000111e      0x233 c:/program files (x86)/yagarto/bin/../lib/gcc/arm-none-eabi/4.6.2/../../../../arm-none-eabi/lib\libg.a(lib_a-mallocr.o)
 .debug_abbrev  0x00001351      0x179 c:/program files (x86)/yagarto/bin/../lib/gcc/arm-none-eabi/4.6.2/../../../../arm-none-eabi/lib\libg.a(lib_a-mlock.o)
 .debug_abbrev  0x000014ca      0x194 c:/program files (x86)/yagarto/bin/../lib/gcc/arm-none-eabi/4.6.2/../../../../arm-none-eabi/lib\libg.a(lib_a-rand.o)
 .debug_abbrev  0x0000165e      0x1b0 c:/program files (x86)/yagarto/bin/../lib/gcc/arm-none-eabi/4.6.2/../../../../arm-none-eabi/lib\libg.a(lib_a-sbrkr.o)
 .debug_abbrev  0x0000180e       0x6d c:/program files (x86)/yagarto/bin/../lib/gcc/arm-none-eabi/4.6.2/../../../../arm-none-eabi/lib\libg.a(lib_a-strlen.o)
 .debug_abbrev  0x0000187b      0x17f c:/program files (x86)/yagarto/bin/../lib/gcc/arm-none-eabi/4.6.2/../../../../arm-none-eabi/lib\libg.a(lib_a-sysgettod.o)
 .debug_abbrev  0x000019fa      0x1ea c:/program files (x86)/yagarto/bin/../lib/gcc/arm-none-eabi/4.6.2/../../../../arm-none-eabi/lib\libg.a(lib_a-freer.o)
 .debug_abbrev  0x00001be4      0x1b3 c:/program files (x86)/yagarto/bin/../lib/gcc/arm-none-eabi/4.6.2/../../../../arm-none-eabi/lib\libg.a(lib_a-gettimeofdayr.o)
 .debug_abbrev  0x00001d97      0x166 c:/program files (x86)/yagarto/bin/../lib/gcc/arm-none-eabi/4.6.2/../../../../arm-none-eabi/lib\libg.a(lib_a-impure.o)
 .debug_abbrev  0x00001efd      0x1e6 c:/program files (x86)/yagarto/bin/../lib/gcc/arm-none-eabi/4.6.2/../../../../arm-none-eabi/lib\libg.a(lib_a-reent.o)

.debug_line     0x00000000     0x3dc1
 *(.debug_line)
 .debug_line    0x00000000      0x188 C:\Users\INVITA~1\AppData\Local\Temp\ccg11LEP.o
 .debug_line    0x00000188      0x532 C:\Users\INVITA~1\AppData\Local\Temp\ccioMbPN.o
 .debug_line    0x000006ba     0x1dbc C:\Users\INVITA~1\AppData\Local\Temp\ccU2Gcmt.o
 .debug_line    0x00002476      0x110 C:\Users\INVITA~1\AppData\Local\Temp\ccG8szXg.o
 .debug_line    0x00002586      0x10a C:\Users\INVITA~1\AppData\Local\Temp\ccEGOKKg.o
 .debug_line    0x00002690       0x2a C:\Users\INVITA~1\AppData\Local\Temp\ccqoAt2l.o
 .debug_line    0x000026ba      0x244 C:\Users\INVITA~1\AppData\Local\Temp\ccbpYgRy.o
 .debug_line    0x000028fe       0x55 C:\Users\INVITA~1\AppData\Local\Temp\cckYLtrT.o
 .debug_line    0x00002953       0x2b C:\Users\INVITA~1\AppData\Local\Temp\ccPYh31i.o
 .debug_line    0x0000297e       0x2d C:\Users\INVITA~1\AppData\Local\Temp\ccg9D4UM.o
 .debug_line    0x000029ab      0x11c C:\Users\INVITA~1\AppData\Local\Temp\cczJbmrs.o
 .debug_line    0x00002ac7       0x49 C:\Users\INVITA~1\AppData\Local\Temp\ccgm442a.o
 .debug_line    0x00002b10       0x2c C:\Users\INVITA~1\AppData\Local\Temp\ccL8UUyZ.o
 .debug_line    0x00002b3c       0x2d C:\Users\INVITA~1\AppData\Local\Temp\cckVOUyT.o
 .debug_line    0x00002b69       0x33 C:\Users\INVITA~1\AppData\Local\Temp\ccpU4avS.o
 .debug_line    0x00002b9c       0x93 c:/program files (x86)/yagarto/bin/../lib/gcc/arm-none-eabi/4.6.2\libgcc.a(_udivsi3.o)
 .debug_line    0x00002c2f       0x9f c:/program files (x86)/yagarto/bin/../lib/gcc/arm-none-eabi/4.6.2\libgcc.a(_divsi3.o)
 .debug_line    0x00002cce       0x6a c:/program files (x86)/yagarto/bin/../lib/gcc/arm-none-eabi/4.6.2\libgcc.a(_dvmd_tls.o)
 .debug_line    0x00002d38      0x171 c:/program files (x86)/yagarto/bin/../lib/gcc/arm-none-eabi/4.6.2/../../../../arm-none-eabi/lib\libg.a(lib_a-malloc.o)
 .debug_line    0x00002ea9      0x2d1 c:/program files (x86)/yagarto/bin/../lib/gcc/arm-none-eabi/4.6.2/../../../../arm-none-eabi/lib\libg.a(lib_a-mallocr.o)
 .debug_line    0x0000317a      0x122 c:/program files (x86)/yagarto/bin/../lib/gcc/arm-none-eabi/4.6.2/../../../../arm-none-eabi/lib\libg.a(lib_a-mlock.o)
 .debug_line    0x0000329c      0x16d c:/program files (x86)/yagarto/bin/../lib/gcc/arm-none-eabi/4.6.2/../../../../arm-none-eabi/lib\libg.a(lib_a-rand.o)
 .debug_line    0x00003409      0x174 c:/program files (x86)/yagarto/bin/../lib/gcc/arm-none-eabi/4.6.2/../../../../arm-none-eabi/lib\libg.a(lib_a-sbrkr.o)
 .debug_line    0x0000357d      0x111 c:/program files (x86)/yagarto/bin/../lib/gcc/arm-none-eabi/4.6.2/../../../../arm-none-eabi/lib\libg.a(lib_a-strlen.o)
 .debug_line    0x0000368e      0x13f c:/program files (x86)/yagarto/bin/../lib/gcc/arm-none-eabi/4.6.2/../../../../arm-none-eabi/lib\libg.a(lib_a-sysgettod.o)
 .debug_line    0x000037cd      0x1e8 c:/program files (x86)/yagarto/bin/../lib/gcc/arm-none-eabi/4.6.2/../../../../arm-none-eabi/lib\libg.a(lib_a-freer.o)
 .debug_line    0x000039b5      0x194 c:/program files (x86)/yagarto/bin/../lib/gcc/arm-none-eabi/4.6.2/../../../../arm-none-eabi/lib\libg.a(lib_a-gettimeofdayr.o)
 .debug_line    0x00003b49      0x110 c:/program files (x86)/yagarto/bin/../lib/gcc/arm-none-eabi/4.6.2/../../../../arm-none-eabi/lib\libg.a(lib_a-impure.o)
 .debug_line    0x00003c59      0x168 c:/program files (x86)/yagarto/bin/../lib/gcc/arm-none-eabi/4.6.2/../../../../arm-none-eabi/lib\libg.a(lib_a-reent.o)

.debug_frame    0x00000000      0xb14
 *(.debug_frame)
 .debug_frame   0x00000000      0x178 C:\Users\INVITA~1\AppData\Local\Temp\ccioMbPN.o
 .debug_frame   0x00000178      0x41c C:\Users\INVITA~1\AppData\Local\Temp\ccU2Gcmt.o
 .debug_frame   0x00000594       0x58 C:\Users\INVITA~1\AppData\Local\Temp\ccG8szXg.o
 .debug_frame   0x000005ec       0xa8 C:\Users\INVITA~1\AppData\Local\Temp\ccEGOKKg.o
 .debug_frame   0x00000694       0xd0 C:\Users\INVITA~1\AppData\Local\Temp\ccbpYgRy.o
 .debug_frame   0x00000764       0x44 C:\Users\INVITA~1\AppData\Local\Temp\cckYLtrT.o
 .debug_frame   0x000007a8       0xcc C:\Users\INVITA~1\AppData\Local\Temp\cczJbmrs.o
 .debug_frame   0x00000874       0x28 C:\Users\INVITA~1\AppData\Local\Temp\ccgm442a.o
 .debug_frame   0x0000089c       0x20 c:/program files (x86)/yagarto/bin/../lib/gcc/arm-none-eabi/4.6.2\libgcc.a(_udivsi3.o)
 .debug_frame   0x000008bc       0x20 c:/program files (x86)/yagarto/bin/../lib/gcc/arm-none-eabi/4.6.2\libgcc.a(_divsi3.o)
 .debug_frame   0x000008dc       0x40 c:/program files (x86)/yagarto/bin/../lib/gcc/arm-none-eabi/4.6.2/../../../../arm-none-eabi/lib\libg.a(lib_a-malloc.o)
 .debug_frame   0x0000091c       0x38 c:/program files (x86)/yagarto/bin/../lib/gcc/arm-none-eabi/4.6.2/../../../../arm-none-eabi/lib\libg.a(lib_a-mallocr.o)
 .debug_frame   0x00000954       0x30 c:/program files (x86)/yagarto/bin/../lib/gcc/arm-none-eabi/4.6.2/../../../../arm-none-eabi/lib\libg.a(lib_a-mlock.o)
 .debug_frame   0x00000984       0x38 c:/program files (x86)/yagarto/bin/../lib/gcc/arm-none-eabi/4.6.2/../../../../arm-none-eabi/lib\libg.a(lib_a-rand.o)
 .debug_frame   0x000009bc       0x2c c:/program files (x86)/yagarto/bin/../lib/gcc/arm-none-eabi/4.6.2/../../../../arm-none-eabi/lib\libg.a(lib_a-sbrkr.o)
 .debug_frame   0x000009e8       0x20 c:/program files (x86)/yagarto/bin/../lib/gcc/arm-none-eabi/4.6.2/../../../../arm-none-eabi/lib\libg.a(lib_a-strlen.o)
 .debug_frame   0x00000a08       0x28 c:/program files (x86)/yagarto/bin/../lib/gcc/arm-none-eabi/4.6.2/../../../../arm-none-eabi/lib\libg.a(lib_a-sysgettod.o)
 .debug_frame   0x00000a30       0x50 c:/program files (x86)/yagarto/bin/../lib/gcc/arm-none-eabi/4.6.2/../../../../arm-none-eabi/lib\libg.a(lib_a-freer.o)
 .debug_frame   0x00000a80       0x2c c:/program files (x86)/yagarto/bin/../lib/gcc/arm-none-eabi/4.6.2/../../../../arm-none-eabi/lib\libg.a(lib_a-gettimeofdayr.o)
 .debug_frame   0x00000aac       0x68 c:/program files (x86)/yagarto/bin/../lib/gcc/arm-none-eabi/4.6.2/../../../../arm-none-eabi/lib\libg.a(lib_a-reent.o)

.debug_str      0x00000000     0x1434
 *(.debug_str)
 .debug_str     0x00000000      0x49b C:\Users\INVITA~1\AppData\Local\Temp\ccioMbPN.o
                                0x4fd (size before relaxing)
 .debug_str     0x0000049b      0x22f C:\Users\INVITA~1\AppData\Local\Temp\ccU2Gcmt.o
                                0x389 (size before relaxing)
 .debug_str     0x000006ca       0x6e C:\Users\INVITA~1\AppData\Local\Temp\ccG8szXg.o
                                0x174 (size before relaxing)
 .debug_str     0x00000738       0x68 C:\Users\INVITA~1\AppData\Local\Temp\ccEGOKKg.o
                                0x1a5 (size before relaxing)
 .debug_str     0x000007a0       0x12 C:\Users\INVITA~1\AppData\Local\Temp\ccqoAt2l.o
                                 0x87 (size before relaxing)
 .debug_str     0x000007b2       0xcb C:\Users\INVITA~1\AppData\Local\Temp\ccbpYgRy.o
                                0x1dc (size before relaxing)
 .debug_str     0x0000087d       0x21 C:\Users\INVITA~1\AppData\Local\Temp\cckYLtrT.o
                                0x11a (size before relaxing)
 .debug_str     0x0000089e        0xb C:\Users\INVITA~1\AppData\Local\Temp\ccPYh31i.o
                                 0x91 (size before relaxing)
 .debug_str     0x000008a9       0x17 C:\Users\INVITA~1\AppData\Local\Temp\ccg9D4UM.o
                                 0x95 (size before relaxing)
 .debug_str     0x000008c0      0x13f C:\Users\INVITA~1\AppData\Local\Temp\cczJbmrs.o
                                0x25a (size before relaxing)
 .debug_str     0x000009ff       0x13 C:\Users\INVITA~1\AppData\Local\Temp\ccgm442a.o
                                0x10c (size before relaxing)
 .debug_str     0x00000a12       0x3a C:\Users\INVITA~1\AppData\Local\Temp\ccL8UUyZ.o
                                 0xaf (size before relaxing)
 .debug_str     0x00000a4c        0xd C:\Users\INVITA~1\AppData\Local\Temp\cckVOUyT.o
                                 0x89 (size before relaxing)
 .debug_str     0x00000a59       0x19 C:\Users\INVITA~1\AppData\Local\Temp\ccpU4avS.o
                                 0xa1 (size before relaxing)
 .debug_str     0x00000a72      0x40e c:/program files (x86)/yagarto/bin/../lib/gcc/arm-none-eabi/4.6.2/../../../../arm-none-eabi/lib\libg.a(lib_a-malloc.o)
                                0x4ef (size before relaxing)
 .debug_str     0x00000e80      0x206 c:/program files (x86)/yagarto/bin/../lib/gcc/arm-none-eabi/4.6.2/../../../../arm-none-eabi/lib\libg.a(lib_a-mallocr.o)
                                0x6c4 (size before relaxing)
 .debug_str     0x00001086       0x6b c:/program files (x86)/yagarto/bin/../lib/gcc/arm-none-eabi/4.6.2/../../../../arm-none-eabi/lib\libg.a(lib_a-mlock.o)
                                0x4f6 (size before relaxing)
 .debug_str     0x000010f1       0x3d c:/program files (x86)/yagarto/bin/../lib/gcc/arm-none-eabi/4.6.2/../../../../arm-none-eabi/lib\libg.a(lib_a-rand.o)
                                0x4de (size before relaxing)
 .debug_str     0x0000112e       0x85 c:/program files (x86)/yagarto/bin/../lib/gcc/arm-none-eabi/4.6.2/../../../../arm-none-eabi/lib\libg.a(lib_a-sbrkr.o)
                                0x4e4 (size before relaxing)
 .debug_str     0x000011b3       0x94 c:/program files (x86)/yagarto/bin/../lib/gcc/arm-none-eabi/4.6.2/../../../../arm-none-eabi/lib\libg.a(lib_a-strlen.o)
                                0x130 (size before relaxing)
 .debug_str     0x00001247       0x9a c:/program files (x86)/yagarto/bin/../lib/gcc/arm-none-eabi/4.6.2/../../../../arm-none-eabi/lib\libg.a(lib_a-sysgettod.o)
                                0x521 (size before relaxing)
 .debug_str     0x000012e1       0x3c c:/program files (x86)/yagarto/bin/../lib/gcc/arm-none-eabi/4.6.2/../../../../arm-none-eabi/lib\libg.a(lib_a-freer.o)
                                0x616 (size before relaxing)
 .debug_str     0x0000131d       0x4f c:/program files (x86)/yagarto/bin/../lib/gcc/arm-none-eabi/4.6.2/../../../../arm-none-eabi/lib\libg.a(lib_a-gettimeofdayr.o)
                                0x52a (size before relaxing)
 .debug_str     0x0000136c       0x57 c:/program files (x86)/yagarto/bin/../lib/gcc/arm-none-eabi/4.6.2/../../../../arm-none-eabi/lib\libg.a(lib_a-impure.o)
                                0x4ed (size before relaxing)
 .debug_str     0x000013c3       0x71 c:/program files (x86)/yagarto/bin/../lib/gcc/arm-none-eabi/4.6.2/../../../../arm-none-eabi/lib\libg.a(lib_a-reent.o)
                                0x512 (size before relaxing)

.debug_loc      0x00000000     0x5079
 *(.debug_loc)
 .debug_loc     0x00000000     0x116e C:\Users\INVITA~1\AppData\Local\Temp\ccioMbPN.o
 .debug_loc     0x0000116e     0x2122 C:\Users\INVITA~1\AppData\Local\Temp\ccU2Gcmt.o
 .debug_loc     0x00003290      0x10b C:\Users\INVITA~1\AppData\Local\Temp\ccG8szXg.o
 .debug_loc     0x0000339b      0x19c C:\Users\INVITA~1\AppData\Local\Temp\ccEGOKKg.o
 .debug_loc     0x00003537      0x98e C:\Users\INVITA~1\AppData\Local\Temp\ccbpYgRy.o
 .debug_loc     0x00003ec5       0x40 C:\Users\INVITA~1\AppData\Local\Temp\cckYLtrT.o
 .debug_loc     0x00003f05      0x158 C:\Users\INVITA~1\AppData\Local\Temp\cczJbmrs.o
 .debug_loc     0x0000405d       0x52 C:\Users\INVITA~1\AppData\Local\Temp\ccgm442a.o
 .debug_loc     0x000040af       0x7c c:/program files (x86)/yagarto/bin/../lib/gcc/arm-none-eabi/4.6.2/../../../../arm-none-eabi/lib\libg.a(lib_a-malloc.o)
 .debug_loc     0x0000412b      0x8b3 c:/program files (x86)/yagarto/bin/../lib/gcc/arm-none-eabi/4.6.2/../../../../arm-none-eabi/lib\libg.a(lib_a-mallocr.o)
 .debug_loc     0x000049de       0x20 c:/program files (x86)/yagarto/bin/../lib/gcc/arm-none-eabi/4.6.2/../../../../arm-none-eabi/lib\libg.a(lib_a-rand.o)
 .debug_loc     0x000049fe       0x51 c:/program files (x86)/yagarto/bin/../lib/gcc/arm-none-eabi/4.6.2/../../../../arm-none-eabi/lib\libg.a(lib_a-sbrkr.o)
 .debug_loc     0x00004a4f       0x13 c:/program files (x86)/yagarto/bin/../lib/gcc/arm-none-eabi/4.6.2/../../../../arm-none-eabi/lib\libg.a(lib_a-strlen.o)
 .debug_loc     0x00004a62       0x5c c:/program files (x86)/yagarto/bin/../lib/gcc/arm-none-eabi/4.6.2/../../../../arm-none-eabi/lib\libg.a(lib_a-sysgettod.o)
 .debug_loc     0x00004abe      0x370 c:/program files (x86)/yagarto/bin/../lib/gcc/arm-none-eabi/4.6.2/../../../../arm-none-eabi/lib\libg.a(lib_a-freer.o)
 .debug_loc     0x00004e2e       0x6f c:/program files (x86)/yagarto/bin/../lib/gcc/arm-none-eabi/4.6.2/../../../../arm-none-eabi/lib\libg.a(lib_a-gettimeofdayr.o)
 .debug_loc     0x00004e9d      0x1dc c:/program files (x86)/yagarto/bin/../lib/gcc/arm-none-eabi/4.6.2/../../../../arm-none-eabi/lib\libg.a(lib_a-reent.o)

.debug_macinfo
 *(.debug_macinfo)

.debug_weaknames
 *(.debug_weaknames)

.debug_funcnames
 *(.debug_funcnames)

.debug_typenames
 *(.debug_typenames)

.debug_varnames
 *(.debug_varnames)
START GROUP
END GROUP
LOAD C:\Users\INVITA~1\AppData\Local\Temp\ccg11LEP.o
LOAD C:\Users\INVITA~1\AppData\Local\Temp\ccioMbPN.o
LOAD C:\Users\INVITA~1\AppData\Local\Temp\ccU2Gcmt.o
LOAD C:\Users\INVITA~1\AppData\Local\Temp\ccG8szXg.o
LOAD C:\Users\INVITA~1\AppData\Local\Temp\ccEGOKKg.o
LOAD C:\Users\INVITA~1\AppData\Local\Temp\ccqoAt2l.o
LOAD C:\Users\INVITA~1\AppData\Local\Temp\ccbpYgRy.o
LOAD C:\Users\INVITA~1\AppData\Local\Temp\cckYLtrT.o
LOAD C:\Users\INVITA~1\AppData\Local\Temp\ccPYh31i.o
LOAD C:\Users\INVITA~1\AppData\Local\Temp\ccg9D4UM.o
LOAD C:\Users\INVITA~1\AppData\Local\Temp\cczJbmrs.o
LOAD C:\Users\INVITA~1\AppData\Local\Temp\ccgm442a.o
LOAD C:\Users\INVITA~1\AppData\Local\Temp\ccL8UUyZ.o
LOAD C:\Users\INVITA~1\AppData\Local\Temp\cckVOUyT.o
LOAD C:\Users\INVITA~1\AppData\Local\Temp\ccpU4avS.o
START GROUP
LOAD c:/program files (x86)/yagarto/bin/../lib/gcc/arm-none-eabi/4.6.2\libgcc.a
LOAD c:/program files (x86)/yagarto/bin/../lib/gcc/arm-none-eabi/4.6.2/../../../../arm-none-eabi/lib\libg.a
LOAD c:/program files (x86)/yagarto/bin/../lib/gcc/arm-none-eabi/4.6.2/../../../../arm-none-eabi/lib\libc.a
END GROUP
OUTPUT(code_flash.elf elf32-littlearm)

.debug_ranges   0x00000000     0x5410
 .debug_ranges  0x00000000      0x2f0 C:\Users\INVITA~1\AppData\Local\Temp\ccioMbPN.o
 .debug_ranges  0x000002f0     0x4f50 C:\Users\INVITA~1\AppData\Local\Temp\ccU2Gcmt.o
 .debug_ranges  0x00005240       0x90 C:\Users\INVITA~1\AppData\Local\Temp\ccEGOKKg.o
 .debug_ranges  0x000052d0      0x100 C:\Users\INVITA~1\AppData\Local\Temp\ccbpYgRy.o
 .debug_ranges  0x000053d0       0x40 c:/program files (x86)/yagarto/bin/../lib/gcc/arm-none-eabi/4.6.2/../../../../arm-none-eabi/lib\libg.a(lib_a-mallocr.o)

Cross Reference Table

Symbol                                            File
AUDIO_Effect                                      C:\Users\INVITA~1\AppData\Local\Temp\cczJbmrs.o
AUDIO_Timer_On                                    C:\Users\INVITA~1\AppData\Local\Temp\cczJbmrs.o
BG_Color                                          C:\Users\INVITA~1\AppData\Local\Temp\ccU2Gcmt.o
                                                  C:\Users\INVITA~1\AppData\Local\Temp\ccEGOKKg.o
                                                  C:\Users\INVITA~1\AppData\Local\Temp\ccioMbPN.o
BigFont                                           C:\Users\INVITA~1\AppData\Local\Temp\ccPYh31i.o
                                                  C:\Users\INVITA~1\AppData\Local\Temp\ccU2Gcmt.o
                                                  C:\Users\INVITA~1\AppData\Local\Temp\ccioMbPN.o
CF                                                C:\Users\INVITA~1\AppData\Local\Temp\ccU2Gcmt.o
                                                  C:\Users\INVITA~1\AppData\Local\Temp\ccioMbPN.o
Cal                                               C:\Users\INVITA~1\AppData\Local\Temp\ccEGOKKg.o
Delta_Fase1                                       C:\Users\INVITA~1\AppData\Local\Temp\cczJbmrs.o
Delta_Fase2                                       C:\Users\INVITA~1\AppData\Local\Temp\cczJbmrs.o
Delta_Fase3                                       C:\Users\INVITA~1\AppData\Local\Temp\cczJbmrs.o
Delta_Fase4                                       C:\Users\INVITA~1\AppData\Local\Temp\cczJbmrs.o
FG_Color                                          C:\Users\INVITA~1\AppData\Local\Temp\ccU2Gcmt.o
                                                  C:\Users\INVITA~1\AppData\Local\Temp\ccEGOKKg.o
                                                  C:\Users\INVITA~1\AppData\Local\Temp\ccioMbPN.o
Fase1                                             C:\Users\INVITA~1\AppData\Local\Temp\cczJbmrs.o
Fase2                                             C:\Users\INVITA~1\AppData\Local\Temp\cczJbmrs.o
Fase3                                             C:\Users\INVITA~1\AppData\Local\Temp\cczJbmrs.o
Fase4                                             C:\Users\INVITA~1\AppData\Local\Temp\cczJbmrs.o
GetAction                                         C:\Users\INVITA~1\AppData\Local\Temp\ccgm442a.o
                                                  C:\Users\INVITA~1\AppData\Local\Temp\ccioMbPN.o
IRQ_Spurious_Routine                              C:\Users\INVITA~1\AppData\Local\Temp\cczJbmrs.o
LENX                                              C:\Users\INVITA~1\AppData\Local\Temp\ccU2Gcmt.o
                                                  C:\Users\INVITA~1\AppData\Local\Temp\ccbpYgRy.o
                                                  C:\Users\INVITA~1\AppData\Local\Temp\ccEGOKKg.o
                                                  C:\Users\INVITA~1\AppData\Local\Temp\ccioMbPN.o
LENY                                              C:\Users\INVITA~1\AppData\Local\Temp\ccU2Gcmt.o
                                                  C:\Users\INVITA~1\AppData\Local\Temp\ccbpYgRy.o
                                                  C:\Users\INVITA~1\AppData\Local\Temp\ccEGOKKg.o
                                                  C:\Users\INVITA~1\AppData\Local\Temp\ccioMbPN.o
NOTE                                              C:\Users\INVITA~1\AppData\Local\Temp\cczJbmrs.o
NT35510_Cmd                                       C:\Users\INVITA~1\AppData\Local\Temp\ccU2Gcmt.o
NT35510_Data                                      C:\Users\INVITA~1\AppData\Local\Temp\ccU2Gcmt.o
NT35510_Data_                                     C:\Users\INVITA~1\AppData\Local\Temp\ccU2Gcmt.o
                                                  C:\Users\INVITA~1\AppData\Local\Temp\ccbpYgRy.o
NT35510_ReadCMD                                   C:\Users\INVITA~1\AppData\Local\Temp\ccU2Gcmt.o
NT35510_ReadPage                                  C:\Users\INVITA~1\AppData\Local\Temp\ccU2Gcmt.o
NT35510_Reg                                       C:\Users\INVITA~1\AppData\Local\Temp\ccU2Gcmt.o
NT35510_WritePage                                 C:\Users\INVITA~1\AppData\Local\Temp\ccU2Gcmt.o
Next                                              C:\Users\INVITA~1\AppData\Local\Temp\cczJbmrs.o
PARTITURE                                         C:\Users\INVITA~1\AppData\Local\Temp\ccpU4avS.o
                                                  C:\Users\INVITA~1\AppData\Local\Temp\ccioMbPN.o
PARTITURE_Off                                     C:\Users\INVITA~1\AppData\Local\Temp\cczJbmrs.o
PARTITURE_On                                      C:\Users\INVITA~1\AppData\Local\Temp\cczJbmrs.o
                                                  C:\Users\INVITA~1\AppData\Local\Temp\ccioMbPN.o
PWM0_ISR                                          C:\Users\INVITA~1\AppData\Local\Temp\cczJbmrs.o
Part                                              C:\Users\INVITA~1\AppData\Local\Temp\cczJbmrs.o
SmallFont                                         C:\Users\INVITA~1\AppData\Local\Temp\ccg9D4UM.o
TABLA_SINUS_WAVE                                  C:\Users\INVITA~1\AppData\Local\Temp\cczJbmrs.o
TFT_DrawCircle                                    C:\Users\INVITA~1\AppData\Local\Temp\ccU2Gcmt.o
                                                  C:\Users\INVITA~1\AppData\Local\Temp\ccEGOKKg.o
TFT_DrawFillSquare                                C:\Users\INVITA~1\AppData\Local\Temp\ccU2Gcmt.o
                                                  C:\Users\INVITA~1\AppData\Local\Temp\ccEGOKKg.o
TFT_DrawFillSquareS                               C:\Users\INVITA~1\AppData\Local\Temp\ccU2Gcmt.o
                                                  C:\Users\INVITA~1\AppData\Local\Temp\ccioMbPN.o
TFT_DrawLine                                      C:\Users\INVITA~1\AppData\Local\Temp\ccU2Gcmt.o
                                                  C:\Users\INVITA~1\AppData\Local\Temp\ccEGOKKg.o
TFT_DrawSquare                                    C:\Users\INVITA~1\AppData\Local\Temp\ccU2Gcmt.o
TFT_DumpBinaryFont                                C:\Users\INVITA~1\AppData\Local\Temp\ccU2Gcmt.o
TFT_FillArea                                      C:\Users\INVITA~1\AppData\Local\Temp\ccU2Gcmt.o
TFT_FillCircle                                    C:\Users\INVITA~1\AppData\Local\Temp\ccU2Gcmt.o
TFT_HorizontalLine                                C:\Users\INVITA~1\AppData\Local\Temp\ccU2Gcmt.o
TFT_Init                                          C:\Users\INVITA~1\AppData\Local\Temp\ccU2Gcmt.o
                                                  C:\Users\INVITA~1\AppData\Local\Temp\ccioMbPN.o
TFT_Off                                           C:\Users\INVITA~1\AppData\Local\Temp\ccU2Gcmt.o
TFT_On                                            C:\Users\INVITA~1\AppData\Local\Temp\ccU2Gcmt.o
TFT_PutPixel                                      C:\Users\INVITA~1\AppData\Local\Temp\ccU2Gcmt.o
TFT_PutPixelColor                                 C:\Users\INVITA~1\AppData\Local\Temp\ccU2Gcmt.o
TFT_SetArea                                       C:\Users\INVITA~1\AppData\Local\Temp\ccU2Gcmt.o
                                                  C:\Users\INVITA~1\AppData\Local\Temp\ccbpYgRy.o
TFT_SetAreaR                                      C:\Users\INVITA~1\AppData\Local\Temp\ccU2Gcmt.o
TFT_VerticalLine                                  C:\Users\INVITA~1\AppData\Local\Temp\ccU2Gcmt.o
TFT_print                                         C:\Users\INVITA~1\AppData\Local\Temp\ccU2Gcmt.o
TFT_print_centered_x                              C:\Users\INVITA~1\AppData\Local\Temp\ccU2Gcmt.o
                                                  C:\Users\INVITA~1\AppData\Local\Temp\ccEGOKKg.o
TFT_print_centered_x_xNyN                         C:\Users\INVITA~1\AppData\Local\Temp\ccU2Gcmt.o
TFT_print_xNyN                                    C:\Users\INVITA~1\AppData\Local\Temp\ccU2Gcmt.o
                                                  C:\Users\INVITA~1\AppData\Local\Temp\ccioMbPN.o
TFT_putch                                         C:\Users\INVITA~1\AppData\Local\Temp\ccU2Gcmt.o
TFT_putch_xNyN                                    C:\Users\INVITA~1\AppData\Local\Temp\ccU2Gcmt.o
TFT_putchar                                       C:\Users\INVITA~1\AppData\Local\Temp\ccU2Gcmt.o
TFT_putchar_xNyN                                  C:\Users\INVITA~1\AppData\Local\Temp\ccU2Gcmt.o
TIMER0_ISR                                        C:\Users\INVITA~1\AppData\Local\Temp\cczJbmrs.o
TIMER1_ISR                                        C:\Users\INVITA~1\AppData\Local\Temp\cckYLtrT.o
TP_Aspa                                           C:\Users\INVITA~1\AppData\Local\Temp\ccEGOKKg.o
TP_Calibrate                                      C:\Users\INVITA~1\AppData\Local\Temp\ccEGOKKg.o
TP_EnviaRecibe                                    C:\Users\INVITA~1\AppData\Local\Temp\ccEGOKKg.o
TP_Get_XY                                         C:\Users\INVITA~1\AppData\Local\Temp\ccEGOKKg.o
TP_Get_XY_Cal                                     C:\Users\INVITA~1\AppData\Local\Temp\ccEGOKKg.o
TP_Init                                           C:\Users\INVITA~1\AppData\Local\Temp\ccEGOKKg.o
                                                  C:\Users\INVITA~1\AppData\Local\Temp\ccioMbPN.o
VibratorON                                        C:\Users\INVITA~1\AppData\Local\Temp\cckYLtrT.o
                                                  C:\Users\INVITA~1\AppData\Local\Temp\ccioMbPN.o
XPM_Extract                                       C:\Users\INVITA~1\AppData\Local\Temp\ccbpYgRy.o
                                                  C:\Users\INVITA~1\AppData\Local\Temp\ccioMbPN.o
XPM_PintaAll                                      C:\Users\INVITA~1\AppData\Local\Temp\ccbpYgRy.o
XPM_PintaAt                                       C:\Users\INVITA~1\AppData\Local\Temp\ccbpYgRy.o
XPM_PintaAtxNyN                                   C:\Users\INVITA~1\AppData\Local\Temp\ccbpYgRy.o
                                                  C:\Users\INVITA~1\AppData\Local\Temp\ccioMbPN.o
XPM_SetxNyN                                       C:\Users\INVITA~1\AppData\Local\Temp\ccbpYgRy.o
                                                  C:\Users\INVITA~1\AppData\Local\Temp\ccioMbPN.o
X_SINPULSAR                                       C:\Users\INVITA~1\AppData\Local\Temp\ccEGOKKg.o
_Halt                                             C:\Users\INVITA~1\AppData\Local\Temp\ccg11LEP.o
_U0getch                                          C:\Users\INVITA~1\AppData\Local\Temp\ccg11LEP.o
_U0putch                                          C:\Users\INVITA~1\AppData\Local\Temp\ccg11LEP.o
__aeabi_idiv                                      c:/program files (x86)/yagarto/bin/../lib/gcc/arm-none-eabi/4.6.2\libgcc.a(_divsi3.o)
                                                  C:\Users\INVITA~1\AppData\Local\Temp\ccbpYgRy.o
                                                  C:\Users\INVITA~1\AppData\Local\Temp\ccG8szXg.o
__aeabi_idiv0                                     c:/program files (x86)/yagarto/bin/../lib/gcc/arm-none-eabi/4.6.2\libgcc.a(_dvmd_tls.o)
                                                  c:/program files (x86)/yagarto/bin/../lib/gcc/arm-none-eabi/4.6.2\libgcc.a(_divsi3.o)
                                                  c:/program files (x86)/yagarto/bin/../lib/gcc/arm-none-eabi/4.6.2\libgcc.a(_udivsi3.o)
__aeabi_idivmod                                   c:/program files (x86)/yagarto/bin/../lib/gcc/arm-none-eabi/4.6.2\libgcc.a(_divsi3.o)
                                                  C:\Users\INVITA~1\AppData\Local\Temp\ccbpYgRy.o
__aeabi_ldiv0                                     c:/program files (x86)/yagarto/bin/../lib/gcc/arm-none-eabi/4.6.2\libgcc.a(_dvmd_tls.o)
__aeabi_uidiv                                     c:/program files (x86)/yagarto/bin/../lib/gcc/arm-none-eabi/4.6.2\libgcc.a(_udivsi3.o)
                                                  C:\Users\INVITA~1\AppData\Local\Temp\cczJbmrs.o
__aeabi_uidivmod                                  c:/program files (x86)/yagarto/bin/../lib/gcc/arm-none-eabi/4.6.2\libgcc.a(_udivsi3.o)
__bss_end__                                       C:\Users\INVITA~1\AppData\Local\Temp\ccg11LEP.o
__bss_start                                       C:\Users\INVITA~1\AppData\Local\Temp\ccg11LEP.o
__bss_start__                                     C:\Users\INVITA~1\AppData\Local\Temp\ccg11LEP.o
__divsi3                                          c:/program files (x86)/yagarto/bin/../lib/gcc/arm-none-eabi/4.6.2\libgcc.a(_divsi3.o)
__malloc_av_                                      c:/program files (x86)/yagarto/bin/../lib/gcc/arm-none-eabi/4.6.2/../../../../arm-none-eabi/lib\libg.a(lib_a-mallocr.o)
                                                  c:/program files (x86)/yagarto/bin/../lib/gcc/arm-none-eabi/4.6.2/../../../../arm-none-eabi/lib\libg.a(lib_a-freer.o)
__malloc_current_mallinfo                         c:/program files (x86)/yagarto/bin/../lib/gcc/arm-none-eabi/4.6.2/../../../../arm-none-eabi/lib\libg.a(lib_a-mallocr.o)
                                                  c:/program files (x86)/yagarto/bin/../lib/gcc/arm-none-eabi/4.6.2/../../../../arm-none-eabi/lib\libg.a(lib_a-freer.o)
__malloc_lock                                     c:/program files (x86)/yagarto/bin/../lib/gcc/arm-none-eabi/4.6.2/../../../../arm-none-eabi/lib\libg.a(lib_a-mlock.o)
                                                  c:/program files (x86)/yagarto/bin/../lib/gcc/arm-none-eabi/4.6.2/../../../../arm-none-eabi/lib\libg.a(lib_a-freer.o)
                                                  c:/program files (x86)/yagarto/bin/../lib/gcc/arm-none-eabi/4.6.2/../../../../arm-none-eabi/lib\libg.a(lib_a-mallocr.o)
__malloc_max_sbrked_mem                           c:/program files (x86)/yagarto/bin/../lib/gcc/arm-none-eabi/4.6.2/../../../../arm-none-eabi/lib\libg.a(lib_a-mallocr.o)
__malloc_max_total_mem                            c:/program files (x86)/yagarto/bin/../lib/gcc/arm-none-eabi/4.6.2/../../../../arm-none-eabi/lib\libg.a(lib_a-mallocr.o)
__malloc_sbrk_base                                c:/program files (x86)/yagarto/bin/../lib/gcc/arm-none-eabi/4.6.2/../../../../arm-none-eabi/lib\libg.a(lib_a-mallocr.o)
                                                  c:/program files (x86)/yagarto/bin/../lib/gcc/arm-none-eabi/4.6.2/../../../../arm-none-eabi/lib\libg.a(lib_a-freer.o)
__malloc_top_pad                                  c:/program files (x86)/yagarto/bin/../lib/gcc/arm-none-eabi/4.6.2/../../../../arm-none-eabi/lib\libg.a(lib_a-mallocr.o)
                                                  c:/program files (x86)/yagarto/bin/../lib/gcc/arm-none-eabi/4.6.2/../../../../arm-none-eabi/lib\libg.a(lib_a-freer.o)
__malloc_trim_threshold                           c:/program files (x86)/yagarto/bin/../lib/gcc/arm-none-eabi/4.6.2/../../../../arm-none-eabi/lib\libg.a(lib_a-mallocr.o)
                                                  c:/program files (x86)/yagarto/bin/../lib/gcc/arm-none-eabi/4.6.2/../../../../arm-none-eabi/lib\libg.a(lib_a-freer.o)
__malloc_unlock                                   c:/program files (x86)/yagarto/bin/../lib/gcc/arm-none-eabi/4.6.2/../../../../arm-none-eabi/lib\libg.a(lib_a-mlock.o)
                                                  c:/program files (x86)/yagarto/bin/../lib/gcc/arm-none-eabi/4.6.2/../../../../arm-none-eabi/lib\libg.a(lib_a-freer.o)
                                                  c:/program files (x86)/yagarto/bin/../lib/gcc/arm-none-eabi/4.6.2/../../../../arm-none-eabi/lib\libg.a(lib_a-mallocr.o)
__udivsi3                                         c:/program files (x86)/yagarto/bin/../lib/gcc/arm-none-eabi/4.6.2\libgcc.a(_udivsi3.o)
_atoi                                             C:\Users\INVITA~1\AppData\Local\Temp\ccbpYgRy.o
_boot                                             C:\Users\INVITA~1\AppData\Local\Temp\ccg11LEP.o
_data                                             C:\Users\INVITA~1\AppData\Local\Temp\ccg11LEP.o
_delay_loop                                       C:\Users\INVITA~1\AppData\Local\Temp\ccg11LEP.o
                                                  C:\Users\INVITA~1\AppData\Local\Temp\ccgm442a.o
                                                  C:\Users\INVITA~1\AppData\Local\Temp\ccEGOKKg.o
                                                  C:\Users\INVITA~1\AppData\Local\Temp\ccU2Gcmt.o
                                                  C:\Users\INVITA~1\AppData\Local\Temp\ccioMbPN.o
_edata                                            C:\Users\INVITA~1\AppData\Local\Temp\ccg11LEP.o
_end                                              C:\Users\INVITA~1\AppData\Local\Temp\ccioMbPN.o
_etext                                            C:\Users\INVITA~1\AppData\Local\Temp\ccg11LEP.o
_free_r                                           c:/program files (x86)/yagarto/bin/../lib/gcc/arm-none-eabi/4.6.2/../../../../arm-none-eabi/lib\libg.a(lib_a-freer.o)
                                                  c:/program files (x86)/yagarto/bin/../lib/gcc/arm-none-eabi/4.6.2/../../../../arm-none-eabi/lib\libg.a(lib_a-reent.o)
                                                  c:/program files (x86)/yagarto/bin/../lib/gcc/arm-none-eabi/4.6.2/../../../../arm-none-eabi/lib\libg.a(lib_a-mallocr.o)
                                                  c:/program files (x86)/yagarto/bin/../lib/gcc/arm-none-eabi/4.6.2/../../../../arm-none-eabi/lib\libg.a(lib_a-malloc.o)
_gets                                             C:\Users\INVITA~1\AppData\Local\Temp\ccg11LEP.o
_gettimeofday                                     C:\Users\INVITA~1\AppData\Local\Temp\ccioMbPN.o
                                                  c:/program files (x86)/yagarto/bin/../lib/gcc/arm-none-eabi/4.6.2/../../../../arm-none-eabi/lib\libg.a(lib_a-gettimeofdayr.o)
_gettimeofday_r                                   c:/program files (x86)/yagarto/bin/../lib/gcc/arm-none-eabi/4.6.2/../../../../arm-none-eabi/lib\libg.a(lib_a-gettimeofdayr.o)
                                                  c:/program files (x86)/yagarto/bin/../lib/gcc/arm-none-eabi/4.6.2/../../../../arm-none-eabi/lib\libg.a(lib_a-sysgettod.o)
_global_impure_ptr                                c:/program files (x86)/yagarto/bin/../lib/gcc/arm-none-eabi/4.6.2/../../../../arm-none-eabi/lib\libg.a(lib_a-impure.o)
_impure_ptr                                       c:/program files (x86)/yagarto/bin/../lib/gcc/arm-none-eabi/4.6.2/../../../../arm-none-eabi/lib\libg.a(lib_a-impure.o)
                                                  c:/program files (x86)/yagarto/bin/../lib/gcc/arm-none-eabi/4.6.2/../../../../arm-none-eabi/lib\libg.a(lib_a-reent.o)
                                                  c:/program files (x86)/yagarto/bin/../lib/gcc/arm-none-eabi/4.6.2/../../../../arm-none-eabi/lib\libg.a(lib_a-sysgettod.o)
                                                  c:/program files (x86)/yagarto/bin/../lib/gcc/arm-none-eabi/4.6.2/../../../../arm-none-eabi/lib\libg.a(lib_a-rand.o)
                                                  c:/program files (x86)/yagarto/bin/../lib/gcc/arm-none-eabi/4.6.2/../../../../arm-none-eabi/lib\libg.a(lib_a-malloc.o)
_mainCRTStartup                                   C:\Users\INVITA~1\AppData\Local\Temp\ccg11LEP.o
_malloc_r                                         c:/program files (x86)/yagarto/bin/../lib/gcc/arm-none-eabi/4.6.2/../../../../arm-none-eabi/lib\libg.a(lib_a-mallocr.o)
                                                  c:/program files (x86)/yagarto/bin/../lib/gcc/arm-none-eabi/4.6.2/../../../../arm-none-eabi/lib\libg.a(lib_a-malloc.o)
_malloc_trim_r                                    c:/program files (x86)/yagarto/bin/../lib/gcc/arm-none-eabi/4.6.2/../../../../arm-none-eabi/lib\libg.a(lib_a-freer.o)
_printf                                           C:\Users\INVITA~1\AppData\Local\Temp\ccg11LEP.o
                                                  C:\Users\INVITA~1\AppData\Local\Temp\cczJbmrs.o
                                                  C:\Users\INVITA~1\AppData\Local\Temp\ccbpYgRy.o
                                                  C:\Users\INVITA~1\AppData\Local\Temp\ccEGOKKg.o
                                                  C:\Users\INVITA~1\AppData\Local\Temp\ccU2Gcmt.o
                                                  C:\Users\INVITA~1\AppData\Local\Temp\ccioMbPN.o
_prthex                                           C:\Users\INVITA~1\AppData\Local\Temp\ccg11LEP.o
_prtnum                                           C:\Users\INVITA~1\AppData\Local\Temp\ccg11LEP.o
_puts                                             C:\Users\INVITA~1\AppData\Local\Temp\ccg11LEP.o
                                                  C:\Users\INVITA~1\AppData\Local\Temp\ccEGOKKg.o
_reclaim_reent                                    c:/program files (x86)/yagarto/bin/../lib/gcc/arm-none-eabi/4.6.2/../../../../arm-none-eabi/lib\libg.a(lib_a-reent.o)
_sbrk                                             C:\Users\INVITA~1\AppData\Local\Temp\ccioMbPN.o
                                                  c:/program files (x86)/yagarto/bin/../lib/gcc/arm-none-eabi/4.6.2/../../../../arm-none-eabi/lib\libg.a(lib_a-sbrkr.o)
_sbrk_r                                           c:/program files (x86)/yagarto/bin/../lib/gcc/arm-none-eabi/4.6.2/../../../../arm-none-eabi/lib\libg.a(lib_a-sbrkr.o)
                                                  c:/program files (x86)/yagarto/bin/../lib/gcc/arm-none-eabi/4.6.2/../../../../arm-none-eabi/lib\libg.a(lib_a-freer.o)
                                                  c:/program files (x86)/yagarto/bin/../lib/gcc/arm-none-eabi/4.6.2/../../../../arm-none-eabi/lib\libg.a(lib_a-mallocr.o)
_stack                                            C:\Users\INVITA~1\AppData\Local\Temp\ccg11LEP.o
_stack_end                                        C:\Users\INVITA~1\AppData\Local\Temp\ccg11LEP.o
_start                                            C:\Users\INVITA~1\AppData\Local\Temp\ccg11LEP.o
_vgetch                                           C:\Users\INVITA~1\AppData\Local\Temp\ccg11LEP.o
_vputch                                           C:\Users\INVITA~1\AppData\Local\Temp\ccg11LEP.o
_wrapup_reent                                     c:/program files (x86)/yagarto/bin/../lib/gcc/arm-none-eabi/4.6.2/../../../../arm-none-eabi/lib\libg.a(lib_a-reent.o)
bg_xpm                                            C:\Users\INVITA~1\AppData\Local\Temp\ccL8UUyZ.o
bloques                                           C:\Users\INVITA~1\AppData\Local\Temp\ccqoAt2l.o
cleanup_glue                                      c:/program files (x86)/yagarto/bin/../lib/gcc/arm-none-eabi/4.6.2/../../../../arm-none-eabi/lib\libg.a(lib_a-reent.o)
coin_xpm                                          C:\Users\INVITA~1\AppData\Local\Temp\ccL8UUyZ.o
cont                                              C:\Users\INVITA~1\AppData\Local\Temp\cczJbmrs.o
defecto                                           C:\Users\INVITA~1\AppData\Local\Temp\cczJbmrs.o
delta_fase                                        C:\Users\INVITA~1\AppData\Local\Temp\cczJbmrs.o
effectType                                        C:\Users\INVITA~1\AppData\Local\Temp\cczJbmrs.o
errno                                             c:/program files (x86)/yagarto/bin/../lib/gcc/arm-none-eabi/4.6.2/../../../../arm-none-eabi/lib\libg.a(lib_a-reent.o)
                                                  c:/program files (x86)/yagarto/bin/../lib/gcc/arm-none-eabi/4.6.2/../../../../arm-none-eabi/lib\libg.a(lib_a-gettimeofdayr.o)
                                                  c:/program files (x86)/yagarto/bin/../lib/gcc/arm-none-eabi/4.6.2/../../../../arm-none-eabi/lib\libg.a(lib_a-sbrkr.o)
exCount                                           C:\Users\INVITA~1\AppData\Local\Temp\cczJbmrs.o
expl                                              C:\Users\INVITA~1\AppData\Local\Temp\cczJbmrs.o
fase                                              C:\Users\INVITA~1\AppData\Local\Temp\cczJbmrs.o
free                                              c:/program files (x86)/yagarto/bin/../lib/gcc/arm-none-eabi/4.6.2/../../../../arm-none-eabi/lib\libg.a(lib_a-malloc.o)
                                                  C:\Users\INVITA~1\AppData\Local\Temp\ccioMbPN.o
freq                                              C:\Users\INVITA~1\AppData\Local\Temp\cczJbmrs.o
getDisplayPoint                                   C:\Users\INVITA~1\AppData\Local\Temp\ccG8szXg.o
                                                  C:\Users\INVITA~1\AppData\Local\Temp\ccEGOKKg.o
gettimeofday                                      c:/program files (x86)/yagarto/bin/../lib/gcc/arm-none-eabi/4.6.2/../../../../arm-none-eabi/lib\libg.a(lib_a-sysgettod.o)
                                                  C:\Users\INVITA~1\AppData\Local\Temp\ccioMbPN.o
ghost_xpm                                         C:\Users\INVITA~1\AppData\Local\Temp\ccL8UUyZ.o
main                                              C:\Users\INVITA~1\AppData\Local\Temp\ccioMbPN.o
                                                  C:\Users\INVITA~1\AppData\Local\Temp\ccg11LEP.o
malloc                                            c:/program files (x86)/yagarto/bin/../lib/gcc/arm-none-eabi/4.6.2/../../../../arm-none-eabi/lib\libg.a(lib_a-malloc.o)
                                                  C:\Users\INVITA~1\AppData\Local\Temp\ccioMbPN.o
nota1                                             C:\Users\INVITA~1\AppData\Local\Temp\cczJbmrs.o
nota2                                             C:\Users\INVITA~1\AppData\Local\Temp\cczJbmrs.o
nota3                                             C:\Users\INVITA~1\AppData\Local\Temp\cczJbmrs.o
nota4                                             C:\Users\INVITA~1\AppData\Local\Temp\cczJbmrs.o
pacman                                            C:\Users\INVITA~1\AppData\Local\Temp\cckVOUyT.o
                                                  C:\Users\INVITA~1\AppData\Local\Temp\ccioMbPN.o
pacman_xpm                                        C:\Users\INVITA~1\AppData\Local\Temp\ccL8UUyZ.o
paleta                                            C:\Users\INVITA~1\AppData\Local\Temp\ccbpYgRy.o
rand                                              c:/program files (x86)/yagarto/bin/../lib/gcc/arm-none-eabi/4.6.2/../../../../arm-none-eabi/lib\libg.a(lib_a-rand.o)
                                                  C:\Users\INVITA~1\AppData\Local\Temp\ccioMbPN.o
rnd                                               C:\Users\INVITA~1\AppData\Local\Temp\cczJbmrs.o
setCalibrationMatrix                              C:\Users\INVITA~1\AppData\Local\Temp\ccG8szXg.o
                                                  C:\Users\INVITA~1\AppData\Local\Temp\ccEGOKKg.o
silence                                           C:\Users\INVITA~1\AppData\Local\Temp\cczJbmrs.o
srand                                             c:/program files (x86)/yagarto/bin/../lib/gcc/arm-none-eabi/4.6.2/../../../../arm-none-eabi/lib\libg.a(lib_a-rand.o)
                                                  C:\Users\INVITA~1\AppData\Local\Temp\ccioMbPN.o
start                                             C:\Users\INVITA~1\AppData\Local\Temp\ccg11LEP.o
start_pacmania_music                              C:\Users\INVITA~1\AppData\Local\Temp\ccioMbPN.o
strlen                                            c:/program files (x86)/yagarto/bin/../lib/gcc/arm-none-eabi/4.6.2/../../../../arm-none-eabi/lib\libg.a(lib_a-strlen.o)
                                                  C:\Users\INVITA~1\AppData\Local\Temp\ccU2Gcmt.o
teselas_x                                         C:\Users\INVITA~1\AppData\Local\Temp\ccbpYgRy.o
tft_x                                             C:\Users\INVITA~1\AppData\Local\Temp\ccU2Gcmt.o
tft_y                                             C:\Users\INVITA~1\AppData\Local\Temp\ccU2Gcmt.o
wall_xpm                                          C:\Users\INVITA~1\AppData\Local\Temp\ccL8UUyZ.o
xN                                                C:\Users\INVITA~1\AppData\Local\Temp\ccU2Gcmt.o
xpm_alto                                          C:\Users\INVITA~1\AppData\Local\Temp\ccbpYgRy.o
xpm_ancho                                         C:\Users\INVITA~1\AppData\Local\Temp\ccbpYgRy.o
xpm_cpp                                           C:\Users\INVITA~1\AppData\Local\Temp\ccbpYgRy.o
xpm_ncol                                          C:\Users\INVITA~1\AppData\Local\Temp\ccbpYgRy.o
xpm_sx                                            C:\Users\INVITA~1\AppData\Local\Temp\ccbpYgRy.o
                                                  C:\Users\INVITA~1\AppData\Local\Temp\ccioMbPN.o
xpm_sxn                                           C:\Users\INVITA~1\AppData\Local\Temp\ccbpYgRy.o
xpm_sy                                            C:\Users\INVITA~1\AppData\Local\Temp\ccbpYgRy.o
                                                  C:\Users\INVITA~1\AppData\Local\Temp\ccioMbPN.o
xpm_syn                                           C:\Users\INVITA~1\AppData\Local\Temp\ccbpYgRy.o
xpm_xmirror                                       C:\Users\INVITA~1\AppData\Local\Temp\ccbpYgRy.o
xpm_xn                                            C:\Users\INVITA~1\AppData\Local\Temp\ccbpYgRy.o
xpm_yn                                            C:\Users\INVITA~1\AppData\Local\Temp\ccbpYgRy.o
yN                                                C:\Users\INVITA~1\AppData\Local\Temp\ccU2Gcmt.o
