Archive member included because of file (symbol)

c:/program files (x86)/yagarto/bin/../lib/gcc/arm-none-eabi/4.6.2\libgcc.a(_udivsi3.o)
                              audio.o (__aeabi_uidiv)
c:/program files (x86)/yagarto/bin/../lib/gcc/arm-none-eabi/4.6.2\libgcc.a(_divsi3.o)
                              main.o (__aeabi_idiv)
c:/program files (x86)/yagarto/bin/../lib/gcc/arm-none-eabi/4.6.2\libgcc.a(_dvmd_tls.o)
                              c:/program files (x86)/yagarto/bin/../lib/gcc/arm-none-eabi/4.6.2\libgcc.a(_udivsi3.o) (__aeabi_idiv0)
c:/program files (x86)/yagarto/bin/../lib/gcc/arm-none-eabi/4.6.2/../../../../arm-none-eabi/lib\libc.a(lib_a-memset.o)
                              xpt2046.o (memset)
c:/program files (x86)/yagarto/bin/../lib/gcc/arm-none-eabi/4.6.2/../../../../arm-none-eabi/lib\libc.a(lib_a-rand.o)
                              main.o (rand)
c:/program files (x86)/yagarto/bin/../lib/gcc/arm-none-eabi/4.6.2/../../../../arm-none-eabi/lib\libc.a(lib_a-strlen.o)
                              NT35510.o (strlen)
c:/program files (x86)/yagarto/bin/../lib/gcc/arm-none-eabi/4.6.2/../../../../arm-none-eabi/lib\libc.a(lib_a-impure.o)
                              c:/program files (x86)/yagarto/bin/../lib/gcc/arm-none-eabi/4.6.2/../../../../arm-none-eabi/lib\libc.a(lib_a-rand.o) (_impure_ptr)

Allocating common symbols
Common symbol       size              file

Fase2               0x4               audio.o
Delta2              0x4               audio.o
Vol2                0x1               audio.o
tft_x               0x4               NT35510.o
LENX                0x4               NT35510.o
Fase4               0x4               audio.o
paleta              0xc0              xpm.o
Fase1               0x4               audio.o
xpm_sy              0x4               xpm.o
xpm_ncol            0x4               xpm.o
Delta1              0x4               audio.o
Delta3              0x4               audio.o
Vol3                0x1               audio.o
Delta4              0x4               audio.o
Vol4                0x1               audio.o
Fase3               0x4               audio.o
tft_y               0x4               NT35510.o
teselas_x           0x4               xpm.o
xpm_cpp             0x4               xpm.o
xpm_ancho           0x4               xpm.o
Vol1                0x1               audio.o
xpm_sx              0x4               xpm.o
LENY                0x4               NT35510.o
xpm_alto            0x4               xpm.o

Discarded input sections

 .bss           0x00000000        0x0 crt.o
 .data          0x00000000      0x154 audio.o
 .text          0x00000000        0x0 big_font.o
 .data          0x00000000        0x0 big_font.o
 .bss           0x00000000        0x0 big_font.o
 .text          0x00000000        0x0 bloques.o
 .data          0x00000000       0xb4 bloques.o
 .bss           0x00000000        0x0 bloques.o
 .rodata.str1.1
                0x00000000     0x11d0 bloques.o
 .data          0x00000000        0x0 CALIBR~1.o
 .bss           0x00000000        0x0 CALIBR~1.o
 .text          0x00000000        0x0 SMALL_~1.o
 .data          0x00000000        0x0 SMALL_~1.o
 .bss           0x00000000        0x0 SMALL_~1.o
 .rodata        0x00000000      0x479 SMALL_~1.o
 .text          0x00000000       0x6c vibrador.o
 .data          0x00000000        0x0 vibrador.o
 .bss           0x00000000        0x0 vibrador.o
 .bss           0x00000000        0x0 xpt2046.o
 .data          0x00000000        0x0 galaga.o
 .bss           0x00000000        0x0 galaga.o
 .text          0x00000000        0x0 XPMSCH~1.o
 .bss           0x00000000        0x0 XPMSCH~1.o
 .text          0x00000000        0x0 PACMAN~3.o
 .bss           0x00000000        0x0 PACMAN~3.o
 .data          0x00000000        0x0 c:/program files (x86)/yagarto/bin/../lib/gcc/arm-none-eabi/4.6.2\libgcc.a(_udivsi3.o)
 .bss           0x00000000        0x0 c:/program files (x86)/yagarto/bin/../lib/gcc/arm-none-eabi/4.6.2\libgcc.a(_udivsi3.o)
 .data          0x00000000        0x0 c:/program files (x86)/yagarto/bin/../lib/gcc/arm-none-eabi/4.6.2\libgcc.a(_divsi3.o)
 .bss           0x00000000        0x0 c:/program files (x86)/yagarto/bin/../lib/gcc/arm-none-eabi/4.6.2\libgcc.a(_divsi3.o)
 .data          0x00000000        0x0 c:/program files (x86)/yagarto/bin/../lib/gcc/arm-none-eabi/4.6.2\libgcc.a(_dvmd_tls.o)
 .bss           0x00000000        0x0 c:/program files (x86)/yagarto/bin/../lib/gcc/arm-none-eabi/4.6.2\libgcc.a(_dvmd_tls.o)
 .data          0x00000000        0x0 c:/program files (x86)/yagarto/bin/../lib/gcc/arm-none-eabi/4.6.2/../../../../arm-none-eabi/lib\libc.a(lib_a-memset.o)
 .bss           0x00000000        0x0 c:/program files (x86)/yagarto/bin/../lib/gcc/arm-none-eabi/4.6.2/../../../../arm-none-eabi/lib\libc.a(lib_a-memset.o)
 .data          0x00000000        0x0 c:/program files (x86)/yagarto/bin/../lib/gcc/arm-none-eabi/4.6.2/../../../../arm-none-eabi/lib\libc.a(lib_a-rand.o)
 .bss           0x00000000        0x0 c:/program files (x86)/yagarto/bin/../lib/gcc/arm-none-eabi/4.6.2/../../../../arm-none-eabi/lib\libc.a(lib_a-rand.o)
 .data          0x00000000        0x0 c:/program files (x86)/yagarto/bin/../lib/gcc/arm-none-eabi/4.6.2/../../../../arm-none-eabi/lib\libc.a(lib_a-strlen.o)
 .bss           0x00000000        0x0 c:/program files (x86)/yagarto/bin/../lib/gcc/arm-none-eabi/4.6.2/../../../../arm-none-eabi/lib\libc.a(lib_a-strlen.o)
 .text          0x00000000        0x0 c:/program files (x86)/yagarto/bin/../lib/gcc/arm-none-eabi/4.6.2/../../../../arm-none-eabi/lib\libc.a(lib_a-impure.o)
 .bss           0x00000000        0x0 c:/program files (x86)/yagarto/bin/../lib/gcc/arm-none-eabi/4.6.2/../../../../arm-none-eabi/lib\libc.a(lib_a-impure.o)
 .rodata        0x00000000        0x4 c:/program files (x86)/yagarto/bin/../lib/gcc/arm-none-eabi/4.6.2/../../../../arm-none-eabi/lib\libc.a(lib_a-impure.o)

Memory Configuration

Name             Origin             Length             Attributes
ROM              0x00000000         0x00020000         xr
RAM              0x40000000         0x00010000         rw
*default*        0x00000000         0xffffffff

Linker script and memory map

START GROUP
END GROUP
LOAD crt.o
LOAD main.o
LOAD audio.o
LOAD big_font.o
LOAD bloques.o
LOAD CALIBR~1.o
LOAD NT35510.o
LOAD SMALL_~1.o
LOAD vibrador.o
LOAD xpm.o
LOAD xpt2046.o
LOAD galaga.o
LOAD XPMSCH~1.o
LOAD PACMAN~3.o
START GROUP
LOAD c:/program files (x86)/yagarto/bin/../lib/gcc/arm-none-eabi/4.6.2\libgcc.a
LOAD c:/program files (x86)/yagarto/bin/../lib/gcc/arm-none-eabi/4.6.2/../../../../arm-none-eabi/lib\libc.a
END GROUP
                0x00000400                STACK_SIZE = 0x400
                0x40010000                _stack_end = 0x40010000

.text           0x00000000    0x12cdc
 //*(.text.startup)
 *(.text)
 .text          0x00000000      0x640 crt.o
                0x00000000                _boot
                0x00000230                _start
                0x00000230                _mainCRTStartup
                0x00000230                start
                0x00000348                _Halt
                0x00000360                _delay_loop
                0x0000036c                _prtnum
                0x00000410                _prthex
                0x00000458                _puts
                0x0000047c                _printf
                0x00000524                _gets
                0x000005ac                _U0putch
                0x000005c4                _U0getch
 .text          0x00000640      0x9c8 main.o
 .text          0x00001008      0x53c audio.o
                0x00001008                PWM0_ISR
                0x00001180                TIMER0_ISR
                0x00001274                IRQ_Spurious_Routine
                0x0000128c                PARTITURE_Off
                0x00001320                PARTITURE_On
                0x00001540                AUDIO_Effect
 .text          0x00001544      0x1c4 CALIBR~1.o
                0x00001544                setCalibrationMatrix
                0x00001688                getDisplayPoint
 .text          0x00001708     0x295c NT35510.o
                0x00001708                NT35510_Cmd
                0x00001734                NT35510_Data
                0x00001764                NT35510_Data_
                0x00001790                NT35510_Reg
                0x000017dc                TFT_SetArea
                0x000018b4                TFT_SetAreaR
                0x0000198c                NT35510_ReadCMD
                0x00001a1c                TFT_Init
                0x00003274                TFT_FillArea
                0x000032e4                TFT_PutPixel
                0x000033b4                TFT_PutPixelColor
                0x00003460                TFT_DrawLine
                0x00003540                TFT_HorizontalLine
                0x000035cc                TFT_VerticalLine
                0x00003640                TFT_DrawSquare
                0x000036b4                TFT_DrawCircle
                0x000037cc                TFT_FillCircle
                0x00003854                TFT_DrawFillSquare
                0x000038d0                TFT_DrawFillSquareS
                0x00003944                TFT_DumpBinaryFont
                0x00003ab0                TFT_putch
                0x00003b70                TFT_print
                0x00003bbc                TFT_print_centered_x
                0x00003c30                TFT_putchar
                0x00003c78                TFT_putch_xNyN
                0x00003d98                TFT_putchar_xNyN
                0x00003de4                TFT_print_xNyN
                0x00003e38                TFT_print_centered_x_xNyN
                0x00003ec0                TFT_Off
                0x00003f40                TFT_On
                0x00003f44                NT35510_WritePage
                0x00003fb4                NT35510_ReadPage
 .text          0x00004064      0x73c xpm.o
                0x00004064                _atoi
                0x000040a8                XPM_Extract
                0x00004240                XPM_PintaAll
                0x00004300                XPM_PintaAt
                0x00004434                XPM_SetxNyN
                0x00004494                XPM_PintaAtxNyN
 .text          0x000047a0      0x448 xpt2046.o
                0x000047a0                TP_Init
                0x000047e0                TP_EnviaRecibe
                0x00004808                TP_Get_XY
                0x000048e8                TP_Get_XY_Cal
                0x00004958                TP_Aspa
                0x000049b8                TP_Calibrate
 .text          0x00004be8       0x88 galaga.o
                0x00004be8                GetAction
 .text          0x00004c70      0x114 c:/program files (x86)/yagarto/bin/../lib/gcc/arm-none-eabi/4.6.2\libgcc.a(_udivsi3.o)
                0x00004c70                __aeabi_uidiv
                0x00004c70                __udivsi3
                0x00004d64                __aeabi_uidivmod
 .text          0x00004d84      0x148 c:/program files (x86)/yagarto/bin/../lib/gcc/arm-none-eabi/4.6.2\libgcc.a(_divsi3.o)
                0x00004d84                __divsi3
                0x00004d84                __aeabi_idiv
                0x00004eac                __aeabi_idivmod
 .text          0x00004ecc        0x4 c:/program files (x86)/yagarto/bin/../lib/gcc/arm-none-eabi/4.6.2\libgcc.a(_dvmd_tls.o)
                0x00004ecc                __aeabi_idiv0
                0x00004ecc                __aeabi_ldiv0
 .text          0x00004ed0       0xf0 c:/program files (x86)/yagarto/bin/../lib/gcc/arm-none-eabi/4.6.2/../../../../arm-none-eabi/lib\libc.a(lib_a-memset.o)
                0x00004ed0                memset
 .text          0x00004fc0       0x78 c:/program files (x86)/yagarto/bin/../lib/gcc/arm-none-eabi/4.6.2/../../../../arm-none-eabi/lib\libc.a(lib_a-rand.o)
                0x00004fc0                srand
                0x00004fdc                rand
 .text          0x00005038       0x60 c:/program files (x86)/yagarto/bin/../lib/gcc/arm-none-eabi/4.6.2/../../../../arm-none-eabi/lib\libc.a(lib_a-strlen.o)
                0x00005038                strlen
 *(.text.startup)
 .text.startup  0x00005098      0x9a0 main.o
                0x00005098                main
 *(.rodata)
 .rodata        0x00005a38      0x268 main.o
 .rodata        0x00005ca0      0x200 audio.o
                0x00005ca0                TABLA_SQUARE_WAVE
 .rodata        0x00005ea0      0xbe5 big_font.o
                0x00005ea0                BigFont
 *(.rodata*)
 .rodata.str1.1
                0x00006a85       0x54 main.o
 .rodata.str1.1
                0x00006ad9       0x9c NT35510.o
                                 0xae (size before relaxing)
 .rodata.str1.1
                0x00006b75       0x1f xpm.o
 .rodata.str1.1
                0x00006b94       0x8c xpt2046.o
                                 0x96 (size before relaxing)
 .rodata.str1.1
                0x00006c20     0xc0b6 XPMSCH~1.o
 *fill*         0x00012cd6        0x2 00
 .rodata.str1.4
                0x00012cd8        0x4 c:/program files (x86)/yagarto/bin/../lib/gcc/arm-none-eabi/4.6.2/../../../../arm-none-eabi/lib\libc.a(lib_a-impure.o)
 *(.glue_7)
 .glue_7        0x00000000        0x0 linker stubs
 *(.glue_7t)
 .glue_7t       0x00000000        0x0 linker stubs

.vfp11_veneer   0x00012cdc        0x0
 .vfp11_veneer  0x00000000        0x0 linker stubs

.v4_bx          0x00012cdc        0x0
 .v4_bx         0x00000000        0x0 linker stubs
                0x00012cdc                . = ALIGN (0x4)

.ctors          0x00012cdc        0x0
                0x00012cdc                PROVIDE (__ctors_start__, .)
 *(SORT(.ctors.*))
 *(.ctors)
                0x00012cdc                PROVIDE (__ctors_end__, .)

.dtors          0x00012cdc        0x0
                0x00012cdc                PROVIDE (__dtors_start__, .)
 *(SORT(.dtors.*))
 *(.dtors)
                0x00012cdc                PROVIDE (__dtors_end__, .)
                0x00012cdc                . = ALIGN (0x4)
                0x00012cdc                _etext = .
                0x00012cdc                PROVIDE (etext, .)

.data           0x40000000      0xa30 load address 0x00012cdc
                0x40000000                _data = .
 *(.data)
 .data          0x40000000        0x8 crt.o
                0x40000000                _vputch
                0x40000004                _vgetch
 .data          0x40000008        0x5 main.o
 *fill*         0x4000000d        0x3 00
 .data          0x40000010       0x10 NT35510.o
                0x40000010                FG_Color
                0x40000014                CF
                0x40000018                xN
                0x4000001c                yN
 .data          0x40000020       0x10 xpm.o
                0x40000020                xpm_xn
                0x40000024                xpm_yn
                0x40000028                xpm_sxn
                0x4000002c                xpm_syn
 .data          0x40000030       0x20 xpt2046.o
                0x40000030                X_SINPULSAR
                0x40000034                Cal
 .data          0x40000050      0x3a4 XPMSCH~1.o
                0x40000050                pacman
 .data          0x400003f4      0x20c PACMAN~3.o
                0x400003f4                PARTITURE
 .data          0x40000600      0x430 c:/program files (x86)/yagarto/bin/../lib/gcc/arm-none-eabi/4.6.2/../../../../arm-none-eabi/lib\libc.a(lib_a-impure.o)
                0x40000600                _impure_ptr
                0x40000a30                . = ALIGN (0x4)
                0x40000a30                _edata = .
                0x40000a30                PROVIDE (edata, .)

.bss            0x40000a30      0x444 load address 0x0001370c
                0x40000a30                __bss_start = .
                0x40000a30                __bss_start__ = .
 *(.bss)
 .bss           0x40000a30      0x30c main.o
 .bss           0x40000d3c       0x14 audio.o
                0x40000d3c                pWave
                0x40000d40                NT1
                0x40000d44                pPartitura
                0x40000d48                nPartitura
                0x40000d4c                iPP
 .bss           0x40000d50        0x2 NT35510.o
                0x40000d50                BG_Color
 *fill*         0x40000d52        0x2 00
 .bss           0x40000d54        0x4 xpm.o
                0x40000d54                xpm_xmirror
 *(COMMON)
 COMMON         0x40000d58       0x2d audio.o
                0x40000d58                Fase2
                0x40000d5c                Delta2
                0x40000d60                Vol2
                0x40000d64                Fase4
                0x40000d68                Fase1
                0x40000d6c                Delta1
                0x40000d70                Delta3
                0x40000d74                Vol3
                0x40000d78                Delta4
                0x40000d7c                Vol4
                0x40000d80                Fase3
                0x40000d84                Vol1
 *fill*         0x40000d85        0x3 00
 COMMON         0x40000d88       0x10 NT35510.o
                0x40000d88                tft_x
                0x40000d8c                LENX
                0x40000d90                tft_y
                0x40000d94                LENY
 COMMON         0x40000d98       0xdc xpm.o
                0x40000d98                paleta
                0x40000e58                xpm_sy
                0x40000e5c                xpm_ncol
                0x40000e60                teselas_x
                0x40000e64                xpm_cpp
                0x40000e68                xpm_ancho
                0x40000e6c                xpm_sx
                0x40000e70                xpm_alto
                0x40000e74                . = ALIGN (0x4)
                0x40000e74                . = ALIGN (0x4)
                0x40000e74                __bss_end__ = .
                0x40000e74                PROVIDE (__bss_end, .)

.stack          0x40000e74      0x48c load address 0x00013b50
                0x40000f00                . = ALIGN (0x100)
 *fill*         0x40000e74       0x8c 00
                0x40001300                . = (. + STACK_SIZE)
 *fill*         0x40000f00      0x400 00
                0x40001300                PROVIDE (_stack, .)
                0x40001300                _end = .
                0x40001300                PROVIDE (end, .)

.stab
 *(.stab)

.stabstr
 *(.stabstr)

.stab.excl
 *(.stab.excl)

.stab.exclstr
 *(.stab.exclstr)

.stab.index
 *(.stab.index)

.stab.indexstr
 *(.stab.indexstr)

.ARM.attributes
                0x00000000       0x2e
 .ARM.attributes
                0x00000000       0x22 crt.o
 .ARM.attributes
                0x00000022       0x32 main.o
 .ARM.attributes
                0x00000054       0x32 audio.o
 .ARM.attributes
                0x00000086       0x32 big_font.o
 .ARM.attributes
                0x000000b8       0x32 bloques.o
 .ARM.attributes
                0x000000ea       0x32 CALIBR~1.o
 .ARM.attributes
                0x0000011c       0x32 NT35510.o
 .ARM.attributes
                0x0000014e       0x32 SMALL_~1.o
 .ARM.attributes
                0x00000180       0x32 vibrador.o
 .ARM.attributes
                0x000001b2       0x32 xpm.o
 .ARM.attributes
                0x000001e4       0x32 xpt2046.o
 .ARM.attributes
                0x00000216       0x32 galaga.o
 .ARM.attributes
                0x00000248       0x32 XPMSCH~1.o
 .ARM.attributes
                0x0000027a       0x32 PACMAN~3.o
 .ARM.attributes
                0x000002ac       0x1a c:/program files (x86)/yagarto/bin/../lib/gcc/arm-none-eabi/4.6.2\libgcc.a(_udivsi3.o)
 .ARM.attributes
                0x000002c6       0x1a c:/program files (x86)/yagarto/bin/../lib/gcc/arm-none-eabi/4.6.2\libgcc.a(_divsi3.o)
 .ARM.attributes
                0x000002e0       0x18 c:/program files (x86)/yagarto/bin/../lib/gcc/arm-none-eabi/4.6.2\libgcc.a(_dvmd_tls.o)
 .ARM.attributes
                0x000002f8       0x32 c:/program files (x86)/yagarto/bin/../lib/gcc/arm-none-eabi/4.6.2/../../../../arm-none-eabi/lib\libc.a(lib_a-memset.o)
 .ARM.attributes
                0x0000032a       0x32 c:/program files (x86)/yagarto/bin/../lib/gcc/arm-none-eabi/4.6.2/../../../../arm-none-eabi/lib\libc.a(lib_a-rand.o)
 .ARM.attributes
                0x0000035c       0x32 c:/program files (x86)/yagarto/bin/../lib/gcc/arm-none-eabi/4.6.2/../../../../arm-none-eabi/lib\libc.a(lib_a-strlen.o)
 .ARM.attributes
                0x0000038e       0x32 c:/program files (x86)/yagarto/bin/../lib/gcc/arm-none-eabi/4.6.2/../../../../arm-none-eabi/lib\libc.a(lib_a-impure.o)

.comment        0x00000000       0x11
 *(.comment)
 .comment       0x00000000       0x11 main.o
                                 0x12 (size before relaxing)
 .comment       0x00000000       0x12 audio.o
 .comment       0x00000000       0x12 big_font.o
 .comment       0x00000000       0x12 bloques.o
 .comment       0x00000000       0x12 CALIBR~1.o
 .comment       0x00000000       0x12 NT35510.o
 .comment       0x00000000       0x12 SMALL_~1.o
 .comment       0x00000000       0x12 vibrador.o
 .comment       0x00000000       0x12 xpm.o
 .comment       0x00000000       0x12 xpt2046.o
 .comment       0x00000000       0x12 galaga.o
 .comment       0x00000000       0x12 XPMSCH~1.o
 .comment       0x00000000       0x12 PACMAN~3.o
 .comment       0x00000000       0x12 c:/program files (x86)/yagarto/bin/../lib/gcc/arm-none-eabi/4.6.2/../../../../arm-none-eabi/lib\libc.a(lib_a-memset.o)
 .comment       0x00000000       0x12 c:/program files (x86)/yagarto/bin/../lib/gcc/arm-none-eabi/4.6.2/../../../../arm-none-eabi/lib\libc.a(lib_a-rand.o)
 .comment       0x00000000       0x12 c:/program files (x86)/yagarto/bin/../lib/gcc/arm-none-eabi/4.6.2/../../../../arm-none-eabi/lib\libc.a(lib_a-strlen.o)
 .comment       0x00000000       0x12 c:/program files (x86)/yagarto/bin/../lib/gcc/arm-none-eabi/4.6.2/../../../../arm-none-eabi/lib\libc.a(lib_a-impure.o)

.debug
 *(.debug)

.line
 *(.line)

.debug_srcinfo
 *(.debug_srcinfo)

.debug_sfnames
 *(.debug_sfnames)

.debug_aranges  0x00000000      0x1e8
 *(.debug_aranges)
 .debug_aranges
                0x00000000       0x20 crt.o
 .debug_aranges
                0x00000020       0x28 main.o
 .debug_aranges
                0x00000048       0x20 audio.o
 .debug_aranges
                0x00000068       0x20 CALIBR~1.o
 .debug_aranges
                0x00000088       0x20 NT35510.o
 .debug_aranges
                0x000000a8       0x20 vibrador.o
 .debug_aranges
                0x000000c8       0x20 xpm.o
 .debug_aranges
                0x000000e8       0x20 xpt2046.o
 .debug_aranges
                0x00000108       0x20 galaga.o
 .debug_aranges
                0x00000128       0x20 c:/program files (x86)/yagarto/bin/../lib/gcc/arm-none-eabi/4.6.2\libgcc.a(_udivsi3.o)
 .debug_aranges
                0x00000148       0x20 c:/program files (x86)/yagarto/bin/../lib/gcc/arm-none-eabi/4.6.2\libgcc.a(_divsi3.o)
 .debug_aranges
                0x00000168       0x20 c:/program files (x86)/yagarto/bin/../lib/gcc/arm-none-eabi/4.6.2\libgcc.a(_dvmd_tls.o)
 .debug_aranges
                0x00000188       0x20 c:/program files (x86)/yagarto/bin/../lib/gcc/arm-none-eabi/4.6.2/../../../../arm-none-eabi/lib\libc.a(lib_a-memset.o)
 .debug_aranges
                0x000001a8       0x20 c:/program files (x86)/yagarto/bin/../lib/gcc/arm-none-eabi/4.6.2/../../../../arm-none-eabi/lib\libc.a(lib_a-rand.o)
 .debug_aranges
                0x000001c8       0x20 c:/program files (x86)/yagarto/bin/../lib/gcc/arm-none-eabi/4.6.2/../../../../arm-none-eabi/lib\libc.a(lib_a-strlen.o)

.debug_pubnames
 *(.debug_pubnames)

.debug_info     0x00000000     0x4860
 *(.debug_info .gnu.linkonce.wi.*)
 .debug_info    0x00000000       0xb6 crt.o
 .debug_info    0x000000b6      0xe70 main.o
 .debug_info    0x00000f26      0x509 audio.o
 .debug_info    0x0000142f       0x5c big_font.o
 .debug_info    0x0000148b       0x5c bloques.o
 .debug_info    0x000014e7      0x1e4 CALIBR~1.o
 .debug_info    0x000016cb      0xe0d NT35510.o
 .debug_info    0x000024d8       0x5c SMALL_~1.o
 .debug_info    0x00002534       0xc0 vibrador.o
 .debug_info    0x000025f4      0x56e xpm.o
 .debug_info    0x00002b62      0x37a xpt2046.o
 .debug_info    0x00002edc       0xb6 galaga.o
 .debug_info    0x00002f92       0x5c XPMSCH~1.o
 .debug_info    0x00002fee      0x1f8 PACMAN~3.o
 .debug_info    0x000031e6       0x98 c:/program files (x86)/yagarto/bin/../lib/gcc/arm-none-eabi/4.6.2\libgcc.a(_udivsi3.o)
 .debug_info    0x0000327e       0x98 c:/program files (x86)/yagarto/bin/../lib/gcc/arm-none-eabi/4.6.2\libgcc.a(_divsi3.o)
 .debug_info    0x00003316       0x98 c:/program files (x86)/yagarto/bin/../lib/gcc/arm-none-eabi/4.6.2\libgcc.a(_dvmd_tls.o)
 .debug_info    0x000033ae      0x116 c:/program files (x86)/yagarto/bin/../lib/gcc/arm-none-eabi/4.6.2/../../../../arm-none-eabi/lib\libc.a(lib_a-memset.o)
 .debug_info    0x000034c4      0x985 c:/program files (x86)/yagarto/bin/../lib/gcc/arm-none-eabi/4.6.2/../../../../arm-none-eabi/lib\libc.a(lib_a-rand.o)
 .debug_info    0x00003e49       0xb1 c:/program files (x86)/yagarto/bin/../lib/gcc/arm-none-eabi/4.6.2/../../../../arm-none-eabi/lib\libc.a(lib_a-strlen.o)
 .debug_info    0x00003efa      0x966 c:/program files (x86)/yagarto/bin/../lib/gcc/arm-none-eabi/4.6.2/../../../../arm-none-eabi/lib\libc.a(lib_a-impure.o)

.debug_abbrev   0x00000000     0x119e
 *(.debug_abbrev)
 .debug_abbrev  0x00000000       0x14 crt.o
 .debug_abbrev  0x00000014      0x345 main.o
 .debug_abbrev  0x00000359      0x1ca audio.o
 .debug_abbrev  0x00000523       0x49 big_font.o
 .debug_abbrev  0x0000056c       0x4b bloques.o
 .debug_abbrev  0x000005b7       0xe8 CALIBR~1.o
 .debug_abbrev  0x0000069f      0x2c2 NT35510.o
 .debug_abbrev  0x00000961       0x49 SMALL_~1.o
 .debug_abbrev  0x000009aa       0x70 vibrador.o
 .debug_abbrev  0x00000a1a       0xd3 xpm.o
 .debug_abbrev  0x00000aed      0x18e xpt2046.o
 .debug_abbrev  0x00000c7b       0x4e galaga.o
 .debug_abbrev  0x00000cc9       0x4b XPMSCH~1.o
 .debug_abbrev  0x00000d14       0x5a PACMAN~3.o
 .debug_abbrev  0x00000d6e       0x14 c:/program files (x86)/yagarto/bin/../lib/gcc/arm-none-eabi/4.6.2\libgcc.a(_udivsi3.o)
 .debug_abbrev  0x00000d82       0x14 c:/program files (x86)/yagarto/bin/../lib/gcc/arm-none-eabi/4.6.2\libgcc.a(_divsi3.o)
 .debug_abbrev  0x00000d96       0x14 c:/program files (x86)/yagarto/bin/../lib/gcc/arm-none-eabi/4.6.2\libgcc.a(_dvmd_tls.o)
 .debug_abbrev  0x00000daa       0x8d c:/program files (x86)/yagarto/bin/../lib/gcc/arm-none-eabi/4.6.2/../../../../arm-none-eabi/lib\libc.a(lib_a-memset.o)
 .debug_abbrev  0x00000e37      0x194 c:/program files (x86)/yagarto/bin/../lib/gcc/arm-none-eabi/4.6.2/../../../../arm-none-eabi/lib\libc.a(lib_a-rand.o)
 .debug_abbrev  0x00000fcb       0x6d c:/program files (x86)/yagarto/bin/../lib/gcc/arm-none-eabi/4.6.2/../../../../arm-none-eabi/lib\libc.a(lib_a-strlen.o)
 .debug_abbrev  0x00001038      0x166 c:/program files (x86)/yagarto/bin/../lib/gcc/arm-none-eabi/4.6.2/../../../../arm-none-eabi/lib\libc.a(lib_a-impure.o)

.debug_line     0x00000000     0x173a
 *(.debug_line)
 .debug_line    0x00000000      0x18b crt.o
 .debug_line    0x0000018b      0x41e main.o
 .debug_line    0x000005a9       0xf3 audio.o
 .debug_line    0x0000069c       0x2e big_font.o
 .debug_line    0x000006ca       0x2d bloques.o
 .debug_line    0x000006f7       0xa2 CALIBR~1.o
 .debug_line    0x00000799      0x4df NT35510.o
 .debug_line    0x00000c78       0x30 SMALL_~1.o
 .debug_line    0x00000ca8       0x47 vibrador.o
 .debug_line    0x00000cef      0x1fd xpm.o
 .debug_line    0x00000eec       0xf3 xpt2046.o
 .debug_line    0x00000fdf       0x4b galaga.o
 .debug_line    0x0000102a       0x30 XPMSCH~1.o
 .debug_line    0x0000105a       0x36 PACMAN~3.o
 .debug_line    0x00001090       0x93 c:/program files (x86)/yagarto/bin/../lib/gcc/arm-none-eabi/4.6.2\libgcc.a(_udivsi3.o)
 .debug_line    0x00001123       0x9f c:/program files (x86)/yagarto/bin/../lib/gcc/arm-none-eabi/4.6.2\libgcc.a(_divsi3.o)
 .debug_line    0x000011c2       0x6a c:/program files (x86)/yagarto/bin/../lib/gcc/arm-none-eabi/4.6.2\libgcc.a(_dvmd_tls.o)
 .debug_line    0x0000122c      0x180 c:/program files (x86)/yagarto/bin/../lib/gcc/arm-none-eabi/4.6.2/../../../../arm-none-eabi/lib\libc.a(lib_a-memset.o)
 .debug_line    0x000013ac      0x16d c:/program files (x86)/yagarto/bin/../lib/gcc/arm-none-eabi/4.6.2/../../../../arm-none-eabi/lib\libc.a(lib_a-rand.o)
 .debug_line    0x00001519      0x111 c:/program files (x86)/yagarto/bin/../lib/gcc/arm-none-eabi/4.6.2/../../../../arm-none-eabi/lib\libc.a(lib_a-strlen.o)
 .debug_line    0x0000162a      0x110 c:/program files (x86)/yagarto/bin/../lib/gcc/arm-none-eabi/4.6.2/../../../../arm-none-eabi/lib\libc.a(lib_a-impure.o)

.debug_frame    0x00000000      0x898
 *(.debug_frame)
 .debug_frame   0x00000000      0x11c main.o
 .debug_frame   0x0000011c       0xb0 audio.o
 .debug_frame   0x000001cc       0x5c CALIBR~1.o
 .debug_frame   0x00000228      0x3d0 NT35510.o
 .debug_frame   0x000005f8       0x38 vibrador.o
 .debug_frame   0x00000630       0xcc xpm.o
 .debug_frame   0x000006fc       0xb4 xpt2046.o
 .debug_frame   0x000007b0       0x28 galaga.o
 .debug_frame   0x000007d8       0x20 c:/program files (x86)/yagarto/bin/../lib/gcc/arm-none-eabi/4.6.2\libgcc.a(_udivsi3.o)
 .debug_frame   0x000007f8       0x20 c:/program files (x86)/yagarto/bin/../lib/gcc/arm-none-eabi/4.6.2\libgcc.a(_divsi3.o)
 .debug_frame   0x00000818       0x28 c:/program files (x86)/yagarto/bin/../lib/gcc/arm-none-eabi/4.6.2/../../../../arm-none-eabi/lib\libc.a(lib_a-memset.o)
 .debug_frame   0x00000840       0x38 c:/program files (x86)/yagarto/bin/../lib/gcc/arm-none-eabi/4.6.2/../../../../arm-none-eabi/lib\libc.a(lib_a-rand.o)
 .debug_frame   0x00000878       0x20 c:/program files (x86)/yagarto/bin/../lib/gcc/arm-none-eabi/4.6.2/../../../../arm-none-eabi/lib\libc.a(lib_a-strlen.o)

.debug_str      0x00000000     0x10ef
 *(.debug_str)
 .debug_str     0x00000000      0x411 main.o
                                0x456 (size before relaxing)
 .debug_str     0x00000411      0x154 audio.o
                                0x24e (size before relaxing)
 .debug_str     0x00000565       0x95 big_font.o
                                 0xc4 (size before relaxing)
 .debug_str     0x000005fa       0x15 bloques.o
                                 0xba (size before relaxing)
 .debug_str     0x0000060f       0x71 CALIBR~1.o
                                0x1a7 (size before relaxing)
 .debug_str     0x00000680      0x232 NT35510.o
                                0x3bc (size before relaxing)
 .debug_str     0x000008b2       0x1a SMALL_~1.o
                                 0xc8 (size before relaxing)
 .debug_str     0x000008cc       0x24 vibrador.o
                                0x14d (size before relaxing)
 .debug_str     0x000008f0       0xce xpm.o
                                0x20f (size before relaxing)
 .debug_str     0x000009be       0x6b xpt2046.o
                                0x1d8 (size before relaxing)
 .debug_str     0x00000a29       0x16 galaga.o
                                0x13f (size before relaxing)
 .debug_str     0x00000a3f       0xa7 XPMSCH~1.o
                                 0xcc (size before relaxing)
 .debug_str     0x00000ae6       0x1c PACMAN~3.o
                                 0xa5 (size before relaxing)
 .debug_str     0x00000b02       0xa2 c:/program files (x86)/yagarto/bin/../lib/gcc/arm-none-eabi/4.6.2/../../../../arm-none-eabi/lib\libc.a(lib_a-memset.o)
                                0x137 (size before relaxing)
 .debug_str     0x00000ba4      0x41a c:/program files (x86)/yagarto/bin/../lib/gcc/arm-none-eabi/4.6.2/../../../../arm-none-eabi/lib\libc.a(lib_a-rand.o)
                                0x4de (size before relaxing)
 .debug_str     0x00000fbe       0x94 c:/program files (x86)/yagarto/bin/../lib/gcc/arm-none-eabi/4.6.2/../../../../arm-none-eabi/lib\libc.a(lib_a-strlen.o)
                                0x130 (size before relaxing)
 .debug_str     0x00001052       0x9d c:/program files (x86)/yagarto/bin/../lib/gcc/arm-none-eabi/4.6.2/../../../../arm-none-eabi/lib\libc.a(lib_a-impure.o)
                                0x4ed (size before relaxing)

.debug_loc      0x00000000     0x2f4a
 *(.debug_loc)
 .debug_loc     0x00000000      0xe88 main.o
 .debug_loc     0x00000e88      0x1eb audio.o
 .debug_loc     0x00001073       0xfe CALIBR~1.o
 .debug_loc     0x00001171     0x118a NT35510.o
 .debug_loc     0x000022fb       0x20 vibrador.o
 .debug_loc     0x0000231b      0x7cd xpm.o
 .debug_loc     0x00002ae8      0x1f8 xpt2046.o
 .debug_loc     0x00002ce0       0x52 galaga.o
 .debug_loc     0x00002d32      0x1e5 c:/program files (x86)/yagarto/bin/../lib/gcc/arm-none-eabi/4.6.2/../../../../arm-none-eabi/lib\libc.a(lib_a-memset.o)
 .debug_loc     0x00002f17       0x20 c:/program files (x86)/yagarto/bin/../lib/gcc/arm-none-eabi/4.6.2/../../../../arm-none-eabi/lib\libc.a(lib_a-rand.o)
 .debug_loc     0x00002f37       0x13 c:/program files (x86)/yagarto/bin/../lib/gcc/arm-none-eabi/4.6.2/../../../../arm-none-eabi/lib\libc.a(lib_a-strlen.o)

.debug_macinfo
 *(.debug_macinfo)

.debug_weaknames
 *(.debug_weaknames)

.debug_funcnames
 *(.debug_funcnames)

.debug_typenames
 *(.debug_typenames)

.debug_varnames
 *(.debug_varnames)
OUTPUT(Release.elf elf32-littlearm)

.debug_ranges   0x00000000      0x1c0
 .debug_ranges  0x00000000      0x190 main.o
 .debug_ranges  0x00000190       0x30 NT35510.o

Cross Reference Table

Symbol                                            File
AUDIO_Effect                                      audio.o
BG_Color                                          NT35510.o
                                                  xpt2046.o
                                                  main.o
BigFont                                           big_font.o
                                                  NT35510.o
                                                  main.o
CF                                                NT35510.o
                                                  main.o
Cal                                               xpt2046.o
Delta1                                            audio.o
Delta2                                            audio.o
Delta3                                            audio.o
Delta4                                            audio.o
FG_Color                                          NT35510.o
                                                  xpt2046.o
                                                  main.o
Fase1                                             audio.o
Fase2                                             audio.o
Fase3                                             audio.o
Fase4                                             audio.o
GetAction                                         galaga.o
                                                  main.o
IRQ_Spurious_Routine                              audio.o
LENX                                              xpt2046.o
                                                  xpm.o
                                                  NT35510.o
                                                  main.o
LENY                                              xpt2046.o
                                                  xpm.o
                                                  NT35510.o
                                                  main.o
NOTE                                              audio.o
NT1                                               audio.o
NT35510_Cmd                                       NT35510.o
NT35510_Data                                      NT35510.o
NT35510_Data_                                     NT35510.o
                                                  xpm.o
NT35510_ReadCMD                                   NT35510.o
NT35510_ReadPage                                  NT35510.o
NT35510_Reg                                       NT35510.o
NT35510_WritePage                                 NT35510.o
PARTITURE                                         PACMAN~3.o
                                                  main.o
PARTITURE_Off                                     audio.o
PARTITURE_On                                      audio.o
                                                  main.o
PWM0_ISR                                          audio.o
SmallFont                                         SMALL_~1.o
TABLA_SQUARE_WAVE                                 audio.o
TFT_DrawCircle                                    NT35510.o
                                                  xpt2046.o
TFT_DrawFillSquare                                NT35510.o
                                                  xpt2046.o
TFT_DrawFillSquareS                               NT35510.o
                                                  main.o
TFT_DrawLine                                      NT35510.o
                                                  xpt2046.o
TFT_DrawSquare                                    NT35510.o
TFT_DumpBinaryFont                                NT35510.o
TFT_FillArea                                      NT35510.o
TFT_FillCircle                                    NT35510.o
TFT_HorizontalLine                                NT35510.o
TFT_Init                                          NT35510.o
                                                  main.o
TFT_Off                                           NT35510.o
TFT_On                                            NT35510.o
TFT_PutPixel                                      NT35510.o
TFT_PutPixelColor                                 NT35510.o
TFT_SetArea                                       NT35510.o
                                                  xpm.o
TFT_SetAreaR                                      NT35510.o
TFT_VerticalLine                                  NT35510.o
TFT_print                                         NT35510.o
TFT_print_centered_x                              NT35510.o
                                                  xpt2046.o
TFT_print_centered_x_xNyN                         NT35510.o
TFT_print_xNyN                                    NT35510.o
                                                  main.o
TFT_putch                                         NT35510.o
TFT_putch_xNyN                                    NT35510.o
TFT_putchar                                       NT35510.o
TFT_putchar_xNyN                                  NT35510.o
TIMER0_ISR                                        audio.o
TIMER1_ISR                                        vibrador.o
TP_Aspa                                           xpt2046.o
TP_Calibrate                                      xpt2046.o
TP_EnviaRecibe                                    xpt2046.o
TP_Get_XY                                         xpt2046.o
TP_Get_XY_Cal                                     xpt2046.o
TP_Init                                           xpt2046.o
                                                  main.o
VibratorON                                        vibrador.o
Vol1                                              audio.o
Vol2                                              audio.o
Vol3                                              audio.o
Vol4                                              audio.o
XPM_Extract                                       xpm.o
                                                  main.o
XPM_PintaAll                                      xpm.o
XPM_PintaAt                                       xpm.o
XPM_PintaAtxNyN                                   xpm.o
                                                  main.o
XPM_SetxNyN                                       xpm.o
                                                  main.o
X_SINPULSAR                                       xpt2046.o
_Halt                                             crt.o
_U0getch                                          crt.o
_U0putch                                          crt.o
__aeabi_idiv                                      c:/program files (x86)/yagarto/bin/../lib/gcc/arm-none-eabi/4.6.2\libgcc.a(_divsi3.o)
                                                  xpt2046.o
                                                  xpm.o
                                                  CALIBR~1.o
                                                  main.o
__aeabi_idiv0                                     c:/program files (x86)/yagarto/bin/../lib/gcc/arm-none-eabi/4.6.2\libgcc.a(_dvmd_tls.o)
                                                  c:/program files (x86)/yagarto/bin/../lib/gcc/arm-none-eabi/4.6.2\libgcc.a(_divsi3.o)
                                                  c:/program files (x86)/yagarto/bin/../lib/gcc/arm-none-eabi/4.6.2\libgcc.a(_udivsi3.o)
__aeabi_idivmod                                   c:/program files (x86)/yagarto/bin/../lib/gcc/arm-none-eabi/4.6.2\libgcc.a(_divsi3.o)
                                                  xpm.o
                                                  main.o
__aeabi_ldiv0                                     c:/program files (x86)/yagarto/bin/../lib/gcc/arm-none-eabi/4.6.2\libgcc.a(_dvmd_tls.o)
__aeabi_uidiv                                     c:/program files (x86)/yagarto/bin/../lib/gcc/arm-none-eabi/4.6.2\libgcc.a(_udivsi3.o)
                                                  audio.o
__aeabi_uidivmod                                  c:/program files (x86)/yagarto/bin/../lib/gcc/arm-none-eabi/4.6.2\libgcc.a(_udivsi3.o)
__bss_end__                                       crt.o
__bss_start                                       crt.o
__bss_start__                                     crt.o
__divsi3                                          c:/program files (x86)/yagarto/bin/../lib/gcc/arm-none-eabi/4.6.2\libgcc.a(_divsi3.o)
__udivsi3                                         c:/program files (x86)/yagarto/bin/../lib/gcc/arm-none-eabi/4.6.2\libgcc.a(_udivsi3.o)
_atoi                                             xpm.o
_boot                                             crt.o
_data                                             crt.o
_delay_loop                                       crt.o
                                                  galaga.o
                                                  xpt2046.o
                                                  NT35510.o
                                                  main.o
_edata                                            crt.o
_etext                                            crt.o
_gets                                             crt.o
_global_impure_ptr                                c:/program files (x86)/yagarto/bin/../lib/gcc/arm-none-eabi/4.6.2/../../../../arm-none-eabi/lib\libc.a(lib_a-impure.o)
_impure_ptr                                       c:/program files (x86)/yagarto/bin/../lib/gcc/arm-none-eabi/4.6.2/../../../../arm-none-eabi/lib\libc.a(lib_a-impure.o)
                                                  c:/program files (x86)/yagarto/bin/../lib/gcc/arm-none-eabi/4.6.2/../../../../arm-none-eabi/lib\libc.a(lib_a-rand.o)
_mainCRTStartup                                   crt.o
_printf                                           crt.o
                                                  xpt2046.o
                                                  xpm.o
                                                  NT35510.o
                                                  main.o
_prthex                                           crt.o
_prtnum                                           crt.o
_puts                                             crt.o
                                                  xpt2046.o
_stack                                            crt.o
_stack_end                                        crt.o
_start                                            crt.o
_vgetch                                           crt.o
_vputch                                           crt.o
bloques                                           bloques.o
getDisplayPoint                                   CALIBR~1.o
                                                  xpt2046.o
iPP                                               audio.o
main                                              main.o
                                                  crt.o
memset                                            c:/program files (x86)/yagarto/bin/../lib/gcc/arm-none-eabi/4.6.2/../../../../arm-none-eabi/lib\libc.a(lib_a-memset.o)
                                                  xpt2046.o
nPartitura                                        audio.o
pPartitura                                        audio.o
pWave                                             audio.o
pacman                                            XPMSCH~1.o
                                                  main.o
paleta                                            xpm.o
rand                                              c:/program files (x86)/yagarto/bin/../lib/gcc/arm-none-eabi/4.6.2/../../../../arm-none-eabi/lib\libc.a(lib_a-rand.o)
                                                  main.o
setCalibrationMatrix                              CALIBR~1.o
                                                  xpt2046.o
srand                                             c:/program files (x86)/yagarto/bin/../lib/gcc/arm-none-eabi/4.6.2/../../../../arm-none-eabi/lib\libc.a(lib_a-rand.o)
start                                             crt.o
strlen                                            c:/program files (x86)/yagarto/bin/../lib/gcc/arm-none-eabi/4.6.2/../../../../arm-none-eabi/lib\libc.a(lib_a-strlen.o)
                                                  NT35510.o
teselas_x                                         xpm.o
tft_x                                             NT35510.o
tft_y                                             NT35510.o
xN                                                NT35510.o
xpm_alto                                          xpm.o
xpm_ancho                                         xpm.o
xpm_cpp                                           xpm.o
xpm_ncol                                          xpm.o
xpm_sx                                            xpm.o
                                                  main.o
xpm_sxn                                           xpm.o
xpm_sy                                            xpm.o
                                                  main.o
xpm_syn                                           xpm.o
xpm_xmirror                                       xpm.o
xpm_xn                                            xpm.o
xpm_yn                                            xpm.o
yN                                                NT35510.o
