Archive member included because of file (symbol)

c:/program files (x86)/yagarto/bin/../lib/gcc/arm-none-eabi/4.6.2\libgcc.a(_udivsi3.o)
                              audio.o (__aeabi_uidiv)
c:/program files (x86)/yagarto/bin/../lib/gcc/arm-none-eabi/4.6.2\libgcc.a(_divsi3.o)
                              CALIBR~1.o (__aeabi_idiv)
c:/program files (x86)/yagarto/bin/../lib/gcc/arm-none-eabi/4.6.2\libgcc.a(_dvmd_tls.o)
                              c:/program files (x86)/yagarto/bin/../lib/gcc/arm-none-eabi/4.6.2\libgcc.a(_udivsi3.o) (__aeabi_idiv0)
c:/program files (x86)/yagarto/bin/../lib/gcc/arm-none-eabi/4.6.2/../../../../arm-none-eabi/lib\libc.a(lib_a-memset.o)
                              xpt2046.o (memset)
c:/program files (x86)/yagarto/bin/../lib/gcc/arm-none-eabi/4.6.2/../../../../arm-none-eabi/lib\libc.a(lib_a-strlen.o)
                              NT35510.o (strlen)

Allocating common symbols
Common symbol       size              file

tft_x               0x4               NT35510.o
LENX                0x4               NT35510.o
paleta              0xc0              xpm.o
xpm_sy              0x4               xpm.o
xpm_ncol            0x4               xpm.o
tft_y               0x4               NT35510.o
teselas_x           0x4               xpm.o
xpm_cpp             0x4               xpm.o
xpm_ancho           0x4               xpm.o
xpm_sx              0x4               xpm.o
LENY                0x4               NT35510.o
xpm_alto            0x4               xpm.o

Discarded input sections

 .bss           0x00000000        0x0 crt.o
 .bss           0x00000000        0x0 main.o
 .text          0x00000000      0x1fc audio.o
 .data          0x00000000      0x124 audio.o
 .bss           0x00000000        0x0 audio.o
 .rodata        0x00000000      0x200 audio.o
 .rodata.str1.1
                0x00000000       0x20 audio.o
 .text          0x00000000        0x0 big_font.o
 .data          0x00000000        0x0 big_font.o
 .bss           0x00000000        0x0 big_font.o
 .text          0x00000000        0x0 bloques.o
 .bss           0x00000000        0x0 bloques.o
 .data          0x00000000        0x0 CALIBR~1.o
 .bss           0x00000000        0x0 CALIBR~1.o
 .text          0x00000000        0x0 SMALL_~1.o
 .data          0x00000000        0x0 SMALL_~1.o
 .bss           0x00000000        0x0 SMALL_~1.o
 .rodata        0x00000000      0x479 SMALL_~1.o
 .data          0x00000000        0x0 vibrador.o
 .bss           0x00000000        0x0 vibrador.o
 .bss           0x00000000        0x0 xpt2046.o
 .data          0x00000000        0x0 galaga.o
 .bss           0x00000000        0x0 galaga.o
 .text          0x00000000      0x114 c:/program files (x86)/yagarto/bin/../lib/gcc/arm-none-eabi/4.6.2\libgcc.a(_udivsi3.o)
 .data          0x00000000        0x0 c:/program files (x86)/yagarto/bin/../lib/gcc/arm-none-eabi/4.6.2\libgcc.a(_udivsi3.o)
 .bss           0x00000000        0x0 c:/program files (x86)/yagarto/bin/../lib/gcc/arm-none-eabi/4.6.2\libgcc.a(_udivsi3.o)
 .data          0x00000000        0x0 c:/program files (x86)/yagarto/bin/../lib/gcc/arm-none-eabi/4.6.2\libgcc.a(_divsi3.o)
 .bss           0x00000000        0x0 c:/program files (x86)/yagarto/bin/../lib/gcc/arm-none-eabi/4.6.2\libgcc.a(_divsi3.o)
 .data          0x00000000        0x0 c:/program files (x86)/yagarto/bin/../lib/gcc/arm-none-eabi/4.6.2\libgcc.a(_dvmd_tls.o)
 .bss           0x00000000        0x0 c:/program files (x86)/yagarto/bin/../lib/gcc/arm-none-eabi/4.6.2\libgcc.a(_dvmd_tls.o)
 .data          0x00000000        0x0 c:/program files (x86)/yagarto/bin/../lib/gcc/arm-none-eabi/4.6.2/../../../../arm-none-eabi/lib\libc.a(lib_a-memset.o)
 .bss           0x00000000        0x0 c:/program files (x86)/yagarto/bin/../lib/gcc/arm-none-eabi/4.6.2/../../../../arm-none-eabi/lib\libc.a(lib_a-memset.o)
 .data          0x00000000        0x0 c:/program files (x86)/yagarto/bin/../lib/gcc/arm-none-eabi/4.6.2/../../../../arm-none-eabi/lib\libc.a(lib_a-strlen.o)
 .bss           0x00000000        0x0 c:/program files (x86)/yagarto/bin/../lib/gcc/arm-none-eabi/4.6.2/../../../../arm-none-eabi/lib\libc.a(lib_a-strlen.o)

Memory Configuration

Name             Origin             Length             Attributes
ROM              0x00000000         0x00020000         xr
RAM              0x40000000         0x00010000         rw
*default*        0x00000000         0xffffffff

Linker script and memory map

START GROUP
END GROUP
LOAD crt.o
LOAD main.o
LOAD audio.o
LOAD big_font.o
LOAD bloques.o
LOAD CALIBR~1.o
LOAD NT35510.o
LOAD SMALL_~1.o
LOAD vibrador.o
LOAD xpm.o
LOAD xpt2046.o
LOAD galaga.o
START GROUP
LOAD c:/program files (x86)/yagarto/bin/../lib/gcc/arm-none-eabi/4.6.2\libgcc.a
LOAD c:/program files (x86)/yagarto/bin/../lib/gcc/arm-none-eabi/4.6.2/../../../../arm-none-eabi/lib\libc.a
END GROUP
                0x00000400                STACK_SIZE = 0x400
                0x40010000                _stack_end = 0x40010000

.text           0x00000000     0x5294
 //*(.text.startup)
 *(.text)
 .text          0x00000000      0x640 crt.o
                0x00000000                _boot
                0x00000230                _start
                0x00000230                _mainCRTStartup
                0x00000230                start
                0x00000348                _Halt
                0x00000360                _delay_loop
                0x0000036c                _prtnum
                0x00000410                _prthex
                0x00000458                _puts
                0x0000047c                _printf
                0x00000524                _gets
                0x000005ac                _U0putch
                0x000005c4                _U0getch
 .text          0x00000640      0x1d0 main.o
                0x00000640                DrawTile
                0x000006e0                DrawMap
                0x00000744                IsWall
                0x00000790                MovePacman
 .text          0x00000810      0x1c4 CALIBR~1.o
                0x00000810                setCalibrationMatrix
                0x00000954                getDisplayPoint
 .text          0x000009d4     0x295c NT35510.o
                0x000009d4                NT35510_Cmd
                0x00000a00                NT35510_Data
                0x00000a30                NT35510_Data_
                0x00000a5c                NT35510_Reg
                0x00000aa8                TFT_SetArea
                0x00000b80                TFT_SetAreaR
                0x00000c58                NT35510_ReadCMD
                0x00000ce8                TFT_Init
                0x00002540                TFT_FillArea
                0x000025b0                TFT_PutPixel
                0x00002680                TFT_PutPixelColor
                0x0000272c                TFT_DrawLine
                0x0000280c                TFT_HorizontalLine
                0x00002898                TFT_VerticalLine
                0x0000290c                TFT_DrawSquare
                0x00002980                TFT_DrawCircle
                0x00002a98                TFT_FillCircle
                0x00002b20                TFT_DrawFillSquare
                0x00002b9c                TFT_DrawFillSquareS
                0x00002c10                TFT_DumpBinaryFont
                0x00002d7c                TFT_putch
                0x00002e3c                TFT_print
                0x00002e88                TFT_print_centered_x
                0x00002efc                TFT_putchar
                0x00002f44                TFT_putch_xNyN
                0x00003064                TFT_putchar_xNyN
                0x000030b0                TFT_print_xNyN
                0x00003104                TFT_print_centered_x_xNyN
                0x0000318c                TFT_Off
                0x0000320c                TFT_On
                0x00003210                NT35510_WritePage
                0x00003280                NT35510_ReadPage
 .text          0x00003330       0x6c vibrador.o
                0x00003330                TIMER1_ISR
                0x00003358                VibratorON
 .text          0x0000339c      0x73c xpm.o
                0x0000339c                _atoi
                0x000033e0                XPM_Extract
                0x00003578                XPM_PintaAll
                0x00003638                XPM_PintaAt
                0x0000376c                XPM_SetxNyN
                0x000037cc                XPM_PintaAtxNyN
 .text          0x00003ad8      0x448 xpt2046.o
                0x00003ad8                TP_Init
                0x00003b18                TP_EnviaRecibe
                0x00003b40                TP_Get_XY
                0x00003c20                TP_Get_XY_Cal
                0x00003c90                TP_Aspa
                0x00003cf0                TP_Calibrate
 .text          0x00003f20       0x88 galaga.o
                0x00003f20                GetAction
 .text          0x00003fa8      0x148 c:/program files (x86)/yagarto/bin/../lib/gcc/arm-none-eabi/4.6.2\libgcc.a(_divsi3.o)
                0x00003fa8                __divsi3
                0x00003fa8                __aeabi_idiv
                0x000040d0                __aeabi_idivmod
 .text          0x000040f0        0x4 c:/program files (x86)/yagarto/bin/../lib/gcc/arm-none-eabi/4.6.2\libgcc.a(_dvmd_tls.o)
                0x000040f0                __aeabi_idiv0
                0x000040f0                __aeabi_ldiv0
 .text          0x000040f4       0xf0 c:/program files (x86)/yagarto/bin/../lib/gcc/arm-none-eabi/4.6.2/../../../../arm-none-eabi/lib\libc.a(lib_a-memset.o)
                0x000040f4                memset
 .text          0x000041e4       0x60 c:/program files (x86)/yagarto/bin/../lib/gcc/arm-none-eabi/4.6.2/../../../../arm-none-eabi/lib\libc.a(lib_a-strlen.o)
                0x000041e4                strlen
 *(.text.startup)
 .text.startup  0x00004244      0x164 main.o
                0x00004244                main
 *(.rodata)
 .rodata        0x000043a8      0xbe5 big_font.o
                0x000043a8                BigFont
 *(.rodata*)
 .rodata.str1.1
                0x00004f8d       0x7b main.o
 .rodata.str1.1
                0x00005008      0x143 bloques.o
 .rodata.str1.1
                0x0000514b       0x9e NT35510.o
                                 0xae (size before relaxing)
 .rodata.str1.1
                0x000051e9       0x1f xpm.o
 .rodata.str1.1
                0x00005208       0x8c xpt2046.o
                                 0x96 (size before relaxing)
 *(.glue_7)
 .glue_7        0x00000000        0x0 linker stubs
 *(.glue_7t)
 .glue_7t       0x00000000        0x0 linker stubs

.vfp11_veneer   0x00005294        0x0
 .vfp11_veneer  0x00000000        0x0 linker stubs

.v4_bx          0x00005294        0x0
 .v4_bx         0x00000000        0x0 linker stubs
                0x00005294                . = ALIGN (0x4)

.ctors          0x00005294        0x0
                0x00005294                PROVIDE (__ctors_start__, .)
 *(SORT(.ctors.*))
 *(.ctors)
                0x00005294                PROVIDE (__ctors_end__, .)

.dtors          0x00005294        0x0
                0x00005294                PROVIDE (__dtors_start__, .)
 *(SORT(.dtors.*))
 *(.dtors)
                0x00005294                PROVIDE (__dtors_end__, .)
                0x00005294                . = ALIGN (0x4)
                0x00005294                _etext = .
                0x00005294                PROVIDE (etext, .)

.data           0x40000000      0x224 load address 0x00005294
                0x40000000                _data = .
 *(.data)
 .data          0x40000000        0x8 crt.o
                0x40000000                _vputch
                0x40000004                _vgetch
 .data          0x40000008       0x60 main.o
 .data          0x40000068      0x17c bloques.o
                0x40000068                ghost_red
                0x400000b4                coin
                0x40000100                back
                0x4000014c                wall
                0x40000198                pacman_xpm
 .data          0x400001e4       0x10 NT35510.o
                0x400001e4                FG_Color
                0x400001e8                CF
                0x400001ec                xN
                0x400001f0                yN
 .data          0x400001f4       0x10 xpm.o
                0x400001f4                xpm_xn
                0x400001f8                xpm_yn
                0x400001fc                xpm_sxn
                0x40000200                xpm_syn
 .data          0x40000204       0x20 xpt2046.o
                0x40000204                X_SINPULSAR
                0x40000208                Cal
                0x40000224                . = ALIGN (0x4)
                0x40000224                _edata = .
                0x40000224                PROVIDE (edata, .)

.bss            0x40000224       0xf4 load address 0x000054b8
                0x40000224                __bss_start = .
                0x40000224                __bss_start__ = .
 *(.bss)
 .bss           0x40000224        0x2 NT35510.o
                0x40000224                BG_Color
 *fill*         0x40000226        0x2 00
 .bss           0x40000228        0x4 xpm.o
                0x40000228                xpm_xmirror
 *(COMMON)
 COMMON         0x4000022c       0x10 NT35510.o
                0x4000022c                tft_x
                0x40000230                LENX
                0x40000234                tft_y
                0x40000238                LENY
 COMMON         0x4000023c       0xdc xpm.o
                0x4000023c                paleta
                0x400002fc                xpm_sy
                0x40000300                xpm_ncol
                0x40000304                teselas_x
                0x40000308                xpm_cpp
                0x4000030c                xpm_ancho
                0x40000310                xpm_sx
                0x40000314                xpm_alto
                0x40000318                . = ALIGN (0x4)
                0x40000318                . = ALIGN (0x4)
                0x40000318                __bss_end__ = .
                0x40000318                PROVIDE (__bss_end, .)

.stack          0x40000318      0x4e8 load address 0x000055ac
                0x40000400                . = ALIGN (0x100)
 *fill*         0x40000318       0xe8 00
                0x40000800                . = (. + STACK_SIZE)
 *fill*         0x40000400      0x400 00
                0x40000800                PROVIDE (_stack, .)
                0x40000800                _end = .
                0x40000800                PROVIDE (end, .)

.stab
 *(.stab)

.stabstr
 *(.stabstr)

.stab.excl
 *(.stab.excl)

.stab.exclstr
 *(.stab.exclstr)

.stab.index
 *(.stab.index)

.stab.indexstr
 *(.stab.indexstr)

.ARM.attributes
                0x00000000       0x2e
 .ARM.attributes
                0x00000000       0x22 crt.o
 .ARM.attributes
                0x00000022       0x32 main.o
 .ARM.attributes
                0x00000054       0x32 audio.o
 .ARM.attributes
                0x00000086       0x32 big_font.o
 .ARM.attributes
                0x000000b8       0x32 bloques.o
 .ARM.attributes
                0x000000ea       0x32 CALIBR~1.o
 .ARM.attributes
                0x0000011c       0x32 NT35510.o
 .ARM.attributes
                0x0000014e       0x32 SMALL_~1.o
 .ARM.attributes
                0x00000180       0x32 vibrador.o
 .ARM.attributes
                0x000001b2       0x32 xpm.o
 .ARM.attributes
                0x000001e4       0x32 xpt2046.o
 .ARM.attributes
                0x00000216       0x32 galaga.o
 .ARM.attributes
                0x00000248       0x1a c:/program files (x86)/yagarto/bin/../lib/gcc/arm-none-eabi/4.6.2\libgcc.a(_udivsi3.o)
 .ARM.attributes
                0x00000262       0x1a c:/program files (x86)/yagarto/bin/../lib/gcc/arm-none-eabi/4.6.2\libgcc.a(_divsi3.o)
 .ARM.attributes
                0x0000027c       0x18 c:/program files (x86)/yagarto/bin/../lib/gcc/arm-none-eabi/4.6.2\libgcc.a(_dvmd_tls.o)
 .ARM.attributes
                0x00000294       0x32 c:/program files (x86)/yagarto/bin/../lib/gcc/arm-none-eabi/4.6.2/../../../../arm-none-eabi/lib\libc.a(lib_a-memset.o)
 .ARM.attributes
                0x000002c6       0x32 c:/program files (x86)/yagarto/bin/../lib/gcc/arm-none-eabi/4.6.2/../../../../arm-none-eabi/lib\libc.a(lib_a-strlen.o)

.comment        0x00000000       0x11
 *(.comment)
 .comment       0x00000000       0x11 main.o
                                 0x12 (size before relaxing)
 .comment       0x00000000       0x12 audio.o
 .comment       0x00000000       0x12 big_font.o
 .comment       0x00000000       0x12 bloques.o
 .comment       0x00000000       0x12 CALIBR~1.o
 .comment       0x00000000       0x12 NT35510.o
 .comment       0x00000000       0x12 SMALL_~1.o
 .comment       0x00000000       0x12 vibrador.o
 .comment       0x00000000       0x12 xpm.o
 .comment       0x00000000       0x12 xpt2046.o
 .comment       0x00000000       0x12 galaga.o
 .comment       0x00000000       0x12 c:/program files (x86)/yagarto/bin/../lib/gcc/arm-none-eabi/4.6.2/../../../../arm-none-eabi/lib\libc.a(lib_a-memset.o)
 .comment       0x00000000       0x12 c:/program files (x86)/yagarto/bin/../lib/gcc/arm-none-eabi/4.6.2/../../../../arm-none-eabi/lib\libc.a(lib_a-strlen.o)

.debug
 *(.debug)

.line
 *(.line)

.debug_srcinfo
 *(.debug_srcinfo)

.debug_sfnames
 *(.debug_sfnames)

.debug_aranges  0x00000000      0x1c8
 *(.debug_aranges)
 .debug_aranges
                0x00000000       0x20 crt.o
 .debug_aranges
                0x00000020       0x28 main.o
 .debug_aranges
                0x00000048       0x20 audio.o
 .debug_aranges
                0x00000068       0x20 CALIBR~1.o
 .debug_aranges
                0x00000088       0x20 NT35510.o
 .debug_aranges
                0x000000a8       0x20 vibrador.o
 .debug_aranges
                0x000000c8       0x20 xpm.o
 .debug_aranges
                0x000000e8       0x20 xpt2046.o
 .debug_aranges
                0x00000108       0x20 galaga.o
 .debug_aranges
                0x00000128       0x20 c:/program files (x86)/yagarto/bin/../lib/gcc/arm-none-eabi/4.6.2\libgcc.a(_udivsi3.o)
 .debug_aranges
                0x00000148       0x20 c:/program files (x86)/yagarto/bin/../lib/gcc/arm-none-eabi/4.6.2\libgcc.a(_divsi3.o)
 .debug_aranges
                0x00000168       0x20 c:/program files (x86)/yagarto/bin/../lib/gcc/arm-none-eabi/4.6.2\libgcc.a(_dvmd_tls.o)
 .debug_aranges
                0x00000188       0x20 c:/program files (x86)/yagarto/bin/../lib/gcc/arm-none-eabi/4.6.2/../../../../arm-none-eabi/lib\libc.a(lib_a-memset.o)
 .debug_aranges
                0x000001a8       0x20 c:/program files (x86)/yagarto/bin/../lib/gcc/arm-none-eabi/4.6.2/../../../../arm-none-eabi/lib\libc.a(lib_a-strlen.o)

.debug_pubnames
 *(.debug_pubnames)

.debug_info     0x00000000     0x24d9
 *(.debug_info .gnu.linkonce.wi.*)
 .debug_info    0x00000000       0x91 crt.o
 .debug_info    0x00000091      0x340 main.o
 .debug_info    0x000003d1      0x1ce audio.o
 .debug_info    0x0000059f       0x5c big_font.o
 .debug_info    0x000005fb       0xa4 bloques.o
 .debug_info    0x0000069f      0x1e4 CALIBR~1.o
 .debug_info    0x00000883      0xe0d NT35510.o
 .debug_info    0x00001690       0x5c SMALL_~1.o
 .debug_info    0x000016ec       0xc0 vibrador.o
 .debug_info    0x000017ac      0x56e xpm.o
 .debug_info    0x00001d1a      0x37a xpt2046.o
 .debug_info    0x00002094       0xb6 galaga.o
 .debug_info    0x0000214a       0x98 c:/program files (x86)/yagarto/bin/../lib/gcc/arm-none-eabi/4.6.2\libgcc.a(_udivsi3.o)
 .debug_info    0x000021e2       0x98 c:/program files (x86)/yagarto/bin/../lib/gcc/arm-none-eabi/4.6.2\libgcc.a(_divsi3.o)
 .debug_info    0x0000227a       0x98 c:/program files (x86)/yagarto/bin/../lib/gcc/arm-none-eabi/4.6.2\libgcc.a(_dvmd_tls.o)
 .debug_info    0x00002312      0x116 c:/program files (x86)/yagarto/bin/../lib/gcc/arm-none-eabi/4.6.2/../../../../arm-none-eabi/lib\libc.a(lib_a-memset.o)
 .debug_info    0x00002428       0xb1 c:/program files (x86)/yagarto/bin/../lib/gcc/arm-none-eabi/4.6.2/../../../../arm-none-eabi/lib\libc.a(lib_a-strlen.o)

.debug_abbrev   0x00000000      0xb09
 *(.debug_abbrev)
 .debug_abbrev  0x00000000       0x14 crt.o
 .debug_abbrev  0x00000014      0x12c main.o
 .debug_abbrev  0x00000140       0xed audio.o
 .debug_abbrev  0x0000022d       0x49 big_font.o
 .debug_abbrev  0x00000276       0x4b bloques.o
 .debug_abbrev  0x000002c1       0xe8 CALIBR~1.o
 .debug_abbrev  0x000003a9      0x2c2 NT35510.o
 .debug_abbrev  0x0000066b       0x49 SMALL_~1.o
 .debug_abbrev  0x000006b4       0x70 vibrador.o
 .debug_abbrev  0x00000724       0xd3 xpm.o
 .debug_abbrev  0x000007f7      0x18e xpt2046.o
 .debug_abbrev  0x00000985       0x4e galaga.o
 .debug_abbrev  0x000009d3       0x14 c:/program files (x86)/yagarto/bin/../lib/gcc/arm-none-eabi/4.6.2\libgcc.a(_udivsi3.o)
 .debug_abbrev  0x000009e7       0x14 c:/program files (x86)/yagarto/bin/../lib/gcc/arm-none-eabi/4.6.2\libgcc.a(_divsi3.o)
 .debug_abbrev  0x000009fb       0x14 c:/program files (x86)/yagarto/bin/../lib/gcc/arm-none-eabi/4.6.2\libgcc.a(_dvmd_tls.o)
 .debug_abbrev  0x00000a0f       0x8d c:/program files (x86)/yagarto/bin/../lib/gcc/arm-none-eabi/4.6.2/../../../../arm-none-eabi/lib\libc.a(lib_a-memset.o)
 .debug_abbrev  0x00000a9c       0x6d c:/program files (x86)/yagarto/bin/../lib/gcc/arm-none-eabi/4.6.2/../../../../arm-none-eabi/lib\libc.a(lib_a-strlen.o)

.debug_line     0x00000000     0x1092
 *(.debug_line)
 .debug_line    0x00000000      0x18b crt.o
 .debug_line    0x0000018b       0xc9 main.o
 .debug_line    0x00000254       0x83 audio.o
 .debug_line    0x000002d7       0x2e big_font.o
 .debug_line    0x00000305       0x2d bloques.o
 .debug_line    0x00000332       0xa2 CALIBR~1.o
 .debug_line    0x000003d4      0x4df NT35510.o
 .debug_line    0x000008b3       0x30 SMALL_~1.o
 .debug_line    0x000008e3       0x47 vibrador.o
 .debug_line    0x0000092a      0x1fd xpm.o
 .debug_line    0x00000b27       0xf3 xpt2046.o
 .debug_line    0x00000c1a       0x4b galaga.o
 .debug_line    0x00000c65       0x93 c:/program files (x86)/yagarto/bin/../lib/gcc/arm-none-eabi/4.6.2\libgcc.a(_udivsi3.o)
 .debug_line    0x00000cf8       0x9f c:/program files (x86)/yagarto/bin/../lib/gcc/arm-none-eabi/4.6.2\libgcc.a(_divsi3.o)
 .debug_line    0x00000d97       0x6a c:/program files (x86)/yagarto/bin/../lib/gcc/arm-none-eabi/4.6.2\libgcc.a(_dvmd_tls.o)
 .debug_line    0x00000e01      0x180 c:/program files (x86)/yagarto/bin/../lib/gcc/arm-none-eabi/4.6.2/../../../../arm-none-eabi/lib\libc.a(lib_a-memset.o)
 .debug_line    0x00000f81      0x111 c:/program files (x86)/yagarto/bin/../lib/gcc/arm-none-eabi/4.6.2/../../../../arm-none-eabi/lib\libc.a(lib_a-strlen.o)

.debug_frame    0x00000000      0x7d4
 *(.debug_frame)
 .debug_frame   0x00000000       0x98 main.o
 .debug_frame   0x00000098       0xa8 audio.o
 .debug_frame   0x00000140       0x5c CALIBR~1.o
 .debug_frame   0x0000019c      0x3d0 NT35510.o
 .debug_frame   0x0000056c       0x38 vibrador.o
 .debug_frame   0x000005a4       0xcc xpm.o
 .debug_frame   0x00000670       0xb4 xpt2046.o
 .debug_frame   0x00000724       0x28 galaga.o
 .debug_frame   0x0000074c       0x20 c:/program files (x86)/yagarto/bin/../lib/gcc/arm-none-eabi/4.6.2\libgcc.a(_udivsi3.o)
 .debug_frame   0x0000076c       0x20 c:/program files (x86)/yagarto/bin/../lib/gcc/arm-none-eabi/4.6.2\libgcc.a(_divsi3.o)
 .debug_frame   0x0000078c       0x28 c:/program files (x86)/yagarto/bin/../lib/gcc/arm-none-eabi/4.6.2/../../../../arm-none-eabi/lib\libc.a(lib_a-memset.o)
 .debug_frame   0x000007b4       0x20 c:/program files (x86)/yagarto/bin/../lib/gcc/arm-none-eabi/4.6.2/../../../../arm-none-eabi/lib\libc.a(lib_a-strlen.o)

.debug_str      0x00000000      0x7f9
 *(.debug_str)
 .debug_str     0x00000000      0x171 main.o
                                0x1aa (size before relaxing)
 .debug_str     0x00000171       0xb5 audio.o
                                0x1b9 (size before relaxing)
 .debug_str     0x00000226       0x16 big_font.o
                                 0x9f (size before relaxing)
 .debug_str     0x0000023c        0xd bloques.o
                                 0xb1 (size before relaxing)
 .debug_str     0x00000249       0x71 CALIBR~1.o
                                0x182 (size before relaxing)
 .debug_str     0x000002ba      0x27c NT35510.o
                                0x397 (size before relaxing)
 .debug_str     0x00000536       0x1a SMALL_~1.o
                                 0xa3 (size before relaxing)
 .debug_str     0x00000550       0x24 vibrador.o
                                0x128 (size before relaxing)
 .debug_str     0x00000574       0xce xpm.o
                                0x1ea (size before relaxing)
 .debug_str     0x00000642       0x6b xpt2046.o
                                0x1b3 (size before relaxing)
 .debug_str     0x000006ad       0x16 galaga.o
                                0x11a (size before relaxing)
 .debug_str     0x000006c3       0xa2 c:/program files (x86)/yagarto/bin/../lib/gcc/arm-none-eabi/4.6.2/../../../../arm-none-eabi/lib\libc.a(lib_a-memset.o)
                                0x137 (size before relaxing)
 .debug_str     0x00000765       0x94 c:/program files (x86)/yagarto/bin/../lib/gcc/arm-none-eabi/4.6.2/../../../../arm-none-eabi/lib\libc.a(lib_a-strlen.o)
                                0x130 (size before relaxing)

.debug_loc      0x00000000     0x21f9
 *(.debug_loc)
 .debug_loc     0x00000000      0x289 main.o
 .debug_loc     0x00000289       0xb9 audio.o
 .debug_loc     0x00000342       0xfe CALIBR~1.o
 .debug_loc     0x00000440     0x118a NT35510.o
 .debug_loc     0x000015ca       0x20 vibrador.o
 .debug_loc     0x000015ea      0x7cd xpm.o
 .debug_loc     0x00001db7      0x1f8 xpt2046.o
 .debug_loc     0x00001faf       0x52 galaga.o
 .debug_loc     0x00002001      0x1e5 c:/program files (x86)/yagarto/bin/../lib/gcc/arm-none-eabi/4.6.2/../../../../arm-none-eabi/lib\libc.a(lib_a-memset.o)
 .debug_loc     0x000021e6       0x13 c:/program files (x86)/yagarto/bin/../lib/gcc/arm-none-eabi/4.6.2/../../../../arm-none-eabi/lib\libc.a(lib_a-strlen.o)

.debug_macinfo
 *(.debug_macinfo)

.debug_weaknames
 *(.debug_weaknames)

.debug_funcnames
 *(.debug_funcnames)

.debug_typenames
 *(.debug_typenames)

.debug_varnames
 *(.debug_varnames)
OUTPUT(Release.elf elf32-littlearm)

.debug_ranges   0x00000000       0x60
 .debug_ranges  0x00000000       0x30 main.o
 .debug_ranges  0x00000030       0x30 NT35510.o

Cross Reference Table

Symbol                                            File
AUDIO_Effect                                      audio.o
AUDIO_Timer_On                                    audio.o
BG_Color                                          NT35510.o
                                                  xpt2046.o
BigFont                                           big_font.o
                                                  NT35510.o
CF                                                NT35510.o
Cal                                               xpt2046.o
DrawMap                                           main.o
DrawTile                                          main.o
FG_Color                                          NT35510.o
                                                  xpt2046.o
GetAction                                         galaga.o
                                                  main.o
IRQ_Spurious_Routine                              audio.o
IsWall                                            main.o
LENX                                              xpt2046.o
                                                  xpm.o
                                                  NT35510.o
                                                  main.o
LENY                                              xpt2046.o
                                                  xpm.o
                                                  NT35510.o
                                                  main.o
MovePacman                                        main.o
NOTE                                              audio.o
NT35510_Cmd                                       NT35510.o
NT35510_Data                                      NT35510.o
NT35510_Data_                                     NT35510.o
                                                  xpm.o
NT35510_ReadCMD                                   NT35510.o
NT35510_ReadPage                                  NT35510.o
NT35510_Reg                                       NT35510.o
NT35510_WritePage                                 NT35510.o
PARTITURE_Off                                     audio.o
PARTITURE_On                                      audio.o
PWM0_ISR                                          audio.o
SmallFont                                         SMALL_~1.o
TABLA_SQUARE_WAVE                                 audio.o
TFT_DrawCircle                                    NT35510.o
                                                  xpt2046.o
TFT_DrawFillSquare                                NT35510.o
                                                  xpt2046.o
TFT_DrawFillSquareS                               NT35510.o
                                                  main.o
TFT_DrawLine                                      NT35510.o
                                                  xpt2046.o
TFT_DrawSquare                                    NT35510.o
TFT_DumpBinaryFont                                NT35510.o
TFT_FillArea                                      NT35510.o
TFT_FillCircle                                    NT35510.o
                                                  main.o
TFT_HorizontalLine                                NT35510.o
TFT_Init                                          NT35510.o
                                                  main.o
TFT_Off                                           NT35510.o
TFT_On                                            NT35510.o
TFT_PutPixel                                      NT35510.o
TFT_PutPixelColor                                 NT35510.o
TFT_SetArea                                       NT35510.o
                                                  xpm.o
TFT_SetAreaR                                      NT35510.o
TFT_VerticalLine                                  NT35510.o
TFT_print                                         NT35510.o
TFT_print_centered_x                              NT35510.o
                                                  xpt2046.o
TFT_print_centered_x_xNyN                         NT35510.o
TFT_print_xNyN                                    NT35510.o
TFT_putch                                         NT35510.o
TFT_putch_xNyN                                    NT35510.o
TFT_putchar                                       NT35510.o
TFT_putchar_xNyN                                  NT35510.o
TIMER0_ISR                                        audio.o
TIMER1_ISR                                        vibrador.o
TP_Aspa                                           xpt2046.o
TP_Calibrate                                      xpt2046.o
TP_EnviaRecibe                                    xpt2046.o
TP_Get_XY                                         xpt2046.o
                                                  main.o
TP_Get_XY_Cal                                     xpt2046.o
TP_Init                                           xpt2046.o
                                                  main.o
VibratorON                                        vibrador.o
                                                  main.o
XPM_Extract                                       xpm.o
                                                  main.o
XPM_PintaAll                                      xpm.o
XPM_PintaAt                                       xpm.o
                                                  main.o
XPM_PintaAtxNyN                                   xpm.o
XPM_SetxNyN                                       xpm.o
                                                  main.o
X_SINPULSAR                                       xpt2046.o
_Halt                                             crt.o
_U0getch                                          crt.o
_U0putch                                          crt.o
__aeabi_idiv                                      c:/program files (x86)/yagarto/bin/../lib/gcc/arm-none-eabi/4.6.2\libgcc.a(_divsi3.o)
                                                  xpt2046.o
                                                  xpm.o
                                                  CALIBR~1.o
__aeabi_idiv0                                     c:/program files (x86)/yagarto/bin/../lib/gcc/arm-none-eabi/4.6.2\libgcc.a(_dvmd_tls.o)
                                                  c:/program files (x86)/yagarto/bin/../lib/gcc/arm-none-eabi/4.6.2\libgcc.a(_divsi3.o)
                                                  c:/program files (x86)/yagarto/bin/../lib/gcc/arm-none-eabi/4.6.2\libgcc.a(_udivsi3.o)
__aeabi_idivmod                                   c:/program files (x86)/yagarto/bin/../lib/gcc/arm-none-eabi/4.6.2\libgcc.a(_divsi3.o)
                                                  xpm.o
__aeabi_ldiv0                                     c:/program files (x86)/yagarto/bin/../lib/gcc/arm-none-eabi/4.6.2\libgcc.a(_dvmd_tls.o)
__aeabi_uidiv                                     c:/program files (x86)/yagarto/bin/../lib/gcc/arm-none-eabi/4.6.2\libgcc.a(_udivsi3.o)
                                                  audio.o
__aeabi_uidivmod                                  c:/program files (x86)/yagarto/bin/../lib/gcc/arm-none-eabi/4.6.2\libgcc.a(_udivsi3.o)
__bss_end__                                       crt.o
__bss_start                                       crt.o
__bss_start__                                     crt.o
__divsi3                                          c:/program files (x86)/yagarto/bin/../lib/gcc/arm-none-eabi/4.6.2\libgcc.a(_divsi3.o)
__udivsi3                                         c:/program files (x86)/yagarto/bin/../lib/gcc/arm-none-eabi/4.6.2\libgcc.a(_udivsi3.o)
_atoi                                             xpm.o
_boot                                             crt.o
_data                                             crt.o
_delay_loop                                       crt.o
                                                  galaga.o
                                                  xpt2046.o
                                                  NT35510.o
                                                  main.o
_edata                                            crt.o
_etext                                            crt.o
_gets                                             crt.o
_mainCRTStartup                                   crt.o
_printf                                           crt.o
                                                  xpt2046.o
                                                  xpm.o
                                                  NT35510.o
                                                  audio.o
                                                  main.o
_prthex                                           crt.o
_prtnum                                           crt.o
_puts                                             crt.o
                                                  xpt2046.o
_stack                                            crt.o
_stack_end                                        crt.o
_start                                            crt.o
_vgetch                                           crt.o
_vputch                                           crt.o
back                                              bloques.o
                                                  main.o
coin                                              bloques.o
                                                  main.o
getDisplayPoint                                   CALIBR~1.o
                                                  xpt2046.o
ghost_red                                         bloques.o
                                                  main.o
main                                              main.o
                                                  crt.o
memset                                            c:/program files (x86)/yagarto/bin/../lib/gcc/arm-none-eabi/4.6.2/../../../../arm-none-eabi/lib\libc.a(lib_a-memset.o)
                                                  xpt2046.o
pacman_xpm                                        bloques.o
                                                  main.o
paleta                                            xpm.o
setCalibrationMatrix                              CALIBR~1.o
                                                  xpt2046.o
start                                             crt.o
strlen                                            c:/program files (x86)/yagarto/bin/../lib/gcc/arm-none-eabi/4.6.2/../../../../arm-none-eabi/lib\libc.a(lib_a-strlen.o)
                                                  NT35510.o
teselas_x                                         xpm.o
tft_x                                             NT35510.o
tft_y                                             NT35510.o
wall                                              bloques.o
                                                  main.o
xN                                                NT35510.o
xpm_alto                                          xpm.o
xpm_ancho                                         xpm.o
xpm_cpp                                           xpm.o
xpm_ncol                                          xpm.o
xpm_sx                                            xpm.o
                                                  main.o
xpm_sxn                                           xpm.o
xpm_sy                                            xpm.o
                                                  main.o
xpm_syn                                           xpm.o
xpm_xmirror                                       xpm.o
xpm_xn                                            xpm.o
xpm_yn                                            xpm.o
yN                                                NT35510.o
