Archive member included because of file (symbol)

c:/program files (x86)/yagarto/bin/../lib/gcc/arm-none-eabi/4.6.2\libgcc.a(_udivsi3.o)
                              audio.o (__aeabi_uidiv)
c:/program files (x86)/yagarto/bin/../lib/gcc/arm-none-eabi/4.6.2\libgcc.a(_divsi3.o)
                              main.o (__aeabi_idiv)
c:/program files (x86)/yagarto/bin/../lib/gcc/arm-none-eabi/4.6.2\libgcc.a(_dvmd_tls.o)
                              c:/program files (x86)/yagarto/bin/../lib/gcc/arm-none-eabi/4.6.2\libgcc.a(_udivsi3.o) (__aeabi_idiv0)
c:/program files (x86)/yagarto/bin/../lib/gcc/arm-none-eabi/4.6.2/../../../../arm-none-eabi/lib\libc.a(lib_a-malloc.o)
                              main.o (malloc)
c:/program files (x86)/yagarto/bin/../lib/gcc/arm-none-eabi/4.6.2/../../../../arm-none-eabi/lib\libc.a(lib_a-mallocr.o)
                              c:/program files (x86)/yagarto/bin/../lib/gcc/arm-none-eabi/4.6.2/../../../../arm-none-eabi/lib\libc.a(lib_a-malloc.o) (_malloc_r)
c:/program files (x86)/yagarto/bin/../lib/gcc/arm-none-eabi/4.6.2/../../../../arm-none-eabi/lib\libc.a(lib_a-memset.o)
                              xpt2046.o (memset)
c:/program files (x86)/yagarto/bin/../lib/gcc/arm-none-eabi/4.6.2/../../../../arm-none-eabi/lib\libc.a(lib_a-mlock.o)
                              c:/program files (x86)/yagarto/bin/../lib/gcc/arm-none-eabi/4.6.2/../../../../arm-none-eabi/lib\libc.a(lib_a-mallocr.o) (__malloc_lock)
c:/program files (x86)/yagarto/bin/../lib/gcc/arm-none-eabi/4.6.2/../../../../arm-none-eabi/lib\libc.a(lib_a-rand.o)
                              main.o (srand)
c:/program files (x86)/yagarto/bin/../lib/gcc/arm-none-eabi/4.6.2/../../../../arm-none-eabi/lib\libc.a(lib_a-sbrkr.o)
                              c:/program files (x86)/yagarto/bin/../lib/gcc/arm-none-eabi/4.6.2/../../../../arm-none-eabi/lib\libc.a(lib_a-mallocr.o) (_sbrk_r)
c:/program files (x86)/yagarto/bin/../lib/gcc/arm-none-eabi/4.6.2/../../../../arm-none-eabi/lib\libc.a(lib_a-strlen.o)
                              NT35510.o (strlen)
c:/program files (x86)/yagarto/bin/../lib/gcc/arm-none-eabi/4.6.2/../../../../arm-none-eabi/lib\libc.a(lib_a-sysgettod.o)
                              main.o (gettimeofday)
c:/program files (x86)/yagarto/bin/../lib/gcc/arm-none-eabi/4.6.2/../../../../arm-none-eabi/lib\libc.a(lib_a-freer.o)
                              c:/program files (x86)/yagarto/bin/../lib/gcc/arm-none-eabi/4.6.2/../../../../arm-none-eabi/lib\libc.a(lib_a-malloc.o) (_free_r)
c:/program files (x86)/yagarto/bin/../lib/gcc/arm-none-eabi/4.6.2/../../../../arm-none-eabi/lib\libc.a(lib_a-gettimeofdayr.o)
                              c:/program files (x86)/yagarto/bin/../lib/gcc/arm-none-eabi/4.6.2/../../../../arm-none-eabi/lib\libc.a(lib_a-sysgettod.o) (_gettimeofday_r)
c:/program files (x86)/yagarto/bin/../lib/gcc/arm-none-eabi/4.6.2/../../../../arm-none-eabi/lib\libc.a(lib_a-impure.o)
                              c:/program files (x86)/yagarto/bin/../lib/gcc/arm-none-eabi/4.6.2/../../../../arm-none-eabi/lib\libc.a(lib_a-malloc.o) (_impure_ptr)
c:/program files (x86)/yagarto/bin/../lib/gcc/arm-none-eabi/4.6.2/../../../../arm-none-eabi/lib\libc.a(lib_a-reent.o)
                              c:/program files (x86)/yagarto/bin/../lib/gcc/arm-none-eabi/4.6.2/../../../../arm-none-eabi/lib\libc.a(lib_a-sbrkr.o) (errno)

Allocating common symbols
Common symbol       size              file

errno               0x4               c:/program files (x86)/yagarto/bin/../lib/gcc/arm-none-eabi/4.6.2/../../../../arm-none-eabi/lib\libc.a(lib_a-reent.o)
tft_x               0x4               NT35510.o
nota1               0x2               audio.o
freq                0x2               audio.o
LENX                0x4               NT35510.o
Next                0x4               audio.o
paleta              0xc0              xpm.o
xpm_sy              0x4               xpm.o
Part                0x4               audio.o
xpm_ncol            0x4               xpm.o
delta_fase          0x2               audio.o
Delta_Fase2         0x2               audio.o
Delta_Fase1         0x2               audio.o
Delta_Fase3         0x2               audio.o
tft_y               0x4               NT35510.o
teselas_x           0x4               xpm.o
xpm_cpp             0x4               xpm.o
nota2               0x2               audio.o
xpm_ancho           0x4               xpm.o
effectType          0x4               audio.o
nota3               0x2               audio.o
xpm_sx              0x4               xpm.o
Delta_Fase4         0x2               audio.o
nota4               0x2               audio.o
LENY                0x4               NT35510.o
xpm_alto            0x4               xpm.o
Amplitud1           0x1               audio.o

Discarded input sections

 .bss           0x00000000        0x0 crt.o
 .text          0x00000000        0x0 big_font.o
 .data          0x00000000        0x0 big_font.o
 .bss           0x00000000        0x0 big_font.o
 .text          0x00000000        0x0 bloques.o
 .data          0x00000000       0xb4 bloques.o
 .bss           0x00000000        0x0 bloques.o
 .rodata.str1.1
                0x00000000     0x11d0 bloques.o
 .data          0x00000000        0x0 CALIBR~1.o
 .bss           0x00000000        0x0 CALIBR~1.o
 .text          0x00000000        0x0 SMALL_~1.o
 .data          0x00000000        0x0 SMALL_~1.o
 .bss           0x00000000        0x0 SMALL_~1.o
 .rodata        0x00000000      0x479 SMALL_~1.o
 .data          0x00000000        0x0 vibrador.o
 .bss           0x00000000        0x0 vibrador.o
 .bss           0x00000000        0x0 xpt2046.o
 .data          0x00000000        0x0 galaga.o
 .bss           0x00000000        0x0 galaga.o
 .text          0x00000000        0x0 XPMSCH~1.o
 .bss           0x00000000        0x0 XPMSCH~1.o
 .text          0x00000000        0x0 PACMAN~3.o
 .bss           0x00000000        0x0 PACMAN~3.o
 .data          0x00000000        0x0 c:/program files (x86)/yagarto/bin/../lib/gcc/arm-none-eabi/4.6.2\libgcc.a(_udivsi3.o)
 .bss           0x00000000        0x0 c:/program files (x86)/yagarto/bin/../lib/gcc/arm-none-eabi/4.6.2\libgcc.a(_udivsi3.o)
 .data          0x00000000        0x0 c:/program files (x86)/yagarto/bin/../lib/gcc/arm-none-eabi/4.6.2\libgcc.a(_divsi3.o)
 .bss           0x00000000        0x0 c:/program files (x86)/yagarto/bin/../lib/gcc/arm-none-eabi/4.6.2\libgcc.a(_divsi3.o)
 .data          0x00000000        0x0 c:/program files (x86)/yagarto/bin/../lib/gcc/arm-none-eabi/4.6.2\libgcc.a(_dvmd_tls.o)
 .bss           0x00000000        0x0 c:/program files (x86)/yagarto/bin/../lib/gcc/arm-none-eabi/4.6.2\libgcc.a(_dvmd_tls.o)
 .data          0x00000000        0x0 c:/program files (x86)/yagarto/bin/../lib/gcc/arm-none-eabi/4.6.2/../../../../arm-none-eabi/lib\libc.a(lib_a-malloc.o)
 .bss           0x00000000        0x0 c:/program files (x86)/yagarto/bin/../lib/gcc/arm-none-eabi/4.6.2/../../../../arm-none-eabi/lib\libc.a(lib_a-malloc.o)
 .data          0x00000000        0x0 c:/program files (x86)/yagarto/bin/../lib/gcc/arm-none-eabi/4.6.2/../../../../arm-none-eabi/lib\libc.a(lib_a-memset.o)
 .bss           0x00000000        0x0 c:/program files (x86)/yagarto/bin/../lib/gcc/arm-none-eabi/4.6.2/../../../../arm-none-eabi/lib\libc.a(lib_a-memset.o)
 .data          0x00000000        0x0 c:/program files (x86)/yagarto/bin/../lib/gcc/arm-none-eabi/4.6.2/../../../../arm-none-eabi/lib\libc.a(lib_a-mlock.o)
 .bss           0x00000000        0x0 c:/program files (x86)/yagarto/bin/../lib/gcc/arm-none-eabi/4.6.2/../../../../arm-none-eabi/lib\libc.a(lib_a-mlock.o)
 .data          0x00000000        0x0 c:/program files (x86)/yagarto/bin/../lib/gcc/arm-none-eabi/4.6.2/../../../../arm-none-eabi/lib\libc.a(lib_a-rand.o)
 .bss           0x00000000        0x0 c:/program files (x86)/yagarto/bin/../lib/gcc/arm-none-eabi/4.6.2/../../../../arm-none-eabi/lib\libc.a(lib_a-rand.o)
 .data          0x00000000        0x0 c:/program files (x86)/yagarto/bin/../lib/gcc/arm-none-eabi/4.6.2/../../../../arm-none-eabi/lib\libc.a(lib_a-sbrkr.o)
 .bss           0x00000000        0x0 c:/program files (x86)/yagarto/bin/../lib/gcc/arm-none-eabi/4.6.2/../../../../arm-none-eabi/lib\libc.a(lib_a-sbrkr.o)
 .data          0x00000000        0x0 c:/program files (x86)/yagarto/bin/../lib/gcc/arm-none-eabi/4.6.2/../../../../arm-none-eabi/lib\libc.a(lib_a-strlen.o)
 .bss           0x00000000        0x0 c:/program files (x86)/yagarto/bin/../lib/gcc/arm-none-eabi/4.6.2/../../../../arm-none-eabi/lib\libc.a(lib_a-strlen.o)
 .data          0x00000000        0x0 c:/program files (x86)/yagarto/bin/../lib/gcc/arm-none-eabi/4.6.2/../../../../arm-none-eabi/lib\libc.a(lib_a-sysgettod.o)
 .bss           0x00000000        0x0 c:/program files (x86)/yagarto/bin/../lib/gcc/arm-none-eabi/4.6.2/../../../../arm-none-eabi/lib\libc.a(lib_a-sysgettod.o)
 .data          0x00000000        0x0 c:/program files (x86)/yagarto/bin/../lib/gcc/arm-none-eabi/4.6.2/../../../../arm-none-eabi/lib\libc.a(lib_a-freer.o)
 .bss           0x00000000        0x0 c:/program files (x86)/yagarto/bin/../lib/gcc/arm-none-eabi/4.6.2/../../../../arm-none-eabi/lib\libc.a(lib_a-freer.o)
 .data          0x00000000        0x0 c:/program files (x86)/yagarto/bin/../lib/gcc/arm-none-eabi/4.6.2/../../../../arm-none-eabi/lib\libc.a(lib_a-gettimeofdayr.o)
 .bss           0x00000000        0x0 c:/program files (x86)/yagarto/bin/../lib/gcc/arm-none-eabi/4.6.2/../../../../arm-none-eabi/lib\libc.a(lib_a-gettimeofdayr.o)
 .text          0x00000000        0x0 c:/program files (x86)/yagarto/bin/../lib/gcc/arm-none-eabi/4.6.2/../../../../arm-none-eabi/lib\libc.a(lib_a-impure.o)
 .bss           0x00000000        0x0 c:/program files (x86)/yagarto/bin/../lib/gcc/arm-none-eabi/4.6.2/../../../../arm-none-eabi/lib\libc.a(lib_a-impure.o)
 .rodata        0x00000000        0x4 c:/program files (x86)/yagarto/bin/../lib/gcc/arm-none-eabi/4.6.2/../../../../arm-none-eabi/lib\libc.a(lib_a-impure.o)
 .text          0x00000000      0x1a8 c:/program files (x86)/yagarto/bin/../lib/gcc/arm-none-eabi/4.6.2/../../../../arm-none-eabi/lib\libc.a(lib_a-reent.o)
 .data          0x00000000        0x0 c:/program files (x86)/yagarto/bin/../lib/gcc/arm-none-eabi/4.6.2/../../../../arm-none-eabi/lib\libc.a(lib_a-reent.o)
 .bss           0x00000000        0x0 c:/program files (x86)/yagarto/bin/../lib/gcc/arm-none-eabi/4.6.2/../../../../arm-none-eabi/lib\libc.a(lib_a-reent.o)

Memory Configuration

Name             Origin             Length             Attributes
ROM              0x00000000         0x00020000         xr
RAM              0x40000000         0x00010000         rw
*default*        0x00000000         0xffffffff

Linker script and memory map

START GROUP
END GROUP
LOAD crt.o
LOAD main.o
LOAD audio.o
LOAD big_font.o
LOAD bloques.o
LOAD CALIBR~1.o
LOAD NT35510.o
LOAD SMALL_~1.o
LOAD vibrador.o
LOAD xpm.o
LOAD xpt2046.o
LOAD galaga.o
LOAD XPMSCH~1.o
LOAD PACMAN~3.o
START GROUP
LOAD c:/program files (x86)/yagarto/bin/../lib/gcc/arm-none-eabi/4.6.2\libgcc.a
LOAD c:/program files (x86)/yagarto/bin/../lib/gcc/arm-none-eabi/4.6.2/../../../../arm-none-eabi/lib\libc.a
END GROUP
                0x00000400                STACK_SIZE = 0x400
                0x40010000                _stack_end = 0x40010000

.text           0x00000000    0x13d28
 //*(.text.startup)
 *(.text)
 .text          0x00000000      0x640 crt.o
                0x00000000                _boot
                0x00000230                _start
                0x00000230                _mainCRTStartup
                0x00000230                start
                0x00000348                _Halt
                0x00000360                _delay_loop
                0x0000036c                _prtnum
                0x00000410                _prthex
                0x00000458                _puts
                0x0000047c                _printf
                0x00000524                _gets
                0x000005ac                _U0putch
                0x000005c4                _U0getch
 .text          0x00000640      0xb54 main.o
                0x0000112c                start_pacmania_music
                0x0000114c                _gettimeofday
                0x00001164                _sbrk
 .text          0x00001194      0x7a8 audio.o
                0x00001194                TIMER0_ISR
                0x00001320                IRQ_Spurious_Routine
                0x00001340                rnd
                0x00001360                PWM0_ISR
                0x000016bc                AUDIO_Timer_On
                0x00001794                PARTITURE_On
                0x0000186c                PARTITURE_Off
                0x00001880                AUDIO_Effect
                0x000018c0                Nota
 .text          0x0000193c      0x1c4 CALIBR~1.o
                0x0000193c                setCalibrationMatrix
                0x00001a80                getDisplayPoint
 .text          0x00001b00     0x295c NT35510.o
                0x00001b00                NT35510_Cmd
                0x00001b2c                NT35510_Data
                0x00001b5c                NT35510_Data_
                0x00001b88                NT35510_Reg
                0x00001bd4                TFT_SetArea
                0x00001cac                TFT_SetAreaR
                0x00001d84                NT35510_ReadCMD
                0x00001e14                TFT_Init
                0x0000366c                TFT_FillArea
                0x000036dc                TFT_PutPixel
                0x000037ac                TFT_PutPixelColor
                0x00003858                TFT_DrawLine
                0x00003938                TFT_HorizontalLine
                0x000039c4                TFT_VerticalLine
                0x00003a38                TFT_DrawSquare
                0x00003aac                TFT_DrawCircle
                0x00003bc4                TFT_FillCircle
                0x00003c4c                TFT_DrawFillSquare
                0x00003cc8                TFT_DrawFillSquareS
                0x00003d3c                TFT_DumpBinaryFont
                0x00003ea8                TFT_putch
                0x00003f68                TFT_print
                0x00003fb4                TFT_print_centered_x
                0x00004028                TFT_putchar
                0x00004070                TFT_putch_xNyN
                0x00004190                TFT_putchar_xNyN
                0x000041dc                TFT_print_xNyN
                0x00004230                TFT_print_centered_x_xNyN
                0x000042b8                TFT_Off
                0x00004338                TFT_On
                0x0000433c                NT35510_WritePage
                0x000043ac                NT35510_ReadPage
 .text          0x0000445c       0xcc vibrador.o
                0x0000445c                TIMER1_ISR
                0x000044a0                VibratorON
 .text          0x00004528      0x73c xpm.o
                0x00004528                _atoi
                0x0000456c                XPM_Extract
                0x00004704                XPM_PintaAll
                0x000047c4                XPM_PintaAt
                0x000048f8                XPM_SetxNyN
                0x00004958                XPM_PintaAtxNyN
 .text          0x00004c64      0x448 xpt2046.o
                0x00004c64                TP_Init
                0x00004ca4                TP_EnviaRecibe
                0x00004ccc                TP_Get_XY
                0x00004dac                TP_Get_XY_Cal
                0x00004e1c                TP_Aspa
                0x00004e7c                TP_Calibrate
 .text          0x000050ac       0x88 galaga.o
                0x000050ac                GetAction
 .text          0x00005134      0x114 c:/program files (x86)/yagarto/bin/../lib/gcc/arm-none-eabi/4.6.2\libgcc.a(_udivsi3.o)
                0x00005134                __aeabi_uidiv
                0x00005134                __udivsi3
                0x00005228                __aeabi_uidivmod
 .text          0x00005248      0x148 c:/program files (x86)/yagarto/bin/../lib/gcc/arm-none-eabi/4.6.2\libgcc.a(_divsi3.o)
                0x00005248                __divsi3
                0x00005248                __aeabi_idiv
                0x00005370                __aeabi_idivmod
 .text          0x00005390        0x4 c:/program files (x86)/yagarto/bin/../lib/gcc/arm-none-eabi/4.6.2\libgcc.a(_dvmd_tls.o)
                0x00005390                __aeabi_idiv0
                0x00005390                __aeabi_ldiv0
 .text          0x00005394       0x40 c:/program files (x86)/yagarto/bin/../lib/gcc/arm-none-eabi/4.6.2/../../../../arm-none-eabi/lib\libc.a(lib_a-malloc.o)
                0x00005394                malloc
                0x000053b4                free
 .text          0x000053d4      0x714 c:/program files (x86)/yagarto/bin/../lib/gcc/arm-none-eabi/4.6.2/../../../../arm-none-eabi/lib\libc.a(lib_a-mallocr.o)
                0x000053d4                _malloc_r
 .text          0x00005ae8       0xf0 c:/program files (x86)/yagarto/bin/../lib/gcc/arm-none-eabi/4.6.2/../../../../arm-none-eabi/lib\libc.a(lib_a-memset.o)
                0x00005ae8                memset
 .text          0x00005bd8        0x8 c:/program files (x86)/yagarto/bin/../lib/gcc/arm-none-eabi/4.6.2/../../../../arm-none-eabi/lib\libc.a(lib_a-mlock.o)
                0x00005bd8                __malloc_lock
                0x00005bdc                __malloc_unlock
 .text          0x00005be0       0x78 c:/program files (x86)/yagarto/bin/../lib/gcc/arm-none-eabi/4.6.2/../../../../arm-none-eabi/lib\libc.a(lib_a-rand.o)
                0x00005be0                srand
                0x00005bfc                rand
 .text          0x00005c58       0x40 c:/program files (x86)/yagarto/bin/../lib/gcc/arm-none-eabi/4.6.2/../../../../arm-none-eabi/lib\libc.a(lib_a-sbrkr.o)
                0x00005c58                _sbrk_r
 .text          0x00005c98       0x60 c:/program files (x86)/yagarto/bin/../lib/gcc/arm-none-eabi/4.6.2/../../../../arm-none-eabi/lib\libc.a(lib_a-strlen.o)
                0x00005c98                strlen
 .text          0x00005cf8       0x28 c:/program files (x86)/yagarto/bin/../lib/gcc/arm-none-eabi/4.6.2/../../../../arm-none-eabi/lib\libc.a(lib_a-sysgettod.o)
                0x00005cf8                gettimeofday
 .text          0x00005d20      0x360 c:/program files (x86)/yagarto/bin/../lib/gcc/arm-none-eabi/4.6.2/../../../../arm-none-eabi/lib\libc.a(lib_a-freer.o)
                0x00005d20                _malloc_trim_r
                0x00005e1c                _free_r
 .text          0x00006080       0x40 c:/program files (x86)/yagarto/bin/../lib/gcc/arm-none-eabi/4.6.2/../../../../arm-none-eabi/lib\libc.a(lib_a-gettimeofdayr.o)
                0x00006080                _gettimeofday_r
 *(.text.startup)
 .text.startup  0x000060c0      0x990 main.o
                0x000060c0                main
 *(.rodata)
 .rodata        0x00006a50      0x268 main.o
 .rodata        0x00006cb8      0x200 audio.o
                0x00006cb8                TABLA_SINUS_WAVE
 .rodata        0x00006eb8      0xbe5 big_font.o
                0x00006eb8                BigFont
 *(.rodata*)
 .rodata.str1.1
                0x00007a9d       0x63 main.o
 .rodata.str1.1
                0x00007b00       0x26 audio.o
 .rodata.str1.1
                0x00007b26       0x9c NT35510.o
                                 0xae (size before relaxing)
 .rodata.str1.1
                0x00007bc2       0x1f xpm.o
 .rodata.str1.1
                0x00007be1       0x8c xpt2046.o
                                 0x96 (size before relaxing)
 .rodata.str1.1
                0x00007c6d     0xc0b6 XPMSCH~1.o
 *fill*         0x00013d23        0x1 00
 .rodata.str1.4
                0x00013d24        0x4 c:/program files (x86)/yagarto/bin/../lib/gcc/arm-none-eabi/4.6.2/../../../../arm-none-eabi/lib\libc.a(lib_a-impure.o)
 *(.glue_7)
 .glue_7        0x00000000        0x0 linker stubs
 *(.glue_7t)
 .glue_7t       0x00000000        0x0 linker stubs

.vfp11_veneer   0x00013d28        0x0
 .vfp11_veneer  0x00000000        0x0 linker stubs

.v4_bx          0x00013d28        0x0
 .v4_bx         0x00000000        0x0 linker stubs
                0x00013d28                . = ALIGN (0x4)

.ctors          0x00013d28        0x0
                0x00013d28                PROVIDE (__ctors_start__, .)
 *(SORT(.ctors.*))
 *(.ctors)
                0x00013d28                PROVIDE (__ctors_end__, .)

.dtors          0x00013d28        0x0
                0x00013d28                PROVIDE (__dtors_start__, .)
 *(SORT(.dtors.*))
 *(.dtors)
                0x00013d28                PROVIDE (__dtors_end__, .)
                0x00013d28                . = ALIGN (0x4)
                0x00013d28                _etext = .
                0x00013d28                PROVIDE (etext, .)

.data           0x40000000     0x1078 load address 0x00013d28
                0x40000000                _data = .
 *(.data)
 .data          0x40000000        0x8 crt.o
                0x40000000                _vputch
                0x40000004                _vgetch
 .data          0x40000008        0x5 main.o
 *fill*         0x4000000d        0x3 00
 .data          0x40000010      0x124 audio.o
                0x40000010                NOTE
 .data          0x40000134       0x10 NT35510.o
                0x40000134                FG_Color
                0x40000138                CF
                0x4000013c                xN
                0x40000140                yN
 .data          0x40000144       0x10 xpm.o
                0x40000144                xpm_xn
                0x40000148                xpm_yn
                0x4000014c                xpm_sxn
                0x40000150                xpm_syn
 .data          0x40000154       0x20 xpt2046.o
                0x40000154                X_SINPULSAR
                0x40000158                Cal
 .data          0x40000174      0x3a4 XPMSCH~1.o
                0x40000174                pacman
 .data          0x40000518      0x320 PACMAN~3.o
                0x40000518                galaga_intro_txt_rows
                0x4000051c                PARTITURE_galaga_intro_txt
                0x4000062c                PARTITURE
 .data          0x40000838      0x410 c:/program files (x86)/yagarto/bin/../lib/gcc/arm-none-eabi/4.6.2/../../../../arm-none-eabi/lib\libc.a(lib_a-mallocr.o)
                0x40000838                __malloc_av_
                0x40000c40                __malloc_sbrk_base
                0x40000c44                __malloc_trim_threshold
 .data          0x40000c48      0x430 c:/program files (x86)/yagarto/bin/../lib/gcc/arm-none-eabi/4.6.2/../../../../arm-none-eabi/lib\libc.a(lib_a-impure.o)
                0x40000c48                _impure_ptr
                0x40001078                . = ALIGN (0x4)
                0x40001078                _edata = .
                0x40001078                PROVIDE (edata, .)

.bss            0x40001078      0x498 load address 0x00014da0
                0x40001078                __bss_start = .
                0x40001078                __bss_start__ = .
 *(.bss)
 .bss           0x40001078      0x310 main.o
 .bss           0x40001388       0x38 audio.o
                0x40001388                cont
                0x4000138c                Fase1
                0x4000138e                Fase2
                0x40001390                Fase3
                0x40001392                Fase4
                0x400013a4                expl
                0x400013a8                exCount
                0x400013ac                fase
                0x400013b0                defecto
                0x400013bc                silence
 .bss           0x400013c0        0x2 NT35510.o
                0x400013c0                BG_Color
 *fill*         0x400013c2        0x2 00
 .bss           0x400013c4        0x4 xpm.o
                0x400013c4                xpm_xmirror
 .bss           0x400013c8       0x34 c:/program files (x86)/yagarto/bin/../lib/gcc/arm-none-eabi/4.6.2/../../../../arm-none-eabi/lib\libc.a(lib_a-mallocr.o)
                0x400013c8                __malloc_top_pad
                0x400013cc                __malloc_current_mallinfo
                0x400013f4                __malloc_max_sbrked_mem
                0x400013f8                __malloc_max_total_mem
 *(COMMON)
 COMMON         0x400013fc       0x23 audio.o
                0x400013fc                nota1
                0x400013fe                freq
                0x40001400                Next
                0x40001404                Part
                0x40001408                delta_fase
                0x4000140a                Delta_Fase2
                0x4000140c                Delta_Fase1
                0x4000140e                Delta_Fase3
                0x40001410                nota2
                0x40001414                effectType
                0x40001418                nota3
                0x4000141a                Delta_Fase4
                0x4000141c                nota4
                0x4000141e                Amplitud1
 *fill*         0x4000141f        0x1 00
 COMMON         0x40001420       0x10 NT35510.o
                0x40001420                tft_x
                0x40001424                LENX
                0x40001428                tft_y
                0x4000142c                LENY
 COMMON         0x40001430       0xdc xpm.o
                0x40001430                paleta
                0x400014f0                xpm_sy
                0x400014f4                xpm_ncol
                0x400014f8                teselas_x
                0x400014fc                xpm_cpp
                0x40001500                xpm_ancho
                0x40001504                xpm_sx
                0x40001508                xpm_alto
 COMMON         0x4000150c        0x4 c:/program files (x86)/yagarto/bin/../lib/gcc/arm-none-eabi/4.6.2/../../../../arm-none-eabi/lib\libc.a(lib_a-reent.o)
                0x4000150c                errno
                0x40001510                . = ALIGN (0x4)
                0x40001510                . = ALIGN (0x4)
                0x40001510                __bss_end__ = .
                0x40001510                PROVIDE (__bss_end, .)

.stack          0x40001510      0x4f0 load address 0x00015238
                0x40001600                . = ALIGN (0x100)
 *fill*         0x40001510       0xf0 00
                0x40001a00                . = (. + STACK_SIZE)
 *fill*         0x40001600      0x400 00
                0x40001a00                PROVIDE (_stack, .)
                0x40001a00                _end = .
                0x40001a00                PROVIDE (end, .)

.stab
 *(.stab)

.stabstr
 *(.stabstr)

.stab.excl
 *(.stab.excl)

.stab.exclstr
 *(.stab.exclstr)

.stab.index
 *(.stab.index)

.stab.indexstr
 *(.stab.indexstr)

.ARM.attributes
                0x00000000       0x2e
 .ARM.attributes
                0x00000000       0x22 crt.o
 .ARM.attributes
                0x00000022       0x32 main.o
 .ARM.attributes
                0x00000054       0x32 audio.o
 .ARM.attributes
                0x00000086       0x32 big_font.o
 .ARM.attributes
                0x000000b8       0x32 bloques.o
 .ARM.attributes
                0x000000ea       0x32 CALIBR~1.o
 .ARM.attributes
                0x0000011c       0x32 NT35510.o
 .ARM.attributes
                0x0000014e       0x32 SMALL_~1.o
 .ARM.attributes
                0x00000180       0x32 vibrador.o
 .ARM.attributes
                0x000001b2       0x32 xpm.o
 .ARM.attributes
                0x000001e4       0x32 xpt2046.o
 .ARM.attributes
                0x00000216       0x32 galaga.o
 .ARM.attributes
                0x00000248       0x32 XPMSCH~1.o
 .ARM.attributes
                0x0000027a       0x32 PACMAN~3.o
 .ARM.attributes
                0x000002ac       0x1a c:/program files (x86)/yagarto/bin/../lib/gcc/arm-none-eabi/4.6.2\libgcc.a(_udivsi3.o)
 .ARM.attributes
                0x000002c6       0x1a c:/program files (x86)/yagarto/bin/../lib/gcc/arm-none-eabi/4.6.2\libgcc.a(_divsi3.o)
 .ARM.attributes
                0x000002e0       0x18 c:/program files (x86)/yagarto/bin/../lib/gcc/arm-none-eabi/4.6.2\libgcc.a(_dvmd_tls.o)
 .ARM.attributes
                0x000002f8       0x32 c:/program files (x86)/yagarto/bin/../lib/gcc/arm-none-eabi/4.6.2/../../../../arm-none-eabi/lib\libc.a(lib_a-malloc.o)
 .ARM.attributes
                0x0000032a       0x32 c:/program files (x86)/yagarto/bin/../lib/gcc/arm-none-eabi/4.6.2/../../../../arm-none-eabi/lib\libc.a(lib_a-mallocr.o)
 .ARM.attributes
                0x0000035c       0x32 c:/program files (x86)/yagarto/bin/../lib/gcc/arm-none-eabi/4.6.2/../../../../arm-none-eabi/lib\libc.a(lib_a-memset.o)
 .ARM.attributes
                0x0000038e       0x32 c:/program files (x86)/yagarto/bin/../lib/gcc/arm-none-eabi/4.6.2/../../../../arm-none-eabi/lib\libc.a(lib_a-mlock.o)
 .ARM.attributes
                0x000003c0       0x32 c:/program files (x86)/yagarto/bin/../lib/gcc/arm-none-eabi/4.6.2/../../../../arm-none-eabi/lib\libc.a(lib_a-rand.o)
 .ARM.attributes
                0x000003f2       0x32 c:/program files (x86)/yagarto/bin/../lib/gcc/arm-none-eabi/4.6.2/../../../../arm-none-eabi/lib\libc.a(lib_a-sbrkr.o)
 .ARM.attributes
                0x00000424       0x32 c:/program files (x86)/yagarto/bin/../lib/gcc/arm-none-eabi/4.6.2/../../../../arm-none-eabi/lib\libc.a(lib_a-strlen.o)
 .ARM.attributes
                0x00000456       0x32 c:/program files (x86)/yagarto/bin/../lib/gcc/arm-none-eabi/4.6.2/../../../../arm-none-eabi/lib\libc.a(lib_a-sysgettod.o)
 .ARM.attributes
                0x00000488       0x32 c:/program files (x86)/yagarto/bin/../lib/gcc/arm-none-eabi/4.6.2/../../../../arm-none-eabi/lib\libc.a(lib_a-freer.o)
 .ARM.attributes
                0x000004ba       0x32 c:/program files (x86)/yagarto/bin/../lib/gcc/arm-none-eabi/4.6.2/../../../../arm-none-eabi/lib\libc.a(lib_a-gettimeofdayr.o)
 .ARM.attributes
                0x000004ec       0x32 c:/program files (x86)/yagarto/bin/../lib/gcc/arm-none-eabi/4.6.2/../../../../arm-none-eabi/lib\libc.a(lib_a-impure.o)
 .ARM.attributes
                0x0000051e       0x32 c:/program files (x86)/yagarto/bin/../lib/gcc/arm-none-eabi/4.6.2/../../../../arm-none-eabi/lib\libc.a(lib_a-reent.o)

.comment        0x00000000       0x11
 *(.comment)
 .comment       0x00000000       0x11 main.o
                                 0x12 (size before relaxing)
 .comment       0x00000000       0x12 audio.o
 .comment       0x00000000       0x12 big_font.o
 .comment       0x00000000       0x12 bloques.o
 .comment       0x00000000       0x12 CALIBR~1.o
 .comment       0x00000000       0x12 NT35510.o
 .comment       0x00000000       0x12 SMALL_~1.o
 .comment       0x00000000       0x12 vibrador.o
 .comment       0x00000000       0x12 xpm.o
 .comment       0x00000000       0x12 xpt2046.o
 .comment       0x00000000       0x12 galaga.o
 .comment       0x00000000       0x12 XPMSCH~1.o
 .comment       0x00000000       0x12 PACMAN~3.o
 .comment       0x00000000       0x12 c:/program files (x86)/yagarto/bin/../lib/gcc/arm-none-eabi/4.6.2/../../../../arm-none-eabi/lib\libc.a(lib_a-malloc.o)
 .comment       0x00000000       0x12 c:/program files (x86)/yagarto/bin/../lib/gcc/arm-none-eabi/4.6.2/../../../../arm-none-eabi/lib\libc.a(lib_a-mallocr.o)
 .comment       0x00000000       0x12 c:/program files (x86)/yagarto/bin/../lib/gcc/arm-none-eabi/4.6.2/../../../../arm-none-eabi/lib\libc.a(lib_a-memset.o)
 .comment       0x00000000       0x12 c:/program files (x86)/yagarto/bin/../lib/gcc/arm-none-eabi/4.6.2/../../../../arm-none-eabi/lib\libc.a(lib_a-mlock.o)
 .comment       0x00000000       0x12 c:/program files (x86)/yagarto/bin/../lib/gcc/arm-none-eabi/4.6.2/../../../../arm-none-eabi/lib\libc.a(lib_a-rand.o)
 .comment       0x00000000       0x12 c:/program files (x86)/yagarto/bin/../lib/gcc/arm-none-eabi/4.6.2/../../../../arm-none-eabi/lib\libc.a(lib_a-sbrkr.o)
 .comment       0x00000000       0x12 c:/program files (x86)/yagarto/bin/../lib/gcc/arm-none-eabi/4.6.2/../../../../arm-none-eabi/lib\libc.a(lib_a-strlen.o)
 .comment       0x00000000       0x12 c:/program files (x86)/yagarto/bin/../lib/gcc/arm-none-eabi/4.6.2/../../../../arm-none-eabi/lib\libc.a(lib_a-sysgettod.o)
 .comment       0x00000000       0x12 c:/program files (x86)/yagarto/bin/../lib/gcc/arm-none-eabi/4.6.2/../../../../arm-none-eabi/lib\libc.a(lib_a-freer.o)
 .comment       0x00000000       0x12 c:/program files (x86)/yagarto/bin/../lib/gcc/arm-none-eabi/4.6.2/../../../../arm-none-eabi/lib\libc.a(lib_a-gettimeofdayr.o)
 .comment       0x00000000       0x12 c:/program files (x86)/yagarto/bin/../lib/gcc/arm-none-eabi/4.6.2/../../../../arm-none-eabi/lib\libc.a(lib_a-impure.o)
 .comment       0x00000000       0x12 c:/program files (x86)/yagarto/bin/../lib/gcc/arm-none-eabi/4.6.2/../../../../arm-none-eabi/lib\libc.a(lib_a-reent.o)

.debug
 *(.debug)

.line
 *(.line)

.debug_srcinfo
 *(.debug_srcinfo)

.debug_sfnames
 *(.debug_sfnames)

.debug_aranges  0x00000000      0x2e8
 *(.debug_aranges)
 .debug_aranges
                0x00000000       0x20 crt.o
 .debug_aranges
                0x00000020       0x28 main.o
 .debug_aranges
                0x00000048       0x20 audio.o
 .debug_aranges
                0x00000068       0x20 CALIBR~1.o
 .debug_aranges
                0x00000088       0x20 NT35510.o
 .debug_aranges
                0x000000a8       0x20 vibrador.o
 .debug_aranges
                0x000000c8       0x20 xpm.o
 .debug_aranges
                0x000000e8       0x20 xpt2046.o
 .debug_aranges
                0x00000108       0x20 galaga.o
 .debug_aranges
                0x00000128       0x20 c:/program files (x86)/yagarto/bin/../lib/gcc/arm-none-eabi/4.6.2\libgcc.a(_udivsi3.o)
 .debug_aranges
                0x00000148       0x20 c:/program files (x86)/yagarto/bin/../lib/gcc/arm-none-eabi/4.6.2\libgcc.a(_divsi3.o)
 .debug_aranges
                0x00000168       0x20 c:/program files (x86)/yagarto/bin/../lib/gcc/arm-none-eabi/4.6.2\libgcc.a(_dvmd_tls.o)
 .debug_aranges
                0x00000188       0x20 c:/program files (x86)/yagarto/bin/../lib/gcc/arm-none-eabi/4.6.2/../../../../arm-none-eabi/lib\libc.a(lib_a-malloc.o)
 .debug_aranges
                0x000001a8       0x20 c:/program files (x86)/yagarto/bin/../lib/gcc/arm-none-eabi/4.6.2/../../../../arm-none-eabi/lib\libc.a(lib_a-mallocr.o)
 .debug_aranges
                0x000001c8       0x20 c:/program files (x86)/yagarto/bin/../lib/gcc/arm-none-eabi/4.6.2/../../../../arm-none-eabi/lib\libc.a(lib_a-memset.o)
 .debug_aranges
                0x000001e8       0x20 c:/program files (x86)/yagarto/bin/../lib/gcc/arm-none-eabi/4.6.2/../../../../arm-none-eabi/lib\libc.a(lib_a-mlock.o)
 .debug_aranges
                0x00000208       0x20 c:/program files (x86)/yagarto/bin/../lib/gcc/arm-none-eabi/4.6.2/../../../../arm-none-eabi/lib\libc.a(lib_a-rand.o)
 .debug_aranges
                0x00000228       0x20 c:/program files (x86)/yagarto/bin/../lib/gcc/arm-none-eabi/4.6.2/../../../../arm-none-eabi/lib\libc.a(lib_a-sbrkr.o)
 .debug_aranges
                0x00000248       0x20 c:/program files (x86)/yagarto/bin/../lib/gcc/arm-none-eabi/4.6.2/../../../../arm-none-eabi/lib\libc.a(lib_a-strlen.o)
 .debug_aranges
                0x00000268       0x20 c:/program files (x86)/yagarto/bin/../lib/gcc/arm-none-eabi/4.6.2/../../../../arm-none-eabi/lib\libc.a(lib_a-sysgettod.o)
 .debug_aranges
                0x00000288       0x20 c:/program files (x86)/yagarto/bin/../lib/gcc/arm-none-eabi/4.6.2/../../../../arm-none-eabi/lib\libc.a(lib_a-freer.o)
 .debug_aranges
                0x000002a8       0x20 c:/program files (x86)/yagarto/bin/../lib/gcc/arm-none-eabi/4.6.2/../../../../arm-none-eabi/lib\libc.a(lib_a-gettimeofdayr.o)
 .debug_aranges
                0x000002c8       0x20 c:/program files (x86)/yagarto/bin/../lib/gcc/arm-none-eabi/4.6.2/../../../../arm-none-eabi/lib\libc.a(lib_a-reent.o)

.debug_pubnames
 *(.debug_pubnames)

.debug_info     0x00000000     0x9f72
 *(.debug_info .gnu.linkonce.wi.*)
 .debug_info    0x00000000       0x70 crt.o
 .debug_info    0x00000070     0x101d main.o
 .debug_info    0x0000108d      0x592 audio.o
 .debug_info    0x0000161f       0x5c big_font.o
 .debug_info    0x0000167b       0x5c bloques.o
 .debug_info    0x000016d7      0x1e4 CALIBR~1.o
 .debug_info    0x000018bb      0xe0d NT35510.o
 .debug_info    0x000026c8       0x5c SMALL_~1.o
 .debug_info    0x00002724       0xc0 vibrador.o
 .debug_info    0x000027e4      0x56e xpm.o
 .debug_info    0x00002d52      0x37a xpt2046.o
 .debug_info    0x000030cc       0xb6 galaga.o
 .debug_info    0x00003182       0x5c XPMSCH~1.o
 .debug_info    0x000031de      0x27f PACMAN~3.o
 .debug_info    0x0000345d       0x98 c:/program files (x86)/yagarto/bin/../lib/gcc/arm-none-eabi/4.6.2\libgcc.a(_udivsi3.o)
 .debug_info    0x000034f5       0x98 c:/program files (x86)/yagarto/bin/../lib/gcc/arm-none-eabi/4.6.2\libgcc.a(_divsi3.o)
 .debug_info    0x0000358d       0x98 c:/program files (x86)/yagarto/bin/../lib/gcc/arm-none-eabi/4.6.2\libgcc.a(_dvmd_tls.o)
 .debug_info    0x00003625      0x9a7 c:/program files (x86)/yagarto/bin/../lib/gcc/arm-none-eabi/4.6.2/../../../../arm-none-eabi/lib\libc.a(lib_a-malloc.o)
 .debug_info    0x00003fcc      0xd6b c:/program files (x86)/yagarto/bin/../lib/gcc/arm-none-eabi/4.6.2/../../../../arm-none-eabi/lib\libc.a(lib_a-mallocr.o)
 .debug_info    0x00004d37      0x116 c:/program files (x86)/yagarto/bin/../lib/gcc/arm-none-eabi/4.6.2/../../../../arm-none-eabi/lib\libc.a(lib_a-memset.o)
 .debug_info    0x00004e4d      0x980 c:/program files (x86)/yagarto/bin/../lib/gcc/arm-none-eabi/4.6.2/../../../../arm-none-eabi/lib\libc.a(lib_a-mlock.o)
 .debug_info    0x000057cd      0x985 c:/program files (x86)/yagarto/bin/../lib/gcc/arm-none-eabi/4.6.2/../../../../arm-none-eabi/lib\libc.a(lib_a-rand.o)
 .debug_info    0x00006152      0x9ac c:/program files (x86)/yagarto/bin/../lib/gcc/arm-none-eabi/4.6.2/../../../../arm-none-eabi/lib\libc.a(lib_a-sbrkr.o)
 .debug_info    0x00006afe       0xb1 c:/program files (x86)/yagarto/bin/../lib/gcc/arm-none-eabi/4.6.2/../../../../arm-none-eabi/lib\libc.a(lib_a-strlen.o)
 .debug_info    0x00006baf      0x9c8 c:/program files (x86)/yagarto/bin/../lib/gcc/arm-none-eabi/4.6.2/../../../../arm-none-eabi/lib\libc.a(lib_a-sysgettod.o)
 .debug_info    0x00007577      0xc40 c:/program files (x86)/yagarto/bin/../lib/gcc/arm-none-eabi/4.6.2/../../../../arm-none-eabi/lib\libc.a(lib_a-freer.o)
 .debug_info    0x000081b7      0x9f1 c:/program files (x86)/yagarto/bin/../lib/gcc/arm-none-eabi/4.6.2/../../../../arm-none-eabi/lib\libc.a(lib_a-gettimeofdayr.o)
 .debug_info    0x00008ba8      0x966 c:/program files (x86)/yagarto/bin/../lib/gcc/arm-none-eabi/4.6.2/../../../../arm-none-eabi/lib\libc.a(lib_a-impure.o)
 .debug_info    0x0000950e      0xa64 c:/program files (x86)/yagarto/bin/../lib/gcc/arm-none-eabi/4.6.2/../../../../arm-none-eabi/lib\libc.a(lib_a-reent.o)

.debug_abbrev   0x00000000     0x1f7b
 *(.debug_abbrev)
 .debug_abbrev  0x00000000       0x14 crt.o
 .debug_abbrev  0x00000014      0x37c main.o
 .debug_abbrev  0x00000390      0x171 audio.o
 .debug_abbrev  0x00000501       0x49 big_font.o
 .debug_abbrev  0x0000054a       0x4b bloques.o
 .debug_abbrev  0x00000595       0xe8 CALIBR~1.o
 .debug_abbrev  0x0000067d      0x2c2 NT35510.o
 .debug_abbrev  0x0000093f       0x49 SMALL_~1.o
 .debug_abbrev  0x00000988       0x70 vibrador.o
 .debug_abbrev  0x000009f8       0xd3 xpm.o
 .debug_abbrev  0x00000acb      0x18e xpt2046.o
 .debug_abbrev  0x00000c59       0x4e galaga.o
 .debug_abbrev  0x00000ca7       0x4b XPMSCH~1.o
 .debug_abbrev  0x00000cf2       0x65 PACMAN~3.o
 .debug_abbrev  0x00000d57       0x14 c:/program files (x86)/yagarto/bin/../lib/gcc/arm-none-eabi/4.6.2\libgcc.a(_udivsi3.o)
 .debug_abbrev  0x00000d6b       0x14 c:/program files (x86)/yagarto/bin/../lib/gcc/arm-none-eabi/4.6.2\libgcc.a(_divsi3.o)
 .debug_abbrev  0x00000d7f       0x14 c:/program files (x86)/yagarto/bin/../lib/gcc/arm-none-eabi/4.6.2\libgcc.a(_dvmd_tls.o)
 .debug_abbrev  0x00000d93      0x196 c:/program files (x86)/yagarto/bin/../lib/gcc/arm-none-eabi/4.6.2/../../../../arm-none-eabi/lib\libc.a(lib_a-malloc.o)
 .debug_abbrev  0x00000f29      0x233 c:/program files (x86)/yagarto/bin/../lib/gcc/arm-none-eabi/4.6.2/../../../../arm-none-eabi/lib\libc.a(lib_a-mallocr.o)
 .debug_abbrev  0x0000115c       0x8d c:/program files (x86)/yagarto/bin/../lib/gcc/arm-none-eabi/4.6.2/../../../../arm-none-eabi/lib\libc.a(lib_a-memset.o)
 .debug_abbrev  0x000011e9      0x179 c:/program files (x86)/yagarto/bin/../lib/gcc/arm-none-eabi/4.6.2/../../../../arm-none-eabi/lib\libc.a(lib_a-mlock.o)
 .debug_abbrev  0x00001362      0x194 c:/program files (x86)/yagarto/bin/../lib/gcc/arm-none-eabi/4.6.2/../../../../arm-none-eabi/lib\libc.a(lib_a-rand.o)
 .debug_abbrev  0x000014f6      0x1b0 c:/program files (x86)/yagarto/bin/../lib/gcc/arm-none-eabi/4.6.2/../../../../arm-none-eabi/lib\libc.a(lib_a-sbrkr.o)
 .debug_abbrev  0x000016a6       0x6d c:/program files (x86)/yagarto/bin/../lib/gcc/arm-none-eabi/4.6.2/../../../../arm-none-eabi/lib\libc.a(lib_a-strlen.o)
 .debug_abbrev  0x00001713      0x17f c:/program files (x86)/yagarto/bin/../lib/gcc/arm-none-eabi/4.6.2/../../../../arm-none-eabi/lib\libc.a(lib_a-sysgettod.o)
 .debug_abbrev  0x00001892      0x1ea c:/program files (x86)/yagarto/bin/../lib/gcc/arm-none-eabi/4.6.2/../../../../arm-none-eabi/lib\libc.a(lib_a-freer.o)
 .debug_abbrev  0x00001a7c      0x1b3 c:/program files (x86)/yagarto/bin/../lib/gcc/arm-none-eabi/4.6.2/../../../../arm-none-eabi/lib\libc.a(lib_a-gettimeofdayr.o)
 .debug_abbrev  0x00001c2f      0x166 c:/program files (x86)/yagarto/bin/../lib/gcc/arm-none-eabi/4.6.2/../../../../arm-none-eabi/lib\libc.a(lib_a-impure.o)
 .debug_abbrev  0x00001d95      0x1e6 c:/program files (x86)/yagarto/bin/../lib/gcc/arm-none-eabi/4.6.2/../../../../arm-none-eabi/lib\libc.a(lib_a-reent.o)

.debug_line     0x00000000     0x24d4
 *(.debug_line)
 .debug_line    0x00000000      0x18b crt.o
 .debug_line    0x0000018b      0x4b0 main.o
 .debug_line    0x0000063b       0xf8 audio.o
 .debug_line    0x00000733       0x2e big_font.o
 .debug_line    0x00000761       0x2d bloques.o
 .debug_line    0x0000078e       0xa2 CALIBR~1.o
 .debug_line    0x00000830      0x4df NT35510.o
 .debug_line    0x00000d0f       0x30 SMALL_~1.o
 .debug_line    0x00000d3f       0x4f vibrador.o
 .debug_line    0x00000d8e      0x1fd xpm.o
 .debug_line    0x00000f8b       0xf3 xpt2046.o
 .debug_line    0x0000107e       0x4b galaga.o
 .debug_line    0x000010c9       0x30 XPMSCH~1.o
 .debug_line    0x000010f9       0x36 PACMAN~3.o
 .debug_line    0x0000112f       0x93 c:/program files (x86)/yagarto/bin/../lib/gcc/arm-none-eabi/4.6.2\libgcc.a(_udivsi3.o)
 .debug_line    0x000011c2       0x9f c:/program files (x86)/yagarto/bin/../lib/gcc/arm-none-eabi/4.6.2\libgcc.a(_divsi3.o)
 .debug_line    0x00001261       0x6a c:/program files (x86)/yagarto/bin/../lib/gcc/arm-none-eabi/4.6.2\libgcc.a(_dvmd_tls.o)
 .debug_line    0x000012cb      0x171 c:/program files (x86)/yagarto/bin/../lib/gcc/arm-none-eabi/4.6.2/../../../../arm-none-eabi/lib\libc.a(lib_a-malloc.o)
 .debug_line    0x0000143c      0x2d1 c:/program files (x86)/yagarto/bin/../lib/gcc/arm-none-eabi/4.6.2/../../../../arm-none-eabi/lib\libc.a(lib_a-mallocr.o)
 .debug_line    0x0000170d      0x180 c:/program files (x86)/yagarto/bin/../lib/gcc/arm-none-eabi/4.6.2/../../../../arm-none-eabi/lib\libc.a(lib_a-memset.o)
 .debug_line    0x0000188d      0x122 c:/program files (x86)/yagarto/bin/../lib/gcc/arm-none-eabi/4.6.2/../../../../arm-none-eabi/lib\libc.a(lib_a-mlock.o)
 .debug_line    0x000019af      0x16d c:/program files (x86)/yagarto/bin/../lib/gcc/arm-none-eabi/4.6.2/../../../../arm-none-eabi/lib\libc.a(lib_a-rand.o)
 .debug_line    0x00001b1c      0x174 c:/program files (x86)/yagarto/bin/../lib/gcc/arm-none-eabi/4.6.2/../../../../arm-none-eabi/lib\libc.a(lib_a-sbrkr.o)
 .debug_line    0x00001c90      0x111 c:/program files (x86)/yagarto/bin/../lib/gcc/arm-none-eabi/4.6.2/../../../../arm-none-eabi/lib\libc.a(lib_a-strlen.o)
 .debug_line    0x00001da1      0x13f c:/program files (x86)/yagarto/bin/../lib/gcc/arm-none-eabi/4.6.2/../../../../arm-none-eabi/lib\libc.a(lib_a-sysgettod.o)
 .debug_line    0x00001ee0      0x1e8 c:/program files (x86)/yagarto/bin/../lib/gcc/arm-none-eabi/4.6.2/../../../../arm-none-eabi/lib\libc.a(lib_a-freer.o)
 .debug_line    0x000020c8      0x194 c:/program files (x86)/yagarto/bin/../lib/gcc/arm-none-eabi/4.6.2/../../../../arm-none-eabi/lib\libc.a(lib_a-gettimeofdayr.o)
 .debug_line    0x0000225c      0x110 c:/program files (x86)/yagarto/bin/../lib/gcc/arm-none-eabi/4.6.2/../../../../arm-none-eabi/lib\libc.a(lib_a-impure.o)
 .debug_line    0x0000236c      0x168 c:/program files (x86)/yagarto/bin/../lib/gcc/arm-none-eabi/4.6.2/../../../../arm-none-eabi/lib\libc.a(lib_a-reent.o)

.debug_frame    0x00000000      0xb18
 *(.debug_frame)
 .debug_frame   0x00000000      0x178 main.o
 .debug_frame   0x00000178       0xf0 audio.o
 .debug_frame   0x00000268       0x5c CALIBR~1.o
 .debug_frame   0x000002c4      0x3d0 NT35510.o
 .debug_frame   0x00000694       0x3c vibrador.o
 .debug_frame   0x000006d0       0xcc xpm.o
 .debug_frame   0x0000079c       0xb4 xpt2046.o
 .debug_frame   0x00000850       0x28 galaga.o
 .debug_frame   0x00000878       0x20 c:/program files (x86)/yagarto/bin/../lib/gcc/arm-none-eabi/4.6.2\libgcc.a(_udivsi3.o)
 .debug_frame   0x00000898       0x20 c:/program files (x86)/yagarto/bin/../lib/gcc/arm-none-eabi/4.6.2\libgcc.a(_divsi3.o)
 .debug_frame   0x000008b8       0x40 c:/program files (x86)/yagarto/bin/../lib/gcc/arm-none-eabi/4.6.2/../../../../arm-none-eabi/lib\libc.a(lib_a-malloc.o)
 .debug_frame   0x000008f8       0x38 c:/program files (x86)/yagarto/bin/../lib/gcc/arm-none-eabi/4.6.2/../../../../arm-none-eabi/lib\libc.a(lib_a-mallocr.o)
 .debug_frame   0x00000930       0x28 c:/program files (x86)/yagarto/bin/../lib/gcc/arm-none-eabi/4.6.2/../../../../arm-none-eabi/lib\libc.a(lib_a-memset.o)
 .debug_frame   0x00000958       0x30 c:/program files (x86)/yagarto/bin/../lib/gcc/arm-none-eabi/4.6.2/../../../../arm-none-eabi/lib\libc.a(lib_a-mlock.o)
 .debug_frame   0x00000988       0x38 c:/program files (x86)/yagarto/bin/../lib/gcc/arm-none-eabi/4.6.2/../../../../arm-none-eabi/lib\libc.a(lib_a-rand.o)
 .debug_frame   0x000009c0       0x2c c:/program files (x86)/yagarto/bin/../lib/gcc/arm-none-eabi/4.6.2/../../../../arm-none-eabi/lib\libc.a(lib_a-sbrkr.o)
 .debug_frame   0x000009ec       0x20 c:/program files (x86)/yagarto/bin/../lib/gcc/arm-none-eabi/4.6.2/../../../../arm-none-eabi/lib\libc.a(lib_a-strlen.o)
 .debug_frame   0x00000a0c       0x28 c:/program files (x86)/yagarto/bin/../lib/gcc/arm-none-eabi/4.6.2/../../../../arm-none-eabi/lib\libc.a(lib_a-sysgettod.o)
 .debug_frame   0x00000a34       0x50 c:/program files (x86)/yagarto/bin/../lib/gcc/arm-none-eabi/4.6.2/../../../../arm-none-eabi/lib\libc.a(lib_a-freer.o)
 .debug_frame   0x00000a84       0x2c c:/program files (x86)/yagarto/bin/../lib/gcc/arm-none-eabi/4.6.2/../../../../arm-none-eabi/lib\libc.a(lib_a-gettimeofdayr.o)
 .debug_frame   0x00000ab0       0x68 c:/program files (x86)/yagarto/bin/../lib/gcc/arm-none-eabi/4.6.2/../../../../arm-none-eabi/lib\libc.a(lib_a-reent.o)

.debug_str      0x00000000     0x14ec
 *(.debug_str)
 .debug_str     0x00000000      0x499 main.o
                                0x4fb (size before relaxing)
 .debug_str     0x00000499      0x151 audio.o
                                0x256 (size before relaxing)
 .debug_str     0x000005ea        0xe big_font.o
                                 0x7e (size before relaxing)
 .debug_str     0x000005f8       0x15 bloques.o
                                 0x74 (size before relaxing)
 .debug_str     0x0000060d       0x71 CALIBR~1.o
                                0x161 (size before relaxing)
 .debug_str     0x0000067e      0x232 NT35510.o
                                0x376 (size before relaxing)
 .debug_str     0x000008b0       0x1a SMALL_~1.o
                                 0x82 (size before relaxing)
 .debug_str     0x000008ca       0x24 vibrador.o
                                0x107 (size before relaxing)
 .debug_str     0x000008ee       0xce xpm.o
                                0x1c9 (size before relaxing)
 .debug_str     0x000009bc       0x6b xpt2046.o
                                0x192 (size before relaxing)
 .debug_str     0x00000a27       0x16 galaga.o
                                 0xf9 (size before relaxing)
 .debug_str     0x00000a3d       0x10 XPMSCH~1.o
                                 0x76 (size before relaxing)
 .debug_str     0x00000a4d       0x42 PACMAN~3.o
                                 0xc5 (size before relaxing)
 .debug_str     0x00000a8f      0x40e c:/program files (x86)/yagarto/bin/../lib/gcc/arm-none-eabi/4.6.2/../../../../arm-none-eabi/lib\libc.a(lib_a-malloc.o)
                                0x4ef (size before relaxing)
 .debug_str     0x00000e9d      0x206 c:/program files (x86)/yagarto/bin/../lib/gcc/arm-none-eabi/4.6.2/../../../../arm-none-eabi/lib\libc.a(lib_a-mallocr.o)
                                0x6c4 (size before relaxing)
 .debug_str     0x000010a3       0x9b c:/program files (x86)/yagarto/bin/../lib/gcc/arm-none-eabi/4.6.2/../../../../arm-none-eabi/lib\libc.a(lib_a-memset.o)
                                0x137 (size before relaxing)
 .debug_str     0x0000113e       0x6b c:/program files (x86)/yagarto/bin/../lib/gcc/arm-none-eabi/4.6.2/../../../../arm-none-eabi/lib\libc.a(lib_a-mlock.o)
                                0x4f6 (size before relaxing)
 .debug_str     0x000011a9       0x3d c:/program files (x86)/yagarto/bin/../lib/gcc/arm-none-eabi/4.6.2/../../../../arm-none-eabi/lib\libc.a(lib_a-rand.o)
                                0x4de (size before relaxing)
 .debug_str     0x000011e6       0x85 c:/program files (x86)/yagarto/bin/../lib/gcc/arm-none-eabi/4.6.2/../../../../arm-none-eabi/lib\libc.a(lib_a-sbrkr.o)
                                0x4e4 (size before relaxing)
 .debug_str     0x0000126b       0x94 c:/program files (x86)/yagarto/bin/../lib/gcc/arm-none-eabi/4.6.2/../../../../arm-none-eabi/lib\libc.a(lib_a-strlen.o)
                                0x130 (size before relaxing)
 .debug_str     0x000012ff       0x9a c:/program files (x86)/yagarto/bin/../lib/gcc/arm-none-eabi/4.6.2/../../../../arm-none-eabi/lib\libc.a(lib_a-sysgettod.o)
                                0x521 (size before relaxing)
 .debug_str     0x00001399       0x3c c:/program files (x86)/yagarto/bin/../lib/gcc/arm-none-eabi/4.6.2/../../../../arm-none-eabi/lib\libc.a(lib_a-freer.o)
                                0x616 (size before relaxing)
 .debug_str     0x000013d5       0x4f c:/program files (x86)/yagarto/bin/../lib/gcc/arm-none-eabi/4.6.2/../../../../arm-none-eabi/lib\libc.a(lib_a-gettimeofdayr.o)
                                0x52a (size before relaxing)
 .debug_str     0x00001424       0x57 c:/program files (x86)/yagarto/bin/../lib/gcc/arm-none-eabi/4.6.2/../../../../arm-none-eabi/lib\libc.a(lib_a-impure.o)
                                0x4ed (size before relaxing)
 .debug_str     0x0000147b       0x71 c:/program files (x86)/yagarto/bin/../lib/gcc/arm-none-eabi/4.6.2/../../../../arm-none-eabi/lib\libc.a(lib_a-reent.o)
                                0x512 (size before relaxing)

.debug_loc      0x00000000     0x3fec
 *(.debug_loc)
 .debug_loc     0x00000000     0x1039 main.o
 .debug_loc     0x00001039      0x150 audio.o
 .debug_loc     0x00001189       0xfe CALIBR~1.o
 .debug_loc     0x00001287     0x117f NT35510.o
 .debug_loc     0x00002406       0x20 vibrador.o
 .debug_loc     0x00002426      0x7cd xpm.o
 .debug_loc     0x00002bf3      0x1f8 xpt2046.o
 .debug_loc     0x00002deb       0x52 galaga.o
 .debug_loc     0x00002e3d       0x7c c:/program files (x86)/yagarto/bin/../lib/gcc/arm-none-eabi/4.6.2/../../../../arm-none-eabi/lib\libc.a(lib_a-malloc.o)
 .debug_loc     0x00002eb9      0x8b3 c:/program files (x86)/yagarto/bin/../lib/gcc/arm-none-eabi/4.6.2/../../../../arm-none-eabi/lib\libc.a(lib_a-mallocr.o)
 .debug_loc     0x0000376c      0x1e5 c:/program files (x86)/yagarto/bin/../lib/gcc/arm-none-eabi/4.6.2/../../../../arm-none-eabi/lib\libc.a(lib_a-memset.o)
 .debug_loc     0x00003951       0x20 c:/program files (x86)/yagarto/bin/../lib/gcc/arm-none-eabi/4.6.2/../../../../arm-none-eabi/lib\libc.a(lib_a-rand.o)
 .debug_loc     0x00003971       0x51 c:/program files (x86)/yagarto/bin/../lib/gcc/arm-none-eabi/4.6.2/../../../../arm-none-eabi/lib\libc.a(lib_a-sbrkr.o)
 .debug_loc     0x000039c2       0x13 c:/program files (x86)/yagarto/bin/../lib/gcc/arm-none-eabi/4.6.2/../../../../arm-none-eabi/lib\libc.a(lib_a-strlen.o)
 .debug_loc     0x000039d5       0x5c c:/program files (x86)/yagarto/bin/../lib/gcc/arm-none-eabi/4.6.2/../../../../arm-none-eabi/lib\libc.a(lib_a-sysgettod.o)
 .debug_loc     0x00003a31      0x370 c:/program files (x86)/yagarto/bin/../lib/gcc/arm-none-eabi/4.6.2/../../../../arm-none-eabi/lib\libc.a(lib_a-freer.o)
 .debug_loc     0x00003da1       0x6f c:/program files (x86)/yagarto/bin/../lib/gcc/arm-none-eabi/4.6.2/../../../../arm-none-eabi/lib\libc.a(lib_a-gettimeofdayr.o)
 .debug_loc     0x00003e10      0x1dc c:/program files (x86)/yagarto/bin/../lib/gcc/arm-none-eabi/4.6.2/../../../../arm-none-eabi/lib\libc.a(lib_a-reent.o)

.debug_macinfo
 *(.debug_macinfo)

.debug_weaknames
 *(.debug_weaknames)

.debug_funcnames
 *(.debug_funcnames)

.debug_typenames
 *(.debug_typenames)

.debug_varnames
 *(.debug_varnames)
OUTPUT(Release.elf elf32-littlearm)

.debug_ranges   0x00000000      0x200
 .debug_ranges  0x00000000      0x190 main.o
 .debug_ranges  0x00000190       0x30 NT35510.o
 .debug_ranges  0x000001c0       0x40 c:/program files (x86)/yagarto/bin/../lib/gcc/arm-none-eabi/4.6.2/../../../../arm-none-eabi/lib\libc.a(lib_a-mallocr.o)

Cross Reference Table

Symbol                                            File
AUDIO_Effect                                      audio.o
AUDIO_Timer_On                                    audio.o
Amplitud1                                         audio.o
BG_Color                                          NT35510.o
                                                  xpt2046.o
                                                  main.o
BigFont                                           big_font.o
                                                  NT35510.o
                                                  main.o
CF                                                NT35510.o
                                                  main.o
Cal                                               xpt2046.o
Delta_Fase1                                       audio.o
Delta_Fase2                                       audio.o
Delta_Fase3                                       audio.o
Delta_Fase4                                       audio.o
FG_Color                                          NT35510.o
                                                  xpt2046.o
                                                  main.o
Fase1                                             audio.o
Fase2                                             audio.o
Fase3                                             audio.o
Fase4                                             audio.o
GetAction                                         galaga.o
                                                  main.o
IRQ_Spurious_Routine                              audio.o
LENX                                              xpt2046.o
                                                  xpm.o
                                                  NT35510.o
                                                  main.o
LENY                                              xpt2046.o
                                                  xpm.o
                                                  NT35510.o
                                                  main.o
NOTE                                              audio.o
NT35510_Cmd                                       NT35510.o
NT35510_Data                                      NT35510.o
NT35510_Data_                                     NT35510.o
                                                  xpm.o
NT35510_ReadCMD                                   NT35510.o
NT35510_ReadPage                                  NT35510.o
NT35510_Reg                                       NT35510.o
NT35510_WritePage                                 NT35510.o
Next                                              audio.o
Nota                                              audio.o
PARTITURE                                         PACMAN~3.o
PARTITURE_Off                                     audio.o
PARTITURE_On                                      audio.o
                                                  main.o
PARTITURE_galaga_intro_txt                        PACMAN~3.o
                                                  main.o
PWM0_ISR                                          audio.o
Part                                              audio.o
SmallFont                                         SMALL_~1.o
TABLA_SINUS_WAVE                                  audio.o
TFT_DrawCircle                                    NT35510.o
                                                  xpt2046.o
TFT_DrawFillSquare                                NT35510.o
                                                  xpt2046.o
TFT_DrawFillSquareS                               NT35510.o
                                                  main.o
TFT_DrawLine                                      NT35510.o
                                                  xpt2046.o
TFT_DrawSquare                                    NT35510.o
TFT_DumpBinaryFont                                NT35510.o
TFT_FillArea                                      NT35510.o
TFT_FillCircle                                    NT35510.o
TFT_HorizontalLine                                NT35510.o
TFT_Init                                          NT35510.o
                                                  main.o
TFT_Off                                           NT35510.o
TFT_On                                            NT35510.o
TFT_PutPixel                                      NT35510.o
TFT_PutPixelColor                                 NT35510.o
TFT_SetArea                                       NT35510.o
                                                  xpm.o
TFT_SetAreaR                                      NT35510.o
TFT_VerticalLine                                  NT35510.o
TFT_print                                         NT35510.o
TFT_print_centered_x                              NT35510.o
                                                  xpt2046.o
TFT_print_centered_x_xNyN                         NT35510.o
TFT_print_xNyN                                    NT35510.o
                                                  main.o
TFT_putch                                         NT35510.o
TFT_putch_xNyN                                    NT35510.o
TFT_putchar                                       NT35510.o
TFT_putchar_xNyN                                  NT35510.o
TIMER0_ISR                                        audio.o
TIMER1_ISR                                        vibrador.o
TP_Aspa                                           xpt2046.o
TP_Calibrate                                      xpt2046.o
TP_EnviaRecibe                                    xpt2046.o
TP_Get_XY                                         xpt2046.o
TP_Get_XY_Cal                                     xpt2046.o
TP_Init                                           xpt2046.o
                                                  main.o
VibratorON                                        vibrador.o
                                                  main.o
XPM_Extract                                       xpm.o
                                                  main.o
XPM_PintaAll                                      xpm.o
XPM_PintaAt                                       xpm.o
XPM_PintaAtxNyN                                   xpm.o
                                                  main.o
XPM_SetxNyN                                       xpm.o
                                                  main.o
X_SINPULSAR                                       xpt2046.o
_Halt                                             crt.o
_U0getch                                          crt.o
_U0putch                                          crt.o
__aeabi_idiv                                      c:/program files (x86)/yagarto/bin/../lib/gcc/arm-none-eabi/4.6.2\libgcc.a(_divsi3.o)
                                                  xpt2046.o
                                                  xpm.o
                                                  CALIBR~1.o
                                                  audio.o
                                                  main.o
__aeabi_idiv0                                     c:/program files (x86)/yagarto/bin/../lib/gcc/arm-none-eabi/4.6.2\libgcc.a(_dvmd_tls.o)
                                                  c:/program files (x86)/yagarto/bin/../lib/gcc/arm-none-eabi/4.6.2\libgcc.a(_divsi3.o)
                                                  c:/program files (x86)/yagarto/bin/../lib/gcc/arm-none-eabi/4.6.2\libgcc.a(_udivsi3.o)
__aeabi_idivmod                                   c:/program files (x86)/yagarto/bin/../lib/gcc/arm-none-eabi/4.6.2\libgcc.a(_divsi3.o)
                                                  xpm.o
                                                  main.o
__aeabi_ldiv0                                     c:/program files (x86)/yagarto/bin/../lib/gcc/arm-none-eabi/4.6.2\libgcc.a(_dvmd_tls.o)
__aeabi_uidiv                                     c:/program files (x86)/yagarto/bin/../lib/gcc/arm-none-eabi/4.6.2\libgcc.a(_udivsi3.o)
                                                  audio.o
__aeabi_uidivmod                                  c:/program files (x86)/yagarto/bin/../lib/gcc/arm-none-eabi/4.6.2\libgcc.a(_udivsi3.o)
                                                  audio.o
__bss_end__                                       crt.o
__bss_start                                       crt.o
__bss_start__                                     crt.o
__divsi3                                          c:/program files (x86)/yagarto/bin/../lib/gcc/arm-none-eabi/4.6.2\libgcc.a(_divsi3.o)
__malloc_av_                                      c:/program files (x86)/yagarto/bin/../lib/gcc/arm-none-eabi/4.6.2/../../../../arm-none-eabi/lib\libc.a(lib_a-mallocr.o)
                                                  c:/program files (x86)/yagarto/bin/../lib/gcc/arm-none-eabi/4.6.2/../../../../arm-none-eabi/lib\libc.a(lib_a-freer.o)
__malloc_current_mallinfo                         c:/program files (x86)/yagarto/bin/../lib/gcc/arm-none-eabi/4.6.2/../../../../arm-none-eabi/lib\libc.a(lib_a-mallocr.o)
                                                  c:/program files (x86)/yagarto/bin/../lib/gcc/arm-none-eabi/4.6.2/../../../../arm-none-eabi/lib\libc.a(lib_a-freer.o)
__malloc_lock                                     c:/program files (x86)/yagarto/bin/../lib/gcc/arm-none-eabi/4.6.2/../../../../arm-none-eabi/lib\libc.a(lib_a-mlock.o)
                                                  c:/program files (x86)/yagarto/bin/../lib/gcc/arm-none-eabi/4.6.2/../../../../arm-none-eabi/lib\libc.a(lib_a-freer.o)
                                                  c:/program files (x86)/yagarto/bin/../lib/gcc/arm-none-eabi/4.6.2/../../../../arm-none-eabi/lib\libc.a(lib_a-mallocr.o)
__malloc_max_sbrked_mem                           c:/program files (x86)/yagarto/bin/../lib/gcc/arm-none-eabi/4.6.2/../../../../arm-none-eabi/lib\libc.a(lib_a-mallocr.o)
__malloc_max_total_mem                            c:/program files (x86)/yagarto/bin/../lib/gcc/arm-none-eabi/4.6.2/../../../../arm-none-eabi/lib\libc.a(lib_a-mallocr.o)
__malloc_sbrk_base                                c:/program files (x86)/yagarto/bin/../lib/gcc/arm-none-eabi/4.6.2/../../../../arm-none-eabi/lib\libc.a(lib_a-mallocr.o)
                                                  c:/program files (x86)/yagarto/bin/../lib/gcc/arm-none-eabi/4.6.2/../../../../arm-none-eabi/lib\libc.a(lib_a-freer.o)
__malloc_top_pad                                  c:/program files (x86)/yagarto/bin/../lib/gcc/arm-none-eabi/4.6.2/../../../../arm-none-eabi/lib\libc.a(lib_a-mallocr.o)
                                                  c:/program files (x86)/yagarto/bin/../lib/gcc/arm-none-eabi/4.6.2/../../../../arm-none-eabi/lib\libc.a(lib_a-freer.o)
__malloc_trim_threshold                           c:/program files (x86)/yagarto/bin/../lib/gcc/arm-none-eabi/4.6.2/../../../../arm-none-eabi/lib\libc.a(lib_a-mallocr.o)
                                                  c:/program files (x86)/yagarto/bin/../lib/gcc/arm-none-eabi/4.6.2/../../../../arm-none-eabi/lib\libc.a(lib_a-freer.o)
__malloc_unlock                                   c:/program files (x86)/yagarto/bin/../lib/gcc/arm-none-eabi/4.6.2/../../../../arm-none-eabi/lib\libc.a(lib_a-mlock.o)
                                                  c:/program files (x86)/yagarto/bin/../lib/gcc/arm-none-eabi/4.6.2/../../../../arm-none-eabi/lib\libc.a(lib_a-freer.o)
                                                  c:/program files (x86)/yagarto/bin/../lib/gcc/arm-none-eabi/4.6.2/../../../../arm-none-eabi/lib\libc.a(lib_a-mallocr.o)
__udivsi3                                         c:/program files (x86)/yagarto/bin/../lib/gcc/arm-none-eabi/4.6.2\libgcc.a(_udivsi3.o)
_atoi                                             xpm.o
_boot                                             crt.o
_data                                             crt.o
_delay_loop                                       crt.o
                                                  galaga.o
                                                  xpt2046.o
                                                  NT35510.o
                                                  audio.o
                                                  main.o
_edata                                            crt.o
_end                                              main.o
_etext                                            crt.o
_free_r                                           c:/program files (x86)/yagarto/bin/../lib/gcc/arm-none-eabi/4.6.2/../../../../arm-none-eabi/lib\libc.a(lib_a-freer.o)
                                                  c:/program files (x86)/yagarto/bin/../lib/gcc/arm-none-eabi/4.6.2/../../../../arm-none-eabi/lib\libc.a(lib_a-reent.o)
                                                  c:/program files (x86)/yagarto/bin/../lib/gcc/arm-none-eabi/4.6.2/../../../../arm-none-eabi/lib\libc.a(lib_a-mallocr.o)
                                                  c:/program files (x86)/yagarto/bin/../lib/gcc/arm-none-eabi/4.6.2/../../../../arm-none-eabi/lib\libc.a(lib_a-malloc.o)
_gets                                             crt.o
_gettimeofday                                     main.o
                                                  c:/program files (x86)/yagarto/bin/../lib/gcc/arm-none-eabi/4.6.2/../../../../arm-none-eabi/lib\libc.a(lib_a-gettimeofdayr.o)
_gettimeofday_r                                   c:/program files (x86)/yagarto/bin/../lib/gcc/arm-none-eabi/4.6.2/../../../../arm-none-eabi/lib\libc.a(lib_a-gettimeofdayr.o)
                                                  c:/program files (x86)/yagarto/bin/../lib/gcc/arm-none-eabi/4.6.2/../../../../arm-none-eabi/lib\libc.a(lib_a-sysgettod.o)
_global_impure_ptr                                c:/program files (x86)/yagarto/bin/../lib/gcc/arm-none-eabi/4.6.2/../../../../arm-none-eabi/lib\libc.a(lib_a-impure.o)
_impure_ptr                                       c:/program files (x86)/yagarto/bin/../lib/gcc/arm-none-eabi/4.6.2/../../../../arm-none-eabi/lib\libc.a(lib_a-impure.o)
                                                  c:/program files (x86)/yagarto/bin/../lib/gcc/arm-none-eabi/4.6.2/../../../../arm-none-eabi/lib\libc.a(lib_a-reent.o)
                                                  c:/program files (x86)/yagarto/bin/../lib/gcc/arm-none-eabi/4.6.2/../../../../arm-none-eabi/lib\libc.a(lib_a-sysgettod.o)
                                                  c:/program files (x86)/yagarto/bin/../lib/gcc/arm-none-eabi/4.6.2/../../../../arm-none-eabi/lib\libc.a(lib_a-rand.o)
                                                  c:/program files (x86)/yagarto/bin/../lib/gcc/arm-none-eabi/4.6.2/../../../../arm-none-eabi/lib\libc.a(lib_a-malloc.o)
_mainCRTStartup                                   crt.o
_malloc_r                                         c:/program files (x86)/yagarto/bin/../lib/gcc/arm-none-eabi/4.6.2/../../../../arm-none-eabi/lib\libc.a(lib_a-mallocr.o)
                                                  c:/program files (x86)/yagarto/bin/../lib/gcc/arm-none-eabi/4.6.2/../../../../arm-none-eabi/lib\libc.a(lib_a-malloc.o)
_malloc_trim_r                                    c:/program files (x86)/yagarto/bin/../lib/gcc/arm-none-eabi/4.6.2/../../../../arm-none-eabi/lib\libc.a(lib_a-freer.o)
_printf                                           crt.o
                                                  xpt2046.o
                                                  xpm.o
                                                  NT35510.o
                                                  audio.o
                                                  main.o
_prthex                                           crt.o
_prtnum                                           crt.o
_puts                                             crt.o
                                                  xpt2046.o
_reclaim_reent                                    c:/program files (x86)/yagarto/bin/../lib/gcc/arm-none-eabi/4.6.2/../../../../arm-none-eabi/lib\libc.a(lib_a-reent.o)
_sbrk                                             main.o
                                                  c:/program files (x86)/yagarto/bin/../lib/gcc/arm-none-eabi/4.6.2/../../../../arm-none-eabi/lib\libc.a(lib_a-sbrkr.o)
_sbrk_r                                           c:/program files (x86)/yagarto/bin/../lib/gcc/arm-none-eabi/4.6.2/../../../../arm-none-eabi/lib\libc.a(lib_a-sbrkr.o)
                                                  c:/program files (x86)/yagarto/bin/../lib/gcc/arm-none-eabi/4.6.2/../../../../arm-none-eabi/lib\libc.a(lib_a-freer.o)
                                                  c:/program files (x86)/yagarto/bin/../lib/gcc/arm-none-eabi/4.6.2/../../../../arm-none-eabi/lib\libc.a(lib_a-mallocr.o)
_stack                                            crt.o
_stack_end                                        crt.o
_start                                            crt.o
_vgetch                                           crt.o
_vputch                                           crt.o
_wrapup_reent                                     c:/program files (x86)/yagarto/bin/../lib/gcc/arm-none-eabi/4.6.2/../../../../arm-none-eabi/lib\libc.a(lib_a-reent.o)
bloques                                           bloques.o
cleanup_glue                                      c:/program files (x86)/yagarto/bin/../lib/gcc/arm-none-eabi/4.6.2/../../../../arm-none-eabi/lib\libc.a(lib_a-reent.o)
cont                                              audio.o
defecto                                           audio.o
delta_fase                                        audio.o
effectType                                        audio.o
errno                                             c:/program files (x86)/yagarto/bin/../lib/gcc/arm-none-eabi/4.6.2/../../../../arm-none-eabi/lib\libc.a(lib_a-reent.o)
                                                  c:/program files (x86)/yagarto/bin/../lib/gcc/arm-none-eabi/4.6.2/../../../../arm-none-eabi/lib\libc.a(lib_a-gettimeofdayr.o)
                                                  c:/program files (x86)/yagarto/bin/../lib/gcc/arm-none-eabi/4.6.2/../../../../arm-none-eabi/lib\libc.a(lib_a-sbrkr.o)
exCount                                           audio.o
expl                                              audio.o
fase                                              audio.o
free                                              c:/program files (x86)/yagarto/bin/../lib/gcc/arm-none-eabi/4.6.2/../../../../arm-none-eabi/lib\libc.a(lib_a-malloc.o)
                                                  main.o
freq                                              audio.o
galaga_intro_txt_rows                             PACMAN~3.o
getDisplayPoint                                   CALIBR~1.o
                                                  xpt2046.o
gettimeofday                                      c:/program files (x86)/yagarto/bin/../lib/gcc/arm-none-eabi/4.6.2/../../../../arm-none-eabi/lib\libc.a(lib_a-sysgettod.o)
                                                  main.o
main                                              main.o
                                                  crt.o
malloc                                            c:/program files (x86)/yagarto/bin/../lib/gcc/arm-none-eabi/4.6.2/../../../../arm-none-eabi/lib\libc.a(lib_a-malloc.o)
                                                  main.o
memset                                            c:/program files (x86)/yagarto/bin/../lib/gcc/arm-none-eabi/4.6.2/../../../../arm-none-eabi/lib\libc.a(lib_a-memset.o)
                                                  xpt2046.o
nota1                                             audio.o
nota2                                             audio.o
nota3                                             audio.o
nota4                                             audio.o
pacman                                            XPMSCH~1.o
                                                  main.o
paleta                                            xpm.o
rand                                              c:/program files (x86)/yagarto/bin/../lib/gcc/arm-none-eabi/4.6.2/../../../../arm-none-eabi/lib\libc.a(lib_a-rand.o)
                                                  main.o
rnd                                               audio.o
setCalibrationMatrix                              CALIBR~1.o
                                                  xpt2046.o
silence                                           audio.o
srand                                             c:/program files (x86)/yagarto/bin/../lib/gcc/arm-none-eabi/4.6.2/../../../../arm-none-eabi/lib\libc.a(lib_a-rand.o)
                                                  main.o
start                                             crt.o
start_pacmania_music                              main.o
strlen                                            c:/program files (x86)/yagarto/bin/../lib/gcc/arm-none-eabi/4.6.2/../../../../arm-none-eabi/lib\libc.a(lib_a-strlen.o)
                                                  NT35510.o
teselas_x                                         xpm.o
tft_x                                             NT35510.o
tft_y                                             NT35510.o
xN                                                NT35510.o
xpm_alto                                          xpm.o
xpm_ancho                                         xpm.o
xpm_cpp                                           xpm.o
xpm_ncol                                          xpm.o
xpm_sx                                            xpm.o
                                                  main.o
xpm_sxn                                           xpm.o
xpm_sy                                            xpm.o
                                                  main.o
xpm_syn                                           xpm.o
xpm_xmirror                                       xpm.o
xpm_xn                                            xpm.o
xpm_yn                                            xpm.o
yN                                                NT35510.o
