Archive member included because of file (symbol)

c:/program files (x86)/yagarto/bin/../lib/gcc/arm-none-eabi/4.6.2\libgcc.a(_udivsi3.o)
                              C:\Users\INVITA~1\AppData\Local\Temp\cctSQQ66.o (__aeabi_uidiv)
c:/program files (x86)/yagarto/bin/../lib/gcc/arm-none-eabi/4.6.2\libgcc.a(_divsi3.o)
                              C:\Users\INVITA~1\AppData\Local\Temp\cccfrUZ4.o (__aeabi_idiv)
c:/program files (x86)/yagarto/bin/../lib/gcc/arm-none-eabi/4.6.2\libgcc.a(_dvmd_tls.o)
                              c:/program files (x86)/yagarto/bin/../lib/gcc/arm-none-eabi/4.6.2\libgcc.a(_udivsi3.o) (__aeabi_idiv0)
c:/program files (x86)/yagarto/bin/../lib/gcc/arm-none-eabi/4.6.2/../../../../arm-none-eabi/lib\libg.a(lib_a-rand.o)
                              C:\Users\INVITA~1\AppData\Local\Temp\ccxAkEE1.o (rand)
c:/program files (x86)/yagarto/bin/../lib/gcc/arm-none-eabi/4.6.2/../../../../arm-none-eabi/lib\libg.a(lib_a-strlen.o)
                              C:\Users\INVITA~1\AppData\Local\Temp\ccrhgwO2.o (strlen)
c:/program files (x86)/yagarto/bin/../lib/gcc/arm-none-eabi/4.6.2/../../../../arm-none-eabi/lib\libg.a(lib_a-impure.o)
                              c:/program files (x86)/yagarto/bin/../lib/gcc/arm-none-eabi/4.6.2/../../../../arm-none-eabi/lib\libg.a(lib_a-rand.o) (_impure_ptr)

Discarded input sections

 .bss           0x00000000        0x0 C:\Users\INVITA~1\AppData\Local\Temp\ccADXXuP.o
 .data          0x00000000        0x0 C:\Users\INVITA~1\AppData\Local\Temp\cccfrUZ4.o
 .bss           0x00000000        0x0 C:\Users\INVITA~1\AppData\Local\Temp\cccfrUZ4.o
 .bss           0x00000000        0x0 C:\Users\INVITA~1\AppData\Local\Temp\cclH9mJe.o
 .text          0x00000000        0x0 C:\Users\INVITA~1\AppData\Local\Temp\ccoEhQSs.o
 .data          0x00000000       0xb4 C:\Users\INVITA~1\AppData\Local\Temp\ccoEhQSs.o
 .bss           0x00000000        0x0 C:\Users\INVITA~1\AppData\Local\Temp\ccoEhQSs.o
 .rodata.str1.4
                0x00000000     0x11f0 C:\Users\INVITA~1\AppData\Local\Temp\ccoEhQSs.o
 .text          0x00000000       0x6c C:\Users\INVITA~1\AppData\Local\Temp\ccsl9aTC.o
 .data          0x00000000        0x0 C:\Users\INVITA~1\AppData\Local\Temp\ccsl9aTC.o
 .bss           0x00000000        0x0 C:\Users\INVITA~1\AppData\Local\Temp\ccsl9aTC.o
 .text          0x00000000        0x0 C:\Users\INVITA~1\AppData\Local\Temp\cc9Y81rn.o
 .data          0x00000000        0x0 C:\Users\INVITA~1\AppData\Local\Temp\cc9Y81rn.o
 .bss           0x00000000        0x0 C:\Users\INVITA~1\AppData\Local\Temp\cc9Y81rn.o
 .text          0x00000000        0x0 C:\Users\INVITA~1\AppData\Local\Temp\cci9zsK8.o
 .data          0x00000000        0x0 C:\Users\INVITA~1\AppData\Local\Temp\cci9zsK8.o
 .bss           0x00000000        0x0 C:\Users\INVITA~1\AppData\Local\Temp\cci9zsK8.o
 .rodata        0x00000000      0x47c C:\Users\INVITA~1\AppData\Local\Temp\cci9zsK8.o
 .text          0x00000000      0x458 C:\Users\INVITA~1\AppData\Local\Temp\cctSQQ66.o
 .data          0x00000000      0x154 C:\Users\INVITA~1\AppData\Local\Temp\cctSQQ66.o
 .bss           0x00000000       0x44 C:\Users\INVITA~1\AppData\Local\Temp\cctSQQ66.o
 .rodata        0x00000000      0x200 C:\Users\INVITA~1\AppData\Local\Temp\cctSQQ66.o
 .data          0x00000000        0x0 C:\Users\INVITA~1\AppData\Local\Temp\cceELnl9.o
 .bss           0x00000000        0x0 C:\Users\INVITA~1\AppData\Local\Temp\cceELnl9.o
 .text          0x00000000        0x0 C:\Users\INVITA~1\AppData\Local\Temp\ccb8zrRg.o
 .data          0x00000000      0x168 C:\Users\INVITA~1\AppData\Local\Temp\ccb8zrRg.o
 .bss           0x00000000        0x0 C:\Users\INVITA~1\AppData\Local\Temp\ccb8zrRg.o
 .rodata.str1.4
                0x00000000      0x194 C:\Users\INVITA~1\AppData\Local\Temp\ccb8zrRg.o
 .text          0x00000000        0x0 C:\Users\INVITA~1\AppData\Local\Temp\ccFsfxdl.o
 .bss           0x00000000        0x0 C:\Users\INVITA~1\AppData\Local\Temp\ccFsfxdl.o
 .text          0x00000000        0x0 C:\Users\INVITA~1\AppData\Local\Temp\ccJHgotq.o
 .data          0x00000000      0x20c C:\Users\INVITA~1\AppData\Local\Temp\ccJHgotq.o
 .bss           0x00000000        0x0 C:\Users\INVITA~1\AppData\Local\Temp\ccJHgotq.o
 .text          0x00000000      0x114 c:/program files (x86)/yagarto/bin/../lib/gcc/arm-none-eabi/4.6.2\libgcc.a(_udivsi3.o)
 .data          0x00000000        0x0 c:/program files (x86)/yagarto/bin/../lib/gcc/arm-none-eabi/4.6.2\libgcc.a(_udivsi3.o)
 .bss           0x00000000        0x0 c:/program files (x86)/yagarto/bin/../lib/gcc/arm-none-eabi/4.6.2\libgcc.a(_udivsi3.o)
 .data          0x00000000        0x0 c:/program files (x86)/yagarto/bin/../lib/gcc/arm-none-eabi/4.6.2\libgcc.a(_divsi3.o)
 .bss           0x00000000        0x0 c:/program files (x86)/yagarto/bin/../lib/gcc/arm-none-eabi/4.6.2\libgcc.a(_divsi3.o)
 .data          0x00000000        0x0 c:/program files (x86)/yagarto/bin/../lib/gcc/arm-none-eabi/4.6.2\libgcc.a(_dvmd_tls.o)
 .bss           0x00000000        0x0 c:/program files (x86)/yagarto/bin/../lib/gcc/arm-none-eabi/4.6.2\libgcc.a(_dvmd_tls.o)
 .data          0x00000000        0x0 c:/program files (x86)/yagarto/bin/../lib/gcc/arm-none-eabi/4.6.2/../../../../arm-none-eabi/lib\libg.a(lib_a-rand.o)
 .bss           0x00000000        0x0 c:/program files (x86)/yagarto/bin/../lib/gcc/arm-none-eabi/4.6.2/../../../../arm-none-eabi/lib\libg.a(lib_a-rand.o)
 .data          0x00000000        0x0 c:/program files (x86)/yagarto/bin/../lib/gcc/arm-none-eabi/4.6.2/../../../../arm-none-eabi/lib\libg.a(lib_a-strlen.o)
 .bss           0x00000000        0x0 c:/program files (x86)/yagarto/bin/../lib/gcc/arm-none-eabi/4.6.2/../../../../arm-none-eabi/lib\libg.a(lib_a-strlen.o)
 .text          0x00000000        0x0 c:/program files (x86)/yagarto/bin/../lib/gcc/arm-none-eabi/4.6.2/../../../../arm-none-eabi/lib\libg.a(lib_a-impure.o)
 .bss           0x00000000        0x0 c:/program files (x86)/yagarto/bin/../lib/gcc/arm-none-eabi/4.6.2/../../../../arm-none-eabi/lib\libg.a(lib_a-impure.o)
 .rodata        0x00000000        0x4 c:/program files (x86)/yagarto/bin/../lib/gcc/arm-none-eabi/4.6.2/../../../../arm-none-eabi/lib\libg.a(lib_a-impure.o)

Memory Configuration

Name             Origin             Length             Attributes
ROM              0x00000000         0x00020000         xr
RAM              0x40000000         0x00010000         rw
*default*        0x00000000         0xffffffff

Linker script and memory map

                0x00000400                STACK_SIZE = 0x400
                0x40010000                _stack_end = 0x40010000

.text           0x00000000    0x164e4
 //*(.text.startup)
 *(.text)
 .text          0x00000000      0x640 C:\Users\INVITA~1\AppData\Local\Temp\ccADXXuP.o
                0x00000000                _boot
                0x00000230                _start
                0x00000230                _mainCRTStartup
                0x00000230                start
                0x00000348                _Halt
                0x00000360                _delay_loop
                0x0000036c                _prtnum
                0x00000410                _prthex
                0x00000458                _puts
                0x0000047c                _printf
                0x00000524                _gets
                0x000005ac                _U0putch
                0x000005c4                _U0getch
 .text          0x00000640      0xaa8 C:\Users\INVITA~1\AppData\Local\Temp\ccxAkEE1.o
 .text          0x000010e8     0x636c C:\Users\INVITA~1\AppData\Local\Temp\ccrhgwO2.o
                0x000010e8                NT35510_Cmd
                0x00001114                NT35510_Data
                0x00001144                NT35510_Data_
                0x00001170                NT35510_Reg
                0x000011c4                TFT_SetArea
                0x00001384                TFT_SetAreaR
                0x00001544                NT35510_ReadCMD
                0x000015d4                TFT_Init
                0x00004304                TFT_FillArea
                0x00004524                TFT_PutPixel
                0x00004688                TFT_PutPixelColor
                0x000047c4                TFT_DrawLine
                0x00004be8                TFT_HorizontalLine
                0x00004e28                TFT_VerticalLine
                0x00005048                TFT_DrawSquare
                0x000050c0                TFT_DrawCircle
                0x000061d4                TFT_FillCircle
                0x000062a0                TFT_DrawFillSquare
                0x000064cc                TFT_DrawFillSquareS
                0x00006700                TFT_DumpBinaryFont
                0x00006888                TFT_putch
                0x00006b50                TFT_print
                0x00006bb0                TFT_print_centered_x
                0x00006c30                TFT_putchar
                0x00006c70                TFT_putch_xNyN
                0x00006de4                TFT_putchar_xNyN
                0x00006e28                TFT_print_xNyN
                0x00006e94                TFT_print_centered_x_xNyN
                0x00006f28                TFT_Off
                0x00007018                TFT_On
                0x0000701c                NT35510_WritePage
                0x0000721c                NT35510_ReadPage
 .text          0x00007454      0x278 C:\Users\INVITA~1\AppData\Local\Temp\cccfrUZ4.o
                0x00007454                setCalibrationMatrix
                0x00007648                getDisplayPoint
 .text          0x000076cc      0x504 C:\Users\INVITA~1\AppData\Local\Temp\cclH9mJe.o
                0x000076cc                TP_Init
                0x00007714                TP_EnviaRecibe
                0x0000773c                TP_Get_XY
                0x000078bc                TP_Get_XY_Cal
                0x0000792c                TP_Aspa
                0x00007994                TP_Calibrate
 .text          0x00007bd0      0x8f8 C:\Users\INVITA~1\AppData\Local\Temp\cc11vAU0.o
                0x00007bd0                _atoi
                0x00007c30                XPM_Extract
                0x00007f64                XPM_PintaAll
                0x0000801c                XPM_PintaAt
                0x00008148                XPM_SetxNyN
                0x00008198                XPM_PintaAtxNyN
 .text          0x000084c8       0x88 C:\Users\INVITA~1\AppData\Local\Temp\cceELnl9.o
                0x000084c8                GetAction
 .text          0x00008550      0x148 c:/program files (x86)/yagarto/bin/../lib/gcc/arm-none-eabi/4.6.2\libgcc.a(_divsi3.o)
                0x00008550                __divsi3
                0x00008550                __aeabi_idiv
                0x00008678                __aeabi_idivmod
 .text          0x00008698        0x4 c:/program files (x86)/yagarto/bin/../lib/gcc/arm-none-eabi/4.6.2\libgcc.a(_dvmd_tls.o)
                0x00008698                __aeabi_idiv0
                0x00008698                __aeabi_ldiv0
 .text          0x0000869c       0x78 c:/program files (x86)/yagarto/bin/../lib/gcc/arm-none-eabi/4.6.2/../../../../arm-none-eabi/lib\libg.a(lib_a-rand.o)
                0x0000869c                srand
                0x000086b8                rand
 .text          0x00008714       0x60 c:/program files (x86)/yagarto/bin/../lib/gcc/arm-none-eabi/4.6.2/../../../../arm-none-eabi/lib\libg.a(lib_a-strlen.o)
                0x00008714                strlen
 *(.text.startup)
 .text.startup  0x00008774      0xa9c C:\Users\INVITA~1\AppData\Local\Temp\ccxAkEE1.o
                0x00008774                main
 *(.rodata)
 .rodata        0x00009210      0x268 C:\Users\INVITA~1\AppData\Local\Temp\ccxAkEE1.o
 .rodata        0x00009478      0xbe8 C:\Users\INVITA~1\AppData\Local\Temp\cc9Y81rn.o
                0x00009478                BigFont
 *(.rodata*)
 .rodata.str1.4
                0x0000a060       0x54 C:\Users\INVITA~1\AppData\Local\Temp\ccxAkEE1.o
 .rodata.str1.4
                0x0000a0b4       0xb7 C:\Users\INVITA~1\AppData\Local\Temp\ccrhgwO2.o
                                 0xbc (size before relaxing)
 *fill*         0x0000a16b        0x1 00
 .rodata.str1.4
                0x0000a16c       0xa4 C:\Users\INVITA~1\AppData\Local\Temp\cclH9mJe.o
 .rodata.str1.4
                0x0000a210       0x1f C:\Users\INVITA~1\AppData\Local\Temp\cc11vAU0.o
                                 0x20 (size before relaxing)
 *fill*         0x0000a22f        0x1 00
 .rodata.str1.4
                0x0000a230     0xc2ad C:\Users\INVITA~1\AppData\Local\Temp\ccFsfxdl.o
                               0xc2b0 (size before relaxing)
 *fill*         0x000164dd        0x3 00
 .rodata.str1.4
                0x000164e0        0x4 c:/program files (x86)/yagarto/bin/../lib/gcc/arm-none-eabi/4.6.2/../../../../arm-none-eabi/lib\libg.a(lib_a-impure.o)
 *(.glue_7)
 .glue_7        0x00000000        0x0 linker stubs
 *(.glue_7t)
 .glue_7t       0x00000000        0x0 linker stubs

.vfp11_veneer   0x000164e4        0x0
 .vfp11_veneer  0x00000000        0x0 linker stubs

.v4_bx          0x000164e4        0x0
 .v4_bx         0x00000000        0x0 linker stubs
                0x000164e4                . = ALIGN (0x4)

.ctors          0x000164e4        0x0
                0x000164e4                PROVIDE (__ctors_start__, .)
 *(SORT(.ctors.*))
 *(.ctors)
                0x000164e4                PROVIDE (__ctors_end__, .)

.dtors          0x000164e4        0x0
                0x000164e4                PROVIDE (__dtors_start__, .)
 *(SORT(.dtors.*))
 *(.dtors)
                0x000164e4                PROVIDE (__dtors_end__, .)
                0x000164e4                . = ALIGN (0x4)
                0x000164e4                _etext = .
                0x000164e4                PROVIDE (etext, .)

.data           0x40000000      0x828 load address 0x000164e4
                0x40000000                _data = .
 *(.data)
 .data          0x40000000        0x8 C:\Users\INVITA~1\AppData\Local\Temp\ccADXXuP.o
                0x40000000                _vputch
                0x40000004                _vgetch
 .data          0x40000008        0x5 C:\Users\INVITA~1\AppData\Local\Temp\ccxAkEE1.o
 *fill*         0x4000000d        0x3 00
 .data          0x40000010       0x10 C:\Users\INVITA~1\AppData\Local\Temp\ccrhgwO2.o
                0x40000010                FG_Color
                0x40000014                CF
                0x40000018                yN
                0x4000001c                xN
 .data          0x40000020       0x20 C:\Users\INVITA~1\AppData\Local\Temp\cclH9mJe.o
                0x40000020                X_SINPULSAR
                0x40000024                Cal
 .data          0x40000040       0x10 C:\Users\INVITA~1\AppData\Local\Temp\cc11vAU0.o
                0x40000040                xpm_xn
                0x40000044                xpm_yn
                0x40000048                xpm_sxn
                0x4000004c                xpm_syn
 .data          0x40000050      0x3a4 C:\Users\INVITA~1\AppData\Local\Temp\ccFsfxdl.o
                0x40000050                pacman
 *fill*         0x400003f4        0x4 00
 .data          0x400003f8      0x430 c:/program files (x86)/yagarto/bin/../lib/gcc/arm-none-eabi/4.6.2/../../../../arm-none-eabi/lib\libg.a(lib_a-impure.o)
                0x400003f8                _impure_ptr
                0x40000828                . = ALIGN (0x4)
                0x40000828                _edata = .
                0x40000828                PROVIDE (edata, .)

.bss            0x40000828      0x400 load address 0x00016d0c
                0x40000828                __bss_start = .
                0x40000828                __bss_start__ = .
 *(.bss)
 .bss           0x40000828      0x30c C:\Users\INVITA~1\AppData\Local\Temp\ccxAkEE1.o
 .bss           0x40000b34       0x14 C:\Users\INVITA~1\AppData\Local\Temp\ccrhgwO2.o
                0x40000b34                LENX
                0x40000b38                LENY
                0x40000b3c                BG_Color
                0x40000b40                tft_x
                0x40000b44                tft_y
 .bss           0x40000b48       0xe0 C:\Users\INVITA~1\AppData\Local\Temp\cc11vAU0.o
                0x40000b48                xpm_ancho
                0x40000b4c                xpm_alto
                0x40000b50                xpm_ncol
                0x40000b54                xpm_cpp
                0x40000b58                paleta
                0x40000c18                xpm_sx
                0x40000c1c                xpm_sy
                0x40000c20                teselas_x
                0x40000c24                xpm_xmirror
 *(COMMON)
                0x40000c28                . = ALIGN (0x4)
                0x40000c28                . = ALIGN (0x4)
                0x40000c28                __bss_end__ = .
                0x40000c28                PROVIDE (__bss_end, .)

.stack          0x40000c28      0x4d8 load address 0x0001710c
                0x40000d00                . = ALIGN (0x100)
 *fill*         0x40000c28       0xd8 00
                0x40001100                . = (. + STACK_SIZE)
 *fill*         0x40000d00      0x400 00
                0x40001100                PROVIDE (_stack, .)
                0x40001100                _end = .
                0x40001100                PROVIDE (end, .)

.stab
 *(.stab)

.stabstr
 *(.stabstr)

.stab.excl
 *(.stab.excl)

.stab.exclstr
 *(.stab.exclstr)

.stab.index
 *(.stab.index)

.stab.indexstr
 *(.stab.indexstr)

.ARM.attributes
                0x00000000       0x2e
 .ARM.attributes
                0x00000000       0x22 C:\Users\INVITA~1\AppData\Local\Temp\ccADXXuP.o
 .ARM.attributes
                0x00000022       0x32 C:\Users\INVITA~1\AppData\Local\Temp\ccxAkEE1.o
 .ARM.attributes
                0x00000054       0x32 C:\Users\INVITA~1\AppData\Local\Temp\ccrhgwO2.o
 .ARM.attributes
                0x00000086       0x32 C:\Users\INVITA~1\AppData\Local\Temp\cccfrUZ4.o
 .ARM.attributes
                0x000000b8       0x32 C:\Users\INVITA~1\AppData\Local\Temp\cclH9mJe.o
 .ARM.attributes
                0x000000ea       0x32 C:\Users\INVITA~1\AppData\Local\Temp\ccoEhQSs.o
 .ARM.attributes
                0x0000011c       0x32 C:\Users\INVITA~1\AppData\Local\Temp\cc11vAU0.o
 .ARM.attributes
                0x0000014e       0x32 C:\Users\INVITA~1\AppData\Local\Temp\ccsl9aTC.o
 .ARM.attributes
                0x00000180       0x32 C:\Users\INVITA~1\AppData\Local\Temp\cc9Y81rn.o
 .ARM.attributes
                0x000001b2       0x32 C:\Users\INVITA~1\AppData\Local\Temp\cci9zsK8.o
 .ARM.attributes
                0x000001e4       0x32 C:\Users\INVITA~1\AppData\Local\Temp\cctSQQ66.o
 .ARM.attributes
                0x00000216       0x32 C:\Users\INVITA~1\AppData\Local\Temp\cceELnl9.o
 .ARM.attributes
                0x00000248       0x32 C:\Users\INVITA~1\AppData\Local\Temp\ccb8zrRg.o
 .ARM.attributes
                0x0000027a       0x32 C:\Users\INVITA~1\AppData\Local\Temp\ccFsfxdl.o
 .ARM.attributes
                0x000002ac       0x32 C:\Users\INVITA~1\AppData\Local\Temp\ccJHgotq.o
 .ARM.attributes
                0x000002de       0x1a c:/program files (x86)/yagarto/bin/../lib/gcc/arm-none-eabi/4.6.2\libgcc.a(_udivsi3.o)
 .ARM.attributes
                0x000002f8       0x1a c:/program files (x86)/yagarto/bin/../lib/gcc/arm-none-eabi/4.6.2\libgcc.a(_divsi3.o)
 .ARM.attributes
                0x00000312       0x18 c:/program files (x86)/yagarto/bin/../lib/gcc/arm-none-eabi/4.6.2\libgcc.a(_dvmd_tls.o)
 .ARM.attributes
                0x0000032a       0x32 c:/program files (x86)/yagarto/bin/../lib/gcc/arm-none-eabi/4.6.2/../../../../arm-none-eabi/lib\libg.a(lib_a-rand.o)
 .ARM.attributes
                0x0000035c       0x32 c:/program files (x86)/yagarto/bin/../lib/gcc/arm-none-eabi/4.6.2/../../../../arm-none-eabi/lib\libg.a(lib_a-strlen.o)
 .ARM.attributes
                0x0000038e       0x32 c:/program files (x86)/yagarto/bin/../lib/gcc/arm-none-eabi/4.6.2/../../../../arm-none-eabi/lib\libg.a(lib_a-impure.o)

.comment        0x00000000       0x11
 *(.comment)
 .comment       0x00000000       0x11 C:\Users\INVITA~1\AppData\Local\Temp\ccxAkEE1.o
                                 0x12 (size before relaxing)
 .comment       0x00000000       0x12 C:\Users\INVITA~1\AppData\Local\Temp\ccrhgwO2.o
 .comment       0x00000000       0x12 C:\Users\INVITA~1\AppData\Local\Temp\cccfrUZ4.o
 .comment       0x00000000       0x12 C:\Users\INVITA~1\AppData\Local\Temp\cclH9mJe.o
 .comment       0x00000000       0x12 C:\Users\INVITA~1\AppData\Local\Temp\ccoEhQSs.o
 .comment       0x00000000       0x12 C:\Users\INVITA~1\AppData\Local\Temp\cc11vAU0.o
 .comment       0x00000000       0x12 C:\Users\INVITA~1\AppData\Local\Temp\ccsl9aTC.o
 .comment       0x00000000       0x12 C:\Users\INVITA~1\AppData\Local\Temp\cc9Y81rn.o
 .comment       0x00000000       0x12 C:\Users\INVITA~1\AppData\Local\Temp\cci9zsK8.o
 .comment       0x00000000       0x12 C:\Users\INVITA~1\AppData\Local\Temp\cctSQQ66.o
 .comment       0x00000000       0x12 C:\Users\INVITA~1\AppData\Local\Temp\cceELnl9.o
 .comment       0x00000000       0x12 C:\Users\INVITA~1\AppData\Local\Temp\ccb8zrRg.o
 .comment       0x00000000       0x12 C:\Users\INVITA~1\AppData\Local\Temp\ccFsfxdl.o
 .comment       0x00000000       0x12 C:\Users\INVITA~1\AppData\Local\Temp\ccJHgotq.o
 .comment       0x00000000       0x12 c:/program files (x86)/yagarto/bin/../lib/gcc/arm-none-eabi/4.6.2/../../../../arm-none-eabi/lib\libg.a(lib_a-rand.o)
 .comment       0x00000000       0x12 c:/program files (x86)/yagarto/bin/../lib/gcc/arm-none-eabi/4.6.2/../../../../arm-none-eabi/lib\libg.a(lib_a-strlen.o)
 .comment       0x00000000       0x12 c:/program files (x86)/yagarto/bin/../lib/gcc/arm-none-eabi/4.6.2/../../../../arm-none-eabi/lib\libg.a(lib_a-impure.o)

.debug
 *(.debug)

.line
 *(.line)

.debug_srcinfo
 *(.debug_srcinfo)

.debug_sfnames
 *(.debug_sfnames)

.debug_aranges  0x00000000      0x1c8
 *(.debug_aranges)
 .debug_aranges
                0x00000000       0x20 C:\Users\INVITA~1\AppData\Local\Temp\ccADXXuP.o
 .debug_aranges
                0x00000020       0x28 C:\Users\INVITA~1\AppData\Local\Temp\ccxAkEE1.o
 .debug_aranges
                0x00000048       0x20 C:\Users\INVITA~1\AppData\Local\Temp\ccrhgwO2.o
 .debug_aranges
                0x00000068       0x20 C:\Users\INVITA~1\AppData\Local\Temp\cccfrUZ4.o
 .debug_aranges
                0x00000088       0x20 C:\Users\INVITA~1\AppData\Local\Temp\cclH9mJe.o
 .debug_aranges
                0x000000a8       0x20 C:\Users\INVITA~1\AppData\Local\Temp\cc11vAU0.o
 .debug_aranges
                0x000000c8       0x20 C:\Users\INVITA~1\AppData\Local\Temp\ccsl9aTC.o
 .debug_aranges
                0x000000e8       0x20 C:\Users\INVITA~1\AppData\Local\Temp\cctSQQ66.o
 .debug_aranges
                0x00000108       0x20 C:\Users\INVITA~1\AppData\Local\Temp\cceELnl9.o
 .debug_aranges
                0x00000128       0x20 c:/program files (x86)/yagarto/bin/../lib/gcc/arm-none-eabi/4.6.2\libgcc.a(_udivsi3.o)
 .debug_aranges
                0x00000148       0x20 c:/program files (x86)/yagarto/bin/../lib/gcc/arm-none-eabi/4.6.2\libgcc.a(_divsi3.o)
 .debug_aranges
                0x00000168       0x20 c:/program files (x86)/yagarto/bin/../lib/gcc/arm-none-eabi/4.6.2\libgcc.a(_dvmd_tls.o)
 .debug_aranges
                0x00000188       0x20 c:/program files (x86)/yagarto/bin/../lib/gcc/arm-none-eabi/4.6.2/../../../../arm-none-eabi/lib\libg.a(lib_a-rand.o)
 .debug_aranges
                0x000001a8       0x20 c:/program files (x86)/yagarto/bin/../lib/gcc/arm-none-eabi/4.6.2/../../../../arm-none-eabi/lib\libg.a(lib_a-strlen.o)

.debug_pubnames
 *(.debug_pubnames)

.debug_info     0x00000000     0x8a4f
 *(.debug_info .gnu.linkonce.wi.*)
 .debug_info    0x00000000       0x7c C:\Users\INVITA~1\AppData\Local\Temp\ccADXXuP.o
 .debug_info    0x0000007c      0xe21 C:\Users\INVITA~1\AppData\Local\Temp\ccxAkEE1.o
 .debug_info    0x00000e9d     0x4f9c C:\Users\INVITA~1\AppData\Local\Temp\ccrhgwO2.o
 .debug_info    0x00005e39      0x1e4 C:\Users\INVITA~1\AppData\Local\Temp\cccfrUZ4.o
 .debug_info    0x0000601d      0x41b C:\Users\INVITA~1\AppData\Local\Temp\cclH9mJe.o
 .debug_info    0x00006438       0x5c C:\Users\INVITA~1\AppData\Local\Temp\ccoEhQSs.o
 .debug_info    0x00006494      0x62d C:\Users\INVITA~1\AppData\Local\Temp\cc11vAU0.o
 .debug_info    0x00006ac1       0xc0 C:\Users\INVITA~1\AppData\Local\Temp\ccsl9aTC.o
 .debug_info    0x00006b81       0x5c C:\Users\INVITA~1\AppData\Local\Temp\cc9Y81rn.o
 .debug_info    0x00006bdd       0x5c C:\Users\INVITA~1\AppData\Local\Temp\cci9zsK8.o
 .debug_info    0x00006c39      0x504 C:\Users\INVITA~1\AppData\Local\Temp\cctSQQ66.o
 .debug_info    0x0000713d       0xb6 C:\Users\INVITA~1\AppData\Local\Temp\cceELnl9.o
 .debug_info    0x000071f3       0xa4 C:\Users\INVITA~1\AppData\Local\Temp\ccb8zrRg.o
 .debug_info    0x00007297       0x5c C:\Users\INVITA~1\AppData\Local\Temp\ccFsfxdl.o
 .debug_info    0x000072f3      0x1f8 C:\Users\INVITA~1\AppData\Local\Temp\ccJHgotq.o
 .debug_info    0x000074eb       0x98 c:/program files (x86)/yagarto/bin/../lib/gcc/arm-none-eabi/4.6.2\libgcc.a(_udivsi3.o)
 .debug_info    0x00007583       0x98 c:/program files (x86)/yagarto/bin/../lib/gcc/arm-none-eabi/4.6.2\libgcc.a(_divsi3.o)
 .debug_info    0x0000761b       0x98 c:/program files (x86)/yagarto/bin/../lib/gcc/arm-none-eabi/4.6.2\libgcc.a(_dvmd_tls.o)
 .debug_info    0x000076b3      0x985 c:/program files (x86)/yagarto/bin/../lib/gcc/arm-none-eabi/4.6.2/../../../../arm-none-eabi/lib\libg.a(lib_a-rand.o)
 .debug_info    0x00008038       0xb1 c:/program files (x86)/yagarto/bin/../lib/gcc/arm-none-eabi/4.6.2/../../../../arm-none-eabi/lib\libg.a(lib_a-strlen.o)
 .debug_info    0x000080e9      0x966 c:/program files (x86)/yagarto/bin/../lib/gcc/arm-none-eabi/4.6.2/../../../../arm-none-eabi/lib\libg.a(lib_a-impure.o)

.debug_abbrev   0x00000000     0x12b2
 *(.debug_abbrev)
 .debug_abbrev  0x00000000       0x14 C:\Users\INVITA~1\AppData\Local\Temp\ccADXXuP.o
 .debug_abbrev  0x00000014      0x364 C:\Users\INVITA~1\AppData\Local\Temp\ccxAkEE1.o
 .debug_abbrev  0x00000378      0x33d C:\Users\INVITA~1\AppData\Local\Temp\ccrhgwO2.o
 .debug_abbrev  0x000006b5       0xe8 C:\Users\INVITA~1\AppData\Local\Temp\cccfrUZ4.o
 .debug_abbrev  0x0000079d      0x1ee C:\Users\INVITA~1\AppData\Local\Temp\cclH9mJe.o
 .debug_abbrev  0x0000098b       0x4b C:\Users\INVITA~1\AppData\Local\Temp\ccoEhQSs.o
 .debug_abbrev  0x000009d6      0x140 C:\Users\INVITA~1\AppData\Local\Temp\cc11vAU0.o
 .debug_abbrev  0x00000b16       0x70 C:\Users\INVITA~1\AppData\Local\Temp\ccsl9aTC.o
 .debug_abbrev  0x00000b86       0x49 C:\Users\INVITA~1\AppData\Local\Temp\cc9Y81rn.o
 .debug_abbrev  0x00000bcf       0x49 C:\Users\INVITA~1\AppData\Local\Temp\cci9zsK8.o
 .debug_abbrev  0x00000c18      0x1b9 C:\Users\INVITA~1\AppData\Local\Temp\cctSQQ66.o
 .debug_abbrev  0x00000dd1       0x4e C:\Users\INVITA~1\AppData\Local\Temp\cceELnl9.o
 .debug_abbrev  0x00000e1f       0x4b C:\Users\INVITA~1\AppData\Local\Temp\ccb8zrRg.o
 .debug_abbrev  0x00000e6a       0x4b C:\Users\INVITA~1\AppData\Local\Temp\ccFsfxdl.o
 .debug_abbrev  0x00000eb5       0x5a C:\Users\INVITA~1\AppData\Local\Temp\ccJHgotq.o
 .debug_abbrev  0x00000f0f       0x14 c:/program files (x86)/yagarto/bin/../lib/gcc/arm-none-eabi/4.6.2\libgcc.a(_udivsi3.o)
 .debug_abbrev  0x00000f23       0x14 c:/program files (x86)/yagarto/bin/../lib/gcc/arm-none-eabi/4.6.2\libgcc.a(_divsi3.o)
 .debug_abbrev  0x00000f37       0x14 c:/program files (x86)/yagarto/bin/../lib/gcc/arm-none-eabi/4.6.2\libgcc.a(_dvmd_tls.o)
 .debug_abbrev  0x00000f4b      0x194 c:/program files (x86)/yagarto/bin/../lib/gcc/arm-none-eabi/4.6.2/../../../../arm-none-eabi/lib\libg.a(lib_a-rand.o)
 .debug_abbrev  0x000010df       0x6d c:/program files (x86)/yagarto/bin/../lib/gcc/arm-none-eabi/4.6.2/../../../../arm-none-eabi/lib\libg.a(lib_a-strlen.o)
 .debug_abbrev  0x0000114c      0x166 c:/program files (x86)/yagarto/bin/../lib/gcc/arm-none-eabi/4.6.2/../../../../arm-none-eabi/lib\libg.a(lib_a-impure.o)

.debug_line     0x00000000     0x302c
 *(.debug_line)
 .debug_line    0x00000000      0x188 C:\Users\INVITA~1\AppData\Local\Temp\ccADXXuP.o
 .debug_line    0x00000188      0x490 C:\Users\INVITA~1\AppData\Local\Temp\ccxAkEE1.o
 .debug_line    0x00000618     0x1dbc C:\Users\INVITA~1\AppData\Local\Temp\ccrhgwO2.o
 .debug_line    0x000023d4      0x110 C:\Users\INVITA~1\AppData\Local\Temp\cccfrUZ4.o
 .debug_line    0x000024e4      0x10a C:\Users\INVITA~1\AppData\Local\Temp\cclH9mJe.o
 .debug_line    0x000025ee       0x2a C:\Users\INVITA~1\AppData\Local\Temp\ccoEhQSs.o
 .debug_line    0x00002618      0x244 C:\Users\INVITA~1\AppData\Local\Temp\cc11vAU0.o
 .debug_line    0x0000285c       0x48 C:\Users\INVITA~1\AppData\Local\Temp\ccsl9aTC.o
 .debug_line    0x000028a4       0x2b C:\Users\INVITA~1\AppData\Local\Temp\cc9Y81rn.o
 .debug_line    0x000028cf       0x2d C:\Users\INVITA~1\AppData\Local\Temp\cci9zsK8.o
 .debug_line    0x000028fc      0x131 C:\Users\INVITA~1\AppData\Local\Temp\cctSQQ66.o
 .debug_line    0x00002a2d       0x49 C:\Users\INVITA~1\AppData\Local\Temp\cceELnl9.o
 .debug_line    0x00002a76       0x2c C:\Users\INVITA~1\AppData\Local\Temp\ccb8zrRg.o
 .debug_line    0x00002aa2       0x2d C:\Users\INVITA~1\AppData\Local\Temp\ccFsfxdl.o
 .debug_line    0x00002acf       0x33 C:\Users\INVITA~1\AppData\Local\Temp\ccJHgotq.o
 .debug_line    0x00002b02       0x93 c:/program files (x86)/yagarto/bin/../lib/gcc/arm-none-eabi/4.6.2\libgcc.a(_udivsi3.o)
 .debug_line    0x00002b95       0x9f c:/program files (x86)/yagarto/bin/../lib/gcc/arm-none-eabi/4.6.2\libgcc.a(_divsi3.o)
 .debug_line    0x00002c34       0x6a c:/program files (x86)/yagarto/bin/../lib/gcc/arm-none-eabi/4.6.2\libgcc.a(_dvmd_tls.o)
 .debug_line    0x00002c9e      0x16d c:/program files (x86)/yagarto/bin/../lib/gcc/arm-none-eabi/4.6.2/../../../../arm-none-eabi/lib\libg.a(lib_a-rand.o)
 .debug_line    0x00002e0b      0x111 c:/program files (x86)/yagarto/bin/../lib/gcc/arm-none-eabi/4.6.2/../../../../arm-none-eabi/lib\libg.a(lib_a-strlen.o)
 .debug_line    0x00002f1c      0x110 c:/program files (x86)/yagarto/bin/../lib/gcc/arm-none-eabi/4.6.2/../../../../arm-none-eabi/lib\libg.a(lib_a-impure.o)

.debug_frame    0x00000000      0x8c8
 *(.debug_frame)
 .debug_frame   0x00000000      0x120 C:\Users\INVITA~1\AppData\Local\Temp\ccxAkEE1.o
 .debug_frame   0x00000120      0x41c C:\Users\INVITA~1\AppData\Local\Temp\ccrhgwO2.o
 .debug_frame   0x0000053c       0x58 C:\Users\INVITA~1\AppData\Local\Temp\cccfrUZ4.o
 .debug_frame   0x00000594       0xa8 C:\Users\INVITA~1\AppData\Local\Temp\cclH9mJe.o
 .debug_frame   0x0000063c       0xd0 C:\Users\INVITA~1\AppData\Local\Temp\cc11vAU0.o
 .debug_frame   0x0000070c       0x3c C:\Users\INVITA~1\AppData\Local\Temp\ccsl9aTC.o
 .debug_frame   0x00000748       0xc0 C:\Users\INVITA~1\AppData\Local\Temp\cctSQQ66.o
 .debug_frame   0x00000808       0x28 C:\Users\INVITA~1\AppData\Local\Temp\cceELnl9.o
 .debug_frame   0x00000830       0x20 c:/program files (x86)/yagarto/bin/../lib/gcc/arm-none-eabi/4.6.2\libgcc.a(_udivsi3.o)
 .debug_frame   0x00000850       0x20 c:/program files (x86)/yagarto/bin/../lib/gcc/arm-none-eabi/4.6.2\libgcc.a(_divsi3.o)
 .debug_frame   0x00000870       0x38 c:/program files (x86)/yagarto/bin/../lib/gcc/arm-none-eabi/4.6.2/../../../../arm-none-eabi/lib\libg.a(lib_a-rand.o)
 .debug_frame   0x000008a8       0x20 c:/program files (x86)/yagarto/bin/../lib/gcc/arm-none-eabi/4.6.2/../../../../arm-none-eabi/lib\libg.a(lib_a-strlen.o)

.debug_str      0x00000000      0xf41
 *(.debug_str)
 .debug_str     0x00000000      0x3fc C:\Users\INVITA~1\AppData\Local\Temp\ccxAkEE1.o
                                0x441 (size before relaxing)
 .debug_str     0x000003fc      0x22f C:\Users\INVITA~1\AppData\Local\Temp\ccrhgwO2.o
                                0x382 (size before relaxing)
 .debug_str     0x0000062b       0x6e C:\Users\INVITA~1\AppData\Local\Temp\cccfrUZ4.o
                                0x16d (size before relaxing)
 .debug_str     0x00000699       0x68 C:\Users\INVITA~1\AppData\Local\Temp\cclH9mJe.o
                                0x19e (size before relaxing)
 .debug_str     0x00000701       0x12 C:\Users\INVITA~1\AppData\Local\Temp\ccoEhQSs.o
                                 0x80 (size before relaxing)
 .debug_str     0x00000713       0xcb C:\Users\INVITA~1\AppData\Local\Temp\cc11vAU0.o
                                0x1d5 (size before relaxing)
 .debug_str     0x000007de       0x21 C:\Users\INVITA~1\AppData\Local\Temp\ccsl9aTC.o
                                0x113 (size before relaxing)
 .debug_str     0x000007ff        0xb C:\Users\INVITA~1\AppData\Local\Temp\cc9Y81rn.o
                                 0x8a (size before relaxing)
 .debug_str     0x0000080a       0x17 C:\Users\INVITA~1\AppData\Local\Temp\cci9zsK8.o
                                 0x8e (size before relaxing)
 .debug_str     0x00000821      0x151 C:\Users\INVITA~1\AppData\Local\Temp\cctSQQ66.o
                                0x243 (size before relaxing)
 .debug_str     0x00000972       0x13 C:\Users\INVITA~1\AppData\Local\Temp\cceELnl9.o
                                0x105 (size before relaxing)
 .debug_str     0x00000985       0x3a C:\Users\INVITA~1\AppData\Local\Temp\ccb8zrRg.o
                                 0xa8 (size before relaxing)
 .debug_str     0x000009bf        0xd C:\Users\INVITA~1\AppData\Local\Temp\ccFsfxdl.o
                                 0x82 (size before relaxing)
 .debug_str     0x000009cc       0x23 C:\Users\INVITA~1\AppData\Local\Temp\ccJHgotq.o
                                 0x9a (size before relaxing)
 .debug_str     0x000009ef      0x41a c:/program files (x86)/yagarto/bin/../lib/gcc/arm-none-eabi/4.6.2/../../../../arm-none-eabi/lib\libg.a(lib_a-rand.o)
                                0x4de (size before relaxing)
 .debug_str     0x00000e09       0x9b c:/program files (x86)/yagarto/bin/../lib/gcc/arm-none-eabi/4.6.2/../../../../arm-none-eabi/lib\libg.a(lib_a-strlen.o)
                                0x130 (size before relaxing)
 .debug_str     0x00000ea4       0x9d c:/program files (x86)/yagarto/bin/../lib/gcc/arm-none-eabi/4.6.2/../../../../arm-none-eabi/lib\libg.a(lib_a-impure.o)
                                0x4ed (size before relaxing)

.debug_loc      0x00000000     0x3fcb
 *(.debug_loc)
 .debug_loc     0x00000000      0xf8d C:\Users\INVITA~1\AppData\Local\Temp\ccxAkEE1.o
 .debug_loc     0x00000f8d     0x212d C:\Users\INVITA~1\AppData\Local\Temp\ccrhgwO2.o
 .debug_loc     0x000030ba      0x10b C:\Users\INVITA~1\AppData\Local\Temp\cccfrUZ4.o
 .debug_loc     0x000031c5      0x19c C:\Users\INVITA~1\AppData\Local\Temp\cclH9mJe.o
 .debug_loc     0x00003361      0x98e C:\Users\INVITA~1\AppData\Local\Temp\cc11vAU0.o
 .debug_loc     0x00003cef       0x20 C:\Users\INVITA~1\AppData\Local\Temp\ccsl9aTC.o
 .debug_loc     0x00003d0f      0x237 C:\Users\INVITA~1\AppData\Local\Temp\cctSQQ66.o
 .debug_loc     0x00003f46       0x52 C:\Users\INVITA~1\AppData\Local\Temp\cceELnl9.o
 .debug_loc     0x00003f98       0x20 c:/program files (x86)/yagarto/bin/../lib/gcc/arm-none-eabi/4.6.2/../../../../arm-none-eabi/lib\libg.a(lib_a-rand.o)
 .debug_loc     0x00003fb8       0x13 c:/program files (x86)/yagarto/bin/../lib/gcc/arm-none-eabi/4.6.2/../../../../arm-none-eabi/lib\libg.a(lib_a-strlen.o)

.debug_macinfo
 *(.debug_macinfo)

.debug_weaknames
 *(.debug_weaknames)

.debug_funcnames
 *(.debug_funcnames)

.debug_typenames
 *(.debug_typenames)

.debug_varnames
 *(.debug_varnames)
START GROUP
END GROUP
LOAD C:\Users\INVITA~1\AppData\Local\Temp\ccADXXuP.o
LOAD C:\Users\INVITA~1\AppData\Local\Temp\ccxAkEE1.o
LOAD C:\Users\INVITA~1\AppData\Local\Temp\ccrhgwO2.o
LOAD C:\Users\INVITA~1\AppData\Local\Temp\cccfrUZ4.o
LOAD C:\Users\INVITA~1\AppData\Local\Temp\cclH9mJe.o
LOAD C:\Users\INVITA~1\AppData\Local\Temp\ccoEhQSs.o
LOAD C:\Users\INVITA~1\AppData\Local\Temp\cc11vAU0.o
LOAD C:\Users\INVITA~1\AppData\Local\Temp\ccsl9aTC.o
LOAD C:\Users\INVITA~1\AppData\Local\Temp\cc9Y81rn.o
LOAD C:\Users\INVITA~1\AppData\Local\Temp\cci9zsK8.o
LOAD C:\Users\INVITA~1\AppData\Local\Temp\cctSQQ66.o
LOAD C:\Users\INVITA~1\AppData\Local\Temp\cceELnl9.o
LOAD C:\Users\INVITA~1\AppData\Local\Temp\ccb8zrRg.o
LOAD C:\Users\INVITA~1\AppData\Local\Temp\ccFsfxdl.o
LOAD C:\Users\INVITA~1\AppData\Local\Temp\ccJHgotq.o
START GROUP
LOAD c:/program files (x86)/yagarto/bin/../lib/gcc/arm-none-eabi/4.6.2\libgcc.a
LOAD c:/program files (x86)/yagarto/bin/../lib/gcc/arm-none-eabi/4.6.2/../../../../arm-none-eabi/lib\libg.a
LOAD c:/program files (x86)/yagarto/bin/../lib/gcc/arm-none-eabi/4.6.2/../../../../arm-none-eabi/lib\libc.a
END GROUP
OUTPUT(code_flash.elf elf32-littlearm)

.debug_ranges   0x00000000     0x53e0
 .debug_ranges  0x00000000      0x2c0 C:\Users\INVITA~1\AppData\Local\Temp\ccxAkEE1.o
 .debug_ranges  0x000002c0     0x4f50 C:\Users\INVITA~1\AppData\Local\Temp\ccrhgwO2.o
 .debug_ranges  0x00005210       0x90 C:\Users\INVITA~1\AppData\Local\Temp\cclH9mJe.o
 .debug_ranges  0x000052a0      0x100 C:\Users\INVITA~1\AppData\Local\Temp\cc11vAU0.o
 .debug_ranges  0x000053a0       0x40 C:\Users\INVITA~1\AppData\Local\Temp\cctSQQ66.o

Cross Reference Table

Symbol                                            File
AUDIO_Effect                                      C:\Users\INVITA~1\AppData\Local\Temp\cctSQQ66.o
BG_Color                                          C:\Users\INVITA~1\AppData\Local\Temp\ccrhgwO2.o
                                                  C:\Users\INVITA~1\AppData\Local\Temp\cclH9mJe.o
                                                  C:\Users\INVITA~1\AppData\Local\Temp\ccxAkEE1.o
BigFont                                           C:\Users\INVITA~1\AppData\Local\Temp\cc9Y81rn.o
                                                  C:\Users\INVITA~1\AppData\Local\Temp\ccrhgwO2.o
                                                  C:\Users\INVITA~1\AppData\Local\Temp\ccxAkEE1.o
CF                                                C:\Users\INVITA~1\AppData\Local\Temp\ccrhgwO2.o
                                                  C:\Users\INVITA~1\AppData\Local\Temp\ccxAkEE1.o
Cal                                               C:\Users\INVITA~1\AppData\Local\Temp\cclH9mJe.o
Delta1                                            C:\Users\INVITA~1\AppData\Local\Temp\cctSQQ66.o
Delta2                                            C:\Users\INVITA~1\AppData\Local\Temp\cctSQQ66.o
Delta3                                            C:\Users\INVITA~1\AppData\Local\Temp\cctSQQ66.o
Delta4                                            C:\Users\INVITA~1\AppData\Local\Temp\cctSQQ66.o
FG_Color                                          C:\Users\INVITA~1\AppData\Local\Temp\ccrhgwO2.o
                                                  C:\Users\INVITA~1\AppData\Local\Temp\cclH9mJe.o
                                                  C:\Users\INVITA~1\AppData\Local\Temp\ccxAkEE1.o
Fase1                                             C:\Users\INVITA~1\AppData\Local\Temp\cctSQQ66.o
Fase2                                             C:\Users\INVITA~1\AppData\Local\Temp\cctSQQ66.o
Fase3                                             C:\Users\INVITA~1\AppData\Local\Temp\cctSQQ66.o
Fase4                                             C:\Users\INVITA~1\AppData\Local\Temp\cctSQQ66.o
GetAction                                         C:\Users\INVITA~1\AppData\Local\Temp\cceELnl9.o
                                                  C:\Users\INVITA~1\AppData\Local\Temp\ccxAkEE1.o
IRQ_Spurious_Routine                              C:\Users\INVITA~1\AppData\Local\Temp\cctSQQ66.o
LENX                                              C:\Users\INVITA~1\AppData\Local\Temp\ccrhgwO2.o
                                                  C:\Users\INVITA~1\AppData\Local\Temp\cc11vAU0.o
                                                  C:\Users\INVITA~1\AppData\Local\Temp\cclH9mJe.o
                                                  C:\Users\INVITA~1\AppData\Local\Temp\ccxAkEE1.o
LENY                                              C:\Users\INVITA~1\AppData\Local\Temp\ccrhgwO2.o
                                                  C:\Users\INVITA~1\AppData\Local\Temp\cc11vAU0.o
                                                  C:\Users\INVITA~1\AppData\Local\Temp\cclH9mJe.o
                                                  C:\Users\INVITA~1\AppData\Local\Temp\ccxAkEE1.o
NOTE                                              C:\Users\INVITA~1\AppData\Local\Temp\cctSQQ66.o
NT1                                               C:\Users\INVITA~1\AppData\Local\Temp\cctSQQ66.o
NT35510_Cmd                                       C:\Users\INVITA~1\AppData\Local\Temp\ccrhgwO2.o
NT35510_Data                                      C:\Users\INVITA~1\AppData\Local\Temp\ccrhgwO2.o
NT35510_Data_                                     C:\Users\INVITA~1\AppData\Local\Temp\ccrhgwO2.o
                                                  C:\Users\INVITA~1\AppData\Local\Temp\cc11vAU0.o
NT35510_ReadCMD                                   C:\Users\INVITA~1\AppData\Local\Temp\ccrhgwO2.o
NT35510_ReadPage                                  C:\Users\INVITA~1\AppData\Local\Temp\ccrhgwO2.o
NT35510_Reg                                       C:\Users\INVITA~1\AppData\Local\Temp\ccrhgwO2.o
NT35510_WritePage                                 C:\Users\INVITA~1\AppData\Local\Temp\ccrhgwO2.o
PARTITURE                                         C:\Users\INVITA~1\AppData\Local\Temp\ccJHgotq.o
PARTITURE_Off                                     C:\Users\INVITA~1\AppData\Local\Temp\cctSQQ66.o
PARTITURE_On                                      C:\Users\INVITA~1\AppData\Local\Temp\cctSQQ66.o
PWM0_ISR                                          C:\Users\INVITA~1\AppData\Local\Temp\cctSQQ66.o
SmallFont                                         C:\Users\INVITA~1\AppData\Local\Temp\cci9zsK8.o
TABLA_SQUARE_WAVE                                 C:\Users\INVITA~1\AppData\Local\Temp\cctSQQ66.o
TFT_DrawCircle                                    C:\Users\INVITA~1\AppData\Local\Temp\ccrhgwO2.o
                                                  C:\Users\INVITA~1\AppData\Local\Temp\cclH9mJe.o
TFT_DrawFillSquare                                C:\Users\INVITA~1\AppData\Local\Temp\ccrhgwO2.o
                                                  C:\Users\INVITA~1\AppData\Local\Temp\cclH9mJe.o
TFT_DrawFillSquareS                               C:\Users\INVITA~1\AppData\Local\Temp\ccrhgwO2.o
                                                  C:\Users\INVITA~1\AppData\Local\Temp\ccxAkEE1.o
TFT_DrawLine                                      C:\Users\INVITA~1\AppData\Local\Temp\ccrhgwO2.o
                                                  C:\Users\INVITA~1\AppData\Local\Temp\cclH9mJe.o
TFT_DrawSquare                                    C:\Users\INVITA~1\AppData\Local\Temp\ccrhgwO2.o
TFT_DumpBinaryFont                                C:\Users\INVITA~1\AppData\Local\Temp\ccrhgwO2.o
TFT_FillArea                                      C:\Users\INVITA~1\AppData\Local\Temp\ccrhgwO2.o
TFT_FillCircle                                    C:\Users\INVITA~1\AppData\Local\Temp\ccrhgwO2.o
TFT_HorizontalLine                                C:\Users\INVITA~1\AppData\Local\Temp\ccrhgwO2.o
TFT_Init                                          C:\Users\INVITA~1\AppData\Local\Temp\ccrhgwO2.o
                                                  C:\Users\INVITA~1\AppData\Local\Temp\ccxAkEE1.o
TFT_Off                                           C:\Users\INVITA~1\AppData\Local\Temp\ccrhgwO2.o
TFT_On                                            C:\Users\INVITA~1\AppData\Local\Temp\ccrhgwO2.o
TFT_PutPixel                                      C:\Users\INVITA~1\AppData\Local\Temp\ccrhgwO2.o
TFT_PutPixelColor                                 C:\Users\INVITA~1\AppData\Local\Temp\ccrhgwO2.o
TFT_SetArea                                       C:\Users\INVITA~1\AppData\Local\Temp\ccrhgwO2.o
                                                  C:\Users\INVITA~1\AppData\Local\Temp\cc11vAU0.o
TFT_SetAreaR                                      C:\Users\INVITA~1\AppData\Local\Temp\ccrhgwO2.o
TFT_VerticalLine                                  C:\Users\INVITA~1\AppData\Local\Temp\ccrhgwO2.o
TFT_print                                         C:\Users\INVITA~1\AppData\Local\Temp\ccrhgwO2.o
TFT_print_centered_x                              C:\Users\INVITA~1\AppData\Local\Temp\ccrhgwO2.o
                                                  C:\Users\INVITA~1\AppData\Local\Temp\cclH9mJe.o
TFT_print_centered_x_xNyN                         C:\Users\INVITA~1\AppData\Local\Temp\ccrhgwO2.o
TFT_print_xNyN                                    C:\Users\INVITA~1\AppData\Local\Temp\ccrhgwO2.o
                                                  C:\Users\INVITA~1\AppData\Local\Temp\ccxAkEE1.o
TFT_putch                                         C:\Users\INVITA~1\AppData\Local\Temp\ccrhgwO2.o
TFT_putch_xNyN                                    C:\Users\INVITA~1\AppData\Local\Temp\ccrhgwO2.o
TFT_putchar                                       C:\Users\INVITA~1\AppData\Local\Temp\ccrhgwO2.o
TFT_putchar_xNyN                                  C:\Users\INVITA~1\AppData\Local\Temp\ccrhgwO2.o
TIMER0_ISR                                        C:\Users\INVITA~1\AppData\Local\Temp\cctSQQ66.o
TIMER1_ISR                                        C:\Users\INVITA~1\AppData\Local\Temp\ccsl9aTC.o
TP_Aspa                                           C:\Users\INVITA~1\AppData\Local\Temp\cclH9mJe.o
TP_Calibrate                                      C:\Users\INVITA~1\AppData\Local\Temp\cclH9mJe.o
TP_EnviaRecibe                                    C:\Users\INVITA~1\AppData\Local\Temp\cclH9mJe.o
TP_Get_XY                                         C:\Users\INVITA~1\AppData\Local\Temp\cclH9mJe.o
TP_Get_XY_Cal                                     C:\Users\INVITA~1\AppData\Local\Temp\cclH9mJe.o
TP_Init                                           C:\Users\INVITA~1\AppData\Local\Temp\cclH9mJe.o
                                                  C:\Users\INVITA~1\AppData\Local\Temp\ccxAkEE1.o
VibratorON                                        C:\Users\INVITA~1\AppData\Local\Temp\ccsl9aTC.o
Vol1                                              C:\Users\INVITA~1\AppData\Local\Temp\cctSQQ66.o
Vol2                                              C:\Users\INVITA~1\AppData\Local\Temp\cctSQQ66.o
Vol3                                              C:\Users\INVITA~1\AppData\Local\Temp\cctSQQ66.o
Vol4                                              C:\Users\INVITA~1\AppData\Local\Temp\cctSQQ66.o
XPM_Extract                                       C:\Users\INVITA~1\AppData\Local\Temp\cc11vAU0.o
                                                  C:\Users\INVITA~1\AppData\Local\Temp\ccxAkEE1.o
XPM_PintaAll                                      C:\Users\INVITA~1\AppData\Local\Temp\cc11vAU0.o
XPM_PintaAt                                       C:\Users\INVITA~1\AppData\Local\Temp\cc11vAU0.o
XPM_PintaAtxNyN                                   C:\Users\INVITA~1\AppData\Local\Temp\cc11vAU0.o
                                                  C:\Users\INVITA~1\AppData\Local\Temp\ccxAkEE1.o
XPM_SetxNyN                                       C:\Users\INVITA~1\AppData\Local\Temp\cc11vAU0.o
                                                  C:\Users\INVITA~1\AppData\Local\Temp\ccxAkEE1.o
X_SINPULSAR                                       C:\Users\INVITA~1\AppData\Local\Temp\cclH9mJe.o
_Halt                                             C:\Users\INVITA~1\AppData\Local\Temp\ccADXXuP.o
_U0getch                                          C:\Users\INVITA~1\AppData\Local\Temp\ccADXXuP.o
_U0putch                                          C:\Users\INVITA~1\AppData\Local\Temp\ccADXXuP.o
__aeabi_idiv                                      c:/program files (x86)/yagarto/bin/../lib/gcc/arm-none-eabi/4.6.2\libgcc.a(_divsi3.o)
                                                  C:\Users\INVITA~1\AppData\Local\Temp\cc11vAU0.o
                                                  C:\Users\INVITA~1\AppData\Local\Temp\cccfrUZ4.o
__aeabi_idiv0                                     c:/program files (x86)/yagarto/bin/../lib/gcc/arm-none-eabi/4.6.2\libgcc.a(_dvmd_tls.o)
                                                  c:/program files (x86)/yagarto/bin/../lib/gcc/arm-none-eabi/4.6.2\libgcc.a(_divsi3.o)
                                                  c:/program files (x86)/yagarto/bin/../lib/gcc/arm-none-eabi/4.6.2\libgcc.a(_udivsi3.o)
__aeabi_idivmod                                   c:/program files (x86)/yagarto/bin/../lib/gcc/arm-none-eabi/4.6.2\libgcc.a(_divsi3.o)
                                                  C:\Users\INVITA~1\AppData\Local\Temp\cc11vAU0.o
__aeabi_ldiv0                                     c:/program files (x86)/yagarto/bin/../lib/gcc/arm-none-eabi/4.6.2\libgcc.a(_dvmd_tls.o)
__aeabi_uidiv                                     c:/program files (x86)/yagarto/bin/../lib/gcc/arm-none-eabi/4.6.2\libgcc.a(_udivsi3.o)
                                                  C:\Users\INVITA~1\AppData\Local\Temp\cctSQQ66.o
__aeabi_uidivmod                                  c:/program files (x86)/yagarto/bin/../lib/gcc/arm-none-eabi/4.6.2\libgcc.a(_udivsi3.o)
__bss_end__                                       C:\Users\INVITA~1\AppData\Local\Temp\ccADXXuP.o
__bss_start                                       C:\Users\INVITA~1\AppData\Local\Temp\ccADXXuP.o
__bss_start__                                     C:\Users\INVITA~1\AppData\Local\Temp\ccADXXuP.o
__divsi3                                          c:/program files (x86)/yagarto/bin/../lib/gcc/arm-none-eabi/4.6.2\libgcc.a(_divsi3.o)
__udivsi3                                         c:/program files (x86)/yagarto/bin/../lib/gcc/arm-none-eabi/4.6.2\libgcc.a(_udivsi3.o)
_atoi                                             C:\Users\INVITA~1\AppData\Local\Temp\cc11vAU0.o
_boot                                             C:\Users\INVITA~1\AppData\Local\Temp\ccADXXuP.o
_data                                             C:\Users\INVITA~1\AppData\Local\Temp\ccADXXuP.o
_delay_loop                                       C:\Users\INVITA~1\AppData\Local\Temp\ccADXXuP.o
                                                  C:\Users\INVITA~1\AppData\Local\Temp\cceELnl9.o
                                                  C:\Users\INVITA~1\AppData\Local\Temp\cclH9mJe.o
                                                  C:\Users\INVITA~1\AppData\Local\Temp\ccrhgwO2.o
                                                  C:\Users\INVITA~1\AppData\Local\Temp\ccxAkEE1.o
_edata                                            C:\Users\INVITA~1\AppData\Local\Temp\ccADXXuP.o
_etext                                            C:\Users\INVITA~1\AppData\Local\Temp\ccADXXuP.o
_gets                                             C:\Users\INVITA~1\AppData\Local\Temp\ccADXXuP.o
_global_impure_ptr                                c:/program files (x86)/yagarto/bin/../lib/gcc/arm-none-eabi/4.6.2/../../../../arm-none-eabi/lib\libg.a(lib_a-impure.o)
_impure_ptr                                       c:/program files (x86)/yagarto/bin/../lib/gcc/arm-none-eabi/4.6.2/../../../../arm-none-eabi/lib\libg.a(lib_a-impure.o)
                                                  c:/program files (x86)/yagarto/bin/../lib/gcc/arm-none-eabi/4.6.2/../../../../arm-none-eabi/lib\libg.a(lib_a-rand.o)
_mainCRTStartup                                   C:\Users\INVITA~1\AppData\Local\Temp\ccADXXuP.o
_printf                                           C:\Users\INVITA~1\AppData\Local\Temp\ccADXXuP.o
                                                  C:\Users\INVITA~1\AppData\Local\Temp\cc11vAU0.o
                                                  C:\Users\INVITA~1\AppData\Local\Temp\cclH9mJe.o
                                                  C:\Users\INVITA~1\AppData\Local\Temp\ccrhgwO2.o
                                                  C:\Users\INVITA~1\AppData\Local\Temp\ccxAkEE1.o
_prthex                                           C:\Users\INVITA~1\AppData\Local\Temp\ccADXXuP.o
_prtnum                                           C:\Users\INVITA~1\AppData\Local\Temp\ccADXXuP.o
_puts                                             C:\Users\INVITA~1\AppData\Local\Temp\ccADXXuP.o
                                                  C:\Users\INVITA~1\AppData\Local\Temp\cclH9mJe.o
_stack                                            C:\Users\INVITA~1\AppData\Local\Temp\ccADXXuP.o
_stack_end                                        C:\Users\INVITA~1\AppData\Local\Temp\ccADXXuP.o
_start                                            C:\Users\INVITA~1\AppData\Local\Temp\ccADXXuP.o
_vgetch                                           C:\Users\INVITA~1\AppData\Local\Temp\ccADXXuP.o
_vputch                                           C:\Users\INVITA~1\AppData\Local\Temp\ccADXXuP.o
bg_xpm                                            C:\Users\INVITA~1\AppData\Local\Temp\ccb8zrRg.o
bloques                                           C:\Users\INVITA~1\AppData\Local\Temp\ccoEhQSs.o
coin_xpm                                          C:\Users\INVITA~1\AppData\Local\Temp\ccb8zrRg.o
getDisplayPoint                                   C:\Users\INVITA~1\AppData\Local\Temp\cccfrUZ4.o
                                                  C:\Users\INVITA~1\AppData\Local\Temp\cclH9mJe.o
ghost_xpm                                         C:\Users\INVITA~1\AppData\Local\Temp\ccb8zrRg.o
iPP                                               C:\Users\INVITA~1\AppData\Local\Temp\cctSQQ66.o
main                                              C:\Users\INVITA~1\AppData\Local\Temp\ccxAkEE1.o
                                                  C:\Users\INVITA~1\AppData\Local\Temp\ccADXXuP.o
nPartitura                                        C:\Users\INVITA~1\AppData\Local\Temp\cctSQQ66.o
pPartitura                                        C:\Users\INVITA~1\AppData\Local\Temp\cctSQQ66.o
pWave                                             C:\Users\INVITA~1\AppData\Local\Temp\cctSQQ66.o
pacman                                            C:\Users\INVITA~1\AppData\Local\Temp\ccFsfxdl.o
                                                  C:\Users\INVITA~1\AppData\Local\Temp\ccxAkEE1.o
pacman_xpm                                        C:\Users\INVITA~1\AppData\Local\Temp\ccb8zrRg.o
paleta                                            C:\Users\INVITA~1\AppData\Local\Temp\cc11vAU0.o
rand                                              c:/program files (x86)/yagarto/bin/../lib/gcc/arm-none-eabi/4.6.2/../../../../arm-none-eabi/lib\libg.a(lib_a-rand.o)
                                                  C:\Users\INVITA~1\AppData\Local\Temp\ccxAkEE1.o
setCalibrationMatrix                              C:\Users\INVITA~1\AppData\Local\Temp\cccfrUZ4.o
                                                  C:\Users\INVITA~1\AppData\Local\Temp\cclH9mJe.o
srand                                             c:/program files (x86)/yagarto/bin/../lib/gcc/arm-none-eabi/4.6.2/../../../../arm-none-eabi/lib\libg.a(lib_a-rand.o)
start                                             C:\Users\INVITA~1\AppData\Local\Temp\ccADXXuP.o
strlen                                            c:/program files (x86)/yagarto/bin/../lib/gcc/arm-none-eabi/4.6.2/../../../../arm-none-eabi/lib\libg.a(lib_a-strlen.o)
                                                  C:\Users\INVITA~1\AppData\Local\Temp\ccrhgwO2.o
teselas_x                                         C:\Users\INVITA~1\AppData\Local\Temp\cc11vAU0.o
tft_x                                             C:\Users\INVITA~1\AppData\Local\Temp\ccrhgwO2.o
tft_y                                             C:\Users\INVITA~1\AppData\Local\Temp\ccrhgwO2.o
wall_xpm                                          C:\Users\INVITA~1\AppData\Local\Temp\ccb8zrRg.o
xN                                                C:\Users\INVITA~1\AppData\Local\Temp\ccrhgwO2.o
xpm_alto                                          C:\Users\INVITA~1\AppData\Local\Temp\cc11vAU0.o
xpm_ancho                                         C:\Users\INVITA~1\AppData\Local\Temp\cc11vAU0.o
xpm_cpp                                           C:\Users\INVITA~1\AppData\Local\Temp\cc11vAU0.o
xpm_ncol                                          C:\Users\INVITA~1\AppData\Local\Temp\cc11vAU0.o
xpm_sx                                            C:\Users\INVITA~1\AppData\Local\Temp\cc11vAU0.o
                                                  C:\Users\INVITA~1\AppData\Local\Temp\ccxAkEE1.o
xpm_sxn                                           C:\Users\INVITA~1\AppData\Local\Temp\cc11vAU0.o
xpm_sy                                            C:\Users\INVITA~1\AppData\Local\Temp\cc11vAU0.o
                                                  C:\Users\INVITA~1\AppData\Local\Temp\ccxAkEE1.o
xpm_syn                                           C:\Users\INVITA~1\AppData\Local\Temp\cc11vAU0.o
xpm_xmirror                                       C:\Users\INVITA~1\AppData\Local\Temp\cc11vAU0.o
xpm_xn                                            C:\Users\INVITA~1\AppData\Local\Temp\cc11vAU0.o
xpm_yn                                            C:\Users\INVITA~1\AppData\Local\Temp\cc11vAU0.o
yN                                                C:\Users\INVITA~1\AppData\Local\Temp\ccrhgwO2.o
